--------- beginning of main
06-27 10:52:22.649  1621  1621 I NoBackGesture: Config changed: newConfig={1.0 ?mcc0mnc [en_US] ldltr sw540dp w540dp h1170dp 320dpi lrg long port night finger -keyb/v/h -nav/h winConfig={ mBounds=Rect(0, 0 - 1080, 2340) mAppBounds=Rect(0, 0 - 1080, 2340) mMaxBounds=Rect(0, 0 - 1080, 2340) mDisplayRotation=ROTATION_0 mWindowingMode=fullscreen mActivityType=undefined mAlwaysOnTop=undefined mRotation=ROTATION_0} as.19 s.878 fontWeightAdjustment=0} lastReportedConfig={1.0 ?mcc0mnc [en_US] ldltr sw540dp w540dp h1170dp 320dpi lrg long port night finger -keyb/v/h -nav/h winConfig={ mBounds=Rect(0, 0 - 1080, 2340) mAppBounds=Rect(0, 0 - 1080, 2340) mMaxBounds=Rect(0, 0 - 1080, 2340) mDisplayRotation=ROTATION_0 mWindowingMode=fullscreen mActivityType=undefined mAlwaysOnTop=undefined mRotation=ROTATION_0} as.18 s.837 fontWeightAdjustment=0}
06-27 10:52:22.649  1621  1621 I NoBackGesture: NavbarController: newConfig={1.0 ?mcc0mnc [en_US] ldltr sw540dp w540dp h1170dp 320dpi lrg long port night finger -keyb/v/h -nav/h winConfig={ mBounds=Rect(0, 0 - 1080, 2340) mAppBounds=Rect(0, 0 - 1080, 2340) mMaxBounds=Rect(0, 0 - 1080, 2340) mDisplayRotation=ROTATION_0 mWindowingMode=fullscreen mActivityType=undefined mAlwaysOnTop=undefined mRotation=ROTATION_0} as.19 s.878 fontWeightAdjustment=0} mTaskbarDelegate initialized=false willApplyConfigToNavbars=false navBarCount=1
06-27 10:52:22.659   744   744 E PQ_HDR  : DpAsyncBlitStream:: thie platform unsupport compress format
06-27 10:52:22.659   744   744 E PQ_HDR  : DpAsyncBlitStream:: thie platform unsupport compress format
06-27 10:52:22.659   744   744 E PQ_HDR  : DpAsyncBlitStream:: thie platform unsupport compress format
06-27 10:52:22.659   744   744 E PQ_HDR  : DpAsyncBlitStream:: thie platform unsupport compress format
06-27 10:52:22.659   744   744 E PQ_HDR  : DpAsyncBlitStream:: thie platform unsupport compress format
06-27 10:52:22.660   806  1337 I BufferQueueDebug: [[Gesture Monitor] edge-swipe#1171](this:0xb400006fb2828380,id:-1,api:0,p:-1,c:-1) BufferQueue core=(806:/system/bin/surfaceflinger)
06-27 10:52:22.666  1357  3598 I PowerHalWrapper: <setRotation> do boost with 0ms 
06-27 10:52:22.670   806  1337 I BufferQueueDebug: [WindowToken{9c4cd1e type=2024 android.os.BinderProxy@e151d59}#1172](this:0xb400006fb28478b0,id:-1,api:0,p:-1,c:-1) BufferQueue core=(806:/system/bin/surfaceflinger)
06-27 10:52:22.670   744   744 E PQ_HDR  : DpAsyncBlitStream:: thie platform unsupport compress format
06-27 10:52:22.670   744   744 E PQ_HDR  : DpAsyncBlitStream:: thie platform unsupport compress format
06-27 10:52:22.670   744   744 E PQ_HDR  : DpAsyncBlitStream:: thie platform unsupport compress format
06-27 10:52:22.670   744   744 E PQ_HDR  : DpAsyncBlitStream:: thie platform unsupport compress format
06-27 10:52:22.670   744   744 E PQ_HDR  : DpAsyncBlitStream:: thie platform unsupport compress format
06-27 10:52:22.673   806  1337 I BufferQueueDebug: [27ea9ff EdgeBackGestureHandler0#1173](this:0xb400006fb27ef440,id:-1,api:0,p:-1,c:-1) BufferQueue core=(806:/system/bin/surfaceflinger)
06-27 10:52:22.681   806   806 I SurfaceFlinger: onHandleDestroyed: name=Transition Root: Display 0 name="Built-in Screen"#1168, layerId=1168, parentId=0
06-27 10:52:22.681   806   806 I SurfaceFlinger: onHandleDestroyed: name=transition snapshot: Display{#0 state=ON size=1080x2340 ROTATION_0}#1167, layerId=1167, parentId=0
06-27 10:52:22.681   806   806 I SurfaceFlinger: onHandleDestroyed: name=BackColorSurface#1170, layerId=1170, parentId=0
06-27 10:52:22.681   806   806 I SurfaceFlinger: onHandleDestroyed: name=Animation leash of screenshot rotation#1169, layerId=1169, parentId=0
06-27 10:52:22.682   744   744 E PQ_HDR  : DpAsyncBlitStream:: thie platform unsupport compress format
06-27 10:52:22.682   744   744 E PQ_HDR  : DpAsyncBlitStream:: thie platform unsupport compress format
06-27 10:52:22.682   744   744 E PQ_HDR  : DpAsyncBlitStream:: thie platform unsupport compress format
06-27 10:52:22.682   744   744 E PQ_HDR  : DpAsyncBlitStream:: thie platform unsupport compress format
06-27 10:52:22.682   744   744 E PQ_HDR  : DpAsyncBlitStream:: thie platform unsupport compress format
06-27 10:52:22.689   747   787 E HfLooper: dst->data[13.000000,0.000000,0.000000]
06-27 10:52:22.691   806   806 I BufferQueueDebug: [BackColorSurface#1170](this:0xb400006fb27c7660,id:-1,api:0,p:-1,c:806) onDestructor()
06-27 10:52:22.692   806   806 I BufferQueueDebug: [Animation leash of screenshot rotation#1169](this:0xb400006fb283c270,id:-1,api:0,p:-1,c:806) onDestructor()
06-27 10:52:22.692   806   806 I BufferQueueDebug: [transition snapshot: Display{#0 state=ON size=1080x2340 ROTATION_0}#1167](this:0xb400006fb284a640,id:-1,api:0,p:-1,c:806) onDestructor()
06-27 10:52:22.692   806   806 I BufferQueueDebug: [Transition Root: Display 0 name="Built-in Screen"#1168](this:0xb400006fb284d3d0,id:-1,api:0,p:-1,c:806) onDestructor()
06-27 10:52:22.692   744   744 E PQ_HDR  : DpAsyncBlitStream:: thie platform unsupport compress format
06-27 10:52:22.692   744   744 E PQ_HDR  : DpAsyncBlitStream:: thie platform unsupport compress format
06-27 10:52:22.692   744   744 E PQ_HDR  : DpAsyncBlitStream:: thie platform unsupport compress format
06-27 10:52:22.692   744   744 E PQ_HDR  : DpAsyncBlitStream:: thie platform unsupport compress format
06-27 10:52:22.692   744   744 E PQ_HDR  : DpAsyncBlitStream:: thie platform unsupport compress format
--------- beginning of system
06-27 10:52:22.701  1621  1621 W ActivityThread: getPackageInfo() called with an older ApplicationInfo than the cached version for package android
06-27 10:52:22.718  1621  1621 E KeyguardClockSwitch: No clock being shown
06-27 10:52:22.725  1621  1621 I ClockEventController: Region isDark: true
06-27 10:52:22.735  1621  1621 E KeyguardClockSwitch: No clock being shown
06-27 10:52:22.737   744  1195 I hwcomposer: [HWC] (0)fire a callback of refresh to SF[4]  
06-27 10:52:22.742  1621  1621 I ClockEventController: Region isDark: true
06-27 10:52:22.747   744   744 E PQ_HDR  : DpAsyncBlitStream:: thie platform unsupport compress format
06-27 10:52:22.747   744   744 E PQ_HDR  : DpAsyncBlitStream:: thie platform unsupport compress format
06-27 10:52:22.747   744   744 E PQ_HDR  : DpAsyncBlitStream:: thie platform unsupport compress format
06-27 10:52:22.747   744   744 E PQ_HDR  : DpAsyncBlitStream:: thie platform unsupport compress format
06-27 10:52:22.747   744   744 E PQ_HDR  : DpAsyncBlitStream:: thie platform unsupport compress format
06-27 10:52:22.760  1357  4317 W WindowManager: finishDrawingWindow: Window{4fc2c26 u0 com.android.systemui.wallpapers.ImageWallpaper} mDrawState=HAS_DRAWN
06-27 10:52:22.770  1621  1621 W EmergencyButton: onConfigurationChanged, do not updated!
06-27 10:52:22.779  1357  4317 W UserManagerService: Requested status bar icon for non-badged user 0
06-27 10:52:22.788  1357  4317 W WindowManager: finishDrawingWindow: Window{16a0564 u0 NavigationBar0} mDrawState=HAS_DRAWN
06-27 10:52:22.789   747   787 E HfLooper: dst->data[13.000000,35.000000,9714.000000]
06-27 10:52:22.792   744   744 E PQ_HDR  : DpAsyncBlitStream:: thie platform unsupport compress format
06-27 10:52:22.792   744   744 E PQ_HDR  : DpAsyncBlitStream:: thie platform unsupport compress format
06-27 10:52:22.792   744   744 E PQ_HDR  : DpAsyncBlitStream:: thie platform unsupport compress format
06-27 10:52:22.792   744   744 E PQ_HDR  : DpAsyncBlitStream:: thie platform unsupport compress format
06-27 10:52:22.792   744   744 E PQ_HDR  : DpAsyncBlitStream:: thie platform unsupport compress format
06-27 10:52:22.802   744   744 E PQ_HDR  : DpAsyncBlitStream:: thie platform unsupport compress format
06-27 10:52:22.802   744   744 E PQ_HDR  : DpAsyncBlitStream:: thie platform unsupport compress format
06-27 10:52:22.802   744   744 E PQ_HDR  : DpAsyncBlitStream:: thie platform unsupport compress format
06-27 10:52:22.802   744   744 E PQ_HDR  : DpAsyncBlitStream:: thie platform unsupport compress format
06-27 10:52:22.802   744   744 E PQ_HDR  : DpAsyncBlitStream:: thie platform unsupport compress format
06-27 10:52:22.809  1621  1621 W KeyguardSecurityViewFlipper: onMeasure: widthSpec MeasureSpec: EXACTLY 1080 should be AT_MOST
06-27 10:52:22.809  1621  1621 W KeyguardSecurityViewFlipper: onMeasure: heightSpec MeasureSpec: EXACTLY 2133 should be AT_MOST
06-27 10:52:22.809  1621  1621 W KeyguardSecurityViewFlipper: onMeasure: widthSpec MeasureSpec: EXACTLY 1080 should be AT_MOST
06-27 10:52:22.809  1621  1621 W KeyguardSecurityViewFlipper: onMeasure: heightSpec MeasureSpec: EXACTLY 2148 should be AT_MOST
06-27 10:52:22.809  1621  1621 W KeyguardSecurityViewFlipper: onMeasure: widthSpec MeasureSpec: EXACTLY 1080 should be AT_MOST
06-27 10:52:22.809  1621  1621 W KeyguardSecurityViewFlipper: onMeasure: heightSpec MeasureSpec: EXACTLY 2133 should be AT_MOST
06-27 10:52:22.815   744   744 E PQ_HDR  : DpAsyncBlitStream:: thie platform unsupport compress format
06-27 10:52:22.815   744   744 E PQ_HDR  : DpAsyncBlitStream:: thie platform unsupport compress format
06-27 10:52:22.815   744   744 E PQ_HDR  : DpAsyncBlitStream:: thie platform unsupport compress format
06-27 10:52:22.815   744   744 E PQ_HDR  : DpAsyncBlitStream:: thie platform unsupport compress format
06-27 10:52:22.815   744   744 E PQ_HDR  : DpAsyncBlitStream:: thie platform unsupport compress format
06-27 10:52:22.825  1357  4317 W WindowManager: finishDrawingWindow: Window{898197 u0 NotificationShade} mDrawState=HAS_DRAWN
06-27 10:52:22.830  1357  4317 W WindowManager: finishDrawingWindow: Window{f719012 u0 StatusBar} mDrawState=HAS_DRAWN
06-27 10:52:22.838   744   744 E PQ_HDR  : DpAsyncBlitStream:: thie platform unsupport compress format
06-27 10:52:22.838   744   744 E PQ_HDR  : DpAsyncBlitStream:: thie platform unsupport compress format
06-27 10:52:22.838   744   744 E PQ_HDR  : DpAsyncBlitStream:: thie platform unsupport compress format
06-27 10:52:22.838   744   744 E PQ_HDR  : DpAsyncBlitStream:: thie platform unsupport compress format
06-27 10:52:22.885   744  1195 I hwcomposer: [HWC] (0)fire a callback of refresh to SF[4]  
06-27 10:52:22.889   747   787 E HfLooper: dst->data[13.000000,38.000000,9724.000000]
06-27 10:52:22.891   744   744 E PQ_HDR  : DpAsyncBlitStream:: thie platform unsupport compress format
06-27 10:52:22.891   744   744 E PQ_HDR  : DpAsyncBlitStream:: thie platform unsupport compress format
06-27 10:52:22.891   744   744 E PQ_HDR  : DpAsyncBlitStream:: thie platform unsupport compress format
06-27 10:52:22.891   744   744 E PQ_HDR  : DpAsyncBlitStream:: thie platform unsupport compress format
06-27 10:52:22.899  1621  1626 I ndroid.systemui: Background concurrent mark compact GC freed 17MB AllocSpace bytes, 0(0B) LOS objects, 50% free, 15MB/31MB, paused 797us,2.576ms total 106.839ms
06-27 10:52:22.916  1621  1736 D BufferQueueProducer: [ImageReader-1x1f1m1-1621-16](id:65500000055,api:1,p:1621,c:1621) disconnect: api 1
06-27 10:52:22.919  1621  1628 D BufferQueueConsumer: [ImageReader-1x1f1m1-1621-16](id:65500000055,api:0,p:-1,c:1621) disconnect
