06-27 10:58:50.091  1911  1911 I TouchInteractionService: preloadOverview: forSUWAllSet=false, isHomeAndOverviewSame=true
06-27 10:58:50.091  1357  1377 W ActivityTaskManager: Current config: {1.0 ?mcc0mnc [en_US] ldltr sw540dp w540dp h1110dp 320dpi lrg long port night finger -keyb/v/h -nav/h winConfig={ mBounds=Rect(0, 0 - 1080, 2340) mAppBounds=Rect(0, 72 - 1080, 2292) mMaxBounds=Rect(0, 0 - 1080, 2340) mDisplayRotation=ROTATION_0 mWindowingMode=fullscreen mActivityType=undefined mAlwaysOnTop=undefined mRotation=ROTATION_0} as.25 s.1085 fontWeightAdjustment=0} unchanged for IME proc com.android.inputmethod.latin
06-27 10:58:50.103  1621  1621 I ClockEventController: Region isDark: true
06-27 10:58:50.105  1357  1378 W WindowManager: finishDrawingWindow: Window{34b049d u0 PointerLocation - display 0} mDrawState=DRAW_PENDING
06-27 10:58:50.106  1842  1842 I ActivityThread: ApplicationInfo updating for com.android.providers.telephony, new timestamp: 31306664
06-27 10:58:50.106  1842  1842 I ActivityThread: assets removed: []
06-27 10:58:50.106  1842  1842 I ActivityThread: assets added: []
06-27 10:58:50.111  1357  1357 W WindowManager: finishDrawingWindow: Window{e44cec2 u0 FocusEventDebugView - display 0} mDrawState=DRAW_PENDING
06-27 10:58:50.112  1357  1380 I DisplayDeviceRepository: Display device changed: DisplayDeviceInfo{"Built-in Screen": uniqueId="local:4627039422300187648", 720 x 1600, modeId 1, renderFrameRate 90.0, defaultModeId 1, userPreferredModeId -1, supportedModes [{id=1, width=720, height=1600, fps=90.0, vsync=90.0, synthetic=false, alternativeRefreshRates=[60.0], supportedHdrTypes=[]}, {id=2, width=720, height=1600, fps=60.0, vsync=60.0, synthetic=false, alternativeRefreshRates=[90.0], supportedHdrTypes=[]}], colorMode 0, supportedColorModes [0], hdrCapabilities HdrCapabilities{mSupportedHdrTypes=[], mMaxLuminance=500.0, mMaxAverageLuminance=500.0, mMinLuminance=0.0}, allmSupported false, gameContentTypeSupported false, density 300, 254.0 x 254.0 dpi, appVsyncOff 1033333, presDeadline 16100000, cutout DisplayCutout{insets=Rect(0, 49 - 0, 0) waterfall=Insets{left=0, top=0, right=0, bottom=0} boundingRect={Bounds=[Rect(0, 0 - 0, 0), Rect(323, 0 - 398, 49), Rect(0, 0 - 0, 0), Rect(0, 0 - 0, 0)]} cutoutPathParserInfo={CutoutPathParserInfo{displayWidth=720 displayHeight=1600 physicalDisplayWidth=720 physicalDisplayHeight=1600 density={1.875} cutoutSpec={M 0,0 L -20, 0 L -20, 26 L 20, 26 L 20, 0 Z @dp} rotation={0} scale={1.0} physicalPixelDisplaySizeRatio={1.0}}} sideOverrides={}}, touch INTERNAL, rotation 0, type INTERNAL, address {port=0, model=0x40368bd6e7ee6c}, deviceProductInfo DeviceProductInfo{name=MTKDEV, manufacturerPnpId=MTK, productId=35638, modelYear=null, manufactureDate=ManufactureDate{week=42, year=2021}, connectionToSinkType=0}, state ON, committedState ON, frameRateOverride , brightnessMinimum 0.0, brightnessMaximum 1.0, brightnessDefault 0.4, hdrSdrRatio NaN, FLAG_ALLOWED_TO_BE_DEFAULT_DISPLAY, FLAG_ROTATES_WITH_CONTENT, FLAG_SECURE, FLAG_SUPPORTS_PROTECTED_BUFFERS, FLAG_TRUSTED, installOrientation 0, displayShape DisplayShape{ spec=2134893525 displayWidth=720 displayHeight=1600 physicalPixelDisplaySizeRatio=1.0 rotation=0 offsetX=0 offsetY=0 scale=1.0}}
06-27 10:58:50.116  1621  1621 E KeyguardClockSwitch: No clock being shown
06-27 10:58:50.121  1357  1378 E ApplicationHelper: Fail to get PackageManager
06-27 10:58:50.122  1357  1373 W JobInfo : Job 'com.android.gallery3d/.app.PackagesMonitor$AsyncService#1' has a deadline with no functional constraints. The deadline won't improve job execution latency. Consider removing the deadline.
06-27 10:58:50.126  1357  1560 I AppWidgetServiceImpl: Received broadcast: android.intent.action.PACKAGE_CHANGED on user 0
06-27 10:58:50.127  1357  1378 E ApplicationHelper: Fail to get PackageManager
06-27 10:58:50.128  1621  1621 I ClockEventController: Region isDark: true
06-27 10:58:50.130  1357  1390 W MagnificationConnectionManager: requestConnection duplicated request: connect=true, mConnectionState=CONNECTED
06-27 10:58:50.132  2080  2093 I PermissionControllerServiceImpl: Updating user sensitive for uid 1000
06-27 10:58:50.133  1357  1390 W VoiceInteractionManager: no available voice recognition services found for user 0
06-27 10:58:50.134  1357  1378 E ApplicationHelper: Fail to get PackageManager
06-27 10:58:50.145  1357  3598 W AppOpService: Ignored setUidMode call for runtime permission app op: uid = 1001, code = READ_SMS, mode = allow, callingUid = 1001, oldMode = allow
06-27 10:58:50.146  1357  1929 W AppOpService: Ignored setUidMode call for runtime permission app op: uid = 1001, code = RECEIVE_SMS, mode = allow, callingUid = 1001, oldMode = allow
06-27 10:58:50.147  1357  1929 W AppOpService: Ignored setUidMode call for runtime permission app op: uid = 1001, code = RECEIVE_WAP_PUSH, mode = allow, callingUid = 1001, oldMode = allow
06-27 10:58:50.147  1911  2005 W AllAppsList: updatePromiseInstallInfo: no Activities matched updated package, removing all apps from package=android
06-27 10:58:50.148  1357  3356 W AppOpService: Ignored setUidMode call for runtime permission app op: uid = 1001, code = SEND_SMS, mode = allow, callingUid = 1001, oldMode = allow
06-27 10:58:50.149  1357  1929 W AppOpService: Ignored setUidMode call for runtime permission app op: uid = 1001, code = READ_CELL_BROADCASTS, mode = allow, callingUid = 1001, oldMode = allow
06-27 10:58:50.149  1357  1378 E ApplicationHelper: Fail to get PackageManager
06-27 10:58:50.150  1357  3356 W WindowManager: finishDrawingWindow: Window{4fc2c26 u0 com.android.systemui.wallpapers.ImageWallpaper} mDrawState=DRAW_PENDING
06-27 10:58:50.151  1357  1378 E ApplicationHelper: Fail to get PackageManager
06-27 10:58:50.152   747   787 E HfLooper: dst->data[12.000000,220.000000,9702.000000]
06-27 10:58:50.159  1621  1621 W EmergencyButton: onConfigurationChanged, do not updated!
06-27 10:58:50.172   744  1195 I hwcomposer: [HWC] (0)fire a callback of refresh to SF[4]  
06-27 10:58:50.179   744   744 I hwcomposer: [HWCLayer] setHwlayerType(), id:510, release queue sp, type 3 -> 0  
06-27 10:58:50.179   744   744 I hwcomposer: [DBQ] (blt:0xb400007a85620840) Buffer queue is destroyed, m_id(510)  
06-27 10:58:50.179   744   744 I hwcomposer: [DBQ] (blt:0xb400007a85620840) ~DisplayBufferQueue(), m_id(510), release buf  
06-27 10:58:50.179   744   744 I hwcomposer: [DBQ] (blt:0xb400007a85620840) Free Slot(0), handle=0xb400007ac5629a70, 4608000 -> 0  
06-27 10:58:50.179   806  1219 I SurfaceFlinger: NotifyHwcComposition(), id 0, mode 0
06-27 10:58:50.180   780   803 I mtkpower@impl: [setMode] type:6, enabled:1
06-27 10:58:50.180   780   803 E mtkpower@impl: [setMode] unknown type
06-27 10:58:50.249   747   787 E HfLooper: dst->data[12.000000,225.000000,9712.000000]
06-27 10:58:50.256  1357  3356 W WindowManager: finishDrawingWindow: Window{16a0564 u0 NavigationBar0} mDrawState=DRAW_PENDING
06-27 10:58:50.260   806  1219 I SurfaceFlinger: NotifyHwcComposition(), id 0, mode 1
06-27 10:58:50.260   780   803 I mtkpower@impl: [setMode] type:6, enabled:0
06-27 10:58:50.260   780   803 E mtkpower@impl: [setMode] unknown type
06-27 10:58:50.260   744   744 I hwcomposer: [DBQ] (blt:0xb400007a85617e40) Buffer queue is created with size(3), m_id(510), blt  
06-27 10:58:50.260   744   744 I hwcomposer: [DBQ] (blt:0xb400007a85617e40) Reallocate Slot(0), pool(0 -> 0) size(0 -> 4608000) secure(0 -> 0)  
06-27 10:58:50.261   744   744 I hwcomposer: [DBQ] (blt:0xb400007a85617e40) Alloc Slot(0), handle=0xb400007ac5624ab0 c=0 w=720 h=1600 p=720 ys=720 vs=1600 f=2 sec=0 sh=0, usage=0x800  
06-27 10:58:50.277  1621  1621 W KeyguardSecurityViewFlipper: onMeasure: widthSpec MeasureSpec: EXACTLY 1080 should be AT_MOST
06-27 10:58:50.277  1621  1621 W KeyguardSecurityViewFlipper: onMeasure: heightSpec MeasureSpec: EXACTLY 2133 should be AT_MOST
06-27 10:58:50.277  1621  1621 W KeyguardSecurityViewFlipper: onMeasure: widthSpec MeasureSpec: EXACTLY 1080 should be AT_MOST
06-27 10:58:50.277  1621  1621 W KeyguardSecurityViewFlipper: onMeasure: heightSpec MeasureSpec: EXACTLY 2148 should be AT_MOST
06-27 10:58:50.277  1621  1621 W KeyguardSecurityViewFlipper: onMeasure: widthSpec MeasureSpec: EXACTLY 1080 should be AT_MOST
06-27 10:58:50.277  1621  1621 W KeyguardSecurityViewFlipper: onMeasure: heightSpec MeasureSpec: EXACTLY 2133 should be AT_MOST
06-27 10:58:50.297  1357  1441 W WindowManager: finishDrawingWindow: Window{898197 u0 NotificationShade} mDrawState=DRAW_PENDING
06-27 10:58:50.307  1357  3356 W WindowManager: finishDrawingWindow: Window{f719012 u0 StatusBar} mDrawState=DRAW_PENDING
06-27 10:58:50.311   806  1261 I BufferQueueDebug: [Transition Root: Display 0 name="Built-in Screen"#1202](this:0xb400006fb2841d90,id:-1,api:0,p:-1,c:-1) BufferQueue core=(806:/system/bin/surfaceflinger)
06-27 10:58:50.316   806   886 I BufferQueueDebug: [[Gesture Monitor] edge-swipe#1203](this:0xb400006fb282b110,id:-1,api:0,p:-1,c:-1) BufferQueue core=(806:/system/bin/surfaceflinger)
06-27 10:58:50.316   806  1727 I BufferQueueDebug: [Animation leash of screenshot rotation#1204](this:0xb400006fb280bbe0,id:-1,api:0,p:-1,c:-1) BufferQueue core=(806:/system/bin/surfaceflinger)
06-27 10:58:50.317   806   886 I BufferQueueDebug: [BackColorSurface#1205](this:0xb400006fb284d3d0,id:-1,api:0,p:-1,c:-1) BufferQueue core=(806:/system/bin/surfaceflinger)
06-27 10:58:50.325   744   744 E PQ_HDR  : DpAsyncBlitStream:: thie platform unsupport compress format
06-27 10:58:50.325   744   744 E PQ_HDR  : DpAsyncBlitStream:: thie platform unsupport compress format
06-27 10:58:50.326   806   886 I BufferQueueDebug: [WindowToken{d6bedc1 type=2024 android.os.BinderProxy@9c59ea8}#1206](this:0xb400006fb27ef440,id:-1,api:0,p:-1,c:-1) BufferQueue core=(806:/system/bin/surfaceflinger)
06-27 10:58:50.329   806   886 I BufferQueueDebug: [dab3966 EdgeBackGestureHandler0#1207](this:0xb400006fb281fad0,id:-1,api:0,p:-1,c:-1) BufferQueue core=(806:/system/bin/surfaceflinger)
06-27 10:58:50.335   744   744 E PQ_HDR  : DpAsyncBlitStream:: thie platform unsupport compress format
06-27 10:58:50.335   744   744 E PQ_HDR  : DpAsyncBlitStream:: thie platform unsupport compress format
06-27 10:58:50.349   747   787 E HfLooper: dst->data[12.000000,0.000000,0.000000]
06-27 10:58:50.350  1357  3356 W InputManager-JNI: Input channel object 'a881320 EdgeBackGestureHandler0 (client)' was disposed without first being removed with the input manager!
06-27 10:58:50.358   744   744 E PQ_HDR  : DpAsyncBlitStream:: thie platform unsupport compress format
06-27 10:58:50.358   744   744 E PQ_HDR  : DpAsyncBlitStream:: thie platform unsupport compress format
06-27 10:58:50.358   744   744 E PQ_HDR  : DpAsyncBlitStream:: thie platform unsupport compress format
06-27 10:58:50.358   744   744 E PQ_HDR  : DpAsyncBlitStream:: thie platform unsupport compress format
06-27 10:58:50.358   744   744 E PQ_HDR  : DpAsyncBlitStream:: thie platform unsupport compress format
06-27 10:58:50.358   744   744 I hwcomposer: [HWCLayer] setHwlayerType(), id:510, release queue sp, type 3 -> 0  
06-27 10:58:50.358   744   744 I hwcomposer: [DBQ] (blt:0xb400007a85617e40) Buffer queue is destroyed, m_id(510)  
06-27 10:58:50.358   744   744 I hwcomposer: [DBQ] (blt:0xb400007a85617e40) ~DisplayBufferQueue(), m_id(510), release buf  
06-27 10:58:50.358   744   744 I hwcomposer: [DBQ] (blt:0xb400007a85617e40) Free Slot(0), handle=0xb400007ac5624ab0, 4608000 -> 0  
06-27 10:58:50.358   806  1219 I SurfaceFlinger: NotifyHwcComposition(), id 0, mode 0
06-27 10:58:50.359   780   803 I mtkpower@impl: [setMode] type:6, enabled:1
06-27 10:58:50.359   780   803 E mtkpower@impl: [setMode] unknown type
06-27 10:58:50.368  1621  1621 W LoadedApk: New application info for package com.android.systemui is out of date with TS 31306662 < the current TS 31306936
06-27 10:58:50.368  1357  1441 W WindowManager: finishDrawingWindow: Window{4fc2c26 u0 com.android.systemui.wallpapers.ImageWallpaper} mDrawState=HAS_DRAWN
06-27 10:58:50.375  1621  1621 I NoBackGesture: Config changed: newConfig={1.0 ?mcc0mnc [en_US] ldltr sw540dp w540dp h1170dp 320dpi lrg long port night finger -keyb/v/h -nav/h winConfig={ mBounds=Rect(0, 0 - 1080, 2340) mAppBounds=Rect(0, 0 - 1080, 2340) mMaxBounds=Rect(0, 0 - 1080, 2340) mDisplayRotation=ROTATION_0 mWindowingMode=fullscreen mActivityType=undefined mAlwaysOnTop=undefined mRotation=ROTATION_0} as.25 s.1124 fontWeightAdjustment=0} lastReportedConfig={1.0 ?mcc0mnc [en_US] ldltr sw540dp w540dp h1170dp 320dpi lrg long port night finger -keyb/v/h -nav/h winConfig={ mBounds=Rect(0, 0 - 1080, 2340) mAppBounds=Rect(0, 0 - 1080, 2340) mMaxBounds=Rect(0, 0 - 1080, 2340) mDisplayRotation=ROTATION_0 mWindowingMode=fullscreen mActivityType=undefined mAlwaysOnTop=undefined mRotation=ROTATION_0} as.24 s.1083 fontWeightAdjustment=0}
06-27 10:58:50.375  1621  1621 I NoBackGesture: NavbarController: newConfig={1.0 ?mcc0mnc [en_US] ldltr sw540dp w540dp h1170dp 320dpi lrg long port night finger -keyb/v/h -nav/h winConfig={ mBounds=Rect(0, 0 - 1080, 2340) mAppBounds=Rect(0, 0 - 1080, 2340) mMaxBounds=Rect(0, 0 - 1080, 2340) mDisplayRotation=ROTATION_0 mWindowingMode=fullscreen mActivityType=undefined mAlwaysOnTop=undefined mRotation=ROTATION_0} as.25 s.1124 fontWeightAdjustment=0} mTaskbarDelegate initialized=false willApplyConfigToNavbars=false navBarCount=1
06-27 10:58:50.379   806   806 I SurfaceFlinger: onHandleDestroyed: name=WindowToken{fd59223 type=2024 android.os.BinderProxy@e2b6f52}#1198, layerId=1198, parentId=0
06-27 10:58:50.380   744   744 E PQ_HDR  : DpAsyncBlitStream:: thie platform unsupport compress format
06-27 10:58:50.380   744   744 E PQ_HDR  : DpAsyncBlitStream:: thie platform unsupport compress format
06-27 10:58:50.380   744   744 E PQ_HDR  : DpAsyncBlitStream:: thie platform unsupport compress format
06-27 10:58:50.380   744   744 E PQ_HDR  : DpAsyncBlitStream:: thie platform unsupport compress format
06-27 10:58:50.380   744   744 E PQ_HDR  : DpAsyncBlitStream:: thie platform unsupport compress format
06-27 10:58:50.390   806   806 I BufferQueueDebug: [WindowToken{fd59223 type=2024 android.os.BinderProxy@e2b6f52}#1198](this:0xb400006fb27f7cf0,id:-1,api:0,p:-1,c:806) onDestructor()
06-27 10:58:50.390   744   744 E PQ_HDR  : DpAsyncBlitStream:: thie platform unsupport compress format
06-27 10:58:50.390   744   744 E PQ_HDR  : DpAsyncBlitStream:: thie platform unsupport compress format
06-27 10:58:50.390   744   744 E PQ_HDR  : DpAsyncBlitStream:: thie platform unsupport compress format
06-27 10:58:50.390   744   744 E PQ_HDR  : DpAsyncBlitStream:: thie platform unsupport compress format
06-27 10:58:50.390   744   744 E PQ_HDR  : DpAsyncBlitStream:: thie platform unsupport compress format
06-27 10:58:50.401   744   744 E PQ_HDR  : DpAsyncBlitStream:: thie platform unsupport compress format
06-27 10:58:50.401   744   744 E PQ_HDR  : DpAsyncBlitStream:: thie platform unsupport compress format
06-27 10:58:50.401   744   744 E PQ_HDR  : DpAsyncBlitStream:: thie platform unsupport compress format
06-27 10:58:50.401   744   744 E PQ_HDR  : DpAsyncBlitStream:: thie platform unsupport compress format
06-27 10:58:50.402   744   744 E PQ_HDR  : DpAsyncBlitStream:: thie platform unsupport compress format
06-27 10:58:50.404  1357  3356 I PowerHalWrapper: <setRotation> do boost with 0ms 
06-27 10:58:50.407   806  1727 I SurfaceFlinger: onHandleDestroyed: name=a881320 EdgeBackGestureHandler0#1199, layerId=1199, parentId=0
06-27 10:58:50.412   806   806 I BufferQueueDebug: [a881320 EdgeBackGestureHandler0#1199](this:0xb400006fb284a640,id:-1,api:0,p:-1,c:806) onDestructor()
06-27 10:58:50.412   806   806 I SurfaceFlinger: onHandleDestroyed: name=Transition Root: Display 0 name="Built-in Screen"#1202, layerId=1202, parentId=0
06-27 10:58:50.413   806   806 I SurfaceFlinger: onHandleDestroyed: name=BackColorSurface#1205, layerId=1205, parentId=0
06-27 10:58:50.413   806   806 I SurfaceFlinger: onHandleDestroyed: name=transition snapshot: Display{#0 state=ON size=1080x2340 ROTATION_0}#1201, layerId=1201, parentId=0
06-27 10:58:50.413   806   806 I SurfaceFlinger: onHandleDestroyed: name=Animation leash of screenshot rotation#1204, layerId=1204, parentId=0
06-27 10:58:50.414   744   744 E PQ_HDR  : DpAsyncBlitStream:: thie platform unsupport compress format
06-27 10:58:50.414   744   744 E PQ_HDR  : DpAsyncBlitStream:: thie platform unsupport compress format
06-27 10:58:50.414   744   744 E PQ_HDR  : DpAsyncBlitStream:: thie platform unsupport compress format
06-27 10:58:50.414   744   744 E PQ_HDR  : DpAsyncBlitStream:: thie platform unsupport compress format
06-27 10:58:50.414   744   744 E PQ_HDR  : DpAsyncBlitStream:: thie platform unsupport compress format
06-27 10:58:50.418  1621  1626 I ndroid.systemui: Background concurrent mark compact GC freed 15MB AllocSpace bytes, 0(0B) LOS objects, 50% free, 16MB/33MB, paused 1.345ms,4.838ms total 138.230ms
06-27 10:58:50.423   806   806 I BufferQueueDebug: [Animation leash of screenshot rotation#1204](this:0xb400006fb280bbe0,id:-1,api:0,p:-1,c:806) onDestructor()
06-27 10:58:50.423   806   806 I BufferQueueDebug: [transition snapshot: Display{#0 state=ON size=1080x2340 ROTATION_0}#1201](this:0xb400006fb2811700,id:-1,api:0,p:-1,c:806) onDestructor()
06-27 10:58:50.423   806   806 I BufferQueueDebug: [Transition Root: Display 0 name="Built-in Screen"#1202](this:0xb400006fb2841d90,id:-1,api:0,p:-1,c:806) onDestructor()
06-27 10:58:50.423   806   806 I BufferQueueDebug: [BackColorSurface#1205](this:0xb400006fb284d3d0,id:-1,api:0,p:-1,c:806) onDestructor()
06-27 10:58:50.424   744   744 E PQ_HDR  : DpAsyncBlitStream:: thie platform unsupport compress format
06-27 10:58:50.424   744   744 E PQ_HDR  : DpAsyncBlitStream:: thie platform unsupport compress format
06-27 10:58:50.424   744   744 E PQ_HDR  : DpAsyncBlitStream:: thie platform unsupport compress format
06-27 10:58:50.424   744   744 E PQ_HDR  : DpAsyncBlitStream:: thie platform unsupport compress format
06-27 10:58:50.424   744   744 E PQ_HDR  : DpAsyncBlitStream:: thie platform unsupport compress format
06-27 10:58:50.445  1621  1621 E KeyguardClockSwitch: No clock being shown
06-27 10:58:50.449   747   787 E HfLooper: dst->data[13.000000,222.000000,9719.000000]
06-27 10:58:50.452  1621  1621 I ClockEventController: Region isDark: true
06-27 10:58:50.459   772   829 I libPerfCtl: xgfGetFPS pid:1357 fps:-1
06-27 10:58:50.459  1621  1621 E KeyguardClockSwitch: No clock being shown
06-27 10:58:50.460   772   829 I libPerfCtl: xgfGetFPS pid:1621 fps:-1
06-27 10:58:50.467  1621  1621 I ClockEventController: Region isDark: true
06-27 10:58:50.485  1357  3356 W WindowManager: finishDrawingWindow: Window{4fc2c26 u0 com.android.systemui.wallpapers.ImageWallpaper} mDrawState=HAS_DRAWN
06-27 10:58:50.489  1621  1621 W EmergencyButton: onConfigurationChanged, do not updated!
06-27 10:58:50.493   744  1195 I hwcomposer: [HWC] (0)fire a callback of refresh to SF[4]  
06-27 10:58:50.501   744   744 E PQ_HDR  : DpAsyncBlitStream:: thie platform unsupport compress format
06-27 10:58:50.501   744   744 E PQ_HDR  : DpAsyncBlitStream:: thie platform unsupport compress format
06-27 10:58:50.501   744   744 E PQ_HDR  : DpAsyncBlitStream:: thie platform unsupport compress format
06-27 10:58:50.501   744   744 E PQ_HDR  : DpAsyncBlitStream:: thie platform unsupport compress format
06-27 10:58:50.501   744   744 E PQ_HDR  : DpAsyncBlitStream:: thie platform unsupport compress format
06-27 10:58:50.545  1357  1373 W WindowManager: finishDrawingWindow: Window{16a0564 u0 NavigationBar0} mDrawState=HAS_DRAWN
06-27 10:58:50.545   744   744 E PQ_HDR  : DpAsyncBlitStream:: thie platform unsupport compress format
06-27 10:58:50.545   744   744 E PQ_HDR  : DpAsyncBlitStream:: thie platform unsupport compress format
06-27 10:58:50.545   744   744 E PQ_HDR  : DpAsyncBlitStream:: thie platform unsupport compress format
06-27 10:58:50.546   744   744 E PQ_HDR  : DpAsyncBlitStream:: thie platform unsupport compress format
06-27 10:58:50.546   744   744 E PQ_HDR  : DpAsyncBlitStream:: thie platform unsupport compress format
06-27 10:58:50.549   747   787 E HfLooper: dst->data[13.000000,220.000000,9726.000000]
06-27 10:58:50.556   744   744 E PQ_HDR  : DpAsyncBlitStream:: thie platform unsupport compress format
06-27 10:58:50.556   744   744 E PQ_HDR  : DpAsyncBlitStream:: thie platform unsupport compress format
06-27 10:58:50.556   744   744 E PQ_HDR  : DpAsyncBlitStream:: thie platform unsupport compress format
06-27 10:58:50.556   744   744 E PQ_HDR  : DpAsyncBlitStream:: thie platform unsupport compress format
06-27 10:58:50.556   744   744 E PQ_HDR  : DpAsyncBlitStream:: thie platform unsupport compress format
06-27 10:58:50.563  1621  1621 W KeyguardSecurityViewFlipper: onMeasure: widthSpec MeasureSpec: EXACTLY 1080 should be AT_MOST
06-27 10:58:50.563  1621  1621 W KeyguardSecurityViewFlipper: onMeasure: heightSpec MeasureSpec: EXACTLY 2133 should be AT_MOST
06-27 10:58:50.563  1621  1621 W KeyguardSecurityViewFlipper: onMeasure: widthSpec MeasureSpec: EXACTLY 1080 should be AT_MOST
06-27 10:58:50.563  1621  1621 W KeyguardSecurityViewFlipper: onMeasure: heightSpec MeasureSpec: EXACTLY 2148 should be AT_MOST
06-27 10:58:50.563  1621  1621 W KeyguardSecurityViewFlipper: onMeasure: widthSpec MeasureSpec: EXACTLY 1080 should be AT_MOST
06-27 10:58:50.563  1621  1621 W KeyguardSecurityViewFlipper: onMeasure: heightSpec MeasureSpec: EXACTLY 2133 should be AT_MOST
06-27 10:58:50.567   744   744 E PQ_HDR  : DpAsyncBlitStream:: thie platform unsupport compress format
06-27 10:58:50.567   744   744 E PQ_HDR  : DpAsyncBlitStream:: thie platform unsupport compress format
06-27 10:58:50.567   744   744 E PQ_HDR  : DpAsyncBlitStream:: thie platform unsupport compress format
06-27 10:58:50.567   744   744 E PQ_HDR  : DpAsyncBlitStream:: thie platform unsupport compress format
06-27 10:58:50.567   744   744 E PQ_HDR  : DpAsyncBlitStream:: thie platform unsupport compress format
06-27 10:58:50.582  1357  1373 W WindowManager: finishDrawingWindow: Window{898197 u0 NotificationShade} mDrawState=HAS_DRAWN
06-27 10:58:50.591  1357  3356 W WindowManager: finishDrawingWindow: Window{f719012 u0 StatusBar} mDrawState=HAS_DRAWN
06-27 10:58:50.591   744   744 I hwcomposer: [HWCDisplay] (0) setColorTransform hint:1 ok:0 Transform Ioctl 1  
06-27 10:58:50.596   744   744 I hwcomposer: [HWCDisplay] setColorTransformForJob ccorr_state=0->1 hint=0 force_disable_color=0 linear=0  
06-27 10:58:50.602   744  1200 I hwcomposer: [DRMDEV] create blob id of color transform[success] mode=0 f=0 mat=2048    0    0    0   0 2048    0    0   0    0 2048    0   0    0    0 2048  
06-27 10:58:50.620  1621  1621 W ImageReader_JNI: Unable to acquire a buffer item, very likely client tried to acquire more than maxImages buffers
06-27 10:58:50.627  1357  3356 W UserManagerService: Requested status bar icon for non-badged user 0
06-27 10:58:50.649   747   787 E HfLooper: dst->data[12.000000,210.000000,9733.000000]
06-27 10:58:50.711   806   806 I BufferQueueProducer: [StatusBar#91](this:0xb400006fb27fd810,id:-1,api:0,p:-1,c:806) queueBuffer: fps=2.96 dur=1014.77 max=616.91 min=121.57
06-27 10:58:50.711   806   806 I BufferQueueProducer: [NotificationShade#1192](this:0xb400006fb280e970,id:-1,api:0,p:-1,c:806) queueBuffer: fps=7.89 dur=1014.53 max=540.32 min=8.08
06-27 10:58:50.721   806   806 I BufferQueueProducer: [FramebufferSurface](this:0xb40000700264c2f0,id:-1,api:1,p:806,c:806) queueBuffer: fps=38.71 dur=1007.51 max=206.55 min=6.58
06-27 10:58:50.722   744   744 I hwcomposer: [HWCDisplay] [Display_0 (type:1, mode:2)] fps:53.604416,dur:1007.38,max:126.01,min:1.28  
06-27 10:58:50.732   744   744 I hwcomposer: [HWCDisplay] (0) setColorTransform hint:0 ok:1 Transform Ioctl 1  
06-27 10:58:50.733   744   744 E PQ_HDR  : DpAsyncBlitStream:: thie platform unsupport compress format
06-27 10:58:50.733   744   744 E PQ_HDR  : DpAsyncBlitStream:: thie platform unsupport compress format
06-27 10:58:50.733   744   744 E PQ_HDR  : DpAsyncBlitStream:: thie platform unsupport compress format
06-27 10:58:50.733   744   744 E PQ_HDR  : DpAsyncBlitStream:: thie platform unsupport compress format
06-27 10:58:50.736   744   744 I hwcomposer: [HWCDisplay] setColorTransformForJob ccorr_state=2->0 hint=0 force_disable_color=0 linear=0  
06-27 10:58:50.739   744  1200 I hwcomposer: [DRMDEV] create blob id of color transform[success] mode=0 f=0 mat=2048    0    0    0   0 2048    0    0   0    0 2048    0   0    0    0 2048  
06-27 10:58:50.744   744   744 E PQ_HDR  : DpAsyncBlitStream:: thie platform unsupport compress format
06-27 10:58:50.744   744   744 E PQ_HDR  : DpAsyncBlitStream:: thie platform unsupport compress format
06-27 10:58:50.744   744   744 E PQ_HDR  : DpAsyncBlitStream:: thie platform unsupport compress format
06-27 10:58:50.744   744   744 E PQ_HDR  : DpAsyncBlitStream:: thie platform unsupport compress format
06-27 10:58:50.749   747   787 E HfLooper: dst->data[13.000000,0.000000,0.000000]
06-27 10:58:50.750  1621  1621 W ImageReader_JNI: Unable to acquire a buffer item, very likely client tried to acquire more than maxImages buffers
06-27 10:58:50.766   744   744 E PQ_HDR  : DpAsyncBlitStream:: thie platform unsupport compress format
06-27 10:58:50.766   744   744 E PQ_HDR  : DpAsyncBlitStream:: thie platform unsupport compress format
06-27 10:58:50.766   744   744 E PQ_HDR  : DpAsyncBlitStream:: thie platform unsupport compress format
06-27 10:58:50.766   744   744 E PQ_HDR  : DpAsyncBlitStream:: thie platform unsupport compress format
06-27 10:58:50.766   744   744 E PQ_HDR  : DpAsyncBlitStream:: thie platform unsupport compress format
06-27 10:58:50.777   744   744 E PQ_HDR  : DpAsyncBlitStream:: thie platform unsupport compress format
06-27 10:58:50.777   744   744 E PQ_HDR  : DpAsyncBlitStream:: thie platform unsupport compress format
06-27 10:58:50.777   744   744 E PQ_HDR  : DpAsyncBlitStream:: thie platform unsupport compress format
06-27 10:58:50.777   744   744 E PQ_HDR  : DpAsyncBlitStream:: thie platform unsupport compress format
06-27 10:58:50.777   744   744 E PQ_HDR  : DpAsyncBlitStream:: thie platform unsupport compress format
06-27 10:58:50.799   744   744 E PQ_HDR  : DpAsyncBlitStream:: thie platform unsupport compress format
06-27 10:58:50.799   744   744 E PQ_HDR  : DpAsyncBlitStream:: thie platform unsupport compress format
06-27 10:58:50.799   744   744 E PQ_HDR  : DpAsyncBlitStream:: thie platform unsupport compress format
06-27 10:58:50.799   744   744 E PQ_HDR  : DpAsyncBlitStream:: thie platform unsupport compress format
06-27 10:58:50.799   744   744 E PQ_HDR  : DpAsyncBlitStream:: thie platform unsupport compress format
06-27 10:58:50.810   744   744 E PQ_HDR  : DpAsyncBlitStream:: thie platform unsupport compress format
06-27 10:58:50.810   744   744 E PQ_HDR  : DpAsyncBlitStream:: thie platform unsupport compress format
06-27 10:58:50.810   744   744 E PQ_HDR  : DpAsyncBlitStream:: thie platform unsupport compress format
06-27 10:58:50.810   744   744 E PQ_HDR  : DpAsyncBlitStream:: thie platform unsupport compress format
06-27 10:58:50.810   744   744 E PQ_HDR  : DpAsyncBlitStream:: thie platform unsupport compress format
06-27 10:58:50.821  1621  1684 E QuickAccessWalletKeyguardQuickAffordanceConfig: Wallet card retrieval error, message: "null"
06-27 10:58:50.821  1621  1684 E QuickAccessWalletKeyguardQuickAffordanceConfig: Wallet card retrieval error, message: "null"
06-27 10:58:50.821   744   744 E PQ_HDR  : DpAsyncBlitStream:: thie platform unsupport compress format
06-27 10:58:50.822   744   744 E PQ_HDR  : DpAsyncBlitStream:: thie platform unsupport compress format
06-27 10:58:50.822   744   744 E PQ_HDR  : DpAsyncBlitStream:: thie platform unsupport compress format
06-27 10:58:50.822   744   744 E PQ_HDR  : DpAsyncBlitStream:: thie platform unsupport compress format
06-27 10:58:50.822   744   744 E PQ_HDR  : DpAsyncBlitStream:: thie platform unsupport compress format
06-27 10:58:50.822  1621  1684 E QuickAccessWalletKeyguardQuickAffordanceConfig: Wallet card retrieval error, message: "null"
06-27 10:58:50.832   744   744 E PQ_HDR  : DpAsyncBlitStream:: thie platform unsupport compress format
06-27 10:58:50.832   744   744 E PQ_HDR  : DpAsyncBlitStream:: thie platform unsupport compress format
06-27 10:58:50.832   744   744 E PQ_HDR  : DpAsyncBlitStream:: thie platform unsupport compress format
06-27 10:58:50.832   744   744 E PQ_HDR  : DpAsyncBlitStream:: thie platform unsupport compress format
06-27 10:58:50.832   744   744 E PQ_HDR  : DpAsyncBlitStream:: thie platform unsupport compress format
06-27 10:58:50.843   744   744 E PQ_HDR  : DpAsyncBlitStream:: thie platform unsupport compress format
06-27 10:58:50.843   744   744 E PQ_HDR  : DpAsyncBlitStream:: thie platform unsupport compress format
06-27 10:58:50.843   744   744 E PQ_HDR  : DpAsyncBlitStream:: thie platform unsupport compress format
06-27 10:58:50.843   744   744 E PQ_HDR  : DpAsyncBlitStream:: thie platform unsupport compress format
06-27 10:58:50.843   744   744 E PQ_HDR  : DpAsyncBlitStream:: thie platform unsupport compress format
06-27 10:58:50.849   747   787 E HfLooper: dst->data[12.000000,222.000000,9738.000000]
06-27 10:58:50.854   744   744 E PQ_HDR  : DpAsyncBlitStream:: thie platform unsupport compress format
06-27 10:58:50.854   744   744 E PQ_HDR  : DpAsyncBlitStream:: thie platform unsupport compress format
06-27 10:58:50.854   744   744 E PQ_HDR  : DpAsyncBlitStream:: thie platform unsupport compress format
06-27 10:58:50.854   744   744 E PQ_HDR  : DpAsyncBlitStream:: thie platform unsupport compress format
06-27 10:58:50.854   744   744 E PQ_HDR  : DpAsyncBlitStream:: thie platform unsupport compress format
06-27 10:58:50.865   744   744 E PQ_HDR  : DpAsyncBlitStream:: thie platform unsupport compress format
06-27 10:58:50.865   744   744 E PQ_HDR  : DpAsyncBlitStream:: thie platform unsupport compress format
06-27 10:58:50.865   744   744 E PQ_HDR  : DpAsyncBlitStream:: thie platform unsupport compress format
06-27 10:58:50.865   744   744 E PQ_HDR  : DpAsyncBlitStream:: thie platform unsupport compress format
06-27 10:58:50.865   744   744 E PQ_HDR  : DpAsyncBlitStream:: thie platform unsupport compress format
06-27 10:58:50.877   744   744 E PQ_HDR  : DpAsyncBlitStream:: thie platform unsupport compress format
06-27 10:58:50.878   744   744 E PQ_HDR  : DpAsyncBlitStream:: thie platform unsupport compress format
06-27 10:58:50.878   744   744 E PQ_HDR  : DpAsyncBlitStream:: thie platform unsupport compress format
06-27 10:58:50.878   744   744 E PQ_HDR  : DpAsyncBlitStream:: thie platform unsupport compress format
06-27 10:58:50.878   744   744 E PQ_HDR  : DpAsyncBlitStream:: thie platform unsupport compress format
06-27 10:58:50.888   744   744 E PQ_HDR  : DpAsyncBlitStream:: thie platform unsupport compress format
06-27 10:58:50.889   744   744 E PQ_HDR  : DpAsyncBlitStream:: thie platform unsupport compress format
06-27 10:58:50.889   744   744 E PQ_HDR  : DpAsyncBlitStream:: thie platform unsupport compress format
06-27 10:58:50.889   744   744 E PQ_HDR  : DpAsyncBlitStream:: thie platform unsupport compress format
06-27 10:58:50.889   744   744 E PQ_HDR  : DpAsyncBlitStream:: thie platform unsupport compress format
06-27 10:58:50.900   744   744 E PQ_HDR  : DpAsyncBlitStream:: thie platform unsupport compress format
06-27 10:58:50.900   744   744 E PQ_HDR  : DpAsyncBlitStream:: thie platform unsupport compress format
06-27 10:58:50.900   744   744 E PQ_HDR  : DpAsyncBlitStream:: thie platform unsupport compress format
06-27 10:58:50.900   744   744 E PQ_HDR  : DpAsyncBlitStream:: thie platform unsupport compress format
06-27 10:58:50.900   744   744 E PQ_HDR  : DpAsyncBlitStream:: thie platform unsupport compress format
06-27 10:58:50.911   744   744 E PQ_HDR  : DpAsyncBlitStream:: thie platform unsupport compress format
06-27 10:58:50.911   744   744 E PQ_HDR  : DpAsyncBlitStream:: thie platform unsupport compress format
06-27 10:58:50.911   744   744 E PQ_HDR  : DpAsyncBlitStream:: thie platform unsupport compress format
06-27 10:58:50.911   744   744 E PQ_HDR  : DpAsyncBlitStream:: thie platform unsupport compress format
06-27 10:58:50.911   744   744 E PQ_HDR  : DpAsyncBlitStream:: thie platform unsupport compress format
06-27 10:58:50.922   744   744 E PQ_HDR  : DpAsyncBlitStream:: thie platform unsupport compress format
06-27 10:58:50.922   744   744 E PQ_HDR  : DpAsyncBlitStream:: thie platform unsupport compress format
06-27 10:58:50.922   744   744 E PQ_HDR  : DpAsyncBlitStream:: thie platform unsupport compress format
06-27 10:58:50.922   744   744 E PQ_HDR  : DpAsyncBlitStream:: thie platform unsupport compress format
06-27 10:58:50.922   744   744 E PQ_HDR  : DpAsyncBlitStream:: thie platform unsupport compress format
06-27 10:58:50.932   744   744 E PQ_HDR  : DpAsyncBlitStream:: thie platform unsupport compress format
06-27 10:58:50.932   744   744 E PQ_HDR  : DpAsyncBlitStream:: thie platform unsupport compress format
06-27 10:58:50.932   744   744 E PQ_HDR  : DpAsyncBlitStream:: thie platform unsupport compress format
06-27 10:58:50.932   744   744 E PQ_HDR  : DpAsyncBlitStream:: thie platform unsupport compress format
06-27 10:58:50.932   744   744 E PQ_HDR  : DpAsyncBlitStream:: thie platform unsupport compress format
06-27 10:58:50.943   744   744 E PQ_HDR  : DpAsyncBlitStream:: thie platform unsupport compress format
06-27 10:58:50.943   744   744 E PQ_HDR  : DpAsyncBlitStream:: thie platform unsupport compress format
06-27 10:58:50.943   744   744 E PQ_HDR  : DpAsyncBlitStream:: thie platform unsupport compress format
06-27 10:58:50.943   744   744 E PQ_HDR  : DpAsyncBlitStream:: thie platform unsupport compress format
06-27 10:58:50.943   744   744 E PQ_HDR  : DpAsyncBlitStream:: thie platform unsupport compress format
06-27 10:58:50.949   747   787 E HfLooper: dst->data[12.000000,215.000000,9743.000000]
06-27 10:58:50.955   744   744 E PQ_HDR  : DpAsyncBlitStream:: thie platform unsupport compress format
06-27 10:58:50.955   744   744 E PQ_HDR  : DpAsyncBlitStream:: thie platform unsupport compress format
06-27 10:58:50.955   744   744 E PQ_HDR  : DpAsyncBlitStream:: thie platform unsupport compress format
06-27 10:58:50.955   744   744 E PQ_HDR  : DpAsyncBlitStream:: thie platform unsupport compress format
06-27 10:58:50.955   744   744 E PQ_HDR  : DpAsyncBlitStream:: thie platform unsupport compress format
06-27 10:58:50.965   744   744 E PQ_HDR  : DpAsyncBlitStream:: thie platform unsupport compress format
06-27 10:58:50.966   744   744 E PQ_HDR  : DpAsyncBlitStream:: thie platform unsupport compress format
06-27 10:58:50.966   744   744 E PQ_HDR  : DpAsyncBlitStream:: thie platform unsupport compress format
06-27 10:58:50.966   744   744 E PQ_HDR  : DpAsyncBlitStream:: thie platform unsupport compress format
06-27 10:58:50.966   744   744 E PQ_HDR  : DpAsyncBlitStream:: thie platform unsupport compress format
06-27 10:58:50.976   744   744 E PQ_HDR  : DpAsyncBlitStream:: thie platform unsupport compress format
06-27 10:58:50.976   744   744 E PQ_HDR  : DpAsyncBlitStream:: thie platform unsupport compress format
06-27 10:58:50.976   744   744 E PQ_HDR  : DpAsyncBlitStream:: thie platform unsupport compress format
06-27 10:58:50.976   744   744 E PQ_HDR  : DpAsyncBlitStream:: thie platform unsupport compress format
06-27 10:58:50.976   744   744 E PQ_HDR  : DpAsyncBlitStream:: thie platform unsupport compress format
06-27 10:58:51.029   744  1195 I hwcomposer: [HWC] (0)fire a callback of refresh to SF[4]  
06-27 10:58:51.031   744   744 E PQ_HDR  : DpAsyncBlitStream:: thie platform unsupport compress format
06-27 10:58:51.031   744   744 E PQ_HDR  : DpAsyncBlitStream:: thie platform unsupport compress format
06-27 10:58:51.031   744   744 E PQ_HDR  : DpAsyncBlitStream:: thie platform unsupport compress format
06-27 10:58:51.031   744   744 E PQ_HDR  : DpAsyncBlitStream:: thie platform unsupport compress format
06-27 10:58:51.031   744   744 E PQ_HDR  : DpAsyncBlitStream:: thie platform unsupport compress format
06-27 10:58:51.049   747   787 E HfLooper: dst->data[12.000000,225.000000,9740.000000]
06-27 10:58:51.111   780   803 I mtkpower@impl: [setMode] type:6, enabled:0
06-27 10:58:51.111   780   803 E mtkpower@impl: [setMode] unknown type
06-27 10:58:51.149   747   787 E HfLooper: dst->data[12.000000,0.000000,0.000000]
06-27 10:58:51.249   747   787 E HfLooper: dst->data[13.000000,213.000000,9745.000000]
06-27 10:58:51.264   744   744 E PQ_HDR  : DpAsyncBlitStream:: thie platform unsupport compress format
06-27 10:58:51.264   744   744 E PQ_HDR  : DpAsyncBlitStream:: thie platform unsupport compress format
06-27 10:58:51.264   744   744 E PQ_HDR  : DpAsyncBlitStream:: thie platform unsupport compress format
06-27 10:58:51.264   744   744 E PQ_HDR  : DpAsyncBlitStream:: thie platform unsupport compress format
06-27 10:58:51.264   744   744 E PQ_HDR  : DpAsyncBlitStream:: thie platform unsupport compress format
06-27 10:58:51.317   744  1195 I hwcomposer: [HWC] (0)fire a callback of refresh to SF[4]  
06-27 10:58:51.330   744   744 E PQ_HDR  : DpAsyncBlitStream:: thie platform unsupport compress format
06-27 10:58:51.330   744   744 E PQ_HDR  : DpAsyncBlitStream:: thie platform unsupport compress format
06-27 10:58:51.330   744   744 E PQ_HDR  : DpAsyncBlitStream:: thie platform unsupport compress format
06-27 10:58:51.330   744   744 E PQ_HDR  : DpAsyncBlitStream:: thie platform unsupport compress format
06-27 10:58:51.330   744   744 E PQ_HDR  : DpAsyncBlitStream:: thie platform unsupport compress format
06-27 10:58:51.349   747   787 E HfLooper: dst->data[13.000000,227.000000,9743.000000]
06-27 10:58:51.449   747   787 E HfLooper: dst->data[12.000000,229.000000,9750.000000]
06-27 10:58:51.460   772   829 I libPerfCtl: xgfGetFPS pid:1357 fps:-1
06-27 10:58:51.460   772   829 I libPerfCtl: xgfGetFPS pid:1621 fps:-1
06-27 10:58:51.551   747   787 E HfLooper: dst->data[13.000000,227.000000,9740.000000]
06-27 10:58:51.649   747   787 E HfLooper: dst->data[13.000000,232.000000,9743.000000]
06-27 10:58:51.750   747   787 E HfLooper: dst->data[12.000000,217.000000,9733.000000]
06-27 10:58:51.849   747   787 E HfLooper: dst->data[12.000000,0.000000,0.000000]
06-27 10:58:51.949   747   787 E HfLooper: dst->data[13.000000,227.000000,9731.000000]
06-27 10:58:52.050   747   787 E HfLooper: dst->data[13.000000,215.000000,9728.000000]
06-27 10:58:52.149   747   787 E HfLooper: dst->data[13.000000,220.000000,9714.000000]
06-27 10:58:52.249   747   787 E HfLooper: dst->data[12.000000,0.000000,0.000000]
