--------- beginning of main
06-27 10:33:33.035   727   727 I netd    : tetherGetStats() -> {[]} <4.80ms>
06-27 10:33:33.045  1911  2005 W AllAppsList: updatePromiseInstallInfo: no Activities matched updated package, removing all apps from package=android
06-27 10:33:33.047  1357  1930 W JobInfo : Job 'com.android.gallery3d/.app.PackagesMonitor$AsyncService#1' has a deadline with no functional constraints. The deadline won't improve job execution latency. Consider removing the deadline.
06-27 10:33:33.048 10292 11451 W GooglePlayServicesUtil: com.google.android.youtube requires the Google Play Store, but it is missing.
06-27 10:33:33.048 10292 11451 E GooglePlayServicesUtil: GooglePlayServices not available due to error 9
06-27 10:33:33.048 10292 11451 E vxn     : Attempted to use SSL unpatched. Google Play Services unavailable.
06-27 10:33:33.048 10292 11451 E vxn     : pwb
06-27 10:33:33.048 10292 11451 E vxn     : 	at pwd.d(PG:30)
06-27 10:33:33.048 10292 11451 E vxn     : 	at vxm.a(PG:16)
06-27 10:33:33.048 10292 11451 E vxn     : 	at vxq.a(PG:7)
06-27 10:33:33.048 10292 11451 E vxn     : 	at vxq.createSocket(PG:6)
06-27 10:33:33.048 10292 11451 E vxn     : 	at com.android.okhttp.internal.io.RealConnection.connectTls(RealConnection.java:185)
06-27 10:33:33.048 10292 11451 E vxn     : 	at com.android.okhttp.internal.io.RealConnection.connectSocket(RealConnection.java:153)
06-27 10:33:33.048 10292 11451 E vxn     : 	at com.android.okhttp.internal.io.RealConnection.connect(RealConnection.java:116)
06-27 10:33:33.048 10292 11451 E vxn     : 	at com.android.okhttp.internal.http.StreamAllocation.findConnection(StreamAllocation.java:186)
06-27 10:33:33.048 10292 11451 E vxn     : 	at com.android.okhttp.internal.http.StreamAllocation.findHealthyConnection(StreamAllocation.java:128)
06-27 10:33:33.048 10292 11451 E vxn     : 	at com.android.okhttp.internal.http.StreamAllocation.newStream(StreamAllocation.java:97)
06-27 10:33:33.048 10292 11451 E vxn     : 	at com.android.okhttp.internal.http.HttpEngine.connect(HttpEngine.java:289)
06-27 10:33:33.048 10292 11451 E vxn     : 	at com.android.okhttp.internal.http.HttpEngine.sendRequest(HttpEngine.java:232)
06-27 10:33:33.048 10292 11451 E vxn     : 	at com.android.okhttp.internal.huc.HttpURLConnectionImpl.execute(HttpURLConnectionImpl.java:465)
06-27 10:33:33.048 10292 11451 E vxn     : 	at com.android.okhttp.internal.huc.HttpURLConnectionImpl.connect(HttpURLConnectionImpl.java:131)
06-27 10:33:33.048 10292 11451 E vxn     : 	at com.android.okhttp.internal.huc.HttpURLConnectionImpl.getOutputStream(HttpURLConnectionImpl.java:262)
06-27 10:33:33.048 10292 11451 E vxn     : 	at com.android.okhttp.internal.huc.DelegatingHttpsURLConnection.getOutputStream(DelegatingHttpsURLConnection.java:219)
06-27 10:33:33.048 10292 11451 E vxn     : 	at com.android.okhttp.internal.huc.HttpsURLConnectionImpl.getOutputStream(HttpsURLConnectionImpl.java:30)
06-27 10:33:33.048 10292 11451 E vxn     : 	at aqhu.g(PG:1)
06-27 10:33:33.048 10292 11451 E vxn     : 	at aqhu.b(PG:99)
06-27 10:33:33.048 10292 11451 E vxn     : 	at aqhf.run(PG:237)
06-27 10:33:33.048 10292 11451 E vxn     : 	at java.util.concurrent.ThreadPoolExecutor.runWorker(ThreadPoolExecutor.java:1145)
06-27 10:33:33.048 10292 11451 E vxn     : 	at java.util.concurrent.ThreadPoolExecutor$Worker.run(ThreadPoolExecutor.java:644)
06-27 10:33:33.048 10292 11451 E vxn     : 	at java.lang.Thread.run(Thread.java:1012)
06-27 10:33:33.049 10292 11451 W GoogleApiAvailability: GMS core API Availability. ConnectionResult=9, tag=null
06-27 10:33:33.049 10292 11451 W GoogleApiAvailability: java.lang.IllegalArgumentException
06-27 10:33:33.049 10292 11451 W GoogleApiAvailability: 	at pvo.g(PG:23)
06-27 10:33:33.049 10292 11451 W GoogleApiAvailability: 	at pvo.d(PG:7)
06-27 10:33:33.049 10292 11451 W GoogleApiAvailability: 	at vxm.a(PG:198)
06-27 10:33:33.049 10292 11451 W GoogleApiAvailability: 	at vxq.a(PG:7)
06-27 10:33:33.049 10292 11451 W GoogleApiAvailability: 	at vxq.createSocket(PG:6)
06-27 10:33:33.049 10292 11451 W GoogleApiAvailability: 	at com.android.okhttp.internal.io.RealConnection.connectTls(RealConnection.java:185)
06-27 10:33:33.049 10292 11451 W GoogleApiAvailability: 	at com.android.okhttp.internal.io.RealConnection.connectSocket(RealConnection.java:153)
06-27 10:33:33.049 10292 11451 W GoogleApiAvailability: 	at com.android.okhttp.internal.io.RealConnection.connect(RealConnection.java:116)
06-27 10:33:33.049 10292 11451 W GoogleApiAvailability: 	at com.android.okhttp.internal.http.StreamAllocation.findConnection(StreamAllocation.java:186)
06-27 10:33:33.049 10292 11451 W GoogleApiAvailability: 	at com.android.okhttp.internal.http.StreamAllocation.findHealthyConnection(StreamAllocation.java:128)
06-27 10:33:33.049 10292 11451 W GoogleApiAvailability: 	at com.android.okhttp.internal.http.StreamAllocation.newStream(StreamAllocation.java:97)
06-27 10:33:33.049 10292 11451 W GoogleApiAvailability: 	at com.android.okhttp.internal.http.HttpEngine.connect(HttpEngine.java:289)
06-27 10:33:33.049 10292 11451 W GoogleApiAvailability: 	at com.android.okhttp.internal.http.HttpEngine.sendRequest(HttpEngine.java:232)
06-27 10:33:33.049 10292 11451 W GoogleApiAvailability: 	at com.android.okhttp.internal.huc.HttpURLConnectionImpl.execute(HttpURLConnectionImpl.java:465)
06-27 10:33:33.049 10292 11451 W GoogleApiAvailability: 	at com.android.okhttp.internal.huc.HttpURLConnectionImpl.connect(HttpURLConnectionImpl.java:131)
06-27 10:33:33.049 10292 11451 W GoogleApiAvailability: 	at com.android.okhttp.internal.huc.HttpURLConnectionImpl.getOutputStream(HttpURLConnectionImpl.java:262)
06-27 10:33:33.049 10292 11451 W GoogleApiAvailability: 	at com.android.okhttp.internal.huc.DelegatingHttpsURLConnection.getOutputStream(DelegatingHttpsURLConnection.java:219)
06-27 10:33:33.049 10292 11451 W GoogleApiAvailability: 	at com.android.okhttp.internal.huc.HttpsURLConnectionImpl.getOutputStream(HttpsURLConnectionImpl.java:30)
06-27 10:33:33.049 10292 11451 W GoogleApiAvailability: 	at aqhu.g(PG:1)
06-27 10:33:33.049 10292 11451 W GoogleApiAvailability: 	at aqhu.b(PG:99)
06-27 10:33:33.049 10292 11451 W GoogleApiAvailability: 	at aqhf.run(PG:237)
06-27 10:33:33.049 10292 11451 W GoogleApiAvailability: 	at java.util.concurrent.ThreadPoolExecutor.runWorker(ThreadPoolExecutor.java:1145)
06-27 10:33:33.049 10292 11451 W GoogleApiAvailability: 	at java.util.concurrent.ThreadPoolExecutor$Worker.run(ThreadPoolExecutor.java:644)
06-27 10:33:33.049 10292 11451 W GoogleApiAvailability: 	at java.lang.Thread.run(Thread.java:1012)
06-27 10:33:33.051 10292 11449 E FirebaseInstanceId: Failed to get FIS auth token
06-27 10:33:33.051 10292 11449 E FirebaseInstanceId: java.util.concurrent.ExecutionException: aqhi: Firebase Installations Service is unavailable. Please try again later.
06-27 10:33:33.051 10292 11449 E FirebaseInstanceId: 	at qhv.y(PG:32)
06-27 10:33:33.051 10292 11449 E FirebaseInstanceId: 	at qhv.l(PG:31)
06-27 10:33:33.051 10292 11449 E FirebaseInstanceId: 	at aqgw.a(PG:99)
06-27 10:33:33.051 10292 11449 E FirebaseInstanceId: 	at aqsw.f(PG:36)
06-27 10:33:33.051 10292 11449 E FirebaseInstanceId: 	at aqgt.a(PG:40)
06-27 10:33:33.051 10292 11449 E FirebaseInstanceId: 	at qpk.run(PG:589)
06-27 10:33:33.051 10292 11449 E FirebaseInstanceId: 	at java.util.concurrent.ThreadPoolExecutor.runWorker(ThreadPoolExecutor.java:1145)
06-27 10:33:33.051 10292 11449 E FirebaseInstanceId: 	at java.util.concurrent.ThreadPoolExecutor$Worker.run(ThreadPoolExecutor.java:644)
06-27 10:33:33.051 10292 11449 E FirebaseInstanceId: 	at qbs.run(PG:7)
06-27 10:33:33.051 10292 11449 E FirebaseInstanceId: 	at java.lang.Thread.run(Thread.java:1012)
06-27 10:33:33.051 10292 11449 E FirebaseInstanceId: Caused by: aqhi: Firebase Installations Service is unavailable. Please try again later.
06-27 10:33:33.051 10292 11449 E FirebaseInstanceId: 	at aqhu.b(PG:384)
06-27 10:33:33.051 10292 11449 E FirebaseInstanceId: 	at aqhf.run(PG:237)
06-27 10:33:33.051 10292 11449 E FirebaseInstanceId: 	at java.util.concurrent.ThreadPoolExecutor.runWorker(ThreadPoolExecutor.java:1145)
06-27 10:33:33.051 10292 11449 E FirebaseInstanceId: 	at java.util.concurrent.ThreadPoolExecutor$Worker.run(ThreadPoolExecutor.java:644)
06-27 10:33:33.051 10292 11449 E FirebaseInstanceId: 	... 1 more
06-27 10:33:33.056 10292 11449 W Metadata: Failed to find package android.content.pm.PackageManager$NameNotFoundException: com.google.android.gms
06-27 10:33:33.057 10292 11449 E Metadata: Google Play services missing or without correct permission.
06-27 10:33:33.058  1621  1621 E KeyguardClockSwitch: No clock being shown
06-27 10:33:33.060   747   787 E HfLooper: dst->data[13.000000,-4.000000,9726.000000]
06-27 10:33:33.071  2080 10820 I PermissionControllerServiceImpl: Updating user sensitive for uid 1000
--------- beginning of system
06-27 10:33:33.072  1357  1378 E ApplicationHelper: Fail to get PackageManager
06-27 10:33:33.072  1357  1378 E ApplicationHelper: Fail to get PackageManager
06-27 10:33:33.073 10292 10319 E ActivityThread: Failed to find provider info for com.google.android.gsf.gservices
06-27 10:33:33.075 10292 10321 W GooglePlayServicesUtil: com.google.android.youtube requires the Google Play Store, but it is missing.
06-27 10:33:33.076 10292 10321 W GoogleApiManager: The service for puq is not available: ConnectionResult{statusCode=SERVICE_INVALID, resolution=null, message=null}
06-27 10:33:33.077 10292 10321 W GooglePlayServicesUtil: com.google.android.youtube requires the Google Play Store, but it is missing.
06-27 10:33:33.077 10292 10321 W GoogleApiManager: The service for puq is not available: ConnectionResult{statusCode=SERVICE_INVALID, resolution=null, message=null}
06-27 10:33:33.082 10292 11451 W GooglePlayServicesUtil: com.google.android.youtube requires the Google Play Store, but it is missing.
06-27 10:33:33.082 10292 11451 E GooglePlayServicesUtil: GooglePlayServices not available due to error 9
06-27 10:33:33.083 10292 11451 E vxn     : Attempted to use SSL unpatched. Google Play Services unavailable.
06-27 10:33:33.083 10292 11451 E vxn     : pwb
06-27 10:33:33.083 10292 11451 E vxn     : 	at pwd.d(PG:30)
06-27 10:33:33.083 10292 11451 E vxn     : 	at vxm.a(PG:16)
06-27 10:33:33.083 10292 11451 E vxn     : 	at vxq.a(PG:7)
06-27 10:33:33.083 10292 11451 E vxn     : 	at vxq.createSocket(PG:6)
06-27 10:33:33.083 10292 11451 E vxn     : 	at com.android.okhttp.internal.io.RealConnection.connectTls(RealConnection.java:185)
06-27 10:33:33.083 10292 11451 E vxn     : 	at com.android.okhttp.internal.io.RealConnection.connectSocket(RealConnection.java:153)
06-27 10:33:33.083 10292 11451 E vxn     : 	at com.android.okhttp.internal.io.RealConnection.connect(RealConnection.java:116)
06-27 10:33:33.083 10292 11451 E vxn     : 	at com.android.okhttp.internal.http.StreamAllocation.findConnection(StreamAllocation.java:186)
06-27 10:33:33.083 10292 11451 E vxn     : 	at com.android.okhttp.internal.http.StreamAllocation.findHealthyConnection(StreamAllocation.java:128)
06-27 10:33:33.083 10292 11451 E vxn     : 	at com.android.okhttp.internal.http.StreamAllocation.newStream(StreamAllocation.java:97)
06-27 10:33:33.083 10292 11451 E vxn     : 	at com.android.okhttp.internal.http.HttpEngine.connect(HttpEngine.java:289)
06-27 10:33:33.083 10292 11451 E vxn     : 	at com.android.okhttp.internal.http.HttpEngine.sendRequest(HttpEngine.java:232)
06-27 10:33:33.083 10292 11451 E vxn     : 	at com.android.okhttp.internal.huc.HttpURLConnectionImpl.execute(HttpURLConnectionImpl.java:465)
06-27 10:33:33.083 10292 11451 E vxn     : 	at com.android.okhttp.internal.huc.HttpURLConnectionImpl.connect(HttpURLConnectionImpl.java:131)
06-27 10:33:33.083 10292 11451 E vxn     : 	at com.android.okhttp.internal.huc.HttpURLConnectionImpl.getOutputStream(HttpURLConnectionImpl.java:262)
06-27 10:33:33.083 10292 11451 E vxn     : 	at com.android.okhttp.internal.huc.DelegatingHttpsURLConnection.getOutputStream(DelegatingHttpsURLConnection.java:219)
06-27 10:33:33.083 10292 11451 E vxn     : 	at com.android.okhttp.internal.huc.HttpsURLConnectionImpl.getOutputStream(HttpsURLConnectionImpl.java:30)
06-27 10:33:33.083 10292 11451 E vxn     : 	at aqhu.g(PG:1)
06-27 10:33:33.083 10292 11451 E vxn     : 	at aqhu.b(PG:99)
06-27 10:33:33.083 10292 11451 E vxn     : 	at aqhf.run(PG:237)
06-27 10:33:33.083 10292 11451 E vxn     : 	at java.util.concurrent.ThreadPoolExecutor.runWorker(ThreadPoolExecutor.java:1145)
06-27 10:33:33.083 10292 11451 E vxn     : 	at java.util.concurrent.ThreadPoolExecutor$Worker.run(ThreadPoolExecutor.java:644)
06-27 10:33:33.083 10292 11451 E vxn     : 	at java.lang.Thread.run(Thread.java:1012)
06-27 10:33:33.083 10292 11451 W GoogleApiAvailability: GMS core API Availability. ConnectionResult=9, tag=null
06-27 10:33:33.083 10292 11451 W GoogleApiAvailability: java.lang.IllegalArgumentException
06-27 10:33:33.083 10292 11451 W GoogleApiAvailability: 	at pvo.g(PG:23)
06-27 10:33:33.083 10292 11451 W GoogleApiAvailability: 	at pvo.d(PG:7)
06-27 10:33:33.083 10292 11451 W GoogleApiAvailability: 	at vxm.a(PG:198)
06-27 10:33:33.083 10292 11451 W GoogleApiAvailability: 	at vxq.a(PG:7)
06-27 10:33:33.083 10292 11451 W GoogleApiAvailability: 	at vxq.createSocket(PG:6)
06-27 10:33:33.083 10292 11451 W GoogleApiAvailability: 	at com.android.okhttp.internal.io.RealConnection.connectTls(RealConnection.java:185)
06-27 10:33:33.083 10292 11451 W GoogleApiAvailability: 	at com.android.okhttp.internal.io.RealConnection.connectSocket(RealConnection.java:153)
06-27 10:33:33.083 10292 11451 W GoogleApiAvailability: 	at com.android.okhttp.internal.io.RealConnection.connect(RealConnection.java:116)
06-27 10:33:33.083 10292 11451 W GoogleApiAvailability: 	at com.android.okhttp.internal.http.StreamAllocation.findConnection(StreamAllocation.java:186)
06-27 10:33:33.083 10292 11451 W GoogleApiAvailability: 	at com.android.okhttp.internal.http.StreamAllocation.findHealthyConnection(StreamAllocation.java:128)
06-27 10:33:33.083 10292 11451 W GoogleApiAvailability: 	at com.android.okhttp.internal.http.StreamAllocation.newStream(StreamAllocation.java:97)
06-27 10:33:33.083 10292 11451 W GoogleApiAvailability: 	at com.android.okhttp.internal.http.HttpEngine.connect(HttpEngine.java:289)
06-27 10:33:33.083 10292 11451 W GoogleApiAvailability: 	at com.android.okhttp.internal.http.HttpEngine.sendRequest(HttpEngine.java:232)
06-27 10:33:33.083 10292 11451 W GoogleApiAvailability: 	at com.android.okhttp.internal.huc.HttpURLConnectionImpl.execute(HttpURLConnectionImpl.java:465)
06-27 10:33:33.083 10292 11451 W GoogleApiAvailability: 	at com.android.okhttp.internal.huc.HttpURLConnectionImpl.connect(HttpURLConnectionImpl.java:131)
06-27 10:33:33.083 10292 11451 W GoogleApiAvailability: 	at com.android.okhttp.internal.huc.HttpURLConnectionImpl.getOutputStream(HttpURLConnectionImpl.java:262)
06-27 10:33:33.083 10292 11451 W GoogleApiAvailability: 	at com.android.okhttp.internal.huc.DelegatingHttpsURLConnection.getOutputStream(DelegatingHttpsURLConnection.java:219)
06-27 10:33:33.083 10292 11451 W GoogleApiAvailability: 	at com.android.okhttp.internal.huc.HttpsURLConnectionImpl.getOutputStream(HttpsURLConnectionImpl.java:30)
06-27 10:33:33.083 10292 11451 W GoogleApiAvailability: 	at aqhu.g(PG:1)
06-27 10:33:33.083 10292 11451 W GoogleApiAvailability: 	at aqhu.b(PG:99)
06-27 10:33:33.083 10292 11451 W GoogleApiAvailability: 	at aqhf.run(PG:237)
06-27 10:33:33.083 10292 11451 W GoogleApiAvailability: 	at java.util.concurrent.ThreadPoolExecutor.runWorker(ThreadPoolExecutor.java:1145)
06-27 10:33:33.083 10292 11451 W GoogleApiAvailability: 	at java.util.concurrent.ThreadPoolExecutor$Worker.run(ThreadPoolExecutor.java:644)
06-27 10:33:33.083 10292 11451 W GoogleApiAvailability: 	at java.lang.Thread.run(Thread.java:1012)
06-27 10:33:33.084  1621  1621 I ClockEventController: Region isDark: true
06-27 10:33:33.087  1357  1378 E ApplicationHelper: Fail to get PackageManager
06-27 10:33:33.090  1357  1378 E ApplicationHelper: Fail to get PackageManager
06-27 10:33:33.093  1357  1378 E ApplicationHelper: Fail to get PackageManager
06-27 10:33:33.097   744  1195 I hwcomposer: [HWC] (0)fire a callback of refresh to SF[4]  
06-27 10:33:33.099  1357  4317 W AppOpService: Ignored setUidMode call for runtime permission app op: uid = 1001, code = READ_SMS, mode = allow, callingUid = 1001, oldMode = allow
06-27 10:33:33.100  1621  1621 E KeyguardClockSwitch: No clock being shown
06-27 10:33:33.103  1357  1378 E ApplicationHelper: Fail to get PackageManager
06-27 10:33:33.104  1357  4317 W AppOpService: Ignored setUidMode call for runtime permission app op: uid = 1001, code = RECEIVE_SMS, mode = allow, callingUid = 1001, oldMode = allow
06-27 10:33:33.105  1357  1699 W AppOpService: Ignored setUidMode call for runtime permission app op: uid = 1001, code = RECEIVE_WAP_PUSH, mode = allow, callingUid = 1001, oldMode = allow
06-27 10:33:33.106  1357  1929 W AppOpService: Ignored setUidMode call for runtime permission app op: uid = 1001, code = SEND_SMS, mode = allow, callingUid = 1001, oldMode = allow
06-27 10:33:33.107   744   744 I hwcomposer: [HWCLayer] setHwlayerType(), id:445, release queue sp, type 3 -> 0  
06-27 10:33:33.107   744   744 I hwcomposer: [DBQ] (blt:0xb400007a85617e40) Buffer queue is destroyed, m_id(445)  
06-27 10:33:33.107   744   744 I hwcomposer: [DBQ] (blt:0xb400007a85617e40) ~DisplayBufferQueue(), m_id(445), release buf  
06-27 10:33:33.107   744   744 I hwcomposer: [DBQ] (blt:0xb400007a85617e40) Free Slot(0), handle=0xb400007ac56226f0, 4608000 -> 0  
06-27 10:33:33.108   744   744 I hwcomposer: [DBQ] (blt:0xb400007a85617e40) Free Slot(1), handle=0xb400007ac5623090, 4608000 -> 0  
06-27 10:33:33.108 10292 11451 W GooglePlayServicesUtil: com.google.android.youtube requires the Google Play Store, but it is missing.
06-27 10:33:33.108  1357  1699 W AppOpService: Ignored setUidMode call for runtime permission app op: uid = 1001, code = READ_CELL_BROADCASTS, mode = allow, callingUid = 1001, oldMode = allow
06-27 10:33:33.108 10292 11451 E GooglePlayServicesUtil: GooglePlayServices not available due to error 9
06-27 10:33:33.108   806  1219 I SurfaceFlinger: NotifyHwcComposition(), id 0, mode 0
06-27 10:33:33.108   780   803 I mtkpower@impl: [setMode] type:6, enabled:1
06-27 10:33:33.108   780   803 E mtkpower@impl: [setMode] unknown type
06-27 10:33:33.108 10292 11451 E vxn     : Attempted to use SSL unpatched. Google Play Services unavailable.
06-27 10:33:33.108 10292 11451 E vxn     : pwb
06-27 10:33:33.108 10292 11451 E vxn     : 	at pwd.d(PG:30)
06-27 10:33:33.108 10292 11451 E vxn     : 	at vxm.a(PG:16)
06-27 10:33:33.108 10292 11451 E vxn     : 	at vxq.a(PG:7)
06-27 10:33:33.108 10292 11451 E vxn     : 	at vxq.createSocket(PG:6)
06-27 10:33:33.108 10292 11451 E vxn     : 	at com.android.okhttp.internal.io.RealConnection.connectTls(RealConnection.java:185)
06-27 10:33:33.108 10292 11451 E vxn     : 	at com.android.okhttp.internal.io.RealConnection.connectSocket(RealConnection.java:153)
06-27 10:33:33.108 10292 11451 E vxn     : 	at com.android.okhttp.internal.io.RealConnection.connect(RealConnection.java:116)
06-27 10:33:33.108 10292 11451 E vxn     : 	at com.android.okhttp.internal.http.StreamAllocation.findConnection(StreamAllocation.java:186)
06-27 10:33:33.108 10292 11451 E vxn     : 	at com.android.okhttp.internal.http.StreamAllocation.findHealthyConnection(StreamAllocation.java:128)
06-27 10:33:33.108 10292 11451 E vxn     : 	at com.android.okhttp.internal.http.StreamAllocation.newStream(StreamAllocation.java:97)
06-27 10:33:33.108 10292 11451 E vxn     : 	at com.android.okhttp.internal.http.HttpEngine.connect(HttpEngine.java:289)
06-27 10:33:33.108 10292 11451 E vxn     : 	at com.android.okhttp.internal.http.HttpEngine.sendRequest(HttpEngine.java:232)
06-27 10:33:33.108 10292 11451 E vxn     : 	at com.android.okhttp.internal.huc.HttpURLConnectionImpl.execute(HttpURLConnectionImpl.java:465)
06-27 10:33:33.108 10292 11451 E vxn     : 	at com.android.okhttp.internal.huc.HttpURLConnectionImpl.connect(HttpURLConnectionImpl.java:131)
06-27 10:33:33.108 10292 11451 E vxn     : 	at com.android.okhttp.internal.huc.HttpURLConnectionImpl.getOutputStream(HttpURLConnectionImpl.java:262)
06-27 10:33:33.108 10292 11451 E vxn     : 	at com.android.okhttp.internal.huc.DelegatingHttpsURLConnection.getOutputStream(DelegatingHttpsURLConnection.java:219)
06-27 10:33:33.108 10292 11451 E vxn     : 	at com.android.okhttp.internal.huc.HttpsURLConnectionImpl.getOutputStream(HttpsURLConnectionImpl.java:30)
06-27 10:33:33.108 10292 11451 E vxn     : 	at aqhu.g(PG:1)
06-27 10:33:33.108 10292 11451 E vxn     : 	at aqhu.b(PG:99)
06-27 10:33:33.108 10292 11451 E vxn     : 	at aqhf.run(PG:237)
06-27 10:33:33.108 10292 11451 E vxn     : 	at java.util.concurrent.ThreadPoolExecutor.runWorker(ThreadPoolExecutor.java:1145)
06-27 10:33:33.108 10292 11451 E vxn     : 	at java.util.concurrent.ThreadPoolExecutor$Worker.run(ThreadPoolExecutor.java:644)
06-27 10:33:33.108 10292 11451 E vxn     : 	at java.lang.Thread.run(Thread.java:1012)
06-27 10:33:33.109 10292 11451 W GoogleApiAvailability: GMS core API Availability. ConnectionResult=9, tag=null
06-27 10:33:33.109 10292 11451 W GoogleApiAvailability: java.lang.IllegalArgumentException
06-27 10:33:33.109 10292 11451 W GoogleApiAvailability: 	at pvo.g(PG:23)
06-27 10:33:33.109 10292 11451 W GoogleApiAvailability: 	at pvo.d(PG:7)
06-27 10:33:33.109 10292 11451 W GoogleApiAvailability: 	at vxm.a(PG:198)
06-27 10:33:33.109 10292 11451 W GoogleApiAvailability: 	at vxq.a(PG:7)
06-27 10:33:33.109 10292 11451 W GoogleApiAvailability: 	at vxq.createSocket(PG:6)
06-27 10:33:33.109 10292 11451 W GoogleApiAvailability: 	at com.android.okhttp.internal.io.RealConnection.connectTls(RealConnection.java:185)
06-27 10:33:33.109 10292 11451 W GoogleApiAvailability: 	at com.android.okhttp.internal.io.RealConnection.connectSocket(RealConnection.java:153)
06-27 10:33:33.109 10292 11451 W GoogleApiAvailability: 	at com.android.okhttp.internal.io.RealConnection.connect(RealConnection.java:116)
06-27 10:33:33.109 10292 11451 W GoogleApiAvailability: 	at com.android.okhttp.internal.http.StreamAllocation.findConnection(StreamAllocation.java:186)
06-27 10:33:33.109 10292 11451 W GoogleApiAvailability: 	at com.android.okhttp.internal.http.StreamAllocation.findHealthyConnection(StreamAllocation.java:128)
06-27 10:33:33.109 10292 11451 W GoogleApiAvailability: 	at com.android.okhttp.internal.http.StreamAllocation.newStream(StreamAllocation.java:97)
06-27 10:33:33.109 10292 11451 W GoogleApiAvailability: 	at com.android.okhttp.internal.http.HttpEngine.connect(HttpEngine.java:289)
06-27 10:33:33.109 10292 11451 W GoogleApiAvailability: 	at com.android.okhttp.internal.http.HttpEngine.sendRequest(HttpEngine.java:232)
06-27 10:33:33.109 10292 11451 W GoogleApiAvailability: 	at com.android.okhttp.internal.huc.HttpURLConnectionImpl.execute(HttpURLConnectionImpl.java:465)
06-27 10:33:33.109 10292 11451 W GoogleApiAvailability: 	at com.android.okhttp.internal.huc.HttpURLConnectionImpl.connect(HttpURLConnectionImpl.java:131)
06-27 10:33:33.109 10292 11451 W GoogleApiAvailability: 	at com.android.okhttp.internal.huc.HttpURLConnectionImpl.getOutputStream(HttpURLConnectionImpl.java:262)
06-27 10:33:33.109 10292 11451 W GoogleApiAvailability: 	at com.android.okhttp.internal.huc.DelegatingHttpsURLConnection.getOutputStream(DelegatingHttpsURLConnection.java:219)
06-27 10:33:33.109 10292 11451 W GoogleApiAvailability: 	at com.android.okhttp.internal.huc.HttpsURLConnectionImpl.getOutputStream(HttpsURLConnectionImpl.java:30)
06-27 10:33:33.109 10292 11451 W GoogleApiAvailability: 	at aqhu.g(PG:1)
06-27 10:33:33.109 10292 11451 W GoogleApiAvailability: 	at aqhu.b(PG:99)
06-27 10:33:33.109 10292 11451 W GoogleApiAvailability: 	at aqhf.run(PG:237)
06-27 10:33:33.109 10292 11451 W GoogleApiAvailability: 	at java.util.concurrent.ThreadPoolExecutor.runWorker(ThreadPoolExecutor.java:1145)
06-27 10:33:33.109 10292 11451 W GoogleApiAvailability: 	at java.util.concurrent.ThreadPoolExecutor$Worker.run(ThreadPoolExecutor.java:644)
06-27 10:33:33.109 10292 11451 W GoogleApiAvailability: 	at java.lang.Thread.run(Thread.java:1012)
06-27 10:33:33.110  1621  1621 I ClockEventController: Region isDark: true
06-27 10:33:33.114  3084  3142 I cr_BindingManager: onTrimMemory: level=40, size=0
06-27 10:33:33.125  1357  1368 I system_server: NativeAlloc concurrent mark compact GC freed 20MB AllocSpace bytes, 168(3436KB) LOS objects, 48% free, 25MB/49MB, paused 2.464ms,3.670ms total 177.340ms
06-27 10:33:33.128  1357  1369 I BpBinder: onLastStrongRef automatically unlinking death recipients: 
06-27 10:33:33.129  1357  1369 I BpBinder: onLastStrongRef automatically unlinking death recipients: 
06-27 10:33:33.131  1357  1370 W system_server: ApkAssets: Deleting an ApkAssets object '<empty> and /system_ext/priv-app/MtkLauncher3QuickStep/MtkLauncher3QuickStep.apk' with 1 weak references
06-27 10:33:33.132  1357  1370 W system_server: ApkAssets: Deleting an ApkAssets object '<empty> and /data/app/~~gduIs07Ljpv50RFVksdmNw==/com.google.android.youtube-V6u7-RXpOvjLxHVgGWym3w==/base.apk' with 1 weak references
06-27 10:33:33.133  1357  1370 W system_server: ApkAssets: Deleting an ApkAssets object '<empty> and /system/priv-app/SamSungCamera/SamSungCamera.apk' with 1 weak references
06-27 10:33:33.135 10292 11451 W GooglePlayServicesUtil: com.google.android.youtube requires the Google Play Store, but it is missing.
06-27 10:33:33.135  1357  1699 W WindowManager: finishDrawingWindow: Window{4fc2c26 u0 com.android.systemui.wallpapers.ImageWallpaper} mDrawState=DRAW_PENDING
06-27 10:33:33.136 10292 11451 E GooglePlayServicesUtil: GooglePlayServices not available due to error 9
06-27 10:33:33.136 10292 11451 E vxn     : Attempted to use SSL unpatched. Google Play Services unavailable.
06-27 10:33:33.136 10292 11451 E vxn     : pwb
06-27 10:33:33.136 10292 11451 E vxn     : 	at pwd.d(PG:30)
06-27 10:33:33.136 10292 11451 E vxn     : 	at vxm.a(PG:16)
06-27 10:33:33.136 10292 11451 E vxn     : 	at vxq.a(PG:7)
06-27 10:33:33.136 10292 11451 E vxn     : 	at vxq.createSocket(PG:6)
06-27 10:33:33.136 10292 11451 E vxn     : 	at com.android.okhttp.internal.io.RealConnection.connectTls(RealConnection.java:185)
06-27 10:33:33.136 10292 11451 E vxn     : 	at com.android.okhttp.internal.io.RealConnection.connectSocket(RealConnection.java:153)
06-27 10:33:33.136 10292 11451 E vxn     : 	at com.android.okhttp.internal.io.RealConnection.connect(RealConnection.java:116)
06-27 10:33:33.136 10292 11451 E vxn     : 	at com.android.okhttp.internal.http.StreamAllocation.findConnection(StreamAllocation.java:186)
06-27 10:33:33.136 10292 11451 E vxn     : 	at com.android.okhttp.internal.http.StreamAllocation.findHealthyConnection(StreamAllocation.java:128)
06-27 10:33:33.136 10292 11451 E vxn     : 	at com.android.okhttp.internal.http.StreamAllocation.newStream(StreamAllocation.java:97)
06-27 10:33:33.136 10292 11451 E vxn     : 	at com.android.okhttp.internal.http.HttpEngine.connect(HttpEngine.java:289)
06-27 10:33:33.136 10292 11451 E vxn     : 	at com.android.okhttp.internal.http.HttpEngine.sendRequest(HttpEngine.java:232)
06-27 10:33:33.136 10292 11451 E vxn     : 	at com.android.okhttp.internal.huc.HttpURLConnectionImpl.execute(HttpURLConnectionImpl.java:465)
06-27 10:33:33.136 10292 11451 E vxn     : 	at com.android.okhttp.internal.huc.HttpURLConnectionImpl.connect(HttpURLConnectionImpl.java:131)
06-27 10:33:33.136 10292 11451 E vxn     : 	at com.android.okhttp.internal.huc.HttpURLConnectionImpl.getOutputStream(HttpURLConnectionImpl.java:262)
06-27 10:33:33.136 10292 11451 E vxn     : 	at com.android.okhttp.internal.huc.DelegatingHttpsURLConnection.getOutputStream(DelegatingHttpsURLConnection.java:219)
06-27 10:33:33.136 10292 11451 E vxn     : 	at com.android.okhttp.internal.huc.HttpsURLConnectionImpl.getOutputStream(HttpsURLConnectionImpl.java:30)
06-27 10:33:33.136 10292 11451 E vxn     : 	at aqhu.g(PG:1)
06-27 10:33:33.136 10292 11451 E vxn     : 	at aqhu.b(PG:99)
06-27 10:33:33.136 10292 11451 E vxn     : 	at aqhf.run(PG:237)
06-27 10:33:33.136 10292 11451 E vxn     : 	at java.util.concurrent.ThreadPoolExecutor.runWorker(ThreadPoolExecutor.java:1145)
06-27 10:33:33.136 10292 11451 E vxn     : 	at java.util.concurrent.ThreadPoolExecutor$Worker.run(ThreadPoolExecutor.java:644)
06-27 10:33:33.136 10292 11451 E vxn     : 	at java.lang.Thread.run(Thread.java:1012)
06-27 10:33:33.136 10292 11451 W GoogleApiAvailability: GMS core API Availability. ConnectionResult=9, tag=null
06-27 10:33:33.136 10292 11451 W GoogleApiAvailability: java.lang.IllegalArgumentException
06-27 10:33:33.136 10292 11451 W GoogleApiAvailability: 	at pvo.g(PG:23)
06-27 10:33:33.136 10292 11451 W GoogleApiAvailability: 	at pvo.d(PG:7)
06-27 10:33:33.136 10292 11451 W GoogleApiAvailability: 	at vxm.a(PG:198)
06-27 10:33:33.136 10292 11451 W GoogleApiAvailability: 	at vxq.a(PG:7)
06-27 10:33:33.136 10292 11451 W GoogleApiAvailability: 	at vxq.createSocket(PG:6)
06-27 10:33:33.136 10292 11451 W GoogleApiAvailability: 	at com.android.okhttp.internal.io.RealConnection.connectTls(RealConnection.java:185)
06-27 10:33:33.136 10292 11451 W GoogleApiAvailability: 	at com.android.okhttp.internal.io.RealConnection.connectSocket(RealConnection.java:153)
06-27 10:33:33.136 10292 11451 W GoogleApiAvailability: 	at com.android.okhttp.internal.io.RealConnection.connect(RealConnection.java:116)
06-27 10:33:33.136 10292 11451 W GoogleApiAvailability: 	at com.android.okhttp.internal.http.StreamAllocation.findConnection(StreamAllocation.java:186)
06-27 10:33:33.136 10292 11451 W GoogleApiAvailability: 	at com.android.okhttp.internal.http.StreamAllocation.findHealthyConnection(StreamAllocation.java:128)
06-27 10:33:33.136 10292 11451 W GoogleApiAvailability: 	at com.android.okhttp.internal.http.StreamAllocation.newStream(StreamAllocation.java:97)
06-27 10:33:33.136 10292 11451 W GoogleApiAvailability: 	at com.android.okhttp.internal.http.HttpEngine.connect(HttpEngine.java:289)
06-27 10:33:33.136 10292 11451 W GoogleApiAvailability: 	at com.android.okhttp.internal.http.HttpEngine.sendRequest(HttpEngine.java:232)
06-27 10:33:33.136 10292 11451 W GoogleApiAvailability: 	at com.android.okhttp.internal.huc.HttpURLConnectionImpl.execute(HttpURLConnectionImpl.java:465)
06-27 10:33:33.136 10292 11451 W GoogleApiAvailability: 	at com.android.okhttp.internal.huc.HttpURLConnectionImpl.connect(HttpURLConnectionImpl.java:131)
06-27 10:33:33.136 10292 11451 W GoogleApiAvailability: 	at com.android.okhttp.internal.huc.HttpURLConnectionImpl.getOutputStream(HttpURLConnectionImpl.java:262)
06-27 10:33:33.136 10292 11451 W GoogleApiAvailability: 	at com.android.okhttp.internal.huc.DelegatingHttpsURLConnection.getOutputStream(DelegatingHttpsURLConnection.java:219)
06-27 10:33:33.136 10292 11451 W GoogleApiAvailability: 	at com.android.okhttp.internal.huc.HttpsURLConnectionImpl.getOutputStream(HttpsURLConnectionImpl.java:30)
06-27 10:33:33.136 10292 11451 W GoogleApiAvailability: 	at aqhu.g(PG:1)
06-27 10:33:33.136 10292 11451 W GoogleApiAvailability: 	at aqhu.b(PG:99)
06-27 10:33:33.136 10292 11451 W GoogleApiAvailability: 	at aqhf.run(PG:237)
06-27 10:33:33.136 10292 11451 W GoogleApiAvailability: 	at java.util.concurrent.ThreadPoolExecutor.runWorker(ThreadPoolExecutor.java:1145)
06-27 10:33:33.136 10292 11451 W GoogleApiAvailability: 	at java.util.concurrent.ThreadPoolExecutor$Worker.run(ThreadPoolExecutor.java:644)
06-27 10:33:33.136 10292 11451 W GoogleApiAvailability: 	at java.lang.Thread.run(Thread.java:1012)
06-27 10:33:33.139  1357  1370 W system_server: ApkAssets: Deleting an ApkAssets object '<empty> and /product/app/LatinIME/LatinIME.apk' with 2 weak references
06-27 10:33:33.139  1357  1370 W system_server: ApkAssets: Deleting an ApkAssets object '<empty> and /system_ext/app/AccessibilityMenu/AccessibilityMenu.apk' with 2 weak references
06-27 10:33:33.140  1357  1370 W system_server: ApkAssets: Deleting an ApkAssets object '<empty> and /data/app/~~Pe516UeCtxyAJrAgxhgHnQ==/com.github.uiautomator--vq-MOdIPjvYt39qKvpzNg==/base.apk' with 2 weak references
06-27 10:33:33.140  1357  1370 W system_server: ApkAssets: Deleting an ApkAssets object '<empty> and /system/priv-app/InputDevices/InputDevices.apk' with 2 weak references
06-27 10:33:33.145  1621  1621 W EmergencyButton: onConfigurationChanged, do not updated!
06-27 10:33:33.155 10292 11451 W GooglePlayServicesUtil: com.google.android.youtube requires the Google Play Store, but it is missing.
06-27 10:33:33.155 10292 11451 E GooglePlayServicesUtil: GooglePlayServices not available due to error 9
06-27 10:33:33.156 10292 11451 E vxn     : Attempted to use SSL unpatched. Google Play Services unavailable.
06-27 10:33:33.156 10292 11451 E vxn     : pwb
06-27 10:33:33.156 10292 11451 E vxn     : 	at pwd.d(PG:30)
06-27 10:33:33.156 10292 11451 E vxn     : 	at vxm.a(PG:16)
06-27 10:33:33.156 10292 11451 E vxn     : 	at vxq.a(PG:7)
06-27 10:33:33.156 10292 11451 E vxn     : 	at vxq.createSocket(PG:6)
06-27 10:33:33.156 10292 11451 E vxn     : 	at com.android.okhttp.internal.io.RealConnection.connectTls(RealConnection.java:185)
06-27 10:33:33.156 10292 11451 E vxn     : 	at com.android.okhttp.internal.io.RealConnection.connectSocket(RealConnection.java:153)
06-27 10:33:33.156 10292 11451 E vxn     : 	at com.android.okhttp.internal.io.RealConnection.connect(RealConnection.java:116)
06-27 10:33:33.156 10292 11451 E vxn     : 	at com.android.okhttp.internal.http.StreamAllocation.findConnection(StreamAllocation.java:186)
06-27 10:33:33.156 10292 11451 E vxn     : 	at com.android.okhttp.internal.http.StreamAllocation.findHealthyConnection(StreamAllocation.java:128)
06-27 10:33:33.156 10292 11451 E vxn     : 	at com.android.okhttp.internal.http.StreamAllocation.newStream(StreamAllocation.java:97)
06-27 10:33:33.156 10292 11451 E vxn     : 	at com.android.okhttp.internal.http.HttpEngine.connect(HttpEngine.java:289)
06-27 10:33:33.156 10292 11451 E vxn     : 	at com.android.okhttp.internal.http.HttpEngine.sendRequest(HttpEngine.java:232)
06-27 10:33:33.156 10292 11451 E vxn     : 	at com.android.okhttp.internal.huc.HttpURLConnectionImpl.execute(HttpURLConnectionImpl.java:465)
06-27 10:33:33.156 10292 11451 E vxn     : 	at com.android.okhttp.internal.huc.HttpURLConnectionImpl.connect(HttpURLConnectionImpl.java:131)
06-27 10:33:33.156 10292 11451 E vxn     : 	at com.android.okhttp.internal.huc.HttpURLConnectionImpl.getOutputStream(HttpURLConnectionImpl.java:262)
06-27 10:33:33.156 10292 11451 E vxn     : 	at com.android.okhttp.internal.huc.DelegatingHttpsURLConnection.getOutputStream(DelegatingHttpsURLConnection.java:219)
06-27 10:33:33.156 10292 11451 E vxn     : 	at com.android.okhttp.internal.huc.HttpsURLConnectionImpl.getOutputStream(HttpsURLConnectionImpl.java:30)
06-27 10:33:33.156 10292 11451 E vxn     : 	at aqhu.g(PG:1)
06-27 10:33:33.156 10292 11451 E vxn     : 	at aqhu.b(PG:99)
06-27 10:33:33.156 10292 11451 E vxn     : 	at aqhf.run(PG:237)
06-27 10:33:33.156 10292 11451 E vxn     : 	at java.util.concurrent.ThreadPoolExecutor.runWorker(ThreadPoolExecutor.java:1145)
06-27 10:33:33.156 10292 11451 E vxn     : 	at java.util.concurrent.ThreadPoolExecutor$Worker.run(ThreadPoolExecutor.java:644)
06-27 10:33:33.156 10292 11451 E vxn     : 	at java.lang.Thread.run(Thread.java:1012)
06-27 10:33:33.156 10292 11451 W GoogleApiAvailability: GMS core API Availability. ConnectionResult=9, tag=null
06-27 10:33:33.156 10292 11451 W GoogleApiAvailability: java.lang.IllegalArgumentException
06-27 10:33:33.156 10292 11451 W GoogleApiAvailability: 	at pvo.g(PG:23)
06-27 10:33:33.156 10292 11451 W GoogleApiAvailability: 	at pvo.d(PG:7)
06-27 10:33:33.156 10292 11451 W GoogleApiAvailability: 	at vxm.a(PG:198)
06-27 10:33:33.156 10292 11451 W GoogleApiAvailability: 	at vxq.a(PG:7)
06-27 10:33:33.156 10292 11451 W GoogleApiAvailability: 	at vxq.createSocket(PG:6)
06-27 10:33:33.156 10292 11451 W GoogleApiAvailability: 	at com.android.okhttp.internal.io.RealConnection.connectTls(RealConnection.java:185)
06-27 10:33:33.156 10292 11451 W GoogleApiAvailability: 	at com.android.okhttp.internal.io.RealConnection.connectSocket(RealConnection.java:153)
06-27 10:33:33.156 10292 11451 W GoogleApiAvailability: 	at com.android.okhttp.internal.io.RealConnection.connect(RealConnection.java:116)
06-27 10:33:33.156 10292 11451 W GoogleApiAvailability: 	at com.android.okhttp.internal.http.StreamAllocation.findConnection(StreamAllocation.java:186)
06-27 10:33:33.156 10292 11451 W GoogleApiAvailability: 	at com.android.okhttp.internal.http.StreamAllocation.findHealthyConnection(StreamAllocation.java:128)
06-27 10:33:33.156 10292 11451 W GoogleApiAvailability: 	at com.android.okhttp.internal.http.StreamAllocation.newStream(StreamAllocation.java:97)
06-27 10:33:33.156 10292 11451 W GoogleApiAvailability: 	at com.android.okhttp.internal.http.HttpEngine.connect(HttpEngine.java:289)
06-27 10:33:33.156 10292 11451 W GoogleApiAvailability: 	at com.android.okhttp.internal.http.HttpEngine.sendRequest(HttpEngine.java:232)
06-27 10:33:33.156 10292 11451 W GoogleApiAvailability: 	at com.android.okhttp.internal.huc.HttpURLConnectionImpl.execute(HttpURLConnectionImpl.java:465)
06-27 10:33:33.156 10292 11451 W GoogleApiAvailability: 	at com.android.okhttp.internal.huc.HttpURLConnectionImpl.connect(HttpURLConnectionImpl.java:131)
06-27 10:33:33.156 10292 11451 W GoogleApiAvailability: 	at com.android.okhttp.internal.huc.HttpURLConnectionImpl.getOutputStream(HttpURLConnectionImpl.java:262)
06-27 10:33:33.156 10292 11451 W GoogleApiAvailability: 	at com.android.okhttp.internal.huc.DelegatingHttpsURLConnection.getOutputStream(DelegatingHttpsURLConnection.java:219)
06-27 10:33:33.156 10292 11451 W GoogleApiAvailability: 	at com.android.okhttp.internal.huc.HttpsURLConnectionImpl.getOutputStream(HttpsURLConnectionImpl.java:30)
06-27 10:33:33.156 10292 11451 W GoogleApiAvailability: 	at aqhu.g(PG:1)
06-27 10:33:33.156 10292 11451 W GoogleApiAvailability: 	at aqhu.b(PG:99)
06-27 10:33:33.156 10292 11451 W GoogleApiAvailability: 	at aqhf.run(PG:237)
06-27 10:33:33.156 10292 11451 W GoogleApiAvailability: 	at java.util.concurrent.ThreadPoolExecutor.runWorker(ThreadPoolExecutor.java:1145)
06-27 10:33:33.156 10292 11451 W GoogleApiAvailability: 	at java.util.concurrent.ThreadPoolExecutor$Worker.run(ThreadPoolExecutor.java:644)
06-27 10:33:33.156 10292 11451 W GoogleApiAvailability: 	at java.lang.Thread.run(Thread.java:1012)
06-27 10:33:33.160   747   787 E HfLooper: dst->data[13.000000,0.000000,9731.000000]
06-27 10:33:33.176 10292 11451 W GooglePlayServicesUtil: com.google.android.youtube requires the Google Play Store, but it is missing.
06-27 10:33:33.176 10292 11451 E GooglePlayServicesUtil: GooglePlayServices not available due to error 9
06-27 10:33:33.176 10292 11451 E vxn     : Attempted to use SSL unpatched. Google Play Services unavailable.
06-27 10:33:33.176 10292 11451 E vxn     : pwb
06-27 10:33:33.176 10292 11451 E vxn     : 	at pwd.d(PG:30)
06-27 10:33:33.176 10292 11451 E vxn     : 	at vxm.a(PG:16)
06-27 10:33:33.176 10292 11451 E vxn     : 	at vxq.a(PG:7)
06-27 10:33:33.176 10292 11451 E vxn     : 	at vxq.createSocket(PG:6)
06-27 10:33:33.176 10292 11451 E vxn     : 	at com.android.okhttp.internal.io.RealConnection.connectTls(RealConnection.java:185)
06-27 10:33:33.176 10292 11451 E vxn     : 	at com.android.okhttp.internal.io.RealConnection.connectSocket(RealConnection.java:153)
06-27 10:33:33.176 10292 11451 E vxn     : 	at com.android.okhttp.internal.io.RealConnection.connect(RealConnection.java:116)
06-27 10:33:33.176 10292 11451 E vxn     : 	at com.android.okhttp.internal.http.StreamAllocation.findConnection(StreamAllocation.java:186)
06-27 10:33:33.176 10292 11451 E vxn     : 	at com.android.okhttp.internal.http.StreamAllocation.findHealthyConnection(StreamAllocation.java:128)
06-27 10:33:33.176 10292 11451 E vxn     : 	at com.android.okhttp.internal.http.StreamAllocation.newStream(StreamAllocation.java:97)
06-27 10:33:33.176 10292 11451 E vxn     : 	at com.android.okhttp.internal.http.HttpEngine.connect(HttpEngine.java:289)
06-27 10:33:33.176 10292 11451 E vxn     : 	at com.android.okhttp.internal.http.HttpEngine.sendRequest(HttpEngine.java:232)
06-27 10:33:33.176 10292 11451 E vxn     : 	at com.android.okhttp.internal.huc.HttpURLConnectionImpl.execute(HttpURLConnectionImpl.java:465)
06-27 10:33:33.176 10292 11451 E vxn     : 	at com.android.okhttp.internal.huc.HttpURLConnectionImpl.connect(HttpURLConnectionImpl.java:131)
06-27 10:33:33.176 10292 11451 E vxn     : 	at com.android.okhttp.internal.huc.HttpURLConnectionImpl.getOutputStream(HttpURLConnectionImpl.java:262)
06-27 10:33:33.176 10292 11451 E vxn     : 	at com.android.okhttp.internal.huc.DelegatingHttpsURLConnection.getOutputStream(DelegatingHttpsURLConnection.java:219)
06-27 10:33:33.176 10292 11451 E vxn     : 	at com.android.okhttp.internal.huc.HttpsURLConnectionImpl.getOutputStream(HttpsURLConnectionImpl.java:30)
06-27 10:33:33.176 10292 11451 E vxn     : 	at aqhu.g(PG:1)
06-27 10:33:33.176 10292 11451 E vxn     : 	at aqhu.b(PG:99)
06-27 10:33:33.176 10292 11451 E vxn     : 	at aqhf.run(PG:237)
06-27 10:33:33.176 10292 11451 E vxn     : 	at java.util.concurrent.ThreadPoolExecutor.runWorker(ThreadPoolExecutor.java:1145)
06-27 10:33:33.176 10292 11451 E vxn     : 	at java.util.concurrent.ThreadPoolExecutor$Worker.run(ThreadPoolExecutor.java:644)
06-27 10:33:33.176 10292 11451 E vxn     : 	at java.lang.Thread.run(Thread.java:1012)
06-27 10:33:33.177 10292 11451 W GoogleApiAvailability: GMS core API Availability. ConnectionResult=9, tag=null
06-27 10:33:33.177 10292 11451 W GoogleApiAvailability: java.lang.IllegalArgumentException
06-27 10:33:33.177 10292 11451 W GoogleApiAvailability: 	at pvo.g(PG:23)
06-27 10:33:33.177 10292 11451 W GoogleApiAvailability: 	at pvo.d(PG:7)
06-27 10:33:33.177 10292 11451 W GoogleApiAvailability: 	at vxm.a(PG:198)
06-27 10:33:33.177 10292 11451 W GoogleApiAvailability: 	at vxq.a(PG:7)
06-27 10:33:33.177 10292 11451 W GoogleApiAvailability: 	at vxq.createSocket(PG:6)
06-27 10:33:33.177 10292 11451 W GoogleApiAvailability: 	at com.android.okhttp.internal.io.RealConnection.connectTls(RealConnection.java:185)
06-27 10:33:33.177 10292 11451 W GoogleApiAvailability: 	at com.android.okhttp.internal.io.RealConnection.connectSocket(RealConnection.java:153)
06-27 10:33:33.177 10292 11451 W GoogleApiAvailability: 	at com.android.okhttp.internal.io.RealConnection.connect(RealConnection.java:116)
06-27 10:33:33.177 10292 11451 W GoogleApiAvailability: 	at com.android.okhttp.internal.http.StreamAllocation.findConnection(StreamAllocation.java:186)
06-27 10:33:33.177 10292 11451 W GoogleApiAvailability: 	at com.android.okhttp.internal.http.StreamAllocation.findHealthyConnection(StreamAllocation.java:128)
06-27 10:33:33.177 10292 11451 W GoogleApiAvailability: 	at com.android.okhttp.internal.http.StreamAllocation.newStream(StreamAllocation.java:97)
06-27 10:33:33.177 10292 11451 W GoogleApiAvailability: 	at com.android.okhttp.internal.http.HttpEngine.connect(HttpEngine.java:289)
06-27 10:33:33.177 10292 11451 W GoogleApiAvailability: 	at com.android.okhttp.internal.http.HttpEngine.sendRequest(HttpEngine.java:232)
06-27 10:33:33.177 10292 11451 W GoogleApiAvailability: 	at com.android.okhttp.internal.huc.HttpURLConnectionImpl.execute(HttpURLConnectionImpl.java:465)
06-27 10:33:33.177 10292 11451 W GoogleApiAvailability: 	at com.android.okhttp.internal.huc.HttpURLConnectionImpl.connect(HttpURLConnectionImpl.java:131)
06-27 10:33:33.177 10292 11451 W GoogleApiAvailability: 	at com.android.okhttp.internal.huc.HttpURLConnectionImpl.getOutputStream(HttpURLConnectionImpl.java:262)
06-27 10:33:33.177 10292 11451 W GoogleApiAvailability: 	at com.android.okhttp.internal.huc.DelegatingHttpsURLConnection.getOutputStream(DelegatingHttpsURLConnection.java:219)
06-27 10:33:33.177 10292 11451 W GoogleApiAvailability: 	at com.android.okhttp.internal.huc.HttpsURLConnectionImpl.getOutputStream(HttpsURLConnectionImpl.java:30)
06-27 10:33:33.177 10292 11451 W GoogleApiAvailability: 	at aqhu.g(PG:1)
06-27 10:33:33.177 10292 11451 W GoogleApiAvailability: 	at aqhu.b(PG:99)
06-27 10:33:33.177 10292 11451 W GoogleApiAvailability: 	at aqhf.run(PG:237)
06-27 10:33:33.177 10292 11451 W GoogleApiAvailability: 	at java.util.concurrent.ThreadPoolExecutor.runWorker(ThreadPoolExecutor.java:1145)
06-27 10:33:33.177 10292 11451 W GoogleApiAvailability: 	at java.util.concurrent.ThreadPoolExecutor$Worker.run(ThreadPoolExecutor.java:644)
06-27 10:33:33.177 10292 11451 W GoogleApiAvailability: 	at java.lang.Thread.run(Thread.java:1012)
06-27 10:33:33.197  9260  9260 I ActivityThread: ApplicationInfo updating for com.android.chrome, new timestamp: 29789790
06-27 10:33:33.197  9260  9260 I ActivityThread: assets removed: []
06-27 10:33:33.197  9260  9260 I ActivityThread: assets added: []
06-27 10:33:33.197  4937  4937 I ActivityThread: ApplicationInfo updating for com.android.gallery3d, new timestamp: 29789792
06-27 10:33:33.197  4937  4937 I ActivityThread: assets removed: []
06-27 10:33:33.197  4937  4937 I ActivityThread: assets added: []
06-27 10:33:33.198  6306  6306 I ActivityThread: ApplicationInfo updating for com.android.chrome, new timestamp: 29789790
06-27 10:33:33.198  6306  6306 I ActivityThread: assets removed: []
06-27 10:33:33.198  6306  6306 I ActivityThread: assets added: []
06-27 10:33:33.198  2754  2754 I ActivityThread: ApplicationInfo updating for com.android.inputmethod.latin, new timestamp: 29789793
06-27 10:33:33.198  2754  2754 I ActivityThread: assets removed: []
06-27 10:33:33.198  2754  2754 I ActivityThread: assets added: []
06-27 10:33:33.198  3201  3201 I ActivityThread: ApplicationInfo updating for com.android.chrome, new timestamp: 29789790
06-27 10:33:33.198  3201  3201 I ActivityThread: assets removed: []
06-27 10:33:33.198  3201  3201 I ActivityThread: assets added: []
06-27 10:33:33.200  1911  1911 I ActivityThread: ApplicationInfo updating for com.android.launcher3, new timestamp: 29789793
06-27 10:33:33.200  1911  1911 I ActivityThread: assets removed: []
06-27 10:33:33.200  1911  1911 I ActivityThread: assets added: []
06-27 10:33:33.200 10292 11451 W GooglePlayServicesUtil: com.google.android.youtube requires the Google Play Store, but it is missing.
06-27 10:33:33.200 10292 11451 E GooglePlayServicesUtil: GooglePlayServices not available due to error 9
06-27 10:33:33.201  2200  2200 I ActivityThread: ApplicationInfo updating for com.android.providers.blockednumber, new timestamp: 29789790
06-27 10:33:33.201  2200  2200 I ActivityThread: assets removed: []
06-27 10:33:33.201  2200  2200 I ActivityThread: assets added: []
06-27 10:33:33.201 10292 11451 E vxn     : Attempted to use SSL unpatched. Google Play Services unavailable.
06-27 10:33:33.201 10292 11451 E vxn     : pwb
06-27 10:33:33.201 10292 11451 E vxn     : 	at pwd.d(PG:30)
06-27 10:33:33.201 10292 11451 E vxn     : 	at vxm.a(PG:16)
06-27 10:33:33.201 10292 11451 E vxn     : 	at vxq.a(PG:7)
06-27 10:33:33.201 10292 11451 E vxn     : 	at vxq.createSocket(PG:6)
06-27 10:33:33.201 10292 11451 E vxn     : 	at com.android.okhttp.internal.io.RealConnection.connectTls(RealConnection.java:185)
06-27 10:33:33.201 10292 11451 E vxn     : 	at com.android.okhttp.internal.io.RealConnection.connectSocket(RealConnection.java:153)
06-27 10:33:33.201 10292 11451 E vxn     : 	at com.android.okhttp.internal.io.RealConnection.connect(RealConnection.java:116)
06-27 10:33:33.201 10292 11451 E vxn     : 	at com.android.okhttp.internal.http.StreamAllocation.findConnection(StreamAllocation.java:186)
06-27 10:33:33.201 10292 11451 E vxn     : 	at com.android.okhttp.internal.http.StreamAllocation.findHealthyConnection(StreamAllocation.java:128)
06-27 10:33:33.201 10292 11451 E vxn     : 	at com.android.okhttp.internal.http.StreamAllocation.newStream(StreamAllocation.java:97)
06-27 10:33:33.201 10292 11451 E vxn     : 	at com.android.okhttp.internal.http.HttpEngine.connect(HttpEngine.java:289)
06-27 10:33:33.201 10292 11451 E vxn     : 	at com.android.okhttp.internal.http.HttpEngine.sendRequest(HttpEngine.java:232)
06-27 10:33:33.201 10292 11451 E vxn     : 	at com.android.okhttp.internal.huc.HttpURLConnectionImpl.execute(HttpURLConnectionImpl.java:465)
06-27 10:33:33.201 10292 11451 E vxn     : 	at com.android.okhttp.internal.huc.HttpURLConnectionImpl.connect(HttpURLConnectionImpl.java:131)
06-27 10:33:33.201 10292 11451 E vxn     : 	at com.android.okhttp.internal.huc.HttpURLConnectionImpl.getOutputStream(HttpURLConnectionImpl.java:262)
06-27 10:33:33.201 10292 11451 E vxn     : 	at com.android.okhttp.internal.huc.DelegatingHttpsURLConnection.getOutputStream(DelegatingHttpsURLConnection.java:219)
06-27 10:33:33.201 10292 11451 E vxn     : 	at com.android.okhttp.internal.huc.HttpsURLConnectionImpl.getOutputStream(HttpsURLConnectionImpl.java:30)
06-27 10:33:33.201 10292 11451 E vxn     : 	at aqhu.g(PG:1)
06-27 10:33:33.201 10292 11451 E vxn     : 	at aqhu.b(PG:99)
06-27 10:33:33.201 10292 11451 E vxn     : 	at aqhf.run(PG:237)
06-27 10:33:33.201 10292 11451 E vxn     : 	at java.util.concurrent.ThreadPoolExecutor.runWorker(ThreadPoolExecutor.java:1145)
06-27 10:33:33.201 10292 11451 E vxn     : 	at java.util.concurrent.ThreadPoolExecutor$Worker.run(ThreadPoolExecutor.java:644)
06-27 10:33:33.201 10292 11451 E vxn     : 	at java.lang.Thread.run(Thread.java:1012)
06-27 10:33:33.201  2321  2321 I ActivityThread: ApplicationInfo updating for com.sec.android.app.camerasaver, new timestamp: 29789791
06-27 10:33:33.201  2321  2321 I ActivityThread: assets removed: []
06-27 10:33:33.201  2321  2321 I ActivityThread: assets added: []
