06-27 12:50:22.174   885  2734 I vendor.qti.hardware.servicetracker@1.2-service: Activity state is changed to : 8
06-27 12:50:22.175   885  2734 I vendor.qti.hardware.servicetracker@1.2-service: Activity state is changed to : 8
06-27 12:50:22.180  8346  8383 D PMonitor:  onForegroundActivitiesChanged:pid = 28683,activity-uid=1000,foregroundActivities=false
06-27 12:50:22.184   885  2734 I vendor.qti.hardware.servicetracker@1.2-service: unbindService is called for service : com.google.android.ext.services/android.ext.services.resolver.LRResolverRankerService and for client system:ui
06-27 12:50:22.184   885  2734 I vendor.qti.hardware.servicetracker@1.2-service: size of service connections for service: com.google.android.ext.services/android.ext.services.resolver.LRResolverRankerServiceafter removal is 0
06-27 12:50:22.184   885  2734 I vendor.qti.hardware.servicetracker@1.2-service: size of client connections for client: system:uiafter removal is 0
06-27 12:50:22.185   885  2734 I vendor.qti.hardware.servicetracker@1.2-service: destroyService is called for service : com.google.android.ext.services/android.ext.services.resolver.LRResolverRankerService
06-27 12:50:22.191  8346  8383 D PMonitor:  onForegroundActivitiesChanged:pid = 20959,activity-uid=10099,foregroundActivities=true
06-27 12:50:22.192  1919  2385 I MiuiNetworkPolicy: updateUidState uid = 10099, uidState = 12
06-27 12:50:22.196 28683 28899 D RAInjector: LoadIconTask::doInBackground ResolveInfo{284c9bb com.mxtech.videoplayer.ad/.ActivityScreen m=0x608000}
06-27 12:50:22.196   885  2734 I vendor.qti.hardware.servicetracker@1.2-service: Activity state is changed to : 9
06-27 12:50:22.196   885  2734 I vendor.qti.hardware.servicetracker@1.2-service: Activity state is changed to : 9
06-27 12:50:22.201 28683 28715 D RAInjector: LoadIconTask::doInBackground ResolveInfo{284c9bb com.mxtech.videoplayer.ad/.ActivityScreen m=0x608000}
06-27 12:50:22.203 28683 28899 D RAInjector: LoadIconTask::doInBackground ResolveInfo{284c9bb com.mxtech.videoplayer.ad/.ActivityScreen m=0x608000}
06-27 12:50:22.204  9395 28895 I SCTaskStackListener: onTaskStackChanged! inSplit = false
06-27 12:50:22.207 28683 28715 D RAInjector: LoadIconTask::doInBackground ResolveInfo{284c9bb com.mxtech.videoplayer.ad/.ActivityScreen m=0x608000}
06-27 12:50:22.208  2671  2671 D AppMiniWindowManager: topActivity updated in onTaskStackChanged
06-27 12:50:22.208  9395 21030 I SCTaskStackListener: onTaskStackChanged! inSplit = false
06-27 12:50:22.209 28683 28683 D RAInjector: LoadIconTask::onPostExecute ResolveInfo{284c9bb com.mxtech.videoplayer.ad/.ActivityScreen m=0x608000}
06-27 12:50:22.209 28683 28683 E ActivityThread: Activity com.android.internal.app.ResolverActivity has leaked IntentReceiver com.android.internal.app.ResolverActivity$5@581dfec that was originally registered here. Are you missing a call to unregisterReceiver()?
06-27 12:50:22.209 28683 28683 E ActivityThread: android.app.IntentReceiverLeaked: Activity com.android.internal.app.ResolverActivity has leaked IntentReceiver com.android.internal.app.ResolverActivity$5@581dfec that was originally registered here. Are you missing a call to unregisterReceiver()?
06-27 12:50:22.209 28683 28683 E ActivityThread: 	at android.app.LoadedApk$ReceiverDispatcher.<init>(LoadedApk.java:1607)
06-27 12:50:22.209 28683 28683 E ActivityThread: 	at android.app.LoadedApk.getReceiverDispatcher(LoadedApk.java:1378)
06-27 12:50:22.209 28683 28683 E ActivityThread: 	at android.app.ContextImpl.registerReceiverInternal(ContextImpl.java:1624)
06-27 12:50:22.209 28683 28683 E ActivityThread: 	at android.app.ContextImpl.registerReceiverAsUser(ContextImpl.java:1611)
06-27 12:50:22.209 28683 28683 E ActivityThread: 	at android.content.ContextWrapper.registerReceiverAsUser(ContextWrapper.java:720)
06-27 12:50:22.209 28683 28683 E ActivityThread: 	at com.android.internal.app.ResolverActivity.registerWorkProfileStateReceiver(ResolverActivity.java:1087)
06-27 12:50:22.209 28683 28683 E ActivityThread: 	at com.android.internal.app.ResolverActivity.onStart(ResolverActivity.java:1068)
06-27 12:50:22.209 28683 28683 E ActivityThread: 	at android.app.Instrumentation.callActivityOnStart(Instrumentation.java:1436)
06-27 12:50:22.209 28683 28683 E ActivityThread: 	at android.app.Activity.performStart(Activity.java:8158)
06-27 12:50:22.209 28683 28683 E ActivityThread: 	at android.app.ActivityThread.handleStartActivity(ActivityThread.java:3566)
06-27 12:50:22.209 28683 28683 E ActivityThread: 	at android.app.servertransaction.TransactionExecutor.performLifecycleSequence(TransactionExecutor.java:221)
06-27 12:50:22.209 28683 28683 E ActivityThread: 	at android.app.servertransaction.TransactionExecutor.cycleToPath(TransactionExecutor.java:201)
06-27 12:50:22.209 28683 28683 E ActivityThread: 	at android.app.servertransaction.TransactionExecutor.executeLifecycleState(TransactionExecutor.java:173)
06-27 12:50:22.209 28683 28683 E ActivityThread: 	at android.app.servertransaction.TransactionExecutor.execute(TransactionExecutor.java:97)
06-27 12:50:22.209 28683 28683 E ActivityThread: 	at android.app.ActivityThread$H.handleMessage(ActivityThread.java:2136)
06-27 12:50:22.209 28683 28683 E ActivityThread: 	at android.os.Handler.dispatchMessage(Handler.java:106)
06-27 12:50:22.209 28683 28683 E ActivityThread: 	at android.os.Looper.loop(Looper.java:236)
06-27 12:50:22.209 28683 28683 E ActivityThread: 	at android.app.ActivityThread.main(ActivityThread.java:8061)
06-27 12:50:22.209 28683 28683 E ActivityThread: 	at java.lang.reflect.Method.invoke(Native Method)
06-27 12:50:22.209 28683 28683 E ActivityThread: 	at com.android.internal.os.RuntimeInit$MethodAndArgsCaller.run(RuntimeInit.java:656)
06-27 12:50:22.209 28683 28683 E ActivityThread: 	at com.android.internal.os.ZygoteInit.main(ZygoteInit.java:967)
06-27 12:50:22.210 28683 28683 E ActivityThread: Activity com.android.internal.app.ResolverActivity has leaked IntentReceiver com.android.internal.app.ResolverActivity$1@60a2e2e that was originally registered here. Are you missing a call to unregisterReceiver()?
06-27 12:50:22.210 28683 28683 E ActivityThread: android.app.IntentReceiverLeaked: Activity com.android.internal.app.ResolverActivity has leaked IntentReceiver com.android.internal.app.ResolverActivity$1@60a2e2e that was originally registered here. Are you missing a call to unregisterReceiver()?
06-27 12:50:22.210 28683 28683 E ActivityThread: 	at android.app.LoadedApk$ReceiverDispatcher.<init>(LoadedApk.java:1607)
06-27 12:50:22.210 28683 28683 E ActivityThread: 	at android.app.LoadedApk.getReceiverDispatcher(LoadedApk.java:1378)
06-27 12:50:22.210 28683 28683 E ActivityThread: 	at android.app.ContextImpl.registerReceiverInternal(ContextImpl.java:1624)
06-27 12:50:22.210 28683 28683 E ActivityThread: 	at android.app.ContextImpl.registerReceiverAsUser(ContextImpl.java:1611)
06-27 12:50:22.210 28683 28683 E ActivityThread: 	at android.content.ContextWrapper.registerReceiverAsUser(ContextWrapper.java:720)
06-27 12:50:22.210 28683 28683 E ActivityThread: 	at com.android.internal.content.PackageMonitor.register(PackageMonitor.java:98)
06-27 12:50:22.210 28683 28683 E ActivityThread: 	at com.android.internal.content.PackageMonitor.register(PackageMonitor.java:86)
06-27 12:50:22.210 28683 28683 E ActivityThread: 	at com.android.internal.app.ResolverActivity.onCreate(ResolverActivity.java:523)
06-27 12:50:22.210 28683 28683 E ActivityThread: 	at com.android.internal.app.ResolverActivity.onCreate(ResolverActivity.java:380)
06-27 12:50:22.210 28683 28683 E ActivityThread: 	at android.app.Activity.performCreate(Activity.java:8127)
06-27 12:50:22.210 28683 28683 E ActivityThread: 	at android.app.Activity.performCreate(Activity.java:8098)
06-27 12:50:22.210 28683 28683 E ActivityThread: 	at android.app.Instrumentation.callActivityOnCreate(Instrumentation.java:1310)
06-27 12:50:22.210 28683 28683 E ActivityThread: 	at android.app.ActivityThread.performLaunchActivity(ActivityThread.java:3513)
06-27 12:50:22.210 28683 28683 E ActivityThread: 	at android.app.ActivityThread.handleLaunchActivity(ActivityThread.java:3700)
06-27 12:50:22.210 28683 28683 E ActivityThread: 	at android.app.servertransaction.LaunchActivityItem.execute(LaunchActivityItem.java:85)
06-27 12:50:22.210 28683 28683 E ActivityThread: 	at android.app.servertransaction.TransactionExecutor.executeCallbacks(TransactionExecutor.java:135)
06-27 12:50:22.210 28683 28683 E ActivityThread: 	at android.app.servertransaction.TransactionExecutor.execute(TransactionExecutor.java:95)
06-27 12:50:22.210 28683 28683 E ActivityThread: 	at android.app.ActivityThread$H.handleMessage(ActivityThread.java:2136)
06-27 12:50:22.210 28683 28683 E ActivityThread: 	at android.os.Handler.dispatchMessage(Handler.java:106)
06-27 12:50:22.210 28683 28683 E ActivityThread: 	at android.os.Looper.loop(Looper.java:236)
06-27 12:50:22.210 28683 28683 E ActivityThread: 	at android.app.ActivityThread.main(ActivityThread.java:8061)
06-27 12:50:22.210 28683 28683 E ActivityThread: 	at java.lang.reflect.Method.invoke(Native Method)
06-27 12:50:22.210 28683 28683 E ActivityThread: 	at com.android.internal.os.RuntimeInit$MethodAndArgsCaller.run(RuntimeInit.java:656)
06-27 12:50:22.210 28683 28683 E ActivityThread: 	at com.android.internal.os.ZygoteInit.main(ZygoteInit.java:967)
06-27 12:50:22.211 28683 28683 I chatty  : uid=1000 system:ui identical 3 lines
06-27 12:50:22.212 28683 28683 D RAInjector: LoadIconTask::onPostExecute ResolveInfo{284c9bb com.mxtech.videoplayer.ad/.ActivityScreen m=0x608000}
06-27 12:50:22.213 28683 28899 D RAInjector: LoadIconTask::doInBackground ResolveInfo{284c9bb com.mxtech.videoplayer.ad/.ActivityScreen m=0x608000}
06-27 12:50:22.215 28683 28683 D RAInjector: LoadIconTask::onPostExecute ResolveInfo{284c9bb com.mxtech.videoplayer.ad/.ActivityScreen m=0x608000}
06-27 12:50:22.215 28683 28715 D RAInjector: LoadIconTask::doInBackground ResolveInfo{284c9bb com.mxtech.videoplayer.ad/.ActivityScreen m=0x608000}
06-27 12:50:22.217 28683 28683 D RAInjector: LoadIconTask::onPostExecute ResolveInfo{284c9bb com.mxtech.videoplayer.ad/.ActivityScreen m=0x608000}
06-27 12:50:22.217 28683 28899 D RAInjector: LoadIconTask::doInBackground ResolveInfo{284c9bb com.mxtech.videoplayer.ad/.ActivityScreen m=0x608000}
06-27 12:50:22.220 28683 28683 D RAInjector: LoadIconTask::onPostExecute ResolveInfo{284c9bb com.mxtech.videoplayer.ad/.ActivityScreen m=0x608000}
06-27 12:50:22.220 28683 28715 D RAInjector: LoadIconTask::doInBackground ResolveInfo{284c9bb com.mxtech.videoplayer.ad/.ActivityScreen m=0x608000}
06-27 12:50:22.222 28683 28683 D RAInjector: LoadIconTask::onPostExecute ResolveInfo{284c9bb com.mxtech.videoplayer.ad/.ActivityScreen m=0x608000}
06-27 12:50:22.222 28683 28899 D RAInjector: LoadIconTask::doInBackground ResolveInfo{284c9bb com.mxtech.videoplayer.ad/.ActivityScreen m=0x608000}
06-27 12:50:22.224 28683 28683 D RAInjector: LoadIconTask::onPostExecute ResolveInfo{284c9bb com.mxtech.videoplayer.ad/.ActivityScreen m=0x608000}
06-27 12:50:22.224 28683 28715 D RAInjector: LoadIconTask::doInBackground ResolveInfo{9a30ed8 com.mxtech.videoplayer.ad/.ActivityPipScreen m=0x608000}
06-27 12:50:22.227 28683 28683 D RAInjector: LoadIconTask::onPostExecute ResolveInfo{9a30ed8 com.mxtech.videoplayer.ad/.ActivityPipScreen m=0x608000}
06-27 12:50:22.227 28683 28899 D RAInjector: LoadIconTask::doInBackground ResolveInfo{c035231 com.miui.player/.phone.ui.AudioPreview m=0x608000}
06-27 12:50:22.260 28683 28683 D RAInjector: LoadIconTask::onPostExecute ResolveInfo{c035231 com.miui.player/.phone.ui.AudioPreview m=0x608000}
06-27 12:50:22.261 28683 28715 D RAInjector: LoadIconTask::doInBackground ResolveInfo{35b1d16 com.bsbportal.music/.activities.LauncherScreenActivity m=0x608000}
06-27 12:50:22.298 28683 28683 D RAInjector: LoadIconTask::onPostExecute ResolveInfo{35b1d16 com.bsbportal.music/.activities.LauncherScreenActivity m=0x608000}
06-27 12:50:23.741 28900 28903 I cmd     : oneway function results will be dropped but finished with status OK and parcel size 4
