06-27 12:34:50.698 26284 26322 W System.err: java.lang.IllegalArgumentException: Unknown authority com.miui.personalassistant.widget.external
06-27 12:34:50.698 26284 26322 W System.err: 	at android.content.ContentResolver.call(ContentResolver.java:2430)
06-27 12:34:50.698 26284 26322 W System.err: 	at android.content.ContentResolver.call(ContentResolver.java:2413)
06-27 12:34:50.698 26284 26322 W System.err: 	at com.miui.common.tool.UIUtils.setMiuiWidgetSupported(UIUtils.java:678)
06-27 12:34:50.699 26284 26322 W System.err: 	at com.miui.notes.NoteApp.lambda$initializeInUiProcess$0$com-miui-notes-NoteApp(NoteApp.java:203)
06-27 12:34:50.699 26284 26322 W System.err: 	at com.miui.notes.NoteApp$$ExternalSyntheticLambda0.run(Unknown Source:2)
06-27 12:34:50.699 26284 26322 W System.err: 	at android.os.AsyncTask$SerialExecutor$1.run(AsyncTask.java:305)
06-27 12:34:50.699 26284 26322 W System.err: 	at java.util.concurrent.ThreadPoolExecutor.runWorker(ThreadPoolExecutor.java:1167)
06-27 12:34:50.699 26284 26322 W System.err: 	at java.util.concurrent.ThreadPoolExecutor$Worker.run(ThreadPoolExecutor.java:641)
06-27 12:34:50.699 26284 26322 W System.err: 	at java.lang.Thread.run(Thread.java:923)
06-27 12:34:50.699 26284 26322 I NoteWidgetProvider: isMiuiWidgetSupported:false
06-27 12:34:50.703   885 10843 I vendor.qti.hardware.servicetracker@1.2-service: bindService is called for service : com.google.android.gms/.chimera.PersistentApiService and for client com.google.android.gms
06-27 12:34:50.703   885 10843 I vendor.qti.hardware.servicetracker@1.2-service: total connections for service : com.google.android.gms/.chimera.PersistentApiServiceare :10
06-27 12:34:50.703   885 10843 I vendor.qti.hardware.servicetracker@1.2-service: total connections for client : com.google.android.gmsare :4
06-27 12:34:50.703  3125  3125 D BoundBrokerSvc: onRebind: Intent { act=com.google.android.gms.presencemanager.service.INTERNAL_IDENTITY dat=chimera-action: cmp=com.google.android.gms/.chimera.PersistentApiService }
06-27 12:34:50.708   885 10843 I vendor.qti.hardware.servicetracker@1.2-service: unbindService is called for service : com.google.android.gms/.cast.media.CastMediaRouteProviderService_Persistent and for client com.spotify.music
06-27 12:34:50.708  3125  3125 W DiscoveryManager: BroadcastReceiver is already registered
06-27 12:34:50.708   885 10843 I vendor.qti.hardware.servicetracker@1.2-service: size of service connections for service: com.google.android.gms/.cast.media.CastMediaRouteProviderService_Persistentafter removal is 1
06-27 12:34:50.708   885 10843 I vendor.qti.hardware.servicetracker@1.2-service: size of client connections for client: com.spotify.musicafter removal is 2
06-27 12:34:50.709  3125 25951 I DiscoveryManager: Filter criteria(674A0243,8E6C866D) scannerFlags(0)
06-27 12:34:50.709  3125 25951 W DatabaseProcessor: processLocalDevices: failed to get the network info with non-null networkId.
06-27 12:34:50.709  3125  3125 I CastMediaRouteProvider: Published 0 routes
06-27 12:34:50.712   885 10843 I vendor.qti.hardware.servicetracker@1.2-service: bindService is called for service : com.google.android.gms/.chimera.PersistentDirectBootAwareApiService and for client com.google.android.gms.persistent
06-27 12:34:50.712   885 10843 I vendor.qti.hardware.servicetracker@1.2-service: total connections for service : com.google.android.gms/.chimera.PersistentDirectBootAwareApiServiceare :17
06-27 12:34:50.712   885 10843 I vendor.qti.hardware.servicetracker@1.2-service: total connections for client : com.google.android.gms.persistentare :8
06-27 12:34:50.727  1919  7131 I WifiService: releaseMulticastLock uid=10183
06-27 12:34:50.734  1919  8335 I WifiService: acquireMulticastLock uid=10183
06-27 12:34:50.734   885 10843 I vendor.qti.hardware.servicetracker@1.2-service: bindService is called for service : com.google.android.gms/.chimera.PersistentDirectBootAwareApiService and for client com.google.android.gms
06-27 12:34:50.735   885 10843 I vendor.qti.hardware.servicetracker@1.2-service: total connections for service : com.google.android.gms/.chimera.PersistentDirectBootAwareApiServiceare :17
06-27 12:34:50.735   885 10843 I vendor.qti.hardware.servicetracker@1.2-service: total connections for client : com.google.android.gmsare :4
06-27 12:34:50.736  1919  2119 W NotificationHistory: Attempted to remove conversation for locked/gone/disabled user 0
06-27 12:34:50.738  2964  3306 D IconCustomizer: Content Ratio = -1.0
06-27 12:34:50.755   698   698 I Zygote  : Process 25348 exited due to signal 9 (Killed)
06-27 12:34:50.755   879   879 I ANDR-PERF-LM: LMPerfGlue: perfmodule_submit_request() 132: perfmodule_submit_request()
06-27 12:34:50.755   879   879 I ANDR-PERF-LM: Core: getInstance() 84: LM getInstance
06-27 12:34:50.755   879   879 I ANDR-PERF-LM: WQ: push() 59: LMTriggerQ push() size=0
06-27 12:34:50.755   879   879 I ANDR-PERF-LM: WQ: push() 61: LMTriggerQ push() done size=1
06-27 12:34:50.755   879   984 I ANDR-PERF-LM: WQ: pop() 42: LMTriggerQ pop() done size=0
06-27 12:34:50.755   879   984 I ANDR-PERF-LM: Core: lmMain() 373: Waiting on trigger Queue
06-27 12:34:50.755   879   984 I ANDR-PERF-LM: WQ: pop() 31: LMTriggerQ pop() size=0
06-27 12:34:50.756   885 10843 I vendor.qti.hardware.servicetracker@1.2-service: killProcess is called for pid : 25348
06-27 12:34:50.756   885 10843 I vendor.qti.hardware.servicetracker@1.2-service: process with pid 25348 is service
06-27 12:34:50.756   885 10843 I vendor.qti.hardware.servicetracker@1.2-service: size of client connections for client: com.google.android.youtubeafter removal is 1
06-27 12:34:50.756   885 10843 I vendor.qti.hardware.servicetracker@1.2-service: process with pid 25348 is client
06-27 12:34:50.756   885 10843 I vendor.qti.hardware.servicetracker@1.2-service: size of service connections for service: com.android.vending/com.google.android.finsky.setup.dse.impl.DseServiceafter removal is 0
06-27 12:34:50.756   885 10843 I vendor.qti.hardware.servicetracker@1.2-service: removing client with pid 25348process namecom.android.chrome
06-27 12:34:50.757   885 10843 I vendor.qti.hardware.servicetracker@1.2-service: destroyService is called for service : com.android.chrome/org.chromium.content.app.SandboxedProcessService0:0
06-27 12:34:50.757  1919  7655 W ActivityManager: Exception when unbinding service com.android.chrome/org.chromium.content.app.PrivilegedProcessService0
06-27 12:34:50.757  1919  7655 W ActivityManager: android.os.DeadObjectException
06-27 12:34:50.757  1919  7655 W ActivityManager: 	at android.os.BinderProxy.transactNative(Native Method)
06-27 12:34:50.757  1919  7655 W ActivityManager: 	at android.os.BinderProxy.transact(BinderProxy.java:593)
06-27 12:34:50.757  1919  7655 W ActivityManager: 	at android.app.IApplicationThread$Stub$Proxy.scheduleUnbindService(IApplicationThread.java:1661)
06-27 12:34:50.757  1919  7655 W ActivityManager: 	at com.android.server.am.ActiveServices.removeConnectionLocked(ActiveServices.java:3797)
06-27 12:34:50.757  1919  7655 W ActivityManager: 	at com.android.server.am.ActiveServices.killServicesLocked(ActiveServices.java:4225)
06-27 12:34:50.757  1919  7655 W ActivityManager: 	at com.android.server.am.ActivityManagerService.cleanUpApplicationRecordLocked(ActivityManagerService.java:15292)
06-27 12:34:50.757  1919  7655 W ActivityManager: 	at com.android.server.am.ActivityManagerService.handleAppDiedLocked(ActivityManagerService.java:3933)
06-27 12:34:50.757  1919  7655 W ActivityManager: 	at com.android.server.am.ActivityManagerService.appDiedLocked(ActivityManagerService.java:4118)
06-27 12:34:50.757  1919  7655 W ActivityManager: 	at com.android.server.am.ActivityManagerService$AppDeathRecipient.binderDied(ActivityManagerService.java:1655)
06-27 12:34:50.757  1919  7655 W ActivityManager: 	at android.os.IBinder$DeathRecipient.binderDied(IBinder.java:305)
06-27 12:34:50.757  1919  7655 W ActivityManager: 	at android.os.BinderProxy.sendDeathNotice(BinderProxy.java:707)
06-27 12:34:50.757   885 10843 I vendor.qti.hardware.servicetracker@1.2-service: destroyService is called for service : com.android.chrome/org.chromium.content.app.PrivilegedProcessService0
06-27 12:34:50.758  1919  7655 I ActivityManager: Killing 25481:com.android.chrome:sandboxed_process0:org.chromium.content.app.SandboxedProcessService0:0/u0a192i-9000 (adj 0): isolated not needed
06-27 12:34:50.758  1919  7655 I Process : PerfMonitor : current process sending signal quiet. PID: 25481 SIG: 9
06-27 12:34:50.758   879   879 I ANDR-PERF-LM: LMPerfGlue: perfmodule_submit_request() 132: perfmodule_submit_request()
06-27 12:34:50.758   879   879 I ANDR-PERF-LM: Core: getInstance() 84: LM getInstance
06-27 12:34:50.758   879   879 I ANDR-PERF-LM: WQ: push() 59: LMTriggerQ push() size=0
06-27 12:34:50.758   879   879 I ANDR-PERF-LM: WQ: push() 61: LMTriggerQ push() done size=1
06-27 12:34:50.759   885 10843 I vendor.qti.hardware.servicetracker@1.2-service: destroyService is called for service : com.android.vending/com.google.android.finsky.setup.dse.impl.DseService
06-27 12:34:50.759  1919  7655 W ActivityManager: Scheduling restart of crashed service com.android.chrome/org.chromium.chrome.browser.customtabs.CustomTabsConnectionService in 1000ms for connection
06-27 12:34:50.759   879   984 I ANDR-PERF-LM: WQ: pop() 42: LMTriggerQ pop() done size=0
06-27 12:34:50.759   879   984 I ANDR-PERF-LM: Core: lmMain() 373: Waiting on trigger Queue
06-27 12:34:50.759   879   984 I ANDR-PERF-LM: WQ: pop() 31: LMTriggerQ pop() size=0
06-27 12:34:50.759  1919  7655 W ANRStateManager: clear state, but process isn't exist. hash=259817922 uid=10192 pid=25348 state=16
06-27 12:34:50.760  1919  2134 I libprocessgroup: Successfully killed process cgroup uid 10192 pid 25348 in 136ms
06-27 12:34:50.760  1919  2134 I Process : PerfMonitor : current process killing process group. PID: 25481
06-27 12:34:50.760  1919  2134 I libprocessgroup: Successfully killed process cgroup uid 90000 pid 25481 in 0ms
06-27 12:34:50.760   885 10843 I vendor.qti.hardware.servicetracker@1.2-service: unbindService is called for service : com.android.chrome/org.chromium.chrome.browser.customtabs.CustomTabsConnectionService and for client com.google.android.youtube
06-27 12:34:50.760   885 10843 I vendor.qti.hardware.servicetracker@1.2-service: size of service connections for service: com.android.chrome/org.chromium.chrome.browser.customtabs.CustomTabsConnectionServiceafter removal is 0
06-27 12:34:50.760   885 10843 I vendor.qti.hardware.servicetracker@1.2-service: destroyService is called for service : com.android.chrome/org.chromium.chrome.browser.customtabs.CustomTabsConnectionService
06-27 12:34:50.761  8346 11722 I com.xiaomi.xms: oneway function results will be dropped but finished with status UNKNOWN_TRANSACTION and parcel size 0
06-27 12:34:50.761  1919  2385 I MiuiNetworkPolicy: updateUidState uid = 90000, uidState = 19
06-27 12:34:50.761  1919  2385 I MiuiNetworkPolicy: updateUidState uid = 10192, uidState = 19
06-27 12:34:50.761  1919  2385 I MiuiNetworkPolicy: updateUidState uid = 10182, uidState = 10
06-27 12:34:50.762  1919  7185 I ActivityManager: Process com.android.chrome:privileged_process0 (pid 25435) has died: cch+75 CEM 
06-27 12:34:50.762  1919  2134 I Process : PerfMonitor : current process killing process group. PID: 25435
06-27 12:34:50.762   879   879 I ANDR-PERF-LM: LMPerfGlue: perfmodule_submit_request() 132: perfmodule_submit_request()
06-27 12:34:50.762   879   879 I ANDR-PERF-LM: Core: getInstance() 84: LM getInstance
06-27 12:34:50.762   879   879 I ANDR-PERF-LM: WQ: push() 59: LMTriggerQ push() size=0
06-27 12:34:50.762   879   879 I ANDR-PERF-LM: WQ: push() 61: LMTriggerQ push() done size=1
06-27 12:34:50.762  1919  2134 I libprocessgroup: Successfully killed process cgroup uid 10192 pid 25435 in 0ms
06-27 12:34:50.762   879   984 I ANDR-PERF-LM: WQ: pop() 42: LMTriggerQ pop() done size=0
06-27 12:34:50.762   879   984 I ANDR-PERF-LM: Core: lmMain() 373: Waiting on trigger Queue
06-27 12:34:50.762   879   984 I ANDR-PERF-LM: WQ: pop() 31: LMTriggerQ pop() size=0
06-27 12:34:50.762   698   698 I Zygote  : Process 25435 exited cleanly (0)
06-27 12:34:50.762   885   937 I vendor.qti.hardware.servicetracker@1.2-service: killProcess is called for pid : 25435
06-27 12:34:50.762  8346 11722 I com.xiaomi.xms: oneway function results will be dropped but finished with status UNKNOWN_TRANSACTION and parcel size 0
06-27 12:34:50.763  1919  7185 W ANRStateManager: clear state, but process isn't exist. hash=127019703 uid=10192 pid=25435 state=16
06-27 12:34:50.766 25759 25759 W fb4a.InitStatus: Not blocking Service (49739652)
06-27 12:34:50.767 19739 19739 I Finsky  : [2] Memory trim requested to level 5
06-27 12:34:50.769   879   879 I ANDR-PERF-LM: LMPerfGlue: perfmodule_submit_request() 132: perfmodule_submit_request()
06-27 12:34:50.769   879   879 I ANDR-PERF-LM: Core: getInstance() 84: LM getInstance
06-27 12:34:50.769   879   879 I ANDR-PERF-LM: WQ: push() 59: LMTriggerQ push() size=0
06-27 12:34:50.769   879   879 I ANDR-PERF-LM: WQ: push() 61: LMTriggerQ push() done size=1
06-27 12:34:50.769   879   984 I ANDR-PERF-LM: WQ: pop() 42: LMTriggerQ pop() done size=0
06-27 12:34:50.769   879   984 I ANDR-PERF-LM: Core: lmMain() 373: Waiting on trigger Queue
06-27 12:34:50.769   879   984 I ANDR-PERF-LM: WQ: pop() 31: LMTriggerQ pop() size=0
06-27 12:34:50.770   885   937 I vendor.qti.hardware.servicetracker@1.2-service: killProcess is called for pid : 25481
06-27 12:34:50.770  1919  7212 W ANRStateManager: clear state, but process isn't exist. hash=24904317 uid=90000 pid=25481 state=16
06-27 12:34:50.771 25465 25465 I Zygote  : Process 25481 exited cleanly (0)
06-27 12:34:50.771  2964  3313 D IconCustomizer: Content Ratio = -1.0
06-27 12:34:50.771  1919  2385 I MiuiNetworkPolicy: removeUidState uid = 10192
06-27 12:34:50.771  1919  2385 I MiuiNetworkPolicy: removeUidState uid = 90000
06-27 12:34:50.776   847  2607 I WifiHAL : event received NL80211_CMD_VENDOR, vendor_id = 0x1374, subcmd = 0xd
06-27 12:34:50.776  1560  1560 I cnss-daemon: nl80211 response handler invoked
06-27 12:34:50.776  1560  1560 I cnss-daemon: nl80211_response_handler: cmd 103, vendorID 4980, subcmd 13  received
06-27 12:34:50.776 25576 25576 I ahmu    : Trimming objects from memory, since app is in the background.
06-27 12:34:50.778  4070  4070 I AppBase : AppBase.onTrimMemory():417 onTrimMemory(): 5
06-27 12:34:50.778  4070  4070 I KeyboardDefCache: MemoryFileCache$1.onTrimMemory():126 clearMemory() for trim memory: 5
06-27 12:34:50.778  4070  4070 I KeyboardDefCache: MemoryFileCache.clearMemory():410 evictAll()
06-27 12:34:50.779  4070  4070 I GoogleInputMethodService: GoogleInputMethodService.onTrimMemory():2670 onTrimMemory(): 5
06-27 12:34:50.779  2964  3313 D IconCustomizer: Content Ratio = -1.0
06-27 12:34:50.783   656   663 E android.system.suspend@1.0-service: Error opening kernel wakelock stats for: wakeup38: Permission denied
06-27 12:34:50.783   656   663 E android.system.suspend@1.0-service: Error opening kernel wakelock stats for: wakeup28: Permission denied
06-27 12:34:50.773   656   656 W Binder:656_2: type=1400 audit(0.0:3913): avc: denied { open } for path="/sys/devices/virtual/misc/msm_qcelp/wakeup38" dev="sysfs" ino=79600 scontext=u:r:system_suspend:s0 tcontext=u:object_r:sysfs:s0 tclass=dir permissive=0
06-27 12:34:50.773   656   656 W Binder:656_2: type=1400 audit(0.0:3914): avc: denied { open } for path="/sys/devices/virtual/misc/msm_alac/wakeup28" dev="sysfs" ino=79228 scontext=u:r:system_suspend:s0 tcontext=u:object_r:sysfs:s0 tclass=dir permissive=0
06-27 12:34:50.783   656   663 E android.system.suspend@1.0-service: Error opening kernel wakelock stats for: wakeup18: Permission denied
06-27 12:34:50.773   656   656 W Binder:656_2: type=1400 audit(0.0:3915): avc: denied { read } for name="wakeup18" dev="sysfs" ino=73893 scontext=u:r:system_suspend:s0 tcontext=u:object_r:vendor_sysfs_battery_supply:s0 tclass=dir permissive=0
06-27 12:34:50.783   656   663 E android.system.suspend@1.0-service: Error opening kernel wakelock stats for: wakeup36: Permission denied
06-27 12:34:50.773   656   656 W Binder:656_2: type=1400 audit(0.0:3916): avc: denied { open } for path="/sys/devices/virtual/misc/msm_mp3/wakeup36" dev="sysfs" ino=79528 scontext=u:r:system_suspend:s0 tcontext=u:object_r:sysfs:s0 tclass=dir permissive=0
06-27 12:34:50.784   656   663 E android.system.suspend@1.0-service: Error opening kernel wakelock stats for: wakeup26: Permission denied
06-27 12:34:50.773   656   656 W Binder:656_2: type=1400 audit(0.0:3917): avc: denied { open } for path="/sys/devices/platform/soc/soc:gpio_keys/wakeup/wakeup26" dev="sysfs" ino=76208 scontext=u:r:system_suspend:s0 tcontext=u:object_r:sysfs:s0 tclass=dir permissive=0
06-27 12:34:50.784   656   663 E android.system.suspend@1.0-service: Error opening kernel wakelock stats for: wakeup16: Permission denied
06-27 12:34:50.773   656   656 W Binder:656_2: type=1400 audit(0.0:3918): avc: denied { open } for path="/sys/devices/platform/soc/c440000.qcom,spmi/spmi-0/spmi0-02/c440000.qcom,spmi:qcom,pm8150b@2:qcom,qpnp-smb5/wakeup/wakeup16" dev="sysfs" ino=73764 scontext=u:r:system_suspend:s0 tcontext=u:object_r:sysfs:s0 tclass=dir permissive=0
06-27 12:34:50.784   656   663 E android.system.suspend@1.0-service: Error opening kernel wakelock stats for: wakeup34: Permission denied
06-27 12:34:50.784   656   663 E android.system.suspend@1.0-service: Error opening kernel wakelock stats for: wakeup24: Permission denied
06-27 12:34:50.784   656   663 E android.system.suspend@1.0-service: Error opening kernel wakelock stats for: wakeup9: Permission denied
06-27 12:34:50.784   656   663 E android.system.suspend@1.0-service: Error opening kernel wakelock stats for: wakeup14: Permission denied
06-27 12:34:50.785   656   663 E android.system.suspend@1.0-service: Error opening kernel wakelock stats for: wakeup32: Permission denied
06-27 12:34:50.785   656   663 E android.system.suspend@1.0-service: Error opening kernel wakelock stats for: wakeup22: Permission denied
06-27 12:34:50.785   656   663 E android.system.suspend@1.0-service: Error opening kernel wakelock stats for: wakeup12: Permission denied
06-27 12:34:50.785   656   663 E android.system.suspend@1.0-service: Error opening kernel wakelock stats for: wakeup40: Permission denied
06-27 12:34:50.785   656   663 E android.system.suspend@1.0-service: Error opening kernel wakelock stats for: wakeup30: Permission denied
06-27 12:34:50.785   656   663 E android.system.suspend@1.0-service: Error opening kernel wakelock stats for: wakeup20: Permission denied
06-27 12:34:50.785   656   663 E android.system.suspend@1.0-service: Error opening kernel wakelock stats for: wakeup10: Permission denied
06-27 12:34:50.785   656   663 E android.system.suspend@1.0-service: Error opening kernel wakelock stats for: wakeup39: Permission denied
06-27 12:34:50.786   656   663 E android.system.suspend@1.0-service: Error opening kernel wakelock stats for: wakeup29: Permission denied
06-27 12:34:50.786   656   663 E android.system.suspend@1.0-service: Error opening kernel wakelock stats for: wakeup19: Permission denied
06-27 12:34:50.786   656   663 E android.system.suspend@1.0-service: Error opening kernel wakelock stats for: wakeup37: Permission denied
06-27 12:34:50.786   656   663 E android.system.suspend@1.0-service: Error opening kernel wakelock stats for: wakeup27: Permission denied
06-27 12:34:50.786   656   663 E android.system.suspend@1.0-service: Error opening kernel wakelock stats for: wakeup35: Permission denied
06-27 12:34:50.787   656   663 E android.system.suspend@1.0-service: Error opening kernel wakelock stats for: wakeup25: Permission denied
06-27 12:34:50.787   656   663 E android.system.suspend@1.0-service: Error opening kernel wakelock stats for: wakeup43: Permission denied
06-27 12:34:50.787   656   663 E android.system.suspend@1.0-service: Error opening kernel wakelock stats for: wakeup33: Permission denied
06-27 12:34:50.787   656   663 E android.system.suspend@1.0-service: Error opening kernel wakelock stats for: wakeup23: Permission denied
06-27 12:34:50.787   656   663 E android.system.suspend@1.0-service: Error opening kernel wakelock stats for: wakeup13: Permission denied
06-27 12:34:50.787   656   663 E android.system.suspend@1.0-service: Error opening kernel wakelock stats for: wakeup31: Permission denied
06-27 12:34:50.787   656   663 E android.system.suspend@1.0-service: Error opening kernel wakelock stats for: wakeup21: Permission denied
06-27 12:34:50.787   656   663 E android.system.suspend@1.0-service: Error opening kernel wakelock stats for: wakeup11: Permission denied
06-27 12:34:50.790  8346 11722 I com.xiaomi.xms: oneway function results will be dropped but finished with status UNKNOWN_TRANSACTION and parcel size 0
06-27 12:34:50.790  1919  2385 I MiuiNetworkPolicy: updateUidState uid = 10182, uidState = 19
06-27 12:34:50.790 19739 19739 I Finsky  : [2] Memory trim requested to level 40
06-27 12:34:50.790 19739 19739 I Finsky  : [2] Flushing in-memory image cache
06-27 12:34:50.792 25576 25576 I ahmu    : Trimming objects from memory, since app is in the background.
06-27 12:34:50.923  2671  2671 D InterruptionStateProvider: No alerting: filtered notification: 0|com.spotify.music|2131430693|null|10270
06-27 12:34:50.924  2671  2671 D InterruptionStateProvider: No alerting: filtered notification: 0|com.spotify.music|2131430693|null|10270
06-27 12:34:50.927  3385  3385 I NotificationController: onNotificationPosted: mSmartTravelNotificationMap 0
06-27 12:34:50.928  3385  3385 I chatty  : uid=1000(system) com.miui.aod identical 2 lines
06-27 12:34:50.933  3385  3385 I NotificationController: onNotificationPosted: mSmartTravelNotificationMap 0
06-27 12:34:50.934  9395  9523 V g       : flags=106
06-27 12:34:50.935  9395  9523 V g       : ret=0
06-27 12:34:50.935  9395  9523 V g       : flags=106
06-27 12:34:50.935  9395  9523 V g       : ret=0
06-27 12:34:50.935  9395  9523 V g       : flags=106
06-27 12:34:50.935  9395  9523 V g       : ret=0
06-27 12:34:50.936  9395  9523 V g       : flags=106
06-27 12:34:50.937  9395  9523 V g       : ret=0
06-27 12:34:50.944  2671  2671 D InterruptionStateProvider: No alerting: filtered notification: 0|com.spotify.music|2131430693|null|10270
06-27 12:34:50.962  2671  2671 I chatty  : uid=1000(system) com.android.systemui identical 4 lines
06-27 12:34:50.962  2671  2671 D InterruptionStateProvider: No alerting: filtered notification: 0|com.spotify.music|2131430693|null|10270
06-27 12:34:51.498   885   937 I vendor.qti.hardware.servicetracker@1.2-service: unbindService is called for service : com.google.android.gms/.chimera.PersistentDirectBootAwareApiService and for client com.google.android.googlequicksearchbox:interactor
06-27 12:34:51.498   885   937 I vendor.qti.hardware.servicetracker@1.2-service: size of service connections for service: com.google.android.gms/.chimera.PersistentDirectBootAwareApiServiceafter removal is 16
06-27 12:34:51.498   885   937 I vendor.qti.hardware.servicetracker@1.2-service: size of client connections for client: com.google.android.googlequicksearchbox:interactorafter removal is 1
06-27 12:34:51.773   885   937 I vendor.qti.hardware.servicetracker@1.2-service: bindService is called for service : com.google.android.gms/.chimera.PersistentDirectBootAwareApiService and for client com.google.android.gms.persistent
06-27 12:34:51.773   885   937 I vendor.qti.hardware.servicetracker@1.2-service: total connections for service : com.google.android.gms/.chimera.PersistentDirectBootAwareApiServiceare :16
06-27 12:34:51.773   885   937 I vendor.qti.hardware.servicetracker@1.2-service: total connections for client : com.google.android.gms.persistentare :8
06-27 12:34:51.774  3125  3125 D BoundBrokerSvc: onRebind: Intent { act=com.google.android.gms.libs.gmscorelogger.service.START dat=chimera-action: cmp=com.google.android.gms/.chimera.PersistentDirectBootAwareApiService }
06-27 12:34:52.496 25576 26130 I adoh    : dispose()
