06-27 12:30:09.377   885 10843 I vendor.qti.hardware.servicetracker@1.2-service: total connections for service : com.google.android.apps.photos/.dbprocessor.impl.DatabaseProcessorJobServiceare :1
06-27 12:30:09.377   885 10843 I vendor.qti.hardware.servicetracker@1.2-service: total connections for client : systemare :24
06-27 12:30:09.378   885 10843 I vendor.qti.hardware.servicetracker@1.2-service: bindService is called for service : com.android.providers.downloads/.DownloadJobService and for client system
06-27 12:30:09.378   885 10843 I vendor.qti.hardware.servicetracker@1.2-service: total connections for service : com.android.providers.downloads/.DownloadJobServiceare :1
06-27 12:30:09.378   885 10843 I vendor.qti.hardware.servicetracker@1.2-service: total connections for client : systemare :25
06-27 12:30:09.383   885 10843 I vendor.qti.hardware.servicetracker@1.2-service: bindService is called for service : com.android.providers.downloads/.DownloadJobService and for client system
06-27 12:30:09.383   885 10843 I vendor.qti.hardware.servicetracker@1.2-service: total connections for service : com.android.providers.downloads/.DownloadJobServiceare :1
06-27 12:30:09.383   885 10843 I vendor.qti.hardware.servicetracker@1.2-service: total connections for client : systemare :25
06-27 12:30:09.383   885 10843 I vendor.qti.hardware.servicetracker@1.2-service: bindService is called for service : com.android.providers.downloads/.DownloadJobService and for client system
06-27 12:30:09.383   885 10843 I vendor.qti.hardware.servicetracker@1.2-service: total connections for service : com.android.providers.downloads/.DownloadJobServiceare :1
06-27 12:30:09.383   885 10843 I vendor.qti.hardware.servicetracker@1.2-service: total connections for client : systemare :25
06-27 12:30:09.383   885 10843 I vendor.qti.hardware.servicetracker@1.2-service: bindService is called for service : com.android.providers.downloads/.DownloadJobService and for client system
06-27 12:30:09.383   885 10843 I vendor.qti.hardware.servicetracker@1.2-service: total connections for service : com.android.providers.downloads/.DownloadJobServiceare :1
06-27 12:30:09.383   885 10843 I vendor.qti.hardware.servicetracker@1.2-service: total connections for client : systemare :25
06-27 12:30:09.383   885 10843 I vendor.qti.hardware.servicetracker@1.2-service: bindService is called for service : com.android.providers.downloads/.DownloadJobService and for client system
06-27 12:30:09.384   885 10843 I vendor.qti.hardware.servicetracker@1.2-service: total connections for service : com.android.providers.downloads/.DownloadJobServiceare :1
06-27 12:30:09.384   885 10843 I vendor.qti.hardware.servicetracker@1.2-service: total connections for client : systemare :25
06-27 12:30:09.394   698   698 D Zygote  : Forked child process 21427
06-27 12:30:09.395  1919  2122 I ActivityManager: Start proc 21427:com.google.android.apps.photos/u0a252 for service {com.google.android.apps.photos/com.google.android.apps.photos.dbprocessor.impl.DatabaseProcessorJobService} caller=android
06-27 12:30:09.395 21427 21427 W Zygote  : Unable to open libbeluga.so: dlopen failed: library "libbeluga.so" not found.
06-27 12:30:09.403 21427 21427 E oid.apps.photo: Not starting debugger since process cannot load the jdwp agent.
06-27 12:30:09.411   698   698 D Zygote  : Forked child process 21445
06-27 12:30:09.412  1919  7211 D CompatibilityInfo: mCompatibilityFlags - 0
06-27 12:30:09.412  1919  7211 D CompatibilityInfo: applicationDensity - 440
06-27 12:30:09.413  1919  7211 D CompatibilityInfo: applicationScale - 1.0
06-27 12:30:09.413 21445 21445 W Zygote  : Unable to open libbeluga.so: dlopen failed: library "libbeluga.so" not found.
06-27 12:30:09.414 21445 21445 I libc    : SetHeapTaggingLevel: tag level set to 0
06-27 12:30:09.417  1919  7211 D CompatibilityInfo: mCompatibilityFlags - 0
06-27 12:30:09.417  1919  7211 D CompatibilityInfo: applicationDensity - 440
06-27 12:30:09.417  1919  7211 D CompatibilityInfo: applicationScale - 1.0
06-27 12:30:09.417   885 10843 I vendor.qti.hardware.servicetracker@1.2-service: startService() is called for servicecom.google.android.apps.photos/.dbprocessor.impl.DatabaseProcessorJobService
06-27 12:30:09.418  1919  2122 I ActivityManager: Start proc 21445:android.process.media/u0a84 for service {com.android.providers.downloads/com.android.providers.downloads.DownloadJobService} caller=android
06-27 12:30:09.418 21445 21445 E d.process.medi: Not starting debugger since process cannot load the jdwp agent.
06-27 12:30:09.418  1919  2385 I MiuiNetworkPolicy: updateUidState uid = 10252, uidState = 8
06-27 12:30:09.428  1919  8334 D CompatibilityInfo: mCompatibilityFlags - 0
06-27 12:30:09.428  1919  8334 D CompatibilityInfo: applicationDensity - 440
06-27 12:30:09.428  1919  8334 D CompatibilityInfo: applicationScale - 1.0
06-27 12:30:09.430  1919  8334 D CompatibilityInfo: mCompatibilityFlags - 0
06-27 12:30:09.430  1919  8334 D CompatibilityInfo: applicationDensity - 440
06-27 12:30:09.430  1919  8334 D CompatibilityInfo: applicationScale - 1.0
06-27 12:30:09.430   885 10843 I vendor.qti.hardware.servicetracker@1.2-service: startService() is called for servicecom.android.providers.downloads/.DownloadJobService
06-27 12:30:09.431  1919  2385 I MiuiNetworkPolicy: updateUidState uid = 10084, uidState = 8
06-27 12:30:09.437 21445 21445 D ApplicationLoaders: Returning zygote-cached class loader: /system/framework/android.test.base.jar
06-27 12:30:09.472 21445 21445 I Perf    : Connecting to perf service.
06-27 12:30:09.475 21445 21445 E ANDR-PERF: IPerf:: Perf HAL Service is not available.
06-27 12:30:09.475 21445 21445 E ANDR-PERF: IPerf:: Perf HAL Service is not available.
06-27 12:30:09.480 21445 21445 D NetworkSecurityConfig: No Network Security Config specified, using platform default
06-27 12:30:09.480 21445 21445 D NetworkSecurityConfig: No Network Security Config specified, using platform default
06-27 12:30:09.495 21427 21427 W oid.apps.photo: JIT profile information will not be recorded: profile file does not exist.
06-27 12:30:09.498  1919  2119 W NotificationHistory: Attempted to remove conversation for locked/gone/disabled user 0
06-27 12:30:09.495 21427 21427 I chatty  : uid=10252(com.google.android.apps.photos) identical 1 line
06-27 12:30:09.495 21427 21427 W oid.apps.photo: JIT profile information will not be recorded: profile file does not exist.
06-27 12:30:09.509 20746 21464 W NotificationChannelsHelper: Deleting ALL conversation channels
06-27 12:30:09.528 21427 21427 I Perf    : Connecting to perf service.
06-27 12:30:09.528  2964  3319 D IconCustomizer: Content Ratio = -1.0
06-27 12:30:09.546 21427 21427 D NetworkSecurityConfig: Using Network Security Config from resource photos_enablecertificatetransparency_network_security_config debugBuild: false
06-27 12:30:09.546  2964  3319 D IconCustomizer: Content Ratio = -1.0
06-27 12:30:09.550 21427 21427 D NetworkSecurityConfig: Using Network Security Config from resource photos_enablecertificatetransparency_network_security_config debugBuild: false
06-27 12:30:09.558  2964  3319 D IconCustomizer: Content Ratio = -1.0
06-27 12:30:09.575  2964  3319 D IconCustomizer: Content Ratio = -1.0
06-27 12:30:09.607 20657 20778 V ClearcutMetricXmitter: Transmission is done.
06-27 12:30:09.498  1919  2119 I chatty  : uid=1000(system) android.bg identical 2 lines
06-27 12:30:09.498  1919  2119 W NotificationHistory: Attempted to remove conversation for locked/gone/disabled user 0
06-27 12:30:09.610 21445 21445 I ContentProviderMonitor: PerfMonitor installContentProviders : before publish content providers
06-27 12:30:09.614 20746 21464 E ActionQueryTaskListener: 0 onLoadBatchStart BACKGROUND modules: [s_executorch_pytorch(*),pytorch]
06-27 12:30:09.614 21427 21427 I ContentProviderMonitor: PerfMonitor installContentProviders : before publish content providers
06-27 12:30:09.615 21445 21445 D MiuiAnalyticsImpl: SHOW_MI_STAT:false
06-27 12:30:09.633 21445 21445 E ANDR-PERF: IPerf:: Perf HAL Service is not available.
06-27 12:30:09.633 21445 21445 E ANDR-PERF: IPerf:: Perf HAL Service is not available.
06-27 12:30:09.634  2987  9975 I CloudSettingsProvider: uriMatch : 1
06-27 12:30:09.638 21445 21468 I CloudConfig: fetchStatistics.find nothing!
06-27 12:30:09.639 20746 21464 E ActionQueryTaskListener: 0 onLoadBatchComplete exception: null BACKGROUND modules: [s_executorch_pytorch(*),pytorch]
06-27 12:30:09.673 21445 21445 D DownloadManager: use xunlei (false) , id=2088,frompackage=com.miui.android.fashiongallery,uri=https://x-in-mob.glance-cdn.com/public/dynamic/1080x2400/7fca90fe398a62f13ee990412dca3cfca069d47f.webp,filename=null
06-27 12:30:09.690 21445 21445 D DownloadManager: use xunlei (false) , id=2086,frompackage=com.miui.android.fashiongallery,uri=https://x-in-mob.glance-cdn.com/story/api/prerender?slug=%2Fstory%2Farticles%2Fnews%2FIN%2Fen%2Fet-now%2Ff-993d06a2ab-cc733f94-5a44-5cbc-bc16-ff73b6297f22&utm_source=g&utm_medium=x&sr=Glance&gpid=9028e578-a622-404a-8cde-d84a0fd6763f&sdkv=30&gl_imp_id=gl_%24IMP_ID%3A03d59c7d1a25cd2f7505d8d324626a4217038007b9f09cec41559b42213b8cca%3AYZerIDm1%3A%24IMP_TS%3Ax%3AIN&variant=na,filename=null
06-27 12:30:09.703 21445 21480 D DownloadManager: [2086] Starting
06-27 12:30:09.705 21445 21478 D DownloadManager: [2088] Starting
06-27 12:30:09.711   885 10843 I vendor.qti.hardware.servicetracker@1.2-service: bindService is called for service : com.google.android.gms/.chimera.PersistentApiService and for client com.google.android.apps.photos
06-27 12:30:09.711   885 10843 I vendor.qti.hardware.servicetracker@1.2-service: total connections for service : com.google.android.gms/.chimera.PersistentApiServiceare :18
06-27 12:30:09.711   885 10843 I vendor.qti.hardware.servicetracker@1.2-service: total connections for client : com.google.android.apps.photosare :1
06-27 12:30:09.712 21445 21445 D DownloadManager: use xunlei (false) , id=2087,frompackage=com.miui.android.fashiongallery,uri=https://x-in-mob.glance-cdn.com/public/dynamic/1080x2400/6b2b102db95ad831a4d3dab40fbc218d2c8df0ef.webp,filename=null
06-27 12:30:09.719   879   879 I ANDR-PERF-LM: LMPerfGlue: perfmodule_submit_request() 132: perfmodule_submit_request()
06-27 12:30:09.719   879   879 I ANDR-PERF-LM: Core: getInstance() 84: LM getInstance
06-27 12:30:09.719   879   879 D ANDR-PERF-LM: Feature: lookup() 101: Feature Name = AppClassifier, total featuers = 3, featureFound = 1
06-27 12:30:09.719   879   879 D ANDR-PERF-LM: Feature: getData() 112: data.data = 1
06-27 12:30:09.719   879   879 I ANDR-PERF-LM: FeedbackAPI: getFeedback() 60: app:com.google.android.apps.photos feature:AppClassifier feedback = 1
06-27 12:30:09.722  1919  2121 W ActivityManager: Stopping service due to app idle: u0a238 -1m16s61ms com.larksuite.suite/com.ss.android.lark.wschannel.WschannelLaunchService
06-27 12:30:09.723   885 10843 I vendor.qti.hardware.servicetracker@1.2-service: destroyService is called for service : com.larksuite.suite/com.ss.android.lark.wschannel.WschannelLaunchService
06-27 12:30:09.724  1919  2385 I MiuiNetworkPolicy: updateUidState uid = 10238, uidState = 10
06-27 12:30:09.725 21445 21445 D DownloadManager: use xunlei (false) , id=2085,frompackage=com.miui.android.fashiongallery,uri=https://x-in-mob.glance-cdn.com/public/dynamic/1080x2400/706c99b709ca8128dba9c597bf1e43f464ea3ba9.webp,filename=null
06-27 12:30:09.734  1919  2233 I ActivityManager: Killing 11329:com.larksuite.suite:wschannel/u0a238 (adj 945): empty #17
06-27 12:30:09.735  1919  2233 I Process : PerfMonitor : current process sending signal quiet. PID: 11329 SIG: 9
06-27 12:30:09.736  1919  2134 I Process : PerfMonitor : current process killing process group. PID: 11329
06-27 12:30:09.737   879   879 I ANDR-PERF-LM: LMPerfGlue: perfmodule_submit_request() 132: perfmodule_submit_request()
06-27 12:30:09.737   879   879 I ANDR-PERF-LM: Core: getInstance() 84: LM getInstance
06-27 12:30:09.737   879   879 I ANDR-PERF-LM: WQ: push() 59: LMTriggerQ push() size=0
06-27 12:30:09.737   879   879 I ANDR-PERF-LM: WQ: push() 61: LMTriggerQ push() done size=1
06-27 12:30:09.738   879   984 I ANDR-PERF-LM: WQ: pop() 42: LMTriggerQ pop() done size=0
06-27 12:30:09.738   879   984 I ANDR-PERF-LM: Core: lmMain() 373: Waiting on trigger Queue
06-27 12:30:09.738   879   984 I ANDR-PERF-LM: WQ: pop() 31: LMTriggerQ pop() size=0
06-27 12:30:09.738  1919  2385 I MiuiNetworkPolicy: updateUidState uid = 10238, uidState = 19
06-27 12:30:09.766 21445 21445 D DownloadManager: use xunlei (false) , id=2089,frompackage=com.miui.android.fashiongallery,uri=https://x-in-mob.glance-cdn.com/story/api/prerender?slug=%2Fnewz%2Fvideo-lite%2FIN%2Fen%2Ff-9ef814e4-51ee-11f0-861e-334e702f095e&utm_source=g&utm_medium=x&sr=Glance&gpid=9028e578-a622-404a-8cde-d84a0fd6763f&sdkv=30&gl_imp_id=gl_%24IMP_ID%3A03d59c7d1a25cd2f7505d8d324626a4217038007b9f09cec41559b42213b8cca%3AYZerH8n6%3A%24IMP_TS%3Ax%3AIN&variant=na,filename=null
06-27 12:30:09.767 21445 21485 D DownloadManager: [2087] Starting
06-27 12:30:09.774 21445 21478 I TetheringManager: registerTetheringEventCallback:com.android.providers.downloads
06-27 12:30:09.783 21427 21487 W oid.apps.photo: Accessing hidden method Landroid/view/ScrollCaptureTarget;-><init>(Landroid/view/View;Landroid/graphics/Rect;Landroid/graphics/Point;Landroid/view/ScrollCaptureCallback;)V (blacklist, linking, denied)
06-27 12:30:09.785 20746 20767 W System  : A resource failed to call close. 
06-27 12:30:09.785 20746 20767 W System  : A resource failed to call close. 
06-27 12:30:09.786 21445 21491 D DownloadManager: [2089] Starting
06-27 12:30:09.786 21445 21488 D DownloadManager: [2085] Starting
06-27 12:30:09.817   885 10843 I vendor.qti.hardware.servicetracker@1.2-service: bindService is called for service : com.google.android.gms/.chimera.PersistentDirectBootAwareApiService and for client com.google.android.apps.photos
06-27 12:30:09.817   885 10843 I vendor.qti.hardware.servicetracker@1.2-service: total connections for service : com.google.android.gms/.chimera.PersistentDirectBootAwareApiServiceare :22
06-27 12:30:09.817   885 10843 I vendor.qti.hardware.servicetracker@1.2-service: total connections for client : com.google.android.apps.photosare :2
06-27 12:30:09.834 21427 21486 I TetheringManager: registerTetheringEventCallback:com.google.android.apps.photos
06-27 12:30:09.850  1919  2478 D SlaveWifiManager: getWifiSlaveConnectionInfo
06-27 12:30:09.853  1919  2478 I chatty  : uid=1000(system) ConnectivitySer identical 77 lines
06-27 12:30:09.853  1919  2478 D SlaveWifiManager: getWifiSlaveConnectionInfo
06-27 12:30:09.853  1919  2402 D UntrustedWifiNetworkFactory: got request NetworkRequest [ TRACK_DEFAULT id=184, [ Capabilities: INTERNET&NOT_RESTRICTED&TRUSTED Uid: 10252 AdministratorUids: [] RequestorUid: 10252 RequestorPackageName: com.google.android.apps.photos] ] with score 60 and providerId 6
06-27 12:30:09.853  1919  2402 D WifiNetworkFactory: got request NetworkRequest [ TRACK_DEFAULT id=184, [ Capabilities: INTERNET&NOT_RESTRICTED&TRUSTED Uid: 10252 AdministratorUids: [] RequestorUid: 10252 RequestorPackageName: com.google.android.apps.photos] ] with score 60 and providerId 6
06-27 12:30:09.854  1919  2402 D WifiSlaveNetworkFactory: got request NetworkRequest [ TRACK_DEFAULT id=184, [ Capabilities: INTERNET&NOT_RESTRICTED&TRUSTED Uid: 10252 AdministratorUids: [] RequestorUid: 10252 RequestorPackageName: com.google.android.apps.photos] ] with score 60 and providerId 6
06-27 12:30:09.854  1919  2402 D UntrustedWifiNetworkFactory: got request NetworkRequest [ TRACK_DEFAULT id=184, [ Capabilities: INTERNET&NOT_RESTRICTED&TRUSTED Uid: 10252 AdministratorUids: [] RequestorUid: 10252 RequestorPackageName: com.google.android.apps.photos] ] with score 60 and providerId 6
06-27 12:30:09.854  2914  2914 D PhoneSwitcherNetworkRequstListener: got request NetworkRequest [ TRACK_DEFAULT id=184, [ Capabilities: INTERNET&NOT_RESTRICTED&TRUSTED Uid: 10252 AdministratorUids: [] RequestorUid: 10252 RequestorPackageName: com.google.android.apps.photos] ] with score 60 and providerId 6
06-27 12:30:09.854  1919  2574 D Ethernet: got request NetworkRequest [ TRACK_DEFAULT id=184, [ Capabilities: INTERNET&NOT_RESTRICTED&TRUSTED Uid: 10252 AdministratorUids: [] RequestorUid: 10252 RequestorPackageName: com.google.android.apps.photos] ] with score 60 and providerId 6
06-27 12:30:09.854  1919  2571 D WIFI_AWARE_FACTORY: got request NetworkRequest [ TRACK_DEFAULT id=184, [ Capabilities: INTERNET&NOT_RESTRICTED&TRUSTED Uid: 10252 AdministratorUids: [] RequestorUid: 10252 RequestorPackageName: com.google.android.apps.photos] ] with score 60 and providerId 6
06-27 12:30:09.888 21445 21480 D NetworkSecurityConfig: Using Network Security Config from resource network_security_config debugBuild: false
06-27 12:30:09.897   879   879 I ANDR-PERF-LM: LMPerfGlue: perfmodule_submit_request() 132: perfmodule_submit_request()
06-27 12:30:09.897   879   879 I ANDR-PERF-LM: Core: getInstance() 84: LM getInstance
06-27 12:30:09.897   879   879 I ANDR-PERF-LM: WQ: push() 59: LMTriggerQ push() size=0
06-27 12:30:09.897   879   879 I ANDR-PERF-LM: WQ: push() 61: LMTriggerQ push() done size=1
06-27 12:30:09.897   879   984 I ANDR-PERF-LM: WQ: pop() 42: LMTriggerQ pop() done size=0
06-27 12:30:09.897   698   698 I Zygote  : Process 11329 exited due to signal 9 (Killed)
06-27 12:30:09.897   879   984 I ANDR-PERF-LM: Core: lmMain() 373: Waiting on trigger Queue
06-27 12:30:09.897   879   984 I ANDR-PERF-LM: WQ: pop() 31: LMTriggerQ pop() size=0
06-27 12:30:09.900  1919  3752 W ANRStateManager: clear state, but process isn't exist. hash=47635328 uid=10238 pid=11329 state=16
06-27 12:30:09.900  1919  2134 I libprocessgroup: Successfully killed process cgroup uid 10238 pid 11329 in 164ms
06-27 12:30:09.900   885 10843 I vendor.qti.hardware.servicetracker@1.2-service: killProcess is called for pid : 11329
06-27 12:30:09.901   885 10843 I vendor.qti.hardware.servicetracker@1.2-service: process with pid 11329 is client
06-27 12:30:09.901   885 10843 I vendor.qti.hardware.servicetracker@1.2-service: removing client with pid 11329process namecom.larksuite.suite:wschannel
06-27 12:30:09.902 21445 21478 D NetworkSecurityConfig: Using Network Security Config from resource network_security_config debugBuild: false
06-27 12:30:09.902  8346  8389 I com.xiaomi.xms: oneway function results will be dropped but finished with status UNKNOWN_TRANSACTION and parcel size 0
06-27 12:30:09.903 21445 21478 D NetworkSecurityConfig: Using Network Security Config from resource network_security_config debugBuild: false
06-27 12:30:09.906 21445 21491 D NetworkSecurityConfig: Using Network Security Config from resource network_security_config debugBuild: false
06-27 12:30:09.907  1919  2385 I MiuiNetworkPolicy: removeUidState uid = 10238
06-27 12:30:09.907 21445 21491 D NetworkSecurityConfig: Using Network Security Config from resource network_security_config debugBuild: false
06-27 12:30:09.908 21445 21488 D NetworkSecurityConfig: Using Network Security Config from resource network_security_config debugBuild: false
06-27 12:30:09.909 21445 21485 D NetworkSecurityConfig: Using Network Security Config from resource network_security_config debugBuild: false
06-27 12:30:09.913 21445 21485 D NetworkSecurityConfig: Using Network Security Config from resource network_security_config debugBuild: false
06-27 12:30:09.929 21445 21488 D NetworkSecurityConfig: Using Network Security Config from resource network_security_config debugBuild: false
06-27 12:30:09.967 21445 21480 D NetworkSecurityConfig: Using Network Security Config from resource network_security_config debugBuild: false
06-27 12:30:09.976 20746 20942 W SoLoader[NativeDeps]: Couldn't find libtorchmerged_pytorch.so in native deps file
06-27 12:30:09.976 20746 20942 W SoLoader[NativeDeps]: Falling back to custom ELF parsing when loading libtorchmerged_pytorch.so, this can be slow
06-27 12:30:09.981 20746 21464 E ActionQueryTaskListener: 0 onTaskComplete [true,false,] BACKGROUND modules: [s_executorch_pytorch(*),pytorch]
06-27 12:30:09.996 20746 21310 E msys    : E[N mns]_OnDiskCacheGetData(542)=>Start post callback cache refresh DNS resolution
06-27 12:30:09.999 20746 21310 E msys    : E[N mns]_OnSystemDNSSuccessCallback(314)=>Cache refresh succeeded with system DNS resolver. IP count: 1
06-27 12:30:10.000 20746 20942 W SoLoader[NativeDeps]: Couldn't find libaudiostreamprocessor_pytorch.so in native deps file
06-27 12:30:10.000 20746 20942 W SoLoader[NativeDeps]: Falling back to custom ELF parsing when loading libaudiostreamprocessor_pytorch.so, this can be slow
06-27 12:30:10.003 20746 20746 W SWPool3_t1of1: type=1400 audit(0.0:3364): avc: granted { execute } for path="/data/data/com.instagram.android/lib-compressed/libpapayamerged.so" dev="sda31" ino=6801564 scontext=u:r:untrusted_app:s0:c8,c257,c512,c768 tcontext=u:object_r:app_data_file:s0:c8,c257,c512,c768 tclass=file app=com.instagram.android
06-27 12:30:10.003 20746 20746 W SWPool3_t1of1: type=1400 audit(0.0:3365): avc: granted { execute } for path="/data/data/com.instagram.android/lib-compressed/libaudiostreamprocessor.so" dev="sda31" ino=6801451 scontext=u:r:untrusted_app:s0:c8,c257,c512,c768 tcontext=u:object_r:app_data_file:s0:c8,c257,c512,c768 tclass=file app=com.instagram.android
06-27 12:30:10.018 20746 20942 W SoLoader[NativeDeps]: Couldn't find libaudiostreamprocessor_s_executorch_pytorch.so in native deps file
06-27 12:30:10.018 20746 20942 W SoLoader[NativeDeps]: Falling back to custom ELF parsing when loading libaudiostreamprocessor_s_executorch_pytorch.so, this can be slow
06-27 12:30:10.023 20746 20746 W SWPool3_t1of1: type=1400 audit(0.0:3366): avc: granted { execute } for path="/data/data/com.instagram.android/modules/s_executorch_pytorch_5d4481816e0140cd65eee1dabf7551a417aa987bca1ca651be8420e0191a8825/lib-compressed/arm64-v8a/libaudiostreamprocessor_s_executorch_pytorch.so" dev="sda31" ino=6914685 scontext=u:r:untrusted_app:s0:c8,c257,c512,c768 tcontext=u:object_r:app_data_file:s0:c8,c257,c512,c768 tclass=file app=com.instagram.android
06-27 12:30:10.039  7088  9694 W PSIUtils: MEMORY_SOME|27942816|2814850128538
06-27 12:30:10.033 20746 20746 W SWPool3_t1of1: type=1400 audit(0.0:3367): avc: granted { execute } for path="/data/data/com.instagram.android/lib-compressed/libardelivery-merged_1.so" dev="sda31" ino=6801442 scontext=u:r:untrusted_app:s0:c8,c257,c512,c768 tcontext=u:object_r:app_data_file:s0:c8,c257,c512,c768 tclass=file app=com.instagram.android
06-27 12:30:10.043 20746 20746 W SWPool3_t1of1: type=1400 audit(0.0:3368): avc: granted { execute } for path="/data/data/com.instagram.android/lib-compressed/librtc.so" dev="sda31" ino=6801579 scontext=u:r:untrusted_app:s0:c8,c257,c512,c768 tcontext=u:object_r:app_data_file:s0:c8,c257,c512,c768 tclass=file app=com.instagram.android
06-27 12:30:10.059 20746 20942 W SoLoader[NativeDeps]: Couldn't find libaudiostreamprocessor_pytorch_1.so in native deps file
06-27 12:30:10.059 20746 20942 W SoLoader[NativeDeps]: Falling back to custom ELF parsing when loading libaudiostreamprocessor_pytorch_1.so, this can be slow
06-27 12:30:10.069 21445 21478 I DownloadManager: [2088] executeDownload responseCode = 200,aHR0cHM6Ly94LWluLW1vYi5nbGFuY2UtY2RuLmNvbS9wdWJsaWMvZHluYW1pYy8xMDgweDI0MDAv
06-27 12:30:10.069 21445 21478 I DownloadManager: N2ZjYTkwZmUzOThhNjJmMTNlZTk5MDQxMmRjYTNjZmNhMDY5ZDQ3Zi53ZWJw
06-27 12:30:10.072 21445 21485 I DownloadManager: [2087] executeDownload responseCode = 200,aHR0cHM6Ly94LWluLW1vYi5nbGFuY2UtY2RuLmNvbS9wdWJsaWMvZHluYW1pYy8xMDgweDI0MDAv
06-27 12:30:10.072 21445 21485 I DownloadManager: NmIyYjEwMmRiOTVhZDgzMWE0ZDNkYWI0MGZiYzIxOGQyYzhkZjBlZi53ZWJw
06-27 12:30:10.081 21445 21488 I DownloadManager: [2085] executeDownload responseCode = 200,aHR0cHM6Ly94LWluLW1vYi5nbGFuY2UtY2RuLmNvbS9wdWJsaWMvZHluYW1pYy8xMDgweDI0MDAv
06-27 12:30:10.081 21445 21488 I DownloadManager: NzA2Yzk5YjcwOWNhODEyOGRiYTljNTk3YmYxZTQzZjQ2NGVhM2JhOS53ZWJw
06-27 12:30:10.094 21445 21485 I DownloadManager: [2087] parseOkHeaders. TotalBytes = 98902,transferEncoding = null
06-27 12:30:10.095 21445 21488 I DownloadManager: [2085] parseOkHeaders. TotalBytes = 40118,transferEncoding = null
06-27 12:30:10.096 21445 21478 I DownloadManager: [2088] parseOkHeaders. TotalBytes = 46312,transferEncoding = null
06-27 12:30:10.099 21445 21491 I DownloadManager: [2089] executeDownload responseCode = 200,aHR0cHM6Ly94LWluLW1vYi5nbGFuY2UtY2RuLmNvbS9zdG9yeS9hcGkvcHJlcmVuZGVyP3NsdWc9
06-27 12:30:10.099 21445 21491 I DownloadManager: JTJGbmV3eiUyRnZpZGVvLWxpdGUlMkZJTiUyRmVuJTJGZi05ZWY4MTRlNC01MWVlLTExZjAtODYx
06-27 12:30:10.099 21445 21491 I DownloadManager: ZS0zMzRlNzAyZjA5NWUmdXRtX3NvdXJjZT1nJnV0bV9tZWRpdW09eCZzcj1HbGFuY2UmZ3BpZD05
06-27 12:30:10.099 21445 21491 I DownloadManager: MDI4ZTU3OC1hNjIyLTQwNGEtOGNkZS1kODRhMGZkNjc2M2Ymc2Rrdj0zMCZnbF9pbXBfaWQ9Z2xf
06-27 12:30:10.099 21445 21491 I DownloadManager: JTI0SU1QX0lEJTNBMDNkNTljN2QxYTI1Y2QyZjc1MDVkOGQzMjQ2MjZhNDIxNzAzODAwN2I5ZjA5
06-27 12:30:10.099 21445 21491 I DownloadManager: Y2VjNDE1NTliNDIyMTNiOGNjYSUzQVlaZXJIOG42JTNBJTI0SU1QX1RTJTNBeCUzQUlOJnZhcmlh
06-27 12:30:10.099 21445 21491 I DownloadManager: bnQ9bmE=
06-27 12:30:10.100 21445 21491 I DownloadManager: [2089] parseOkHeaders. TotalBytes = 29604,transferEncoding = null
06-27 12:30:10.113 20878 21214 I TetheringManager: registerTetheringEventCallback:com.android.camera
06-27 12:30:10.123 21445 21480 I DownloadManager: [2086] executeDownload responseCode = 200,aHR0cHM6Ly94LWluLW1vYi5nbGFuY2UtY2RuLmNvbS9zdG9yeS9hcGkvcHJlcmVuZGVyP3NsdWc9
06-27 12:30:10.123 21445 21480 I DownloadManager: JTJGc3RvcnklMkZhcnRpY2xlcyUyRm5ld3MlMkZJTiUyRmVuJTJGZXQtbm93JTJGZi05OTNkMDZh
06-27 12:30:10.123 21445 21480 I DownloadManager: MmFiLWNjNzMzZjk0LTVhNDQtNWNiYy1iYzE2LWZmNzNiNjI5N2YyMiZ1dG1fc291cmNlPWcmdXRt
06-27 12:30:10.123 21445 21480 I DownloadManager: X21lZGl1bT14JnNyPUdsYW5jZSZncGlkPTkwMjhlNTc4LWE2MjItNDA0YS04Y2RlLWQ4NGEwZmQ2
06-27 12:30:10.123 21445 21480 I DownloadManager: NzYzZiZzZGt2PTMwJmdsX2ltcF9pZD1nbF8lMjRJTVBfSUQlM0EwM2Q1OWM3ZDFhMjVjZDJmNzUw
06-27 12:30:10.123 21445 21480 I DownloadManager: NWQ4ZDMyNDYyNmE0MjE3MDM4MDA3YjlmMDljZWM0MTU1OWI0MjIxM2I4Y2NhJTNBWVplcklEbTEl
06-27 12:30:10.123 21445 21480 I DownloadManager: M0ElMjRJTVBfVFMlM0F4JTNBSU4mdmFyaWFudD1uYQ==
06-27 12:30:10.124 21445 21480 I DownloadManager: [2086] parseOkHeaders. TotalBytes = 24536,transferEncoding = null
06-27 12:30:10.172 20746 20942 E ActionQueryTaskListener: 1 onTaskStart BACKGROUND modules: [executorch,s_executorch_pytorch(*)]
06-27 12:30:10.174 20746 21464 E ActionQueryTaskListener: 1 onLoadBatchStart BACKGROUND modules: [executorch,s_executorch_pytorch(*)]
06-27 12:30:10.202 21445 21485 W StorageManager: fallocate() not supported; falling back to ftruncate()
06-27 12:30:10.204 21445 21488 W StorageManager: fallocate() not supported; falling back to ftruncate()
06-27 12:30:10.209 21445 21478 W StorageManager: fallocate() not supported; falling back to ftruncate()
06-27 12:30:10.215 21445 21480 W StorageManager: fallocate() not supported; falling back to ftruncate()
06-27 12:30:10.225 21445 21488 D DownloadManager: [2085] Finished with status SUCCESS
06-27 12:30:10.226 21445 21478 D DownloadManager: [2088] Finished with status SUCCESS
06-27 12:30:10.227 21445 21480 D DownloadManager: [2086] Finished with status SUCCESS
06-27 12:30:10.228 21445 21491 W StorageManager: fallocate() not supported; falling back to ftruncate()
06-27 12:30:10.236 21445 21491 D DownloadManager: [2089] Finished with status SUCCESS
06-27 12:30:10.258 21445 21485 D DownloadManager: [2087] Finished with status SUCCESS
06-27 12:30:10.292   885 10843 I vendor.qti.hardware.servicetracker@1.2-service: unbindService is called for service : com.android.providers.downloads/.DownloadJobService and for client system
06-27 12:30:10.293  1919  2588 I ActivityManager: Killing 19147:com.miui.cloudservice:galleryproxy/u0a122 (adj 985): empty #17
06-27 12:30:10.293  1919  2588 I Process : PerfMonitor : current process sending signal quiet. PID: 19147 SIG: 9
06-27 12:30:10.294   879   879 I ANDR-PERF-LM: LMPerfGlue: perfmodule_submit_request() 132: perfmodule_submit_request()
06-27 12:30:10.294   879   879 I ANDR-PERF-LM: Core: getInstance() 84: LM getInstance
06-27 12:30:10.294   879   879 I ANDR-PERF-LM: WQ: push() 59: LMTriggerQ push() size=0
06-27 12:30:10.294   879   879 I ANDR-PERF-LM: WQ: push() 61: LMTriggerQ push() done size=1
06-27 12:30:10.294  1919  2134 I Process : PerfMonitor : current process killing process group. PID: 19147
06-27 12:30:10.294   879   984 I ANDR-PERF-LM: WQ: pop() 42: LMTriggerQ pop() done size=0
06-27 12:30:10.294   879   984 I ANDR-PERF-LM: Core: lmMain() 373: Waiting on trigger Queue
06-27 12:30:10.294   879   984 I ANDR-PERF-LM: WQ: pop() 31: LMTriggerQ pop() size=0
06-27 12:30:10.295  1919  2385 I MiuiNetworkPolicy: updateUidState uid = 10081, uidState = 19
06-27 12:30:10.303 19231 19414 D GlanceSDK_DB_AssetsStore: getAssetForDownloadId for downloadId 2088
06-27 12:30:10.304 19231 19327 D GlanceSDK_DB_AssetsStore: getAssetForDownloadId for downloadId 2089
06-27 12:30:10.304 19231 19328 D GlanceSDK_DB_AssetsStore: getAssetForDownloadId for downloadId 2085
06-27 12:30:10.304 19231 21512 D GlanceSDK_DB_AssetsStore: getAssetForDownloadId for downloadId 2087
06-27 12:30:10.304 19231 19326 D GlanceSDK_DB_AssetsStore: getAssetForDownloadId for downloadId 2086
06-27 12:30:10.305 20746 21464 E ActionQueryTaskListener: 1 onLoadBatchComplete exception: null BACKGROUND modules: [executorch,s_executorch_pytorch(*)]
06-27 12:30:10.307 20746 20942 I Mantle  : IGMantleJni::initHybrid is called.
06-27 12:30:10.307 20746 20942 I Mantle  : IGMantleJni::IGMantleJni is called.
06-27 12:30:10.328 19231 19328 D GlanceSDK_DB_AssetsStore: getAssetForDownloadId for downloadId 2085
06-27 12:30:10.328 19231 19414 D GlanceSDK_DB_AssetsStore: getAssetForDownloadId for downloadId 2088
06-27 12:30:10.328 19231 21512 D GlanceSDK_DB_AssetsStore: getAssetForDownloadId for downloadId 2087
06-27 12:30:10.328 19231 19326 D GlanceSDK_DB_AssetsStore: getAssetForDownloadId for downloadId 2086
06-27 12:30:10.328 19231 19327 D GlanceSDK_DB_AssetsStore: getAssetForDownloadId for downloadId 2089
06-27 12:30:10.330 19231 19328 I ActivityThread: downloads acquiringCount 2
06-27 12:30:10.330 19231 19327 I ActivityThread: downloads acquiringCount 3
06-27 12:30:10.331 19231 21512 I ActivityThread: downloads acquiringCount 4
06-27 12:30:10.331   885 10843 I vendor.qti.hardware.servicetracker@1.2-service: bindService is called for service : com.android.providers.downloads/.DownloadJobService and for client system
06-27 12:30:10.332   885 10843 I vendor.qti.hardware.servicetracker@1.2-service: total connections for service : com.android.providers.downloads/.DownloadJobServiceare :1
06-27 12:30:10.332   885 10843 I vendor.qti.hardware.servicetracker@1.2-service: total connections for client : systemare :25
06-27 12:30:10.332   885 10843 I vendor.qti.hardware.servicetracker@1.2-service: unbindService is called for service : com.android.providers.downloads/.DownloadJobService and for client system
06-27 12:30:10.333   885 10843 I vendor.qti.hardware.servicetracker@1.2-service: bindService is called for service : com.android.providers.downloads/.DownloadJobService and for client system
06-27 12:30:10.333   885 10843 I vendor.qti.hardware.servicetracker@1.2-service: total connections for service : com.android.providers.downloads/.DownloadJobServiceare :1
06-27 12:30:10.333   885 10843 I vendor.qti.hardware.servicetracker@1.2-service: total connections for client : systemare :25
06-27 12:30:10.334   885 10843 I vendor.qti.hardware.servicetracker@1.2-service: unbindService is called for service : com.android.providers.downloads/.DownloadJobService and for client system
06-27 12:30:10.353   698   698 I Zygote  : Process 19147 exited due to signal 9 (Killed)
06-27 12:30:10.354  1919  2134 I libprocessgroup: Successfully killed process cgroup uid 10122 pid 19147 in 59ms
06-27 12:30:10.354   879   879 I ANDR-PERF-LM: LMPerfGlue: perfmodule_submit_request() 132: perfmodule_submit_request()
06-27 12:30:10.354   879   879 I ANDR-PERF-LM: Core: getInstance() 84: LM getInstance
06-27 12:30:10.354   879   879 I ANDR-PERF-LM: WQ: push() 59: LMTriggerQ push() size=0
06-27 12:30:10.354   879   879 I ANDR-PERF-LM: WQ: push() 61: LMTriggerQ push() done size=1
06-27 12:30:10.354   879   984 I ANDR-PERF-LM: WQ: pop() 42: LMTriggerQ pop() done size=0
06-27 12:30:10.354   879   984 I ANDR-PERF-LM: Core: lmMain() 373: Waiting on trigger Queue
06-27 12:30:10.354   879   984 I ANDR-PERF-LM: WQ: pop() 31: LMTriggerQ pop() size=0
06-27 12:30:10.355   885 10843 I vendor.qti.hardware.servicetracker@1.2-service: killProcess is called for pid : 19147
06-27 12:30:10.355   885 10843 I vendor.qti.hardware.servicetracker@1.2-service: process with pid 19147 is client
06-27 12:30:10.355   885 10843 I vendor.qti.hardware.servicetracker@1.2-service: removing client with pid 19147process namecom.miui.cloudservice:galleryproxy
06-27 12:30:10.355  1919  2588 W ANRStateManager: clear state, but process isn't exist. hash=60067198 uid=10122 pid=19147 state=16
06-27 12:30:10.355  8346  8389 I com.xiaomi.xms: oneway function results will be dropped but finished with status UNKNOWN_TRANSACTION and parcel size 0
06-27 12:30:10.363   847  2607 I WifiHAL : event received NL80211_CMD_VENDOR, vendor_id = 0x1374, subcmd = 0xd
06-27 12:30:10.364  1560  1560 I cnss-daemon: nl80211 response handler invoked
06-27 12:30:10.364  1560  1560 I cnss-daemon: nl80211_response_handler: cmd 103, vendorID 4980, subcmd 13  received
06-27 12:30:10.364 19231 19327 D GlanceSDK_DB_AssetsStore: getAssetForDownloadId for downloadId 2089
06-27 12:30:10.368   885 10843 I vendor.qti.hardware.servicetracker@1.2-service: bindService is called for service : com.android.providers.downloads/.DownloadJobService and for client system
06-27 12:30:10.368   885 10843 I vendor.qti.hardware.servicetracker@1.2-service: total connections for service : com.android.providers.downloads/.DownloadJobServiceare :1
06-27 12:30:10.368   885 10843 I vendor.qti.hardware.servicetracker@1.2-service: total connections for client : systemare :25
06-27 12:30:10.368   885 10843 I vendor.qti.hardware.servicetracker@1.2-service: unbindService is called for service : com.android.providers.downloads/.DownloadJobService and for client system
06-27 12:30:10.370   885 10843 I vendor.qti.hardware.servicetracker@1.2-service: unbindService is called for service : com.google.android.apps.photos/.dbprocessor.impl.DatabaseProcessorJobService and for client system
06-27 12:30:10.370   885 10843 I vendor.qti.hardware.servicetracker@1.2-service: size of service connections for service: com.google.android.apps.photos/.dbprocessor.impl.DatabaseProcessorJobServiceafter removal is 0
06-27 12:30:10.370   885 10843 I vendor.qti.hardware.servicetracker@1.2-service: size of client connections for client: systemafter removal is 24
06-27 12:30:10.371   885 10843 I vendor.qti.hardware.servicetracker@1.2-service: destroyService is called for service : com.google.android.apps.photos/.dbprocessor.impl.DatabaseProcessorJobService
06-27 12:30:10.374  1919  2385 I MiuiNetworkPolicy: updateUidState uid = 10252, uidState = 10
06-27 12:30:10.376  1919  7211 I ActivityManager: Killing 18931:com.miui.gallery/u0a81 (adj 975): empty #17
06-27 12:30:10.376  1919  7211 I Process : PerfMonitor : current process sending signal quiet. PID: 18931 SIG: 9
06-27 12:30:10.377  1919  2134 I Process : PerfMonitor : current process killing process group. PID: 18931
06-27 12:30:10.377   879   879 I ANDR-PERF-LM: LMPerfGlue: perfmodule_submit_request() 132: perfmodule_submit_request()
06-27 12:30:10.377   879   879 I ANDR-PERF-LM: Core: getInstance() 84: LM getInstance
06-27 12:30:10.377   879   879 I ANDR-PERF-LM: WQ: push() 59: LMTriggerQ push() size=0
06-27 12:30:10.377   879   879 I ANDR-PERF-LM: WQ: push() 61: LMTriggerQ push() done size=1
06-27 12:30:10.377   879   984 I ANDR-PERF-LM: WQ: pop() 42: LMTriggerQ pop() done size=0
06-27 12:30:10.377   879   984 I ANDR-PERF-LM: Core: lmMain() 373: Waiting on trigger Queue
06-27 12:30:10.377   879   984 I ANDR-PERF-LM: WQ: pop() 31: LMTriggerQ pop() size=0
06-27 12:30:10.379  1919  2385 I MiuiNetworkPolicy: updateUidState uid = 10252, uidState = 19
06-27 12:30:10.398 19231 19327 D GlanceSDK_DB_AssetsStore: updateUri for assetId d55a75af98be8af5928241cb284db90c96bb45fa
06-27 12:30:10.401 19231 19327 D GlanceSDK_DB_AssetsStore: getAssetsMapping for assetId d55a75af98be8af5928241cb284db90c96bb45fa
06-27 12:30:10.409  1919  1940 W System  : A resource failed to call release. 
06-27 12:30:10.411  1919  1940 I chatty  : uid=1000(system) FinalizerDaemon identical 22 lines
06-27 12:30:10.411  1919  1940 W System  : A resource failed to call release. 
06-27 12:30:10.414   885 10843 I vendor.qti.hardware.servicetracker@1.2-service: bindService is called for service : com.android.providers.downloads/.DownloadJobService and for client system
06-27 12:30:10.414   885 10843 I vendor.qti.hardware.servicetracker@1.2-service: total connections for service : com.android.providers.downloads/.DownloadJobServiceare :1
06-27 12:30:10.414   885 10843 I vendor.qti.hardware.servicetracker@1.2-service: total connections for client : systemare :24
06-27 12:30:10.414   885 10843 I vendor.qti.hardware.servicetracker@1.2-service: bindService is called for service : com.miui.android.fashiongallery/glance.internal.sdk.commons.job.GlanceJobService and for client system
06-27 12:30:10.414   885 10843 I vendor.qti.hardware.servicetracker@1.2-service: total connections for service : com.miui.android.fashiongallery/glance.internal.sdk.commons.job.GlanceJobServiceare :1
06-27 12:30:10.414   885 10843 I vendor.qti.hardware.servicetracker@1.2-service: total connections for client : systemare :25
06-27 12:30:10.414  1919  1919 D CompatibilityInfo: mCompatibilityFlags - 0
06-27 12:30:10.414  1919  1919 D CompatibilityInfo: applicationDensity - 440
06-27 12:30:10.414  1919  1919 D CompatibilityInfo: applicationScale - 1.0
06-27 12:30:10.416   885 10843 I vendor.qti.hardware.servicetracker@1.2-service: startService() is called for servicecom.miui.android.fashiongallery/glance.internal.sdk.commons.job.GlanceJobService
06-27 12:30:10.416   885 10843 I vendor.qti.hardware.servicetracker@1.2-service: unbindService is called for service : com.android.providers.downloads/.DownloadJobService and for client system
06-27 12:30:10.416 19231 19327 D GlanceSDK_DB_GlanceStore: updateGlance for glanceId YZerH8n6
06-27 12:30:10.418  1919  2385 I MiuiNetworkPolicy: updateUidState uid = 10239, uidState = 8
06-27 12:30:10.418  1919  2385 I MiuiNetworkPolicy: updateUidState uid = 99004, uidState = 8
06-27 12:30:10.420 21445 21445 D DownloadManager: use xunlei (false) , id=2090,frompackage=com.miui.android.fashiongallery,uri=https://x-in-mob.glance-cdn.com/story/api/prerender?slug=%2Fnewz%2Fvideo-lite%2FIN%2Fen%2Ff-86c21c4f86-01ed88b4-8005-5fad-b584-6d009efbf13f&utm_source=g&utm_medium=x&sr=Glance&gpid=9028e578-a622-404a-8cde-d84a0fd6763f&sdkv=30&gl_imp_id=gl_%24IMP_ID%3A03d59c7d1a25cd2f7505d8d324626a4217038007b9f09cec41559b42213b8cca%3AYZerGh0P%3A%24IMP_TS%3Ax%3AIN&variant=na,filename=null
06-27 12:30:10.423 21445 21525 D DownloadManager: [2090] Starting
06-27 12:30:10.427   879   879 I ANDR-PERF-LM: LMPerfGlue: perfmodule_submit_request() 132: perfmodule_submit_request()
06-27 12:30:10.427   879   879 I ANDR-PERF-LM: Core: getInstance() 84: LM getInstance
06-27 12:30:10.427   879   879 I ANDR-PERF-LM: WQ: push() 59: LMTriggerQ push() size=0
06-27 12:30:10.427   879   879 I ANDR-PERF-LM: WQ: push() 61: LMTriggerQ push() done size=1
06-27 12:30:10.427   879   984 I ANDR-PERF-LM: WQ: pop() 42: LMTriggerQ pop() done size=0
06-27 12:30:10.427   879   984 I ANDR-PERF-LM: Core: lmMain() 373: Waiting on trigger Queue
06-27 12:30:10.427   879   984 I ANDR-PERF-LM: WQ: pop() 31: LMTriggerQ pop() size=0
06-27 12:30:10.427   885   937 I vendor.qti.hardware.servicetracker@1.2-service: killProcess is called for pid : 18931
06-27 12:30:10.428  1919  7211 W ANRStateManager: clear state, but process isn't exist. hash=189499427 uid=10081 pid=18931 state=16
06-27 12:30:10.428  8346  8389 I com.xiaomi.xms: oneway function results will be dropped but finished with status UNKNOWN_TRANSACTION and parcel size 0
06-27 12:30:10.429  1919  2385 I MiuiNetworkPolicy: removeUidState uid = 10081
06-27 12:30:10.430   698   698 I Zygote  : Process 18931 exited due to signal 9 (Killed)
06-27 12:30:10.433 19231 19327 D GlanceSDK_DB_AssetsStore: updateIncrementalDownloadState for asset ID d55a75af98be8af5928241cb284db90c96bb45fa
06-27 12:30:10.433 21445 21525 D NetworkSecurityConfig: Using Network Security Config from resource network_security_config debugBuild: false
06-27 12:30:10.434  1919  2134 I libprocessgroup: Successfully killed process cgroup uid 10081 pid 18931 in 57ms
06-27 12:30:10.434 21445 21525 D NetworkSecurityConfig: Using Network Security Config from resource network_security_config debugBuild: false
06-27 12:30:10.439 19231 19327 D GlanceSDK_DB_AssetsStore: updateDownloadCompletedAt for assetId d55a75af98be8af5928241cb284db90c96bb45fa
06-27 12:30:10.441   885   937 I vendor.qti.hardware.servicetracker@1.2-service: bindService is called for service : com.miui.android.fashiongallery/glance.internal.sdk.commons.job.GlanceJobService and for client system
06-27 12:30:10.441   885   937 I vendor.qti.hardware.servicetracker@1.2-service: total connections for service : com.miui.android.fashiongallery/glance.internal.sdk.commons.job.GlanceJobServiceare :1
06-27 12:30:10.441   885   937 I vendor.qti.hardware.servicetracker@1.2-service: total connections for client : systemare :25
06-27 12:30:10.442 19231 19327 D GlanceSDK_DB_AssetsStore: getAssetEntityById for assetId d55a75af98be8af5928241cb284db90c96bb45fa
06-27 12:30:10.446 21445 21445 D DownloadManager: use xunlei (false) , id=2091,frompackage=com.miui.android.fashiongallery,uri=https://x-in-mob.glance-cdn.com/public/dynamic/1080x2400/6de29412ef0fab205d14db874a78b31262af0cf9.webp,filename=null
06-27 12:30:10.450 21445 21527 D DownloadManager: [2091] Starting
06-27 12:30:10.450 19231 19327 D GlanceSDK_DB_GlanceStore: getGlanceById for glanceId YZerH8n6
06-27 12:30:10.452 19231 19327 D GlanceSDK_DB_AssetsStore: getAssetsMapping for assetId d55a75af98be8af5928241cb284db90c96bb45fa
06-27 12:30:10.456 19231 19327 D GlanceSDK_DB_AssetsStore: getAssets for glanceId YZerH8n6
06-27 12:30:10.460 21445 21527 D NetworkSecurityConfig: Using Network Security Config from resource network_security_config debugBuild: false
06-27 12:30:10.460 19231 19327 D GlanceSDK_DB_AssetsStore: getAssetsByState for downloadState 2
06-27 12:30:10.462 21445 21527 D NetworkSecurityConfig: Using Network Security Config from resource network_security_config debugBuild: false
06-27 12:30:10.463 19231 19327 D GlanceSDK_DB_AssetsStore: getNextQueuedAssetByGlanceType
06-27 12:30:10.467 21445 21445 D DownloadManager: use xunlei (false) , id=2092,frompackage=com.miui.android.fashiongallery,uri=https://x-in-mob.glance-cdn.com/story/api/prerender?slug=%2Fnewz%2Fvideo-lite%2FIN%2Fen%2Ff-86c21c4f86-c46912f5-edcd-594d-8a25-64f463cbbf90&utm_source=g&utm_medium=x&sr=Glance&gpid=9028e578-a622-404a-8cde-d84a0fd6763f&sdkv=30&gl_imp_id=gl_%24IMP_ID%3A03d59c7d1a25cd2f7505d8d324626a4217038007b9f09cec41559b42213b8cca%3AYZeqm8gg%3A%24IMP_TS%3Ax%3AIN&variant=na,filename=null
06-27 12:30:10.468 19231 21512 D GlanceSDK_DB_GlanceStore: getExpiredStoryGlances for count 0
06-27 12:30:10.473 21445 21525 I DownloadManager: [2090] executeDownload responseCode = 200,aHR0cHM6Ly94LWluLW1vYi5nbGFuY2UtY2RuLmNvbS9zdG9yeS9hcGkvcHJlcmVuZGVyP3NsdWc9
06-27 12:30:10.473 21445 21525 I DownloadManager: JTJGbmV3eiUyRnZpZGVvLWxpdGUlMkZJTiUyRmVuJTJGZi04NmMyMWM0Zjg2LTAxZWQ4OGI0LTgw
06-27 12:30:10.473 21445 21525 I DownloadManager: MDUtNWZhZC1iNTg0LTZkMDA5ZWZiZjEzZiZ1dG1fc291cmNlPWcmdXRtX21lZGl1bT14JnNyPUds
06-27 12:30:10.473 21445 21525 I DownloadManager: YW5jZSZncGlkPTkwMjhlNTc4LWE2MjItNDA0YS04Y2RlLWQ4NGEwZmQ2NzYzZiZzZGt2PTMwJmds
06-27 12:30:10.473 21445 21525 I DownloadManager: X2ltcF9pZD1nbF8lMjRJTVBfSUQlM0EwM2Q1OWM3ZDFhMjVjZDJmNzUwNWQ4ZDMyNDYyNmE0MjE3
06-27 12:30:10.473 21445 21525 I DownloadManager: MDM4MDA3YjlmMDljZWM0MTU1OWI0MjIxM2I4Y2NhJTNBWVplckdoMFAlM0ElMjRJTVBfVFMlM0F4
06-27 12:30:10.473 21445 21525 I DownloadManager: JTNBSU4mdmFyaWFudD1uYQ==
06-27 12:30:10.474 21445 21529 D DownloadManager: [2092] Starting
06-27 12:30:10.475 21445 21525 I DownloadManager: [2090] parseOkHeaders. TotalBytes = 30004,transferEncoding = null
06-27 12:30:10.480 19231 21512 D GlanceSDK_DB_GlanceStore: removeGlanceByIds for glanceIds [Ljava.lang.String;@b24df61
06-27 12:30:10.480 19231 21512 D GlanceSDK_DB_GlanceStore: getAssetIdsFromGlances
06-27 12:30:10.481 19231 21512 D GlanceSDK_DB_GlanceStore: getExpiredSponsoredGlances
06-27 12:30:10.481 19231 21512 D GlanceSDK_DB_GlanceStore: removeGlanceByIds for glanceIds [Ljava.lang.String;@c8da86
06-27 12:30:10.481 19231 21512 D GlanceSDK_DB_GlanceStore: getAssetIdsFromGlances
06-27 12:30:10.482 19231 21512 D GlanceSDK_DB_GlanceStore: getOldWallpaperGlances
06-27 12:30:10.483 19231 21512 D GlanceSDK_DB_GlanceStore: removeGlanceByIds for glanceIds [Ljava.lang.String;@1be0f47
06-27 12:30:10.483 19231 21512 D GlanceSDK_DB_GlanceStore: getAssetIdsFromGlances
06-27 12:30:10.489 19231 21512 D GlanceSDK_DB_GlanceStore: getExpiredFeaturedGlances
06-27 12:30:10.490 19231 21512 D GlanceSDK_DB_GlanceStore: removeGlanceByIds for glanceIds [Ljava.lang.String;@b481912
06-27 12:30:10.490 19231 21512 D GlanceSDK_DB_GlanceStore: getAssetIdsFromGlances
06-27 12:30:10.491 19231 21512 D GlanceSDK_DB_GlanceStore: removeGlanceByIds for glanceIds [Ljava.lang.String;@b4258e3
06-27 12:30:10.491 19231 21512 D GlanceSDK_DB_GlanceStore: getAssetIdsFromGlances
06-27 12:30:10.491 21445 21527 I DownloadManager: [2091] executeDownload responseCode = 200,aHR0cHM6Ly94LWluLW1vYi5nbGFuY2UtY2RuLmNvbS9wdWJsaWMvZHluYW1pYy8xMDgweDI0MDAv
06-27 12:30:10.491 21445 21527 I DownloadManager: NmRlMjk0MTJlZjBmYWIyMDVkMTRkYjg3NGE3OGIzMTI2MmFmMGNmOS53ZWJw
06-27 12:30:10.493 19231 19327 D GlanceSDK_DB_AssetsStore: getNextQueuedAssetByGlanceType
06-27 12:30:10.494 21445 21527 I DownloadManager: [2091] parseOkHeaders. TotalBytes = 44936,transferEncoding = null
06-27 12:30:10.503 21445 21445 D DownloadManager: use xunlei (false) , id=2093,frompackage=com.miui.android.fashiongallery,uri=https://x-in-mob.glance-cdn.com/public/dynamic/1080x2400/bb5441f97ca69418d9d075bece53034da63434ff.webp,filename=null
06-27 12:30:10.510 21445 21529 D NetworkSecurityConfig: Using Network Security Config from resource network_security_config debugBuild: false
06-27 12:30:10.511   885   937 I vendor.qti.hardware.servicetracker@1.2-service: unbindService is called for service : com.miui.android.fashiongallery/glance.internal.sdk.commons.job.GlanceJobService and for client system
06-27 12:30:10.511 21445 21529 D NetworkSecurityConfig: Using Network Security Config from resource network_security_config debugBuild: false
06-27 12:30:10.519   885   937 I vendor.qti.hardware.servicetracker@1.2-service: unbindService is called for service : com.google.android.gms/.chimera.PersistentDirectBootAwareApiService and for client com.google.android.gms
06-27 12:30:10.530 19231 21512 D GlanceSDK_DB_AssetsStore: getAssetsMapping for assetId 8cbd49a63d7d64cba1ac2141790073dbcdb6cf7c
06-27 12:30:10.535 21445 21530 D DownloadManager: [2093] Starting
06-27 12:30:10.543   885   937 I vendor.qti.hardware.servicetracker@1.2-service: bindService is called for service : com.miui.android.fashiongallery/glance.internal.sdk.commons.job.GlanceJobService and for client system
06-27 12:30:10.543   885   937 I vendor.qti.hardware.servicetracker@1.2-service: total connections for service : com.miui.android.fashiongallery/glance.internal.sdk.commons.job.GlanceJobServiceare :1
06-27 12:30:10.543   885   937 I vendor.qti.hardware.servicetracker@1.2-service: total connections for client : systemare :25
06-27 12:30:10.553 21445 21525 W StorageManager: fallocate() not supported; falling back to ftruncate()
06-27 12:30:10.559 21445 21525 D DownloadManager: [2090] Finished with status SUCCESS
06-27 12:30:10.561 19231 21512 D GlanceSDK_DB_AssetsStore: getAssetsMapping for assetId 7e069e7beef3de1bafe8bf48b6548328090c8b12
06-27 12:30:10.563 19231 19327 D GlanceSDK_DB_AssetsStore: queuedAttempted for assetId ca381922fb81938315da41af829dfaec50f5bbca
06-27 12:30:10.563 21445 21527 W StorageManager: fallocate() not supported; falling back to ftruncate()
06-27 12:30:10.568   885   937 I vendor.qti.hardware.servicetracker@1.2-service: unbindService is called for service : com.miui.android.fashiongallery/glance.internal.sdk.commons.job.GlanceJobService and for client system
06-27 12:30:10.571 21445 21527 D DownloadManager: [2091] Finished with status SUCCESS
06-27 12:30:10.572 19231 21512 D GlanceSDK_DB_AssetsStore: getAssetsMapping for assetId f1f473ae6b6a76347e11e642651ccb332ab7077f
06-27 12:30:10.573 19231 19327 D GlanceSDK_DB_GlanceStore: getGlanceEntityById for glanceId YZeligr-
06-27 12:30:10.577 21445 21530 D NetworkSecurityConfig: Using Network Security Config from resource network_security_config debugBuild: false
06-27 12:30:10.581 21445 21530 D NetworkSecurityConfig: Using Network Security Config from resource network_security_config debugBuild: false
06-27 12:30:10.584 19231 19326 D GlanceSDK_DB_AssetsStore: getAssetForDownloadId for downloadId 2090
06-27 12:30:10.585 19231 19326 D GlanceSDK_DB_AssetsStore: getAssetForDownloadId for downloadId 2090
06-27 12:30:10.590 19231 21512 D GlanceSDK_DB_AssetsStore: getAssetsMapping for assetId 3f278c9b559d88e323eca2abd9c7772e8b83dcc1
