--------- beginning of main
06-27 10:33:34.563   780   828 I mtkpower@impl: [powerd_req] TIMER_MSG_PERF_LOCK_TIMEOUT hdl:6485
06-27 10:33:34.563   780   828 I libPowerHal: [perfLockRel] hdl:6485, idx:3
06-27 10:33:34.563   780   828 I libPowerHal: [unsetGPUFreq] current min:0, max:0; scn_gpu_min:0, scn_gpu_max:-1; scn_gpu_min(HL):-1, scn_gpu_max(HL):-1
06-27 10:33:34.563   780   828 I libPowerHal: [setGPUFreq] Soft min/max = (0, 0); Hard min/max = (42, 0)
06-27 10:33:34.563   780   828 I libPowerHal: [setGPUFreq] final min/max = (0, 0)
06-27 10:33:34.563   780   828 I libPowerHal: INTERACTION: set gpu opp level: 0
06-27 10:33:34.563   780   828 I libPowerHal: INTERACTION: set gpu opp level max: 0
06-27 10:33:34.564   780   828 I libPowerHal: [perfLockAcq] idx:3 hdl:6503 hint:53 pid:780 tid:780 duration:80 lock_user:mtkpower@1.0-se => ret_hdl:6503
06-27 10:33:34.565   780   828 I libPowerHal: [setClusterFreq] INTERACTION set cpufreq[0] min:2000000 max:-1 cpufreq[1] min:2400000 max:-1 
06-27 10:33:34.565   780   828 I libPowerHal: [setGPUFreq] INTERACTION user set gpu freq min:0, max:-1
06-27 10:33:34.565   780   828 I libPowerHal: INTERACTION: set gpu opp level max: 0
06-27 10:33:34.565   780   828 I libPowerHal: [setGPUFreq] Soft min/max = (0, 0); Hard min/max = (42, 0)
06-27 10:33:34.565   780   828 I libPowerHal: [setGPUFreq] final min/max = (0, 0)
06-27 10:33:34.565   780   828 I libPowerHal: INTERACTION: set gpu opp level: 0
06-27 10:33:34.565   780   828 I libPowerHal: INTERACTION: set gpu opp level max: 0
06-27 10:33:34.568   780   828 I mtkpower@impl: [powerd_req] TIMER_MSG_PERF_LOCK_TIMEOUT hdl:6486
06-27 10:33:34.568   780   828 I libPowerHal: [perfLockRel] hdl:6486, idx:4
06-27 10:33:34.568   780   828 I libPowerHal: [unsetGPUFreq] current min:0, max:0; scn_gpu_min:0, scn_gpu_max:-1; scn_gpu_min(HL):-1, scn_gpu_max(HL):-1
06-27 10:33:34.568   780   828 I libPowerHal: [setGPUFreq] Soft min/max = (0, 0); Hard min/max = (42, 0)
06-27 10:33:34.568   780   828 I libPowerHal: [setGPUFreq] final min/max = (0, 0)
06-27 10:33:34.568   780   828 I libPowerHal: INTERACTION: set gpu opp level: 0
06-27 10:33:34.569   780   828 I libPowerHal: INTERACTION: set gpu opp level max: 0
06-27 10:33:34.570   780   828 I libPowerHal: [perfLockAcq] idx:4 hdl:6504 hint:53 pid:780 tid:780 duration:80 lock_user:mtkpower@1.0-se => ret_hdl:6504
06-27 10:33:34.571   780   828 I libPowerHal: [setClusterFreq] INTERACTION set cpufreq[0] min:2000000 max:-1 cpufreq[1] min:2400000 max:-1 
06-27 10:33:34.571   780   828 I libPowerHal: [setGPUFreq] INTERACTION user set gpu freq min:0, max:-1
06-27 10:33:34.571   780   828 I libPowerHal: INTERACTION: set gpu opp level max: 0
06-27 10:33:34.571   780   828 I libPowerHal: [setGPUFreq] Soft min/max = (0, 0); Hard min/max = (42, 0)
06-27 10:33:34.571   780   828 I libPowerHal: [setGPUFreq] final min/max = (0, 0)
06-27 10:33:34.571   780   828 I libPowerHal: INTERACTION: set gpu opp level: 0
06-27 10:33:34.571   780   828 I libPowerHal: INTERACTION: set gpu opp level max: 0
06-27 10:33:34.573   780   828 I mtkpower@impl: [powerd_req] TIMER_MSG_PERF_LOCK_TIMEOUT hdl:6487
06-27 10:33:34.573   780   828 I libPowerHal: [perfLockRel] hdl:6487, idx:5
06-27 10:33:34.573   780   828 I libPowerHal: [unsetGPUFreq] current min:0, max:0; scn_gpu_min:0, scn_gpu_max:-1; scn_gpu_min(HL):-1, scn_gpu_max(HL):-1
06-27 10:33:34.574   780   828 I libPowerHal: [setGPUFreq] Soft min/max = (0, 0); Hard min/max = (42, 0)
06-27 10:33:34.574   780   828 I libPowerHal: [setGPUFreq] final min/max = (0, 0)
06-27 10:33:34.574   780   828 I libPowerHal: INTERACTION: set gpu opp level: 0
06-27 10:33:34.574   780   828 I libPowerHal: INTERACTION: set gpu opp level max: 0
06-27 10:33:34.575   780   828 I libPowerHal: [perfLockAcq] idx:5 hdl:6505 hint:53 pid:780 tid:780 duration:80 lock_user:mtkpower@1.0-se => ret_hdl:6505
06-27 10:33:34.575   780   828 I libPowerHal: [setClusterFreq] INTERACTION set cpufreq[0] min:2000000 max:-1 cpufreq[1] min:2400000 max:-1 
06-27 10:33:34.575   780   828 I libPowerHal: [setGPUFreq] INTERACTION user set gpu freq min:0, max:-1
06-27 10:33:34.575   780   828 I libPowerHal: INTERACTION: set gpu opp level max: 0
06-27 10:33:34.575   780   828 I libPowerHal: [setGPUFreq] Soft min/max = (0, 0); Hard min/max = (42, 0)
06-27 10:33:34.575   780   828 I libPowerHal: [setGPUFreq] final min/max = (0, 0)
06-27 10:33:34.575   780   828 I libPowerHal: INTERACTION: set gpu opp level: 0
06-27 10:33:34.575   780   828 I libPowerHal: INTERACTION: set gpu opp level max: 0
06-27 10:33:34.577   780   828 I mtkpower@impl: [powerd_req] TIMER_MSG_PERF_LOCK_TIMEOUT hdl:6489
06-27 10:33:34.577   780   828 I libPowerHal: [perfLockRel] hdl:6489, idx:7
06-27 10:33:34.577   780   828 I libPowerHal: [unsetGPUFreq] current min:0, max:0; scn_gpu_min:0, scn_gpu_max:-1; scn_gpu_min(HL):-1, scn_gpu_max(HL):-1
06-27 10:33:34.577   780   828 I libPowerHal: [setGPUFreq] Soft min/max = (0, 0); Hard min/max = (42, 0)
06-27 10:33:34.577   780   828 I libPowerHal: [setGPUFreq] final min/max = (0, 0)
06-27 10:33:34.577   780   828 I libPowerHal: INTERACTION: set gpu opp level: 0
06-27 10:33:34.577   780   828 I libPowerHal: INTERACTION: set gpu opp level max: 0
06-27 10:33:34.579   780   828 I mtkpower@impl: [powerd_req] TIMER_MSG_PERF_LOCK_TIMEOUT hdl:6490
06-27 10:33:34.579   780   828 I libPowerHal: [perfLockRel] hdl:6490, idx:8
06-27 10:33:34.579   780   828 I libPowerHal: [unsetGPUFreq] current min:0, max:0; scn_gpu_min:0, scn_gpu_max:-1; scn_gpu_min(HL):-1, scn_gpu_max(HL):-1
06-27 10:33:34.579   780   828 I libPowerHal: [setGPUFreq] Soft min/max = (0, 0); Hard min/max = (42, 0)
06-27 10:33:34.579   780   828 I libPowerHal: [setGPUFreq] final min/max = (0, 0)
06-27 10:33:34.579   780   828 I libPowerHal: INTERACTION: set gpu opp level: 0
06-27 10:33:34.579   780   828 I libPowerHal: INTERACTION: set gpu opp level max: 0
06-27 10:33:34.581   780   828 I libPowerHal: [perfLockAcq] idx:7 hdl:6506 hint:53 pid:780 tid:780 duration:80 lock_user:mtkpower@1.0-se => ret_hdl:6506
06-27 10:33:34.581   780   828 I libPowerHal: [setClusterFreq] INTERACTION set cpufreq[0] min:2000000 max:-1 cpufreq[1] min:2400000 max:-1 
06-27 10:33:34.581   780   828 I libPowerHal: [setGPUFreq] INTERACTION user set gpu freq min:0, max:-1
06-27 10:33:34.581   780   828 I libPowerHal: INTERACTION: set gpu opp level max: 0
06-27 10:33:34.581   780   828 I libPowerHal: [setGPUFreq] Soft min/max = (0, 0); Hard min/max = (42, 0)
06-27 10:33:34.581   780   828 I libPowerHal: [setGPUFreq] final min/max = (0, 0)
06-27 10:33:34.582   780   828 I libPowerHal: INTERACTION: set gpu opp level: 0
06-27 10:33:34.582   780   828 I libPowerHal: INTERACTION: set gpu opp level max: 0
06-27 10:33:34.586   780   828 I mtkpower@impl: [powerd_req] TIMER_MSG_PERF_LOCK_TIMEOUT hdl:6491
06-27 10:33:34.586   780   828 I libPowerHal: [perfLockRel] hdl:6491, idx:9
06-27 10:33:34.586   780   828 I libPowerHal: [unsetGPUFreq] current min:0, max:0; scn_gpu_min:0, scn_gpu_max:-1; scn_gpu_min(HL):-1, scn_gpu_max(HL):-1
06-27 10:33:34.586   780   828 I libPowerHal: [setGPUFreq] Soft min/max = (0, 0); Hard min/max = (42, 0)
06-27 10:33:34.586   780   828 I libPowerHal: [setGPUFreq] final min/max = (0, 0)
06-27 10:33:34.586   780   828 I libPowerHal: INTERACTION: set gpu opp level: 0
06-27 10:33:34.586   780   828 I libPowerHal: INTERACTION: set gpu opp level max: 0
06-27 10:33:34.587   780   828 I libPowerHal: [perfLockAcq] idx:8 hdl:6507 hint:53 pid:780 tid:780 duration:80 lock_user:mtkpower@1.0-se => ret_hdl:6507
06-27 10:33:34.587   780   828 I libPowerHal: [setClusterFreq] INTERACTION set cpufreq[0] min:2000000 max:-1 cpufreq[1] min:2400000 max:-1 
06-27 10:33:34.587   780   828 I libPowerHal: [setGPUFreq] INTERACTION user set gpu freq min:0, max:-1
06-27 10:33:34.587   780   828 I libPowerHal: INTERACTION: set gpu opp level max: 0
06-27 10:33:34.587   780   828 I libPowerHal: [setGPUFreq] Soft min/max = (0, 0); Hard min/max = (42, 0)
06-27 10:33:34.587   780   828 I libPowerHal: [setGPUFreq] final min/max = (0, 0)
06-27 10:33:34.588   780   828 I libPowerHal: INTERACTION: set gpu opp level: 0
06-27 10:33:34.588   780   828 I libPowerHal: INTERACTION: set gpu opp level max: 0
06-27 10:33:34.590   780   828 I mtkpower@impl: [powerd_req] TIMER_MSG_PERF_LOCK_TIMEOUT hdl:6492
06-27 10:33:34.590   780   828 I libPowerHal: [perfLockRel] hdl:6492, idx:10
06-27 10:33:34.590   780   828 I libPowerHal: [unsetGPUFreq] current min:0, max:0; scn_gpu_min:0, scn_gpu_max:-1; scn_gpu_min(HL):-1, scn_gpu_max(HL):-1
06-27 10:33:34.590   780   828 I libPowerHal: [setGPUFreq] Soft min/max = (0, 0); Hard min/max = (42, 0)
06-27 10:33:34.590   780   828 I libPowerHal: [setGPUFreq] final min/max = (0, 0)
06-27 10:33:34.590   780   828 I libPowerHal: INTERACTION: set gpu opp level: 0
06-27 10:33:34.590   780   828 I libPowerHal: INTERACTION: set gpu opp level max: 0
06-27 10:33:34.593   780   828 I libPowerHal: [perfLockAcq] idx:9 hdl:6508 hint:53 pid:780 tid:780 duration:80 lock_user:mtkpower@1.0-se => ret_hdl:6508
06-27 10:33:34.593   780   828 I libPowerHal: [setClusterFreq] INTERACTION set cpufreq[0] min:2000000 max:-1 cpufreq[1] min:2400000 max:-1 
06-27 10:33:34.593   780   828 I libPowerHal: [setGPUFreq] INTERACTION user set gpu freq min:0, max:-1
06-27 10:33:34.593   780   828 I libPowerHal: INTERACTION: set gpu opp level max: 0
06-27 10:33:34.593   780   828 I libPowerHal: [setGPUFreq] Soft min/max = (0, 0); Hard min/max = (42, 0)
06-27 10:33:34.593   780   828 I libPowerHal: [setGPUFreq] final min/max = (0, 0)
06-27 10:33:34.593   780   828 I libPowerHal: INTERACTION: set gpu opp level: 0
06-27 10:33:34.593   780   828 I libPowerHal: INTERACTION: set gpu opp level max: 0
06-27 10:33:34.595   780   828 I mtkpower@impl: [powerd_req] TIMER_MSG_PERF_LOCK_TIMEOUT hdl:6493
06-27 10:33:34.596   780   828 I libPowerHal: [perfLockRel] hdl:6493, idx:11
06-27 10:33:34.596   780   828 I libPowerHal: [unsetGPUFreq] current min:0, max:0; scn_gpu_min:0, scn_gpu_max:-1; scn_gpu_min(HL):-1, scn_gpu_max(HL):-1
06-27 10:33:34.596   780   828 I libPowerHal: [setGPUFreq] Soft min/max = (0, 0); Hard min/max = (42, 0)
06-27 10:33:34.596   780   828 I libPowerHal: [setGPUFreq] final min/max = (0, 0)
06-27 10:33:34.596   780   828 I libPowerHal: INTERACTION: set gpu opp level: 0
06-27 10:33:34.596   780   828 I libPowerHal: INTERACTION: set gpu opp level max: 0
06-27 10:33:34.598   780   828 I libPowerHal: [perfLockAcq] idx:10 hdl:6509 hint:53 pid:780 tid:780 duration:80 lock_user:mtkpower@1.0-se => ret_hdl:6509
06-27 10:33:34.598   780   828 I libPowerHal: [setClusterFreq] INTERACTION set cpufreq[0] min:2000000 max:-1 cpufreq[1] min:2400000 max:-1 
06-27 10:33:34.598   780   828 I libPowerHal: [setGPUFreq] INTERACTION user set gpu freq min:0, max:-1
06-27 10:33:34.598   780   828 I libPowerHal: INTERACTION: set gpu opp level max: 0
06-27 10:33:34.598   780   828 I libPowerHal: [setGPUFreq] Soft min/max = (0, 0); Hard min/max = (42, 0)
06-27 10:33:34.598   780   828 I libPowerHal: [setGPUFreq] final min/max = (0, 0)
06-27 10:33:34.598   780   828 I libPowerHal: INTERACTION: set gpu opp level: 0
06-27 10:33:34.598   780   828 I libPowerHal: INTERACTION: set gpu opp level max: 0
06-27 10:33:34.600   780   828 I mtkpower@impl: [powerd_req] TIMER_MSG_PERF_LOCK_TIMEOUT hdl:6494
06-27 10:33:34.601   780   828 I libPowerHal: [perfLockRel] hdl:6494, idx:12
06-27 10:33:34.601   780   828 I libPowerHal: [unsetGPUFreq] current min:0, max:0; scn_gpu_min:0, scn_gpu_max:-1; scn_gpu_min(HL):-1, scn_gpu_max(HL):-1
06-27 10:33:34.601   780   828 I libPowerHal: [setGPUFreq] Soft min/max = (0, 0); Hard min/max = (42, 0)
06-27 10:33:34.601   780   828 I libPowerHal: [setGPUFreq] final min/max = (0, 0)
06-27 10:33:34.601   780   828 I libPowerHal: INTERACTION: set gpu opp level: 0
06-27 10:33:34.601   780   828 I libPowerHal: INTERACTION: set gpu opp level max: 0
06-27 10:33:34.603   780   828 I libPowerHal: [perfLockAcq] idx:11 hdl:6510 hint:53 pid:780 tid:780 duration:80 lock_user:mtkpower@1.0-se => ret_hdl:6510
06-27 10:33:34.603   780   828 I libPowerHal: [setClusterFreq] INTERACTION set cpufreq[0] min:2000000 max:-1 cpufreq[1] min:2400000 max:-1 
06-27 10:33:34.603   780   828 I libPowerHal: [setGPUFreq] INTERACTION user set gpu freq min:0, max:-1
06-27 10:33:34.603   780   828 I libPowerHal: INTERACTION: set gpu opp level max: 0
06-27 10:33:34.604   780   828 I libPowerHal: [setGPUFreq] Soft min/max = (0, 0); Hard min/max = (42, 0)
06-27 10:33:34.604   780   828 I libPowerHal: [setGPUFreq] final min/max = (0, 0)
06-27 10:33:34.604   780   828 I libPowerHal: INTERACTION: set gpu opp level: 0
06-27 10:33:34.604   780   828 I libPowerHal: INTERACTION: set gpu opp level max: 0
06-27 10:33:34.607   780   828 I mtkpower@impl: [powerd_req] TIMER_MSG_PERF_LOCK_TIMEOUT hdl:6495
06-27 10:33:34.607   780   828 I libPowerHal: [perfLockRel] hdl:6495, idx:13
06-27 10:33:34.607   780   828 I libPowerHal: [unsetGPUFreq] current min:0, max:0; scn_gpu_min:0, scn_gpu_max:-1; scn_gpu_min(HL):-1, scn_gpu_max(HL):-1
06-27 10:33:34.607   780   828 I libPowerHal: [setGPUFreq] Soft min/max = (0, 0); Hard min/max = (42, 0)
06-27 10:33:34.607   780   828 I libPowerHal: [setGPUFreq] final min/max = (0, 0)
06-27 10:33:34.607   780   828 I libPowerHal: INTERACTION: set gpu opp level: 0
06-27 10:33:34.608   780   828 I libPowerHal: INTERACTION: set gpu opp level max: 0
06-27 10:33:34.609   780   828 I libPowerHal: [perfLockAcq] idx:12 hdl:6511 hint:53 pid:780 tid:780 duration:80 lock_user:mtkpower@1.0-se => ret_hdl:6511
06-27 10:33:34.609   780   828 I libPowerHal: [setClusterFreq] INTERACTION set cpufreq[0] min:2000000 max:-1 cpufreq[1] min:2400000 max:-1 
06-27 10:33:34.609   780   828 I libPowerHal: [setGPUFreq] INTERACTION user set gpu freq min:0, max:-1
06-27 10:33:34.609   780   828 I libPowerHal: INTERACTION: set gpu opp level max: 0
06-27 10:33:34.609   780   828 I libPowerHal: [setGPUFreq] Soft min/max = (0, 0); Hard min/max = (42, 0)
06-27 10:33:34.609   780   828 I libPowerHal: [setGPUFreq] final min/max = (0, 0)
06-27 10:33:34.609   780   828 I libPowerHal: INTERACTION: set gpu opp level: 0
06-27 10:33:34.609   780   828 I libPowerHal: INTERACTION: set gpu opp level max: 0
06-27 10:33:34.612   780   828 I mtkpower@impl: [powerd_req] TIMER_MSG_PERF_LOCK_TIMEOUT hdl:6496
06-27 10:33:34.612   780   828 I libPowerHal: [perfLockRel] hdl:6496, idx:14
06-27 10:33:34.612   780   828 I libPowerHal: [unsetGPUFreq] current min:0, max:0; scn_gpu_min:0, scn_gpu_max:-1; scn_gpu_min(HL):-1, scn_gpu_max(HL):-1
06-27 10:33:34.612   780   828 I libPowerHal: [setGPUFreq] Soft min/max = (0, 0); Hard min/max = (42, 0)
06-27 10:33:34.612   780   828 I libPowerHal: [setGPUFreq] final min/max = (0, 0)
06-27 10:33:34.612   780   828 I libPowerHal: INTERACTION: set gpu opp level: 0
06-27 10:33:34.612   780   828 I libPowerHal: INTERACTION: set gpu opp level max: 0
06-27 10:33:34.614   780   828 I libPowerHal: [perfLockAcq] idx:13 hdl:6512 hint:53 pid:780 tid:780 duration:80 lock_user:mtkpower@1.0-se => ret_hdl:6512
06-27 10:33:34.614   780   828 I libPowerHal: [setClusterFreq] INTERACTION set cpufreq[0] min:2000000 max:-1 cpufreq[1] min:2400000 max:-1 
06-27 10:33:34.614   780   828 I libPowerHal: [setGPUFreq] INTERACTION user set gpu freq min:0, max:-1
06-27 10:33:34.614   780   828 I libPowerHal: INTERACTION: set gpu opp level max: 0
06-27 10:33:34.614   780   828 I libPowerHal: [setGPUFreq] Soft min/max = (0, 0); Hard min/max = (42, 0)
06-27 10:33:34.614   780   828 I libPowerHal: [setGPUFreq] final min/max = (0, 0)
06-27 10:33:34.614   780   828 I libPowerHal: INTERACTION: set gpu opp level: 0
06-27 10:33:34.614   780   828 I libPowerHal: INTERACTION: set gpu opp level max: 0
06-27 10:33:34.618   780   828 I mtkpower@impl: [powerd_req] TIMER_MSG_PERF_LOCK_TIMEOUT hdl:6498
06-27 10:33:34.618   780   828 I libPowerHal: [perfLockRel] hdl:6498, idx:16
06-27 10:33:34.618   780   828 I libPowerHal: [unsetGPUFreq] current min:0, max:0; scn_gpu_min:0, scn_gpu_max:-1; scn_gpu_min(HL):-1, scn_gpu_max(HL):-1
06-27 10:33:34.618   780   828 I libPowerHal: [setGPUFreq] Soft min/max = (0, 0); Hard min/max = (42, 0)
06-27 10:33:34.618   780   828 I libPowerHal: [setGPUFreq] final min/max = (0, 0)
06-27 10:33:34.618   780   828 I libPowerHal: INTERACTION: set gpu opp level: 0
06-27 10:33:34.618   780   828 I libPowerHal: INTERACTION: set gpu opp level max: 0
06-27 10:33:34.619   780   828 I libPowerHal: [perfLockAcq] idx:14 hdl:6513 hint:53 pid:780 tid:780 duration:80 lock_user:mtkpower@1.0-se => ret_hdl:6513
06-27 10:33:34.620   780   828 I libPowerHal: [setClusterFreq] INTERACTION set cpufreq[0] min:2000000 max:-1 cpufreq[1] min:2400000 max:-1 
06-27 10:33:34.620   780   828 I libPowerHal: [setGPUFreq] INTERACTION user set gpu freq min:0, max:-1
06-27 10:33:34.620   780   828 I libPowerHal: INTERACTION: set gpu opp level max: 0
06-27 10:33:34.620   780   828 I libPowerHal: [setGPUFreq] Soft min/max = (0, 0); Hard min/max = (42, 0)
06-27 10:33:34.620   780   828 I libPowerHal: [setGPUFreq] final min/max = (0, 0)
06-27 10:33:34.620   780   828 I libPowerHal: INTERACTION: set gpu opp level: 0
06-27 10:33:34.620   780   828 I libPowerHal: INTERACTION: set gpu opp level max: 0
06-27 10:33:34.622   780   828 I mtkpower@impl: [powerd_req] TIMER_MSG_PERF_LOCK_TIMEOUT hdl:6499
06-27 10:33:34.623   780   828 I libPowerHal: [perfLockRel] hdl:6499, idx:17
06-27 10:33:34.623   780   828 I libPowerHal: [unsetGPUFreq] current min:0, max:0; scn_gpu_min:0, scn_gpu_max:-1; scn_gpu_min(HL):-1, scn_gpu_max(HL):-1
06-27 10:33:34.623   780   828 I libPowerHal: [setGPUFreq] Soft min/max = (0, 0); Hard min/max = (42, 0)
06-27 10:33:34.623   780   828 I libPowerHal: [setGPUFreq] final min/max = (0, 0)
06-27 10:33:34.623   780   828 I libPowerHal: INTERACTION: set gpu opp level: 0
06-27 10:33:34.623   780   828 I libPowerHal: INTERACTION: set gpu opp level max: 0
06-27 10:33:34.626   780   828 I libPowerHal: [perfLockAcq] idx:16 hdl:6514 hint:53 pid:780 tid:780 duration:80 lock_user:mtkpower@1.0-se => ret_hdl:6514
06-27 10:33:34.626   780   828 I libPowerHal: [setClusterFreq] INTERACTION set cpufreq[0] min:2000000 max:-1 cpufreq[1] min:2400000 max:-1 
06-27 10:33:34.626   780   828 I libPowerHal: [setGPUFreq] INTERACTION user set gpu freq min:0, max:-1
06-27 10:33:34.626   780   828 I libPowerHal: INTERACTION: set gpu opp level max: 0
06-27 10:33:34.626   780   828 I libPowerHal: [setGPUFreq] Soft min/max = (0, 0); Hard min/max = (42, 0)
06-27 10:33:34.627   780   828 I libPowerHal: [setGPUFreq] final min/max = (0, 0)
06-27 10:33:34.627   780   828 I libPowerHal: INTERACTION: set gpu opp level: 0
06-27 10:33:34.627   780   828 I libPowerHal: INTERACTION: set gpu opp level max: 0
06-27 10:33:34.631   780   828 I mtkpower@impl: [powerd_req] TIMER_MSG_PERF_LOCK_TIMEOUT hdl:6500
06-27 10:33:34.631   780   828 I libPowerHal: [perfLockRel] hdl:6500, idx:18
06-27 10:33:34.631   780   828 I libPowerHal: [unsetGPUFreq] current min:0, max:0; scn_gpu_min:0, scn_gpu_max:-1; scn_gpu_min(HL):-1, scn_gpu_max(HL):-1
06-27 10:33:34.631   780   828 I libPowerHal: [setGPUFreq] Soft min/max = (0, 0); Hard min/max = (42, 0)
06-27 10:33:34.631   780   828 I libPowerHal: [setGPUFreq] final min/max = (0, 0)
06-27 10:33:34.631   780   828 I libPowerHal: INTERACTION: set gpu opp level: 0
06-27 10:33:34.631   780   828 I libPowerHal: INTERACTION: set gpu opp level max: 0
06-27 10:33:34.632   780   828 I libPowerHal: [perfLockAcq] idx:17 hdl:6515 hint:53 pid:780 tid:780 duration:80 lock_user:mtkpower@1.0-se => ret_hdl:6515
06-27 10:33:34.632   780   828 I libPowerHal: [setClusterFreq] INTERACTION set cpufreq[0] min:2000000 max:-1 cpufreq[1] min:2400000 max:-1 
06-27 10:33:34.632   780   828 I libPowerHal: [setGPUFreq] INTERACTION user set gpu freq min:0, max:-1
06-27 10:33:34.632   780   828 I libPowerHal: INTERACTION: set gpu opp level max: 0
06-27 10:33:34.632   780   828 I libPowerHal: [setGPUFreq] Soft min/max = (0, 0); Hard min/max = (42, 0)
06-27 10:33:34.632   780   828 I libPowerHal: [setGPUFreq] final min/max = (0, 0)
06-27 10:33:34.632   780   828 I libPowerHal: INTERACTION: set gpu opp level: 0
06-27 10:33:34.632   780   828 I libPowerHal: INTERACTION: set gpu opp level max: 0
06-27 10:33:34.635   780   828 I mtkpower@impl: [powerd_req] TIMER_MSG_PERF_LOCK_TIMEOUT hdl:6501
06-27 10:33:34.635   780   828 I libPowerHal: [perfLockRel] hdl:6501, idx:0
06-27 10:33:34.635   780   828 I libPowerHal: [unsetGPUFreq] current min:0, max:0; scn_gpu_min:0, scn_gpu_max:-1; scn_gpu_min(HL):-1, scn_gpu_max(HL):-1
06-27 10:33:34.636   780   828 I libPowerHal: [setGPUFreq] Soft min/max = (0, 0); Hard min/max = (42, 0)
06-27 10:33:34.636   780   828 I libPowerHal: [setGPUFreq] final min/max = (0, 0)
06-27 10:33:34.636   780   828 I libPowerHal: INTERACTION: set gpu opp level: 0
06-27 10:33:34.636   780   828 I libPowerHal: INTERACTION: set gpu opp level max: 0
06-27 10:33:34.637   780   828 I libPowerHal: [perfLockAcq] idx:0 hdl:6516 hint:53 pid:780 tid:780 duration:80 lock_user:mtkpower@1.0-se => ret_hdl:6516
06-27 10:33:34.637   780   828 I libPowerHal: [setClusterFreq] INTERACTION set cpufreq[0] min:2000000 max:-1 cpufreq[1] min:2400000 max:-1 
06-27 10:33:34.637   780   828 I libPowerHal: [setGPUFreq] INTERACTION user set gpu freq min:0, max:-1
06-27 10:33:34.637   780   828 I libPowerHal: INTERACTION: set gpu opp level max: 0
06-27 10:33:34.637   780   828 I libPowerHal: [setGPUFreq] Soft min/max = (0, 0); Hard min/max = (42, 0)
06-27 10:33:34.637   780   828 I libPowerHal: [setGPUFreq] final min/max = (0, 0)
06-27 10:33:34.637   780   828 I libPowerHal: INTERACTION: set gpu opp level: 0
06-27 10:33:34.637   780   828 I libPowerHal: INTERACTION: set gpu opp level max: 0
--------- beginning of system
06-27 10:33:34.639  1357  1699 I AppWidgetServiceImpl: startListening() 0
06-27 10:33:34.639   780   828 I mtkpower@impl: [powerd_req] TIMER_MSG_PERF_LOCK_TIMEOUT hdl:6502
06-27 10:33:34.639   780   828 I libPowerHal: [perfLockRel] hdl:6502, idx:2
06-27 10:33:34.639   780   828 I libPowerHal: [unsetGPUFreq] current min:0, max:0; scn_gpu_min:0, scn_gpu_max:-1; scn_gpu_min(HL):-1, scn_gpu_max(HL):-1
06-27 10:33:34.639   780   828 I libPowerHal: [setGPUFreq] Soft min/max = (0, 0); Hard min/max = (42, 0)
06-27 10:33:34.639   780   828 I libPowerHal: [setGPUFreq] final min/max = (0, 0)
06-27 10:33:34.639   780   828 I libPowerHal: INTERACTION: set gpu opp level: 0
06-27 10:33:34.640   780   828 I libPowerHal: INTERACTION: set gpu opp level max: 0
06-27 10:33:34.642   780   828 I libPowerHal: [perfLockAcq] idx:2 hdl:6517 hint:53 pid:780 tid:780 duration:80 lock_user:mtkpower@1.0-se => ret_hdl:6517
06-27 10:33:34.642   780   828 I libPowerHal: [setClusterFreq] INTERACTION set cpufreq[0] min:2000000 max:-1 cpufreq[1] min:2400000 max:-1 
06-27 10:33:34.642   780   828 I libPowerHal: [setGPUFreq] INTERACTION user set gpu freq min:0, max:-1
06-27 10:33:34.642   780   828 I libPowerHal: INTERACTION: set gpu opp level max: 0
06-27 10:33:34.642  1357  1699 I AppWidgetServiceImpl: getInstalledProvidersForProfiles() 0
06-27 10:33:34.642   780   828 I libPowerHal: [setGPUFreq] Soft min/max = (0, 0); Hard min/max = (42, 0)
06-27 10:33:34.642   780   828 I libPowerHal: [setGPUFreq] final min/max = (0, 0)
06-27 10:33:34.642   780   828 I libPowerHal: INTERACTION: set gpu opp level: 0
06-27 10:33:34.642  1357  1929 I AppWidgetServiceImpl: getInstalledProvidersForProfiles() 0
06-27 10:33:34.642   780   828 I libPowerHal: INTERACTION: set gpu opp level max: 0
06-27 10:33:34.642  1357  1929 I AppWidgetServiceImpl: notifyProviderInheritance() 0
06-27 10:33:34.643  1357  1699 I AppWidgetServiceImpl: getAppWidgetInfo() 0
06-27 10:33:34.645   780   828 I mtkpower@impl: [powerd_req] TIMER_MSG_PERF_LOCK_TIMEOUT hdl:6503
06-27 10:33:34.645   780   828 I libPowerHal: [perfLockRel] hdl:6503, idx:3
06-27 10:33:34.645   780   828 I libPowerHal: [unsetGPUFreq] current min:0, max:0; scn_gpu_min:0, scn_gpu_max:-1; scn_gpu_min(HL):-1, scn_gpu_max(HL):-1
06-27 10:33:34.645   780   828 I libPowerHal: [setGPUFreq] Soft min/max = (0, 0); Hard min/max = (42, 0)
06-27 10:33:34.645   780   828 I libPowerHal: [setGPUFreq] final min/max = (0, 0)
06-27 10:33:34.645   780   828 I libPowerHal: INTERACTION: set gpu opp level: 0
06-27 10:33:34.645   780   828 I libPowerHal: INTERACTION: set gpu opp level max: 0
06-27 10:33:34.646  1357  1699 I AppWidgetServiceImpl: getAppWidgetViews() 0
06-27 10:33:34.648   780   828 I libPowerHal: [perfLockAcq] idx:3 hdl:6518 hint:53 pid:780 tid:780 duration:80 lock_user:mtkpower@1.0-se => ret_hdl:6518
06-27 10:33:34.648   780   828 I libPowerHal: [setClusterFreq] INTERACTION set cpufreq[0] min:2000000 max:-1 cpufreq[1] min:2400000 max:-1 
06-27 10:33:34.648   780   828 I libPowerHal: [setGPUFreq] INTERACTION user set gpu freq min:0, max:-1
06-27 10:33:34.648   780   828 I libPowerHal: INTERACTION: set gpu opp level max: 0
06-27 10:33:34.648   780   828 I libPowerHal: [setGPUFreq] Soft min/max = (0, 0); Hard min/max = (42, 0)
06-27 10:33:34.648   780   828 I libPowerHal: [setGPUFreq] final min/max = (0, 0)
06-27 10:33:34.648   780   828 I libPowerHal: INTERACTION: set gpu opp level: 0
06-27 10:33:34.648   780   828 I libPowerHal: INTERACTION: set gpu opp level max: 0
06-27 10:33:34.651   780   828 I mtkpower@impl: [powerd_req] TIMER_MSG_PERF_LOCK_TIMEOUT hdl:6504
06-27 10:33:34.651   780   828 I libPowerHal: [perfLockRel] hdl:6504, idx:4
06-27 10:33:34.651   780   828 I libPowerHal: [unsetGPUFreq] current min:0, max:0; scn_gpu_min:0, scn_gpu_max:-1; scn_gpu_min(HL):-1, scn_gpu_max(HL):-1
06-27 10:33:34.651   780   828 I libPowerHal: [setGPUFreq] Soft min/max = (0, 0); Hard min/max = (42, 0)
06-27 10:33:34.651   780   828 I libPowerHal: [setGPUFreq] final min/max = (0, 0)
06-27 10:33:34.651   780   828 I libPowerHal: INTERACTION: set gpu opp level: 0
06-27 10:33:34.651   780   828 I libPowerHal: INTERACTION: set gpu opp level max: 0
06-27 10:33:34.653   780   828 I libPowerHal: [perfLockAcq] idx:4 hdl:6519 hint:53 pid:780 tid:780 duration:80 lock_user:mtkpower@1.0-se => ret_hdl:6519
06-27 10:33:34.653   780   828 I libPowerHal: [setClusterFreq] INTERACTION set cpufreq[0] min:2000000 max:-1 cpufreq[1] min:2400000 max:-1 
06-27 10:33:34.653   780   828 I libPowerHal: [setGPUFreq] INTERACTION user set gpu freq min:0, max:-1
06-27 10:33:34.653   780   828 I libPowerHal: INTERACTION: set gpu opp level max: 0
06-27 10:33:34.653   780   828 I libPowerHal: [setGPUFreq] Soft min/max = (0, 0); Hard min/max = (42, 0)
06-27 10:33:34.653   780   828 I libPowerHal: [setGPUFreq] final min/max = (0, 0)
06-27 10:33:34.653   780   828 I libPowerHal: INTERACTION: set gpu opp level: 0
06-27 10:33:34.653   780   828 I libPowerHal: INTERACTION: set gpu opp level max: 0
06-27 10:33:34.655   780   828 I mtkpower@impl: [powerd_req] TIMER_MSG_PERF_LOCK_TIMEOUT hdl:6505
06-27 10:33:34.655   780   828 I libPowerHal: [perfLockRel] hdl:6505, idx:5
06-27 10:33:34.655   780   828 I libPowerHal: [unsetGPUFreq] current min:0, max:0; scn_gpu_min:0, scn_gpu_max:-1; scn_gpu_min(HL):-1, scn_gpu_max(HL):-1
06-27 10:33:34.656   780   828 I libPowerHal: [setGPUFreq] Soft min/max = (0, 0); Hard min/max = (42, 0)
06-27 10:33:34.656   780   828 I libPowerHal: [setGPUFreq] final min/max = (0, 0)
06-27 10:33:34.656   780   828 I libPowerHal: INTERACTION: set gpu opp level: 0
06-27 10:33:34.656   780   828 I libPowerHal: INTERACTION: set gpu opp level max: 0
06-27 10:33:34.659   780   828 I libPowerHal: [perfLockAcq] idx:5 hdl:6520 hint:53 pid:780 tid:780 duration:80 lock_user:mtkpower@1.0-se => ret_hdl:6520
06-27 10:33:34.659   780   828 I libPowerHal: [setClusterFreq] INTERACTION set cpufreq[0] min:2000000 max:-1 cpufreq[1] min:2400000 max:-1 
06-27 10:33:34.659   780   828 I libPowerHal: [setGPUFreq] INTERACTION user set gpu freq min:0, max:-1
06-27 10:33:34.659   780   828 I libPowerHal: INTERACTION: set gpu opp level max: 0
06-27 10:33:34.659   780   828 I libPowerHal: [setGPUFreq] Soft min/max = (0, 0); Hard min/max = (42, 0)
06-27 10:33:34.659   780   828 I libPowerHal: [setGPUFreq] final min/max = (0, 0)
06-27 10:33:34.659   780   828 I libPowerHal: INTERACTION: set gpu opp level: 0
06-27 10:33:34.659   780   828 I libPowerHal: INTERACTION: set gpu opp level max: 0
06-27 10:33:34.660   747   787 E HfLooper: dst->data[13.000000,38.000000,9769.000000]
06-27 10:33:34.661  1357  1699 I AppWidgetServiceImpl: getAppWidgetOptions() 0
06-27 10:33:34.661   780   828 I mtkpower@impl: [powerd_req] TIMER_MSG_PERF_LOCK_TIMEOUT hdl:6506
06-27 10:33:34.662   780   828 I libPowerHal: [perfLockRel] hdl:6506, idx:7
06-27 10:33:34.662   780   828 I libPowerHal: [unsetGPUFreq] current min:0, max:0; scn_gpu_min:0, scn_gpu_max:-1; scn_gpu_min(HL):-1, scn_gpu_max(HL):-1
06-27 10:33:34.662   780   828 I libPowerHal: [setGPUFreq] Soft min/max = (0, 0); Hard min/max = (42, 0)
06-27 10:33:34.662   780   828 I libPowerHal: [setGPUFreq] final min/max = (0, 0)
06-27 10:33:34.662   780   828 I libPowerHal: INTERACTION: set gpu opp level: 0
06-27 10:33:34.662   780   828 I libPowerHal: INTERACTION: set gpu opp level max: 0
06-27 10:33:34.663   780   828 I libPowerHal: [perfLockAcq] idx:7 hdl:6521 hint:53 pid:780 tid:780 duration:80 lock_user:mtkpower@1.0-se => ret_hdl:6521
06-27 10:33:34.664   780   828 I libPowerHal: [setClusterFreq] INTERACTION set cpufreq[0] min:2000000 max:-1 cpufreq[1] min:2400000 max:-1 
06-27 10:33:34.664   780   828 I libPowerHal: [setGPUFreq] INTERACTION user set gpu freq min:0, max:-1
06-27 10:33:34.664   780   828 I libPowerHal: INTERACTION: set gpu opp level max: 0
06-27 10:33:34.664   780   828 I libPowerHal: [setGPUFreq] Soft min/max = (0, 0); Hard min/max = (42, 0)
06-27 10:33:34.664   780   828 I libPowerHal: [setGPUFreq] final min/max = (0, 0)
06-27 10:33:34.664   780   828 I libPowerHal: INTERACTION: set gpu opp level: 0
06-27 10:33:34.664   780   828 I libPowerHal: INTERACTION: set gpu opp level max: 0
06-27 10:33:34.666  1911  1911 I OverviewComponentObserver: updateOverviewTargets: mIsHomeDisabled=false, isDefaultHomeNull=false, mIsDefaultHome=true
06-27 10:33:34.668   780   828 I mtkpower@impl: [powerd_req] TIMER_MSG_PERF_LOCK_TIMEOUT hdl:6507
06-27 10:33:34.668   780   828 I libPowerHal: [perfLockRel] hdl:6507, idx:8
06-27 10:33:34.669   780   828 I libPowerHal: [unsetGPUFreq] current min:0, max:0; scn_gpu_min:0, scn_gpu_max:-1; scn_gpu_min(HL):-1, scn_gpu_max(HL):-1
06-27 10:33:34.669   909   909 I touch_boost: enable=0, render_deboost=1, active_time=100, duration=200, idleprefer(TA,FG)=(1,1), util(TA,FG)=(80,80), freq(c0,c1,c2)=(1800000,2200000,0)
06-27 10:33:34.669   780   828 I libPowerHal: [setGPUFreq] Soft min/max = (0, 0); Hard min/max = (42, 0)
06-27 10:33:34.669   780   828 I libPowerHal: [setGPUFreq] final min/max = (0, 0)
06-27 10:33:34.669   780   828 I libPowerHal: INTERACTION: set gpu opp level: 0
06-27 10:33:34.669   780   828 I libPowerHal: INTERACTION: set gpu opp level max: 0
06-27 10:33:34.670   909   909 I mtkpower_client: perf_lock_rel, hdl:6483, tid:909
06-27 10:33:34.670   780   828 I libPowerHal: [perfLockAcq] idx:8 hdl:6522 hint:53 pid:780 tid:780 duration:80 lock_user:mtkpower@1.0-se => ret_hdl:6522
06-27 10:33:34.671   780   828 I libPowerHal: [setClusterFreq] INTERACTION set cpufreq[0] min:2000000 max:-1 cpufreq[1] min:2400000 max:-1 
06-27 10:33:34.671   780   828 I libPowerHal: [setGPUFreq] INTERACTION user set gpu freq min:0, max:-1
06-27 10:33:34.671   780   828 I libPowerHal: INTERACTION: set gpu opp level max: 0
06-27 10:33:34.671   780   828 I libPowerHal: [setGPUFreq] Soft min/max = (0, 0); Hard min/max = (42, 0)
06-27 10:33:34.671   780   828 I libPowerHal: [setGPUFreq] final min/max = (0, 0)
06-27 10:33:34.671   780   828 I libPowerHal: INTERACTION: set gpu opp level: 0
06-27 10:33:34.671   780   828 I libPowerHal: INTERACTION: set gpu opp level max: 0
06-27 10:33:34.672   780   828 I libPowerHal: [perfLockRel] hdl:6483, idx:1
06-27 10:33:34.672   780   828 I libPowerHal: [PD] touch_boost update cmd:1404100 param:0
06-27 10:33:34.672   780   828 I libPowerHal: [PD] touch_boost update cmd:1404300 param:0
06-27 10:33:34.672   780   828 I libPowerHal: [PD] touch_boost update cmd:1408100 param:0
06-27 10:33:34.674  1357  1929 I AppWidgetServiceImpl: startListening() 0
06-27 10:33:34.674   780   828 I mtkpower@impl: [powerd_req] TIMER_MSG_PERF_LOCK_TIMEOUT hdl:6508
06-27 10:33:34.674   780   828 I libPowerHal: [perfLockRel] hdl:6508, idx:9
06-27 10:33:34.674   780   828 I libPowerHal: [unsetGPUFreq] current min:0, max:0; scn_gpu_min:0, scn_gpu_max:-1; scn_gpu_min(HL):-1, scn_gpu_max(HL):-1
06-27 10:33:34.674   780   828 I libPowerHal: [setGPUFreq] Soft min/max = (0, 0); Hard min/max = (42, 0)
06-27 10:33:34.674   780   828 I libPowerHal: [setGPUFreq] final min/max = (0, 0)
06-27 10:33:34.674   780   828 I libPowerHal: INTERACTION: set gpu opp level: 0
06-27 10:33:34.675   780   828 I libPowerHal: INTERACTION: set gpu opp level max: 0
06-27 10:33:34.675   780   828 I libPowerHal: [perfLockAcq] idx:1 hdl:6523 hint:53 pid:780 tid:780 duration:80 lock_user:mtkpower@1.0-se => ret_hdl:6523
06-27 10:33:34.675   780   828 I libPowerHal: [setClusterFreq] INTERACTION set cpufreq[0] min:2000000 max:-1 cpufreq[1] min:2400000 max:-1 
06-27 10:33:34.675   780   828 I libPowerHal: [setGPUFreq] INTERACTION user set gpu freq min:0, max:-1
06-27 10:33:34.675   780   828 I libPowerHal: INTERACTION: set gpu opp level max: 0
06-27 10:33:34.675   780   828 I libPowerHal: [setGPUFreq] Soft min/max = (0, 0); Hard min/max = (42, 0)
06-27 10:33:34.675   780   828 I libPowerHal: [setGPUFreq] final min/max = (0, 0)
06-27 10:33:34.675   780   828 I libPowerHal: INTERACTION: set gpu opp level: 0
06-27 10:33:34.676   780   828 I libPowerHal: INTERACTION: set gpu opp level max: 0
06-27 10:33:34.679   780   828 I mtkpower@impl: [powerd_req] TIMER_MSG_PERF_LOCK_TIMEOUT hdl:6509
06-27 10:33:34.679   780   828 I libPowerHal: [perfLockRel] hdl:6509, idx:10
06-27 10:33:34.679   780   828 I libPowerHal: [unsetGPUFreq] current min:0, max:0; scn_gpu_min:0, scn_gpu_max:-1; scn_gpu_min(HL):-1, scn_gpu_max(HL):-1
06-27 10:33:34.679   780   828 I libPowerHal: [setGPUFreq] Soft min/max = (0, 0); Hard min/max = (42, 0)
06-27 10:33:34.679   780   828 I libPowerHal: [setGPUFreq] final min/max = (0, 0)
06-27 10:33:34.679   780   828 I libPowerHal: INTERACTION: set gpu opp level: 0
06-27 10:33:34.679   780   828 I libPowerHal: INTERACTION: set gpu opp level max: 0
06-27 10:33:34.681   780   828 I libPowerHal: [perfLockAcq] idx:9 hdl:6524 hint:53 pid:780 tid:780 duration:80 lock_user:mtkpower@1.0-se => ret_hdl:6524
06-27 10:33:34.681   780   828 I libPowerHal: [setClusterFreq] INTERACTION set cpufreq[0] min:2000000 max:-1 cpufreq[1] min:2400000 max:-1 
06-27 10:33:34.681   780   828 I libPowerHal: [setGPUFreq] INTERACTION user set gpu freq min:0, max:-1
06-27 10:33:34.681   780   828 I libPowerHal: INTERACTION: set gpu opp level max: 0
06-27 10:33:34.681   780   828 I libPowerHal: [setGPUFreq] Soft min/max = (0, 0); Hard min/max = (42, 0)
06-27 10:33:34.681   780   828 I libPowerHal: [setGPUFreq] final min/max = (0, 0)
06-27 10:33:34.681   780   828 I libPowerHal: INTERACTION: set gpu opp level: 0
06-27 10:33:34.681   780   828 I libPowerHal: INTERACTION: set gpu opp level max: 0
06-27 10:33:34.684   780   828 I mtkpower@impl: [powerd_req] TIMER_MSG_PERF_LOCK_TIMEOUT hdl:6510
06-27 10:33:34.684   780   828 I libPowerHal: [perfLockRel] hdl:6510, idx:11
06-27 10:33:34.684   780   828 I libPowerHal: [unsetGPUFreq] current min:0, max:0; scn_gpu_min:0, scn_gpu_max:-1; scn_gpu_min(HL):-1, scn_gpu_max(HL):-1
06-27 10:33:34.684   780   828 I libPowerHal: [setGPUFreq] Soft min/max = (0, 0); Hard min/max = (42, 0)
06-27 10:33:34.684   780   828 I libPowerHal: [setGPUFreq] final min/max = (0, 0)
06-27 10:33:34.684   780   828 I libPowerHal: INTERACTION: set gpu opp level: 0
06-27 10:33:34.684   780   828 I libPowerHal: INTERACTION: set gpu opp level max: 0
06-27 10:33:34.686   780   828 I libPowerHal: [perfLockAcq] idx:10 hdl:6525 hint:53 pid:780 tid:780 duration:80 lock_user:mtkpower@1.0-se => ret_hdl:6525
06-27 10:33:34.686   780   828 I libPowerHal: [setClusterFreq] INTERACTION set cpufreq[0] min:2000000 max:-1 cpufreq[1] min:2400000 max:-1 
06-27 10:33:34.686   780   828 I libPowerHal: [setGPUFreq] INTERACTION user set gpu freq min:0, max:-1
06-27 10:33:34.686   780   828 I libPowerHal: INTERACTION: set gpu opp level max: 0
06-27 10:33:34.686   780   828 I libPowerHal: [setGPUFreq] Soft min/max = (0, 0); Hard min/max = (42, 0)
06-27 10:33:34.686   780   828 I libPowerHal: [setGPUFreq] final min/max = (0, 0)
06-27 10:33:34.686   780   828 I libPowerHal: INTERACTION: set gpu opp level: 0
06-27 10:33:34.687   780   828 I libPowerHal: INTERACTION: set gpu opp level max: 0
06-27 10:33:34.690   780   828 I mtkpower@impl: [powerd_req] TIMER_MSG_PERF_LOCK_TIMEOUT hdl:6511
06-27 10:33:34.690   780   828 I libPowerHal: [perfLockRel] hdl:6511, idx:12
06-27 10:33:34.690   780   828 I libPowerHal: [unsetGPUFreq] current min:0, max:0; scn_gpu_min:0, scn_gpu_max:-1; scn_gpu_min(HL):-1, scn_gpu_max(HL):-1
06-27 10:33:34.690   780   828 I libPowerHal: [setGPUFreq] Soft min/max = (0, 0); Hard min/max = (42, 0)
06-27 10:33:34.690   780   828 I libPowerHal: [setGPUFreq] final min/max = (0, 0)
06-27 10:33:34.690   780   828 I libPowerHal: INTERACTION: set gpu opp level: 0
06-27 10:33:34.690   780   828 I libPowerHal: INTERACTION: set gpu opp level max: 0
06-27 10:33:34.692   780   828 I libPowerHal: [perfLockAcq] idx:11 hdl:6526 hint:53 pid:780 tid:780 duration:80 lock_user:mtkpower@1.0-se => ret_hdl:6526
06-27 10:33:34.692   780   828 I libPowerHal: [setClusterFreq] INTERACTION set cpufreq[0] min:2000000 max:-1 cpufreq[1] min:2400000 max:-1 
06-27 10:33:34.692   780   828 I libPowerHal: [setGPUFreq] INTERACTION user set gpu freq min:0, max:-1
06-27 10:33:34.692   780   828 I libPowerHal: INTERACTION: set gpu opp level max: 0
06-27 10:33:34.692   780   828 I libPowerHal: [setGPUFreq] Soft min/max = (0, 0); Hard min/max = (42, 0)
06-27 10:33:34.692   780   828 I libPowerHal: [setGPUFreq] final min/max = (0, 0)
06-27 10:33:34.692   780   828 I libPowerHal: INTERACTION: set gpu opp level: 0
06-27 10:33:34.693   780   828 I libPowerHal: INTERACTION: set gpu opp level max: 0
06-27 10:33:34.695   780   828 I mtkpower@impl: [powerd_req] TIMER_MSG_PERF_LOCK_TIMEOUT hdl:6512
06-27 10:33:34.695   780   828 I libPowerHal: [perfLockRel] hdl:6512, idx:13
06-27 10:33:34.695   780   828 I libPowerHal: [unsetGPUFreq] current min:0, max:0; scn_gpu_min:0, scn_gpu_max:-1; scn_gpu_min(HL):-1, scn_gpu_max(HL):-1
06-27 10:33:34.695   780   828 I libPowerHal: [setGPUFreq] Soft min/max = (0, 0); Hard min/max = (42, 0)
06-27 10:33:34.695   780   828 I libPowerHal: [setGPUFreq] final min/max = (0, 0)
06-27 10:33:34.695   780   828 I libPowerHal: INTERACTION: set gpu opp level: 0
06-27 10:33:34.695   780   828 I libPowerHal: INTERACTION: set gpu opp level max: 0
06-27 10:33:34.697   780   828 I libPowerHal: [perfLockAcq] idx:12 hdl:6527 hint:53 pid:780 tid:780 duration:80 lock_user:mtkpower@1.0-se => ret_hdl:6527
06-27 10:33:34.697   780   828 I libPowerHal: [setClusterFreq] INTERACTION set cpufreq[0] min:2000000 max:-1 cpufreq[1] min:2400000 max:-1 
06-27 10:33:34.697   780   828 I libPowerHal: [setGPUFreq] INTERACTION user set gpu freq min:0, max:-1
06-27 10:33:34.697   780   828 I libPowerHal: INTERACTION: set gpu opp level max: 0
06-27 10:33:34.697   780   828 I libPowerHal: [setGPUFreq] Soft min/max = (0, 0); Hard min/max = (42, 0)
06-27 10:33:34.697   780   828 I libPowerHal: [setGPUFreq] final min/max = (0, 0)
06-27 10:33:34.697   780   828 I libPowerHal: INTERACTION: set gpu opp level: 0
06-27 10:33:34.697   780   828 I libPowerHal: INTERACTION: set gpu opp level max: 0
06-27 10:33:34.698   806  1727 I BufferQueueDebug: [1763544 com.android.launcher3/com.android.launcher3.uioverrides.QuickstepLauncher#1080](this:0xb400006fb28751b0,id:-1,api:0,p:-1,c:-1) BufferQueue core=(806:/system/bin/surfaceflinger)
06-27 10:33:34.700   780   828 I mtkpower@impl: [powerd_req] TIMER_MSG_PERF_LOCK_TIMEOUT hdl:6513
06-27 10:33:34.701   780   828 I libPowerHal: [perfLockRel] hdl:6513, idx:14
06-27 10:33:34.701   780   828 I libPowerHal: [unsetGPUFreq] current min:0, max:0; scn_gpu_min:0, scn_gpu_max:-1; scn_gpu_min(HL):-1, scn_gpu_max(HL):-1
06-27 10:33:34.701   780   828 I libPowerHal: [setGPUFreq] Soft min/max = (0, 0); Hard min/max = (42, 0)
06-27 10:33:34.701   780   828 I libPowerHal: [setGPUFreq] final min/max = (0, 0)
06-27 10:33:34.701   780   828 I libPowerHal: INTERACTION: set gpu opp level: 0
06-27 10:33:34.701   780   828 I libPowerHal: INTERACTION: set gpu opp level max: 0
06-27 10:33:34.703   780   828 I libPowerHal: [perfLockAcq] idx:13 hdl:6528 hint:53 pid:780 tid:780 duration:80 lock_user:mtkpower@1.0-se => ret_hdl:6528
06-27 10:33:34.703   780   828 I libPowerHal: [setClusterFreq] INTERACTION set cpufreq[0] min:2000000 max:-1 cpufreq[1] min:2400000 max:-1 
06-27 10:33:34.703   780   828 I libPowerHal: [setGPUFreq] INTERACTION user set gpu freq min:0, max:-1
06-27 10:33:34.703   780   828 I libPowerHal: INTERACTION: set gpu opp level max: 0
06-27 10:33:34.703   780   828 I libPowerHal: [setGPUFreq] Soft min/max = (0, 0); Hard min/max = (42, 0)
06-27 10:33:34.703   780   828 I libPowerHal: [setGPUFreq] final min/max = (0, 0)
06-27 10:33:34.703   780   828 I libPowerHal: INTERACTION: set gpu opp level: 0
06-27 10:33:34.703   780   828 I libPowerHal: INTERACTION: set gpu opp level max: 0
06-27 10:33:34.707   780   828 I mtkpower@impl: [powerd_req] TIMER_MSG_PERF_LOCK_TIMEOUT hdl:6514
06-27 10:33:34.707   780   828 I libPowerHal: [perfLockRel] hdl:6514, idx:16
06-27 10:33:34.707   780   828 I libPowerHal: [unsetGPUFreq] current min:0, max:0; scn_gpu_min:0, scn_gpu_max:-1; scn_gpu_min(HL):-1, scn_gpu_max(HL):-1
06-27 10:33:34.707   780   828 I libPowerHal: [setGPUFreq] Soft min/max = (0, 0); Hard min/max = (42, 0)
06-27 10:33:34.707   780   828 I libPowerHal: [setGPUFreq] final min/max = (0, 0)
06-27 10:33:34.707   780   828 I libPowerHal: INTERACTION: set gpu opp level: 0
06-27 10:33:34.707   780   828 I libPowerHal: INTERACTION: set gpu opp level max: 0
06-27 10:33:34.708   780   828 I libPowerHal: [perfLockAcq] idx:14 hdl:6529 hint:53 pid:780 tid:780 duration:80 lock_user:mtkpower@1.0-se => ret_hdl:6529
06-27 10:33:34.708   780   828 I libPowerHal: [setClusterFreq] INTERACTION set cpufreq[0] min:2000000 max:-1 cpufreq[1] min:2400000 max:-1 
06-27 10:33:34.708   780   828 I libPowerHal: [setGPUFreq] INTERACTION user set gpu freq min:0, max:-1
06-27 10:33:34.708   780   828 I libPowerHal: INTERACTION: set gpu opp level max: 0
06-27 10:33:34.708   780   828 I libPowerHal: [setGPUFreq] Soft min/max = (0, 0); Hard min/max = (42, 0)
06-27 10:33:34.708   780   828 I libPowerHal: [setGPUFreq] final min/max = (0, 0)
06-27 10:33:34.708   780   828 I libPowerHal: INTERACTION: set gpu opp level: 0
06-27 10:33:34.708   780   828 I libPowerHal: INTERACTION: set gpu opp level max: 0
06-27 10:33:34.713   780   828 I mtkpower@impl: [powerd_req] TIMER_MSG_PERF_LOCK_TIMEOUT hdl:6515
06-27 10:33:34.713   780   828 I libPowerHal: [perfLockRel] hdl:6515, idx:17
06-27 10:33:34.713   780   828 I libPowerHal: [unsetGPUFreq] current min:0, max:0; scn_gpu_min:0, scn_gpu_max:-1; scn_gpu_min(HL):-1, scn_gpu_max(HL):-1
06-27 10:33:34.713   780   828 I libPowerHal: [setGPUFreq] Soft min/max = (0, 0); Hard min/max = (42, 0)
06-27 10:33:34.713   780   828 I libPowerHal: [setGPUFreq] final min/max = (0, 0)
06-27 10:33:34.713   780   828 I libPowerHal: INTERACTION: set gpu opp level: 0
06-27 10:33:34.714   780   828 I libPowerHal: INTERACTION: set gpu opp level max: 0
06-27 10:33:34.714   780   828 I libPowerHal: [perfLockAcq] idx:16 hdl:6530 hint:53 pid:780 tid:780 duration:80 lock_user:mtkpower@1.0-se => ret_hdl:6530
06-27 10:33:34.714   780   828 I libPowerHal: [setClusterFreq] INTERACTION set cpufreq[0] min:2000000 max:-1 cpufreq[1] min:2400000 max:-1 
06-27 10:33:34.714   780   828 I libPowerHal: [setGPUFreq] INTERACTION user set gpu freq min:0, max:-1
06-27 10:33:34.715   780   828 I libPowerHal: INTERACTION: set gpu opp level max: 0
06-27 10:33:34.715   780   828 I libPowerHal: [setGPUFreq] Soft min/max = (0, 0); Hard min/max = (42, 0)
06-27 10:33:34.715   780   828 I libPowerHal: [setGPUFreq] final min/max = (0, 0)
06-27 10:33:34.715   780   828 I libPowerHal: INTERACTION: set gpu opp level: 0
06-27 10:33:34.717   780   828 I libPowerHal: INTERACTION: set gpu opp level max: 0
06-27 10:33:34.718   806  1261 I BufferQueueDebug: [com.android.launcher3/com.android.launcher3.uioverrides.QuickstepLauncher#1081](this:0xb400006fb2811700,id:-1,api:0,p:-1,c:-1) BufferQueue core=(806:/system/bin/surfaceflinger)
06-27 10:33:34.718   780   828 I mtkpower@impl: [powerd_req] TIMER_MSG_PERF_LOCK_TIMEOUT hdl:6516
06-27 10:33:34.718   780   828 I libPowerHal: [perfLockRel] hdl:6516, idx:0
06-27 10:33:34.718   780   828 I libPowerHal: [unsetGPUFreq] current min:0, max:0; scn_gpu_min:0, scn_gpu_max:-1; scn_gpu_min(HL):-1, scn_gpu_max(HL):-1
06-27 10:33:34.719   780   828 I libPowerHal: [setGPUFreq] Soft min/max = (0, 0); Hard min/max = (42, 0)
06-27 10:33:34.719   780   828 I libPowerHal: [setGPUFreq] final min/max = (0, 0)
06-27 10:33:34.719   780   828 I libPowerHal: INTERACTION: set gpu opp level: 0
06-27 10:33:34.719   780   828 I libPowerHal: INTERACTION: set gpu opp level max: 0
06-27 10:33:34.721   744   744 I hwcomposer: [HWCDisplay] (0) setColorTransform hint:0 ok:1 Transform Ioctl 1  
06-27 10:33:34.721   744   744 E PQ_HDR  : DpAsyncBlitStream:: thie platform unsupport compress format
06-27 10:33:34.721   744   744 E PQ_HDR  : DpAsyncBlitStream:: thie platform unsupport compress format
06-27 10:33:34.721   744   744 E PQ_HDR  : DpAsyncBlitStream:: thie platform unsupport compress format
06-27 10:33:34.721   744   744 E PQ_HDR  : DpAsyncBlitStream:: thie platform unsupport compress format
06-27 10:33:34.721   744   744 E PQ_HDR  : DpAsyncBlitStream:: thie platform unsupport compress format
06-27 10:33:34.723   744   744 I hwcomposer: [HWCDisplay] setColorTransformForJob ccorr_state=2->0 hint=0 force_disable_color=0 linear=0  
06-27 10:33:34.723  1357  1699 I WindowManager: Relayout Window{1763544 u0 com.android.launcher3/com.android.launcher3.uioverrides.QuickstepLauncher}: oldVis=4 newVis=0 focusMayChange = true requestedWidth = 1080 requestedHeight = 2340 outFrames = ClientWindowFrames{frame=[0,0][1080,2340] display=[0,0][1080,2340] parentFrame=[0,0][0,0]} outSurfaceControl = Surface(name=com.android.launcher3/com.android.launcher3.uioverrides.QuickstepLauncher)/@0x91a5b6b
06-27 10:33:34.723   780   828 I mtkpower@impl: [powerd_req] TIMER_MSG_PERF_LOCK_TIMEOUT hdl:6517
06-27 10:33:34.723   780   828 I libPowerHal: [perfLockRel] hdl:6517, idx:2
06-27 10:33:34.723   780   828 I libPowerHal: [unsetGPUFreq] current min:0, max:0; scn_gpu_min:0, scn_gpu_max:-1; scn_gpu_min(HL):-1, scn_gpu_max(HL):-1
06-27 10:33:34.723   780   828 I libPowerHal: [setGPUFreq] Soft min/max = (0, 0); Hard min/max = (42, 0)
06-27 10:33:34.723   780   828 I libPowerHal: [setGPUFreq] final min/max = (0, 0)
06-27 10:33:34.723   780   828 I libPowerHal: INTERACTION: set gpu opp level: 0
06-27 10:33:34.724   780   828 I libPowerHal: INTERACTION: set gpu opp level max: 0
06-27 10:33:34.725   780   828 I libPowerHal: [perfLockRel] hdl:6488, idx:6
06-27 10:33:34.725   780   828 I libPowerHal: [PD] MTKPOWER_HINT_APP_TOUCH update cmd:3408b00 param:0
06-27 10:33:34.725   780   828 I libPowerHal: [perfLockAcq] idx:0 hdl:6531 hint:53 pid:780 tid:780 duration:80 lock_user:mtkpower@1.0-se => ret_hdl:6531
06-27 10:33:34.726   780   828 I libPowerHal: [setClusterFreq] INTERACTION set cpufreq[0] min:2000000 max:-1 cpufreq[1] min:2400000 max:-1 
06-27 10:33:34.726   780   828 I libPowerHal: [setGPUFreq] INTERACTION user set gpu freq min:0, max:-1
06-27 10:33:34.726   780   828 I libPowerHal: INTERACTION: set gpu opp level max: 0
06-27 10:33:34.726   780   828 I libPowerHal: [setGPUFreq] Soft min/max = (0, 0); Hard min/max = (42, 0)
06-27 10:33:34.726   780   828 I libPowerHal: [setGPUFreq] final min/max = (0, 0)
06-27 10:33:34.726   780   828 I libPowerHal: INTERACTION: set gpu opp level: 0
06-27 10:33:34.726   780   828 I libPowerHal: INTERACTION: set gpu opp level max: 0
06-27 10:33:34.726   780   828 I libPowerHal: [perfLockAcq] idx:2 hdl:6532 hint:53 pid:780 tid:780 duration:1026 lock_user:mtkpower@1.0-se => ret_hdl:6532
06-27 10:33:34.726   780   828 I libPowerHal: [setClusterFreq] INTERACTION set cpufreq[0] min:2000000 max:-1 cpufreq[1] min:2400000 max:-1 
06-27 10:33:34.726   780   828 I libPowerHal: [setGPUFreq] INTERACTION user set gpu freq min:0, max:-1
06-27 10:33:34.726   780   828 I libPowerHal: INTERACTION: set gpu opp level max: 0
06-27 10:33:34.726   780   828 I libPowerHal: [setGPUFreq] Soft min/max = (0, 0); Hard min/max = (42, 0)
06-27 10:33:34.727   780   828 I libPowerHal: [setGPUFreq] final min/max = (0, 0)
06-27 10:33:34.727   780   828 I libPowerHal: INTERACTION: set gpu opp level: 0
06-27 10:33:34.727   780   828 I libPowerHal: INTERACTION: set gpu opp level max: 0
06-27 10:33:34.729   780   828 I mtkpower@impl: [powerd_req] TIMER_MSG_PERF_LOCK_TIMEOUT hdl:6518
06-27 10:33:34.729   780   828 I libPowerHal: [perfLockRel] hdl:6518, idx:3
06-27 10:33:34.729   780   828 I libPowerHal: [unsetGPUFreq] current min:0, max:0; scn_gpu_min:0, scn_gpu_max:-1; scn_gpu_min(HL):-1, scn_gpu_max(HL):-1
06-27 10:33:34.729   780   828 I libPowerHal: [setGPUFreq] Soft min/max = (0, 0); Hard min/max = (42, 0)
06-27 10:33:34.729   780   828 I libPowerHal: [setGPUFreq] final min/max = (0, 0)
06-27 10:33:34.729   780   828 I libPowerHal: INTERACTION: set gpu opp level: 0
