06-27 10:33:33.807 10292 11451 W GoogleApiAvailability: 	at com.android.okhttp.internal.http.HttpEngine.connect(HttpEngine.java:289)
06-27 10:33:33.807 10292 11451 W GoogleApiAvailability: 	at com.android.okhttp.internal.http.HttpEngine.sendRequest(HttpEngine.java:232)
06-27 10:33:33.807 10292 11451 W GoogleApiAvailability: 	at com.android.okhttp.internal.huc.HttpURLConnectionImpl.execute(HttpURLConnectionImpl.java:465)
06-27 10:33:33.807 10292 11451 W GoogleApiAvailability: 	at com.android.okhttp.internal.huc.HttpURLConnectionImpl.connect(HttpURLConnectionImpl.java:131)
06-27 10:33:33.807 10292 11451 W GoogleApiAvailability: 	at com.android.okhttp.internal.huc.HttpURLConnectionImpl.getOutputStream(HttpURLConnectionImpl.java:262)
06-27 10:33:33.807 10292 11451 W GoogleApiAvailability: 	at com.android.okhttp.internal.huc.DelegatingHttpsURLConnection.getOutputStream(DelegatingHttpsURLConnection.java:219)
06-27 10:33:33.807 10292 11451 W GoogleApiAvailability: 	at com.android.okhttp.internal.huc.HttpsURLConnectionImpl.getOutputStream(HttpsURLConnectionImpl.java:30)
06-27 10:33:33.807 10292 11451 W GoogleApiAvailability: 	at aqhu.g(PG:1)
06-27 10:33:33.807 10292 11451 W GoogleApiAvailability: 	at aqhu.b(PG:99)
06-27 10:33:33.807 10292 11451 W GoogleApiAvailability: 	at aqhf.run(PG:237)
06-27 10:33:33.807 10292 11451 W GoogleApiAvailability: 	at java.util.concurrent.ThreadPoolExecutor.runWorker(ThreadPoolExecutor.java:1145)
06-27 10:33:33.807 10292 11451 W GoogleApiAvailability: 	at java.util.concurrent.ThreadPoolExecutor$Worker.run(ThreadPoolExecutor.java:644)
06-27 10:33:33.807 10292 11451 W GoogleApiAvailability: 	at java.lang.Thread.run(Thread.java:1012)
06-27 10:33:33.807  1621  1621 W ImageReader_JNI: Unable to acquire a buffer item, very likely client tried to acquire more than maxImages buffers
06-27 10:33:33.818   744   744 E PQ_HDR  : DpAsyncBlitStream:: thie platform unsupport compress format
06-27 10:33:33.818   744   744 E PQ_HDR  : DpAsyncBlitStream:: thie platform unsupport compress format
06-27 10:33:33.818   744   744 E PQ_HDR  : DpAsyncBlitStream:: thie platform unsupport compress format
06-27 10:33:33.818   744   744 E PQ_HDR  : DpAsyncBlitStream:: thie platform unsupport compress format
06-27 10:33:33.818   744   744 E PQ_HDR  : DpAsyncBlitStream:: thie platform unsupport compress format
06-27 10:33:33.826 10292 11451 W GooglePlayServicesUtil: com.google.android.youtube requires the Google Play Store, but it is missing.
06-27 10:33:33.826 10292 11451 E GooglePlayServicesUtil: GooglePlayServices not available due to error 9
06-27 10:33:33.828 10292 11451 E vxn     : Attempted to use SSL unpatched. Google Play Services unavailable.
06-27 10:33:33.828 10292 11451 E vxn     : pwb
06-27 10:33:33.828 10292 11451 E vxn     : 	at pwd.d(PG:30)
06-27 10:33:33.828 10292 11451 E vxn     : 	at vxm.a(PG:16)
06-27 10:33:33.828 10292 11451 E vxn     : 	at vxq.a(PG:7)
06-27 10:33:33.828 10292 11451 E vxn     : 	at vxq.createSocket(PG:6)
06-27 10:33:33.828 10292 11451 E vxn     : 	at com.android.okhttp.internal.io.RealConnection.connectTls(RealConnection.java:185)
06-27 10:33:33.828 10292 11451 E vxn     : 	at com.android.okhttp.internal.io.RealConnection.connectSocket(RealConnection.java:153)
06-27 10:33:33.828 10292 11451 E vxn     : 	at com.android.okhttp.internal.io.RealConnection.connect(RealConnection.java:116)
06-27 10:33:33.828 10292 11451 E vxn     : 	at com.android.okhttp.internal.http.StreamAllocation.findConnection(StreamAllocation.java:186)
06-27 10:33:33.828 10292 11451 E vxn     : 	at com.android.okhttp.internal.http.StreamAllocation.findHealthyConnection(StreamAllocation.java:128)
06-27 10:33:33.828 10292 11451 E vxn     : 	at com.android.okhttp.internal.http.StreamAllocation.newStream(StreamAllocation.java:97)
06-27 10:33:33.828 10292 11451 E vxn     : 	at com.android.okhttp.internal.http.HttpEngine.connect(HttpEngine.java:289)
06-27 10:33:33.828 10292 11451 E vxn     : 	at com.android.okhttp.internal.http.HttpEngine.sendRequest(HttpEngine.java:232)
06-27 10:33:33.828 10292 11451 E vxn     : 	at com.android.okhttp.internal.huc.HttpURLConnectionImpl.execute(HttpURLConnectionImpl.java:465)
06-27 10:33:33.828 10292 11451 E vxn     : 	at com.android.okhttp.internal.huc.HttpURLConnectionImpl.connect(HttpURLConnectionImpl.java:131)
06-27 10:33:33.828 10292 11451 E vxn     : 	at com.android.okhttp.internal.huc.HttpURLConnectionImpl.getOutputStream(HttpURLConnectionImpl.java:262)
06-27 10:33:33.828 10292 11451 E vxn     : 	at com.android.okhttp.internal.huc.DelegatingHttpsURLConnection.getOutputStream(DelegatingHttpsURLConnection.java:219)
06-27 10:33:33.828 10292 11451 E vxn     : 	at com.android.okhttp.internal.huc.HttpsURLConnectionImpl.getOutputStream(HttpsURLConnectionImpl.java:30)
06-27 10:33:33.828 10292 11451 E vxn     : 	at aqhu.g(PG:1)
06-27 10:33:33.828 10292 11451 E vxn     : 	at aqhu.b(PG:99)
06-27 10:33:33.828 10292 11451 E vxn     : 	at aqhf.run(PG:237)
06-27 10:33:33.828 10292 11451 E vxn     : 	at java.util.concurrent.ThreadPoolExecutor.runWorker(ThreadPoolExecutor.java:1145)
06-27 10:33:33.828 10292 11451 E vxn     : 	at java.util.concurrent.ThreadPoolExecutor$Worker.run(ThreadPoolExecutor.java:644)
06-27 10:33:33.828 10292 11451 E vxn     : 	at java.lang.Thread.run(Thread.java:1012)
06-27 10:33:33.829 10292 11451 W GoogleApiAvailability: GMS core API Availability. ConnectionResult=9, tag=null
06-27 10:33:33.829 10292 11451 W GoogleApiAvailability: java.lang.IllegalArgumentException
06-27 10:33:33.829 10292 11451 W GoogleApiAvailability: 	at pvo.g(PG:23)
06-27 10:33:33.829 10292 11451 W GoogleApiAvailability: 	at pvo.d(PG:7)
06-27 10:33:33.829 10292 11451 W GoogleApiAvailability: 	at vxm.a(PG:198)
06-27 10:33:33.829 10292 11451 W GoogleApiAvailability: 	at vxq.a(PG:7)
06-27 10:33:33.829 10292 11451 W GoogleApiAvailability: 	at vxq.createSocket(PG:6)
06-27 10:33:33.829 10292 11451 W GoogleApiAvailability: 	at com.android.okhttp.internal.io.RealConnection.connectTls(RealConnection.java:185)
06-27 10:33:33.829 10292 11451 W GoogleApiAvailability: 	at com.android.okhttp.internal.io.RealConnection.connectSocket(RealConnection.java:153)
06-27 10:33:33.829 10292 11451 W GoogleApiAvailability: 	at com.android.okhttp.internal.io.RealConnection.connect(RealConnection.java:116)
06-27 10:33:33.829 10292 11451 W GoogleApiAvailability: 	at com.android.okhttp.internal.http.StreamAllocation.findConnection(StreamAllocation.java:186)
06-27 10:33:33.829 10292 11451 W GoogleApiAvailability: 	at com.android.okhttp.internal.http.StreamAllocation.findHealthyConnection(StreamAllocation.java:128)
06-27 10:33:33.829 10292 11451 W GoogleApiAvailability: 	at com.android.okhttp.internal.http.StreamAllocation.newStream(StreamAllocation.java:97)
06-27 10:33:33.829 10292 11451 W GoogleApiAvailability: 	at com.android.okhttp.internal.http.HttpEngine.connect(HttpEngine.java:289)
06-27 10:33:33.829 10292 11451 W GoogleApiAvailability: 	at com.android.okhttp.internal.http.HttpEngine.sendRequest(HttpEngine.java:232)
06-27 10:33:33.829 10292 11451 W GoogleApiAvailability: 	at com.android.okhttp.internal.huc.HttpURLConnectionImpl.execute(HttpURLConnectionImpl.java:465)
06-27 10:33:33.829 10292 11451 W GoogleApiAvailability: 	at com.android.okhttp.internal.huc.HttpURLConnectionImpl.connect(HttpURLConnectionImpl.java:131)
06-27 10:33:33.829 10292 11451 W GoogleApiAvailability: 	at com.android.okhttp.internal.huc.HttpURLConnectionImpl.getOutputStream(HttpURLConnectionImpl.java:262)
06-27 10:33:33.829 10292 11451 W GoogleApiAvailability: 	at com.android.okhttp.internal.huc.DelegatingHttpsURLConnection.getOutputStream(DelegatingHttpsURLConnection.java:219)
06-27 10:33:33.829 10292 11451 W GoogleApiAvailability: 	at com.android.okhttp.internal.huc.HttpsURLConnectionImpl.getOutputStream(HttpsURLConnectionImpl.java:30)
06-27 10:33:33.829 10292 11451 W GoogleApiAvailability: 	at aqhu.g(PG:1)
06-27 10:33:33.829 10292 11451 W GoogleApiAvailability: 	at aqhu.b(PG:99)
06-27 10:33:33.829 10292 11451 W GoogleApiAvailability: 	at aqhf.run(PG:237)
06-27 10:33:33.829 10292 11451 W GoogleApiAvailability: 	at java.util.concurrent.ThreadPoolExecutor.runWorker(ThreadPoolExecutor.java:1145)
06-27 10:33:33.829 10292 11451 W GoogleApiAvailability: 	at java.util.concurrent.ThreadPoolExecutor$Worker.run(ThreadPoolExecutor.java:644)
06-27 10:33:33.829 10292 11451 W GoogleApiAvailability: 	at java.lang.Thread.run(Thread.java:1012)
06-27 10:33:33.839   744   744 E PQ_HDR  : DpAsyncBlitStream:: thie platform unsupport compress format
06-27 10:33:33.839   744   744 E PQ_HDR  : DpAsyncBlitStream:: thie platform unsupport compress format
06-27 10:33:33.840   744   744 E PQ_HDR  : DpAsyncBlitStream:: thie platform unsupport compress format
06-27 10:33:33.840   744   744 E PQ_HDR  : DpAsyncBlitStream:: thie platform unsupport compress format
06-27 10:33:33.840   744   744 E PQ_HDR  : DpAsyncBlitStream:: thie platform unsupport compress format
06-27 10:33:33.850 10292 11451 W GooglePlayServicesUtil: com.google.android.youtube requires the Google Play Store, but it is missing.
06-27 10:33:33.850 10292 11451 E GooglePlayServicesUtil: GooglePlayServices not available due to error 9
06-27 10:33:33.851   744   744 E PQ_HDR  : DpAsyncBlitStream:: thie platform unsupport compress format
06-27 10:33:33.851   744   744 E PQ_HDR  : DpAsyncBlitStream:: thie platform unsupport compress format
06-27 10:33:33.851   744   744 E PQ_HDR  : DpAsyncBlitStream:: thie platform unsupport compress format
06-27 10:33:33.851   744   744 E PQ_HDR  : DpAsyncBlitStream:: thie platform unsupport compress format
06-27 10:33:33.851   744   744 E PQ_HDR  : DpAsyncBlitStream:: thie platform unsupport compress format
06-27 10:33:33.851 10292 11451 E vxn     : Attempted to use SSL unpatched. Google Play Services unavailable.
06-27 10:33:33.851 10292 11451 E vxn     : pwb
06-27 10:33:33.851 10292 11451 E vxn     : 	at pwd.d(PG:30)
06-27 10:33:33.851 10292 11451 E vxn     : 	at vxm.a(PG:16)
06-27 10:33:33.851 10292 11451 E vxn     : 	at vxq.a(PG:7)
06-27 10:33:33.851 10292 11451 E vxn     : 	at vxq.createSocket(PG:6)
06-27 10:33:33.851 10292 11451 E vxn     : 	at com.android.okhttp.internal.io.RealConnection.connectTls(RealConnection.java:185)
06-27 10:33:33.851 10292 11451 E vxn     : 	at com.android.okhttp.internal.io.RealConnection.connectSocket(RealConnection.java:153)
06-27 10:33:33.851 10292 11451 E vxn     : 	at com.android.okhttp.internal.io.RealConnection.connect(RealConnection.java:116)
06-27 10:33:33.851 10292 11451 E vxn     : 	at com.android.okhttp.internal.http.StreamAllocation.findConnection(StreamAllocation.java:186)
06-27 10:33:33.851 10292 11451 E vxn     : 	at com.android.okhttp.internal.http.StreamAllocation.findHealthyConnection(StreamAllocation.java:128)
06-27 10:33:33.851 10292 11451 E vxn     : 	at com.android.okhttp.internal.http.StreamAllocation.newStream(StreamAllocation.java:97)
06-27 10:33:33.851 10292 11451 E vxn     : 	at com.android.okhttp.internal.http.HttpEngine.connect(HttpEngine.java:289)
06-27 10:33:33.851 10292 11451 E vxn     : 	at com.android.okhttp.internal.http.HttpEngine.sendRequest(HttpEngine.java:232)
06-27 10:33:33.851 10292 11451 E vxn     : 	at com.android.okhttp.internal.huc.HttpURLConnectionImpl.execute(HttpURLConnectionImpl.java:465)
06-27 10:33:33.851 10292 11451 E vxn     : 	at com.android.okhttp.internal.huc.HttpURLConnectionImpl.connect(HttpURLConnectionImpl.java:131)
06-27 10:33:33.851 10292 11451 E vxn     : 	at com.android.okhttp.internal.huc.HttpURLConnectionImpl.getOutputStream(HttpURLConnectionImpl.java:262)
06-27 10:33:33.851 10292 11451 E vxn     : 	at com.android.okhttp.internal.huc.DelegatingHttpsURLConnection.getOutputStream(DelegatingHttpsURLConnection.java:219)
06-27 10:33:33.851 10292 11451 E vxn     : 	at com.android.okhttp.internal.huc.HttpsURLConnectionImpl.getOutputStream(HttpsURLConnectionImpl.java:30)
06-27 10:33:33.851 10292 11451 E vxn     : 	at aqhu.g(PG:1)
06-27 10:33:33.851 10292 11451 E vxn     : 	at aqhu.b(PG:99)
06-27 10:33:33.851 10292 11451 E vxn     : 	at aqhf.run(PG:237)
06-27 10:33:33.851 10292 11451 E vxn     : 	at java.util.concurrent.ThreadPoolExecutor.runWorker(ThreadPoolExecutor.java:1145)
06-27 10:33:33.851 10292 11451 E vxn     : 	at java.util.concurrent.ThreadPoolExecutor$Worker.run(ThreadPoolExecutor.java:644)
06-27 10:33:33.851 10292 11451 E vxn     : 	at java.lang.Thread.run(Thread.java:1012)
06-27 10:33:33.851 10292 11451 W GoogleApiAvailability: GMS core API Availability. ConnectionResult=9, tag=null
06-27 10:33:33.851 10292 11451 W GoogleApiAvailability: java.lang.IllegalArgumentException
06-27 10:33:33.851 10292 11451 W GoogleApiAvailability: 	at pvo.g(PG:23)
06-27 10:33:33.851 10292 11451 W GoogleApiAvailability: 	at pvo.d(PG:7)
06-27 10:33:33.851 10292 11451 W GoogleApiAvailability: 	at vxm.a(PG:198)
06-27 10:33:33.851 10292 11451 W GoogleApiAvailability: 	at vxq.a(PG:7)
06-27 10:33:33.851 10292 11451 W GoogleApiAvailability: 	at vxq.createSocket(PG:6)
06-27 10:33:33.851 10292 11451 W GoogleApiAvailability: 	at com.android.okhttp.internal.io.RealConnection.connectTls(RealConnection.java:185)
06-27 10:33:33.851 10292 11451 W GoogleApiAvailability: 	at com.android.okhttp.internal.io.RealConnection.connectSocket(RealConnection.java:153)
06-27 10:33:33.851 10292 11451 W GoogleApiAvailability: 	at com.android.okhttp.internal.io.RealConnection.connect(RealConnection.java:116)
06-27 10:33:33.851 10292 11451 W GoogleApiAvailability: 	at com.android.okhttp.internal.http.StreamAllocation.findConnection(StreamAllocation.java:186)
06-27 10:33:33.851 10292 11451 W GoogleApiAvailability: 	at com.android.okhttp.internal.http.StreamAllocation.findHealthyConnection(StreamAllocation.java:128)
06-27 10:33:33.851 10292 11451 W GoogleApiAvailability: 	at com.android.okhttp.internal.http.StreamAllocation.newStream(StreamAllocation.java:97)
06-27 10:33:33.851 10292 11451 W GoogleApiAvailability: 	at com.android.okhttp.internal.http.HttpEngine.connect(HttpEngine.java:289)
06-27 10:33:33.851 10292 11451 W GoogleApiAvailability: 	at com.android.okhttp.internal.http.HttpEngine.sendRequest(HttpEngine.java:232)
06-27 10:33:33.851 10292 11451 W GoogleApiAvailability: 	at com.android.okhttp.internal.huc.HttpURLConnectionImpl.execute(HttpURLConnectionImpl.java:465)
06-27 10:33:33.851 10292 11451 W GoogleApiAvailability: 	at com.android.okhttp.internal.huc.HttpURLConnectionImpl.connect(HttpURLConnectionImpl.java:131)
06-27 10:33:33.851 10292 11451 W GoogleApiAvailability: 	at com.android.okhttp.internal.huc.HttpURLConnectionImpl.getOutputStream(HttpURLConnectionImpl.java:262)
06-27 10:33:33.851 10292 11451 W GoogleApiAvailability: 	at com.android.okhttp.internal.huc.DelegatingHttpsURLConnection.getOutputStream(DelegatingHttpsURLConnection.java:219)
06-27 10:33:33.851 10292 11451 W GoogleApiAvailability: 	at com.android.okhttp.internal.huc.HttpsURLConnectionImpl.getOutputStream(HttpsURLConnectionImpl.java:30)
06-27 10:33:33.851 10292 11451 W GoogleApiAvailability: 	at aqhu.g(PG:1)
06-27 10:33:33.851 10292 11451 W GoogleApiAvailability: 	at aqhu.b(PG:99)
06-27 10:33:33.851 10292 11451 W GoogleApiAvailability: 	at aqhf.run(PG:237)
06-27 10:33:33.851 10292 11451 W GoogleApiAvailability: 	at java.util.concurrent.ThreadPoolExecutor.runWorker(ThreadPoolExecutor.java:1145)
06-27 10:33:33.851 10292 11451 W GoogleApiAvailability: 	at java.util.concurrent.ThreadPoolExecutor$Worker.run(ThreadPoolExecutor.java:644)
06-27 10:33:33.851 10292 11451 W GoogleApiAvailability: 	at java.lang.Thread.run(Thread.java:1012)
06-27 10:33:33.860   747   787 E HfLooper: dst->data[13.000000,24.000000,9786.000000]
06-27 10:33:33.862   744   744 E PQ_HDR  : DpAsyncBlitStream:: thie platform unsupport compress format
06-27 10:33:33.862   744   744 E PQ_HDR  : DpAsyncBlitStream:: thie platform unsupport compress format
06-27 10:33:33.862   744   744 E PQ_HDR  : DpAsyncBlitStream:: thie platform unsupport compress format
06-27 10:33:33.862   744   744 E PQ_HDR  : DpAsyncBlitStream:: thie platform unsupport compress format
06-27 10:33:33.862   744   744 E PQ_HDR  : DpAsyncBlitStream:: thie platform unsupport compress format
06-27 10:33:33.872  1621  1684 D ControlsListingControllerImpl: Subscribing callback, service count: 0
06-27 10:33:33.872   744   744 E PQ_HDR  : DpAsyncBlitStream:: thie platform unsupport compress format
06-27 10:33:33.872  1621  1684 D ControlsListingControllerImpl: Subscribing callback, service count: 0
06-27 10:33:33.872   744   744 E PQ_HDR  : DpAsyncBlitStream:: thie platform unsupport compress format
06-27 10:33:33.873   744   744 E PQ_HDR  : DpAsyncBlitStream:: thie platform unsupport compress format
06-27 10:33:33.873   744   744 E PQ_HDR  : DpAsyncBlitStream:: thie platform unsupport compress format
06-27 10:33:33.873   744   744 E PQ_HDR  : DpAsyncBlitStream:: thie platform unsupport compress format
06-27 10:33:33.874  1621  1684 E QuickAccessWalletKeyguardQuickAffordanceConfig: Wallet card retrieval error, message: "null"
