06-27 12:30:01.533 19739 20541 I Finsky  : [1191] Setup::DSE: Android ID is non-zero.
06-27 12:30:01.533 19739 20541 I Finsky  : [1191] Setup::DSE: Phenotype experiments synced with status: NO_UPDATE
06-27 12:30:01.546 19739 20541 I Finsky  : [1191] Package com.android.chrome is verified.
06-27 12:30:01.550  2671  3648 D NdkImageReader: acquireImageLocked: Producer buffer usage: 333, doesn't cover all usage bits AImageReader configured: 100003
06-27 12:30:01.558 19739 20541 I Finsky  : [1191] DSE: Set Settings.Secure.play_determined_dma_eligibility to: 0 (success=true)
06-27 12:30:01.565  2671  3648 D NdkImageReader: acquireImageLocked: Producer buffer usage: 333, doesn't cover all usage bits AImageReader configured: 100003
06-27 12:30:01.567 20476 20545 W .android.chrom: ClassLoaderContext classpath size mismatch. expected=12, found=1 (DLC[];PCL[base.apk*3954478138:base.apk!classes2.dex*934104914:base.apk!classes3.dex*156543503:base.apk!classes4.dex*3966455241:base.apk!classes5.dex*279722583:base.apk!classes6.dex*727634671:base.apk!classes7.dex*2632977846:base.apk!classes8.dex*3752884997:base.apk!classes9.dex*1939713283:base.apk!classes10.dex*2897118556:base.apk!classes11.dex*1109959419:base.apk!classes12.dex*1624837242]{PCL[/system/framework/org.apache.http.legacy.jar*1721227950]#PCL[/system/framework/com.android.media.remotedisplay.jar*1573936315]#PCL[/system/framework/com.android.location.provider.jar*1664931834]#PCL[/system/framework/org.apache.http.legacy.jar*1721227950]} | DLC[];PCL[/data/app/~~JK35FJ-tYwDoO3g640oTSQ==/com.android.chrome-rm8Y9P5uh_SaNzWKp-osWA==/split_chrome.apk*1152030240];PCL[/data/app/~~JK35FJ-tYwDoO3g640oTSQ==/com.android.chrome-rm8Y9P5uh_SaNzWKp-osWA==/base.apk*3259333263]{PCL[]})
06-27 12:30:01.570 20476 20545 W .android.chrom: Found duplicate classes, falling back to extracting from APK : /data/app/~~6lqp1g1euv33FXgLN4m2AQ==/com.google.android.gms-157QwNoNPoMrpSh2_FrQYQ==/split_GoogleCertificates_installtime.apk
06-27 12:30:01.570 20476 20545 W .android.chrom: NOTE: This wastes RAM and hurts startup performance.
06-27 12:30:01.570 20476 20545 W .android.chrom: Found duplicated class when checking oat files: 'Landroid/support/annotation/Keep;' in /data/app/~~JK35FJ-tYwDoO3g640oTSQ==/com.android.chrome-rm8Y9P5uh_SaNzWKp-osWA==/base.apk and /data/app/~~6lqp1g1euv33FXgLN4m2AQ==/com.google.android.gms-157QwNoNPoMrpSh2_FrQYQ==/split_GoogleCertificates_installtime.apk
06-27 12:30:01.579  2671  3648 D NdkImageReader: acquireImageLocked: Producer buffer usage: 333, doesn't cover all usage bits AImageReader configured: 100003
06-27 12:30:01.580 20476 20546 W chromium: [WARNING:net/cert/ev_root_ca_metadata.cc:119] Not implemented
06-27 12:30:01.588   885 10843 I vendor.qti.hardware.servicetracker@1.2-service: bindService is called for service : com.google.android.gms/.auth.GetToken and for client com.google.android.googlequicksearchbox:googleapp
06-27 12:30:01.588   885 10843 I vendor.qti.hardware.servicetracker@1.2-service: total connections for service : com.google.android.gms/.auth.GetTokenare :1
06-27 12:30:01.588   885 10843 I vendor.qti.hardware.servicetracker@1.2-service: total connections for client : com.google.android.googlequicksearchbox:googleappare :6
06-27 12:30:01.588  1919  7178 D CompatibilityInfo: mCompatibilityFlags - 0
06-27 12:30:01.588  1919  7178 D CompatibilityInfo: applicationDensity - 440
06-27 12:30:01.588  1919  7178 D CompatibilityInfo: applicationScale - 1.0
06-27 12:30:01.589   885 10843 I vendor.qti.hardware.servicetracker@1.2-service: startService() is called for servicecom.google.android.gms/.auth.GetToken
06-27 12:30:01.595  2671  3648 D NdkImageReader: acquireImageLocked: Producer buffer usage: 333, doesn't cover all usage bits AImageReader configured: 100003
06-27 12:30:01.606 20476 20550 E libc    : Access denied finding property "ro.hardware.chipname"
06-27 12:30:01.612  2671  3648 D NdkImageReader: acquireImageLocked: Producer buffer usage: 333, doesn't cover all usage bits AImageReader configured: 100003
06-27 12:30:01.622   885 10843 I vendor.qti.hardware.servicetracker@1.2-service: bindService is called for service : com.google.android.gms/.chimera.PersistentApiService and for client com.google.android.gms.persistent
06-27 12:30:01.622   885 10843 I vendor.qti.hardware.servicetracker@1.2-service: total connections for service : com.google.android.gms/.chimera.PersistentApiServiceare :15
06-27 12:30:01.622   885 10843 I vendor.qti.hardware.servicetracker@1.2-service: total connections for client : com.google.android.gms.persistentare :8
06-27 12:30:01.629  2671  3648 D NdkImageReader: acquireImageLocked: Producer buffer usage: 333, doesn't cover all usage bits AImageReader configured: 100003
06-27 12:30:01.640  7088  9694 W PSIUtils: MEMORY_SOME|77269328|2806450146272
06-27 12:30:01.644   885 10843 I vendor.qti.hardware.servicetracker@1.2-service: bindService is called for service : com.google.android.gms/.chimera.PersistentApiService and for client com.android.chrome
06-27 12:30:01.645   885 10843 I vendor.qti.hardware.servicetracker@1.2-service: total connections for service : com.google.android.gms/.chimera.PersistentApiServiceare :16
06-27 12:30:01.645   885 10843 I vendor.qti.hardware.servicetracker@1.2-service: total connections for client : com.android.chromeare :7
06-27 12:30:01.646  2671  3648 D NdkImageReader: acquireImageLocked: Producer buffer usage: 333, doesn't cover all usage bits AImageReader configured: 100003
06-27 12:30:01.651   885 10843 I vendor.qti.hardware.servicetracker@1.2-service: bindService is called for service : com.google.android.gms/.chimera.GmsApiService and for client com.android.chrome
06-27 12:30:01.651   885 10843 I vendor.qti.hardware.servicetracker@1.2-service: total connections for service : com.google.android.gms/.chimera.GmsApiServiceare :6
06-27 12:30:01.651   885 10843 I vendor.qti.hardware.servicetracker@1.2-service: total connections for client : com.android.chromeare :7
06-27 12:30:01.652  3799  3799 D BoundBrokerSvc: onRebind: Intent { act=com.google.android.gms.fido.fido2.firstparty.START pkg=com.google.android.gms }
06-27 12:30:01.667  2671  3648 D NdkImageReader: acquireImageLocked: Producer buffer usage: 333, doesn't cover all usage bits AImageReader configured: 100003
06-27 12:30:01.678  2671  3648 D NdkImageReader: acquireImageLocked: Producer buffer usage: 333, doesn't cover all usage bits AImageReader configured: 100003
06-27 12:30:01.680  3125 14853 W dfhy    : Phenotype API error. Event: # fzak@f0b0beb7, EventCode: GET_EXP [CONTEXT service_id=51 ]
06-27 12:30:01.680  3125 14853 W dfhy    : dfge: 29505: No config packages for log source, or config package not registered
06-27 12:30:01.680  3125 14853 W dfhy    : 	at dfiy.f(:com.google.android.gms@252331022@25.23.31 (150400-769856126):77)
06-27 12:30:01.680  3125 14853 W dfhy    : 	at dfiw.i(:com.google.android.gms@252331022@25.23.31 (150400-769856126):3)
06-27 12:30:01.680  3125 14853 W dfhy    : 	at dfhy.h(:com.google.android.gms@252331022@25.23.31 (150400-769856126):35)
06-27 12:30:01.680  3125 14853 W dfhy    : 	at dfhy.f(:com.google.android.gms@252331022@25.23.31 (150400-769856126):17)
06-27 12:30:01.680  3125 14853 W dfhy    : 	at cdbg.fK(:com.google.android.gms@252331022@25.23.31 (150400-769856126):1)
06-27 12:30:01.680  3125 14853 W dfhy    : 	at cdbk.run(:com.google.android.gms@252331022@25.23.31 (150400-769856126):140)
06-27 12:30:01.680  3125 14853 W dfhy    : 	at evcb.run(:com.google.android.gms@252331022@25.23.31 (150400-769856126):21)
06-27 12:30:01.680  3125 14853 W dfhy    : 	at awjw.c(:com.google.android.gms@252331022@25.23.31 (150400-769856126):50)
06-27 12:30:01.680  3125 14853 W dfhy    : 	at awjw.run(:com.google.android.gms@252331022@25.23.31 (150400-769856126):70)
06-27 12:30:01.680  3125 14853 W dfhy    : 	at java.util.concurrent.ThreadPoolExecutor.runWorker(ThreadPoolExecutor.java:1167)
06-27 12:30:01.680  3125 14853 W dfhy    : 	at java.util.concurrent.ThreadPoolExecutor$Worker.run(ThreadPoolExecutor.java:641)
06-27 12:30:01.680  3125 14853 W dfhy    : 	at awpl.run(:com.google.android.gms@252331022@25.23.31 (150400-769856126):8)
06-27 12:30:01.680  3125 14853 W dfhy    : 	at java.lang.Thread.run(Thread.java:923)
06-27 12:30:01.681  3125 14853 W AsyncOperation: operation=GetExperimentTokensOperationCall, opStatusCode=29505 [CONTEXT service_id=51 ]
06-27 12:30:01.681  3125 14853 W AsyncOperation: OperationException[Status{statusCode=No config packages for log source, or config package not registered, resolution=null}]
06-27 12:30:01.681  3125 14853 W AsyncOperation: 	at dfhy.h(:com.google.android.gms@252331022@25.23.31 (150400-769856126):65)
06-27 12:30:01.681  3125 14853 W AsyncOperation: 	at dfhy.f(:com.google.android.gms@252331022@25.23.31 (150400-769856126):17)
06-27 12:30:01.681  3125 14853 W AsyncOperation: 	at cdbg.fK(:com.google.android.gms@252331022@25.23.31 (150400-769856126):1)
06-27 12:30:01.681  3125 14853 W AsyncOperation: 	at cdbk.run(:com.google.android.gms@252331022@25.23.31 (150400-769856126):140)
06-27 12:30:01.681  3125 14853 W AsyncOperation: 	at evcb.run(:com.google.android.gms@252331022@25.23.31 (150400-769856126):21)
06-27 12:30:01.681  3125 14853 W AsyncOperation: 	at awjw.c(:com.google.android.gms@252331022@25.23.31 (150400-769856126):50)
06-27 12:30:01.681  3125 14853 W AsyncOperation: 	at awjw.run(:com.google.android.gms@252331022@25.23.31 (150400-769856126):70)
06-27 12:30:01.681  3125 14853 W AsyncOperation: 	at java.util.concurrent.ThreadPoolExecutor.runWorker(ThreadPoolExecutor.java:1167)
06-27 12:30:01.681  3125 14853 W AsyncOperation: 	at java.util.concurrent.ThreadPoolExecutor$Worker.run(ThreadPoolExecutor.java:641)
06-27 12:30:01.681  3125 14853 W AsyncOperation: 	at awpl.run(:com.google.android.gms@252331022@25.23.31 (150400-769856126):8)
06-27 12:30:01.681  3125 14853 W AsyncOperation: 	at java.lang.Thread.run(Thread.java:923)
06-27 12:30:01.682 20476 20476 I cr_PolicyProvider: #notifySettingsAvailable() 0
06-27 12:30:01.682 20476 20476 I cr_CombinedPProvider: #onSettingsAvailable() 0
06-27 12:30:01.682 20476 20476 I cr_CombinedPProvider: #flushPolicies()
06-27 12:30:01.682 20476 20476 I cr_PolicyService: #onPolicyServiceInitialized()
06-27 12:30:01.685 20519 20637 E chbox:googleap: No package ID 6b found for ID 0x6b0b000f.
06-27 12:30:01.687 20519 20637 I FA      : App measurement initialized, version: 129000
06-27 12:30:01.687 20519 20637 I FA      : To enable debug logging run: adb shell setprop log.tag.FA VERBOSE
06-27 12:30:01.688 20519 20637 I FA      : To enable faster debug mode event logging run:
06-27 12:30:01.688 20519 20637 I FA      :   adb shell setprop debug.firebase.analytics.app com.google.android.googlequicksearchbox
06-27 12:30:01.695  2671  3648 D NdkImageReader: acquireImageLocked: Producer buffer usage: 333, doesn't cover all usage bits AImageReader configured: 100003
06-27 12:30:01.700  7044 19820 I MediaProvider: Using lower FS for /storage/emulated/0/Download/496532558_18025984391680267_450573341771372002_n.jpg
06-27 12:30:01.706 20476 20476 I cr_PolicyProvider: #notifySettingsAvailable() 0
06-27 12:30:01.706 20476 20476 I cr_CombinedPProvider: #onSettingsAvailable() 0
06-27 12:30:01.706 20476 20476 I cr_CombinedPProvider: #flushPolicies()
06-27 12:30:01.706  7044 19820 I MediaProvider: Using lower FS for /storage/emulated/0/Download/498312040_18027255686680267_709310053466463410_n.jpg
06-27 12:30:01.712  2671  3648 D NdkImageReader: acquireImageLocked: Producer buffer usage: 333, doesn't cover all usage bits AImageReader configured: 100003
06-27 12:30:01.716  7044 19820 I MediaProvider: Using lower FS for /storage/emulated/0/Download/498719870_18027255596680267_65695734019526565_n.jpg
06-27 12:30:01.722  7044 19820 I MediaProvider: Using lower FS for /storage/emulated/0/Download/500460638_18027846164680267_4187570197150923483_n.jpg
06-27 12:30:01.725 20519 20637 W FA      : Failed to retrieve Firebase Instance Id
06-27 12:30:01.728  2671  3648 D NdkImageReader: acquireImageLocked: Producer buffer usage: 333, doesn't cover all usage bits AImageReader configured: 100003
06-27 12:30:01.729  7044 19820 I MediaProvider: Using lower FS for /storage/emulated/0/Download/500065976_18027846131680267_1130678403645304754_n.jpg
06-27 12:30:01.738  7044 19820 I MediaProvider: Using lower FS for /storage/emulated/0/Download/500701830_18028321874680267_8539036790355305162_n.jpg
06-27 12:30:01.744  2671  3648 D NdkImageReader: acquireImageLocked: Producer buffer usage: 333, doesn't cover all usage bits AImageReader configured: 100003
06-27 12:30:01.745   885 10843 I vendor.qti.hardware.servicetracker@1.2-service: bindService is called for service : com.google.android.gms/.auth.GetToken and for client com.android.chrome
06-27 12:30:01.746   885 10843 I vendor.qti.hardware.servicetracker@1.2-service: total connections for service : com.google.android.gms/.auth.GetTokenare :2
06-27 12:30:01.746   885 10843 I vendor.qti.hardware.servicetracker@1.2-service: total connections for client : com.android.chromeare :8
06-27 12:30:01.747  7044 19820 I MediaProvider: Using lower FS for /storage/emulated/0/Download/EAadhaar_0000003512507620250120130417_22012025111451.pdf
06-27 12:30:01.754  7044 19820 I MediaProvider: Using lower FS for /storage/emulated/0/Download/501829192_18028321805680267_6853248664381685073_n.jpg
06-27 12:30:01.760  2671  3648 D NdkImageReader: acquireImageLocked: Producer buffer usage: 333, doesn't cover all usage bits AImageReader configured: 100003
06-27 12:30:01.763 20562 20562 D app_process: Time zone APEX ICU file found: /apex/com.android.tzdata/etc/icu/icu_tzdata.dat
06-27 12:30:01.763 20562 20562 D app_process: I18n APEX ICU file found: /apex/com.android.i18n/etc/icu/icudt66l.dat
06-27 12:30:01.763  7044 19820 I MediaProvider: Using lower FS for /storage/emulated/0/Download/500479165_18028321778680267_547286455170483831_n.jpg
06-27 12:30:01.767   885 10843 I vendor.qti.hardware.servicetracker@1.2-service: bindService is called for service : com.google.android.gms/.measurement.service.MeasurementBrokerService and for client com.google.android.googlequicksearchbox:googleapp
06-27 12:30:01.768   885 10843 I vendor.qti.hardware.servicetracker@1.2-service: total connections for service : com.google.android.gms/.measurement.service.MeasurementBrokerServiceare :7
06-27 12:30:01.768   885 10843 I vendor.qti.hardware.servicetracker@1.2-service: total connections for client : com.google.android.googlequicksearchbox:googleappare :7
06-27 12:30:01.770  7044 19820 I MediaProvider: Using lower FS for /storage/emulated/0/Download/_Jersey_Bgm_Nani_Anirudh_Telugu_Ringtone_(by Fringster.com).mp3
06-27 12:30:01.772 20519 20637 W FA      : Failed to retrieve Firebase Instance Id
06-27 12:30:01.775  7044 19820 I MediaProvider: Using lower FS for /storage/emulated/0/Download/471307246_2045194879236254_3161681698822847976_n.heic.jpg
06-27 12:30:01.784  7044 19820 I MediaProvider: Using lower FS for /storage/emulated/0/Download/1745086265959.pdf
06-27 12:30:01.784  2671  3648 D NdkImageReader: acquireImageLocked: Producer buffer usage: 333, doesn't cover all usage bits AImageReader configured: 100003
06-27 12:30:01.784 20519 20637 W FA      : Failed to retrieve Firebase Instance Id
06-27 12:30:01.791  7044 19820 I MediaProvider: Using lower FS for /storage/emulated/0/Download/images.jpeg
06-27 12:30:01.794  2671  3648 D NdkImageReader: acquireImageLocked: Producer buffer usage: 333, doesn't cover all usage bits AImageReader configured: 100003
06-27 12:30:01.797  3799 15292 I ChimeraPrvdrProxy: Shutting down chimera ContentProvider com.google.android.gms.reminders.provider.RemindersChimeraProvider
06-27 12:30:01.798  3799  7927 D AdvertisingIdClient: AdvertisingIdClient already created.
06-27 12:30:01.799  3799  7927 I AdvertisingIdClient: shouldSendLog 2723236
06-27 12:30:01.799  3799  7927 I AdvertisingIdClient: GetInfoInternal elapse 2ms
06-27 12:30:01.799  7044 19820 I MediaProvider: Using lower FS for /storage/emulated/0/Download/God-Of-Masses-BGM.mp3
06-27 12:30:01.806  7044 19820 I MediaProvider: Using lower FS for /storage/emulated/0/Download/ROC - Transportation Specialist - JD with EVP.docx
06-27 12:30:01.811  2671  3648 D NdkImageReader: acquireImageLocked: Producer buffer usage: 333, doesn't cover all usage bits AImageReader configured: 100003
06-27 12:30:01.816  7044 19820 I MediaProvider: Using lower FS for /storage/emulated/0/Download/Nene Neku Sontham Nuvve Naku Pranam Ringtone Download - MobCup.Com.Co.mp3
06-27 12:30:01.824 20519 20585 I cppi    : Chime Filter is invoked.
06-27 12:30:01.825 20519 20585 I cppi    : Dropping with reason: SILENT_NOTIFICATION
06-27 12:30:01.827  7044 19820 I MediaProvider: Using lower FS for /storage/emulated/0/Download/495734118_18025984262680267_7213540730082600292_n.jpg
06-27 12:30:01.828  2671  3648 D NdkImageReader: acquireImageLocked: Producer buffer usage: 333, doesn't cover all usage bits AImageReader configured: 100003
06-27 12:30:01.839 20562 20562 W app_process: JNI RegisterNativeMethods: attempt to register 0 native methods for android.media.AudioAttributes
06-27 12:30:01.846  2671  3648 D NdkImageReader: acquireImageLocked: Producer buffer usage: 333, doesn't cover all usage bits AImageReader configured: 100003
06-27 12:30:01.847 20476 20546 W chromium: [WARNING:net/cert/ev_root_ca_metadata.cc:119] Not implemented
06-27 12:30:01.847  7044 19820 I MediaProvider: Using lower FS for /storage/emulated/0/Download/'à°§à°°à±à°®à°‚, à°­à°•à±à°¤à°¿, à°•à±à°·à°® â€“ à°¶à±à°°à±€à°°à°¾à°®à±à°¨à°¿ à°œà±€à°µà°¿à°¤à°‚ à°®à°¨à°•à± à°®à°¾à°°à±à°—à°¦à°°à±à°¶à°•à°®...à±à°®à°¿ ...sriram #sitarama #rama #ayodhya #lordhanuman #sriramanavami #share.mp4
06-27 12:30:01.856  7044 19820 I MediaProvider: Using lower FS for /storage/emulated/0/Download/_Khatarnak_Khiladi_Mirchi_Bgm_Ringtone_(by Fringster.com).mp3
06-27 12:30:01.861  2671  3648 D NdkImageReader: acquireImageLocked: Producer buffer usage: 333, doesn't cover all usage bits AImageReader configured: 100003
06-27 12:30:01.862 20562 20562 D AndroidRuntime: Calling main entry com.android.commands.input.Input
06-27 12:30:01.865  7044 19820 I MediaProvider: Using lower FS for /storage/emulated/0/Download/OD433947944301692100.pdf
06-27 12:30:01.878  2671  3648 D NdkImageReader: acquireImageLocked: Producer buffer usage: 333, doesn't cover all usage bits AImageReader configured: 100003
06-27 12:30:01.886  7044 19820 I MediaProvider: Using lower FS for /storage/emulated/0/Download/_Ms_Dhoni_Emotional_Music_Dhaval_K_Raval_Ringtone_(by Fringster.com).mp3
06-27 12:30:01.890  1919  2326 W InputDispatcher: Permission denied: injecting event from pid 20562 uid 2000 to window Window{1d413a3 mode=0 rootTaskId=27375 u0 com.spotify.music/com.spotify.nowplaying.musicinstallation.NowPlayingActivity} owned by uid 10270
06-27 12:30:01.890  1919  7178 W InputManager: Input event injection from pid 20562 permission denied.
06-27 12:30:01.897  7044 19820 I MediaProvider: Using lower FS for /storage/emulated/0/Download/_Tholiprema_Varun_Bgm_Ringtone_(by Fringster.com).mp3
06-27 12:30:01.900  2671  3648 D NdkImageReader: acquireImageLocked: Producer buffer usage: 333, doesn't cover all usage bits AImageReader configured: 100003
06-27 12:30:01.904  7044 19820 I MediaProvider: Using lower FS for /storage/emulated/0/Download/game-of-thrones-ringtone-ringtones-x1404132042.mp3
06-27 12:30:01.910 20562 20562 I app_process: System.exit called, status: 1
06-27 12:30:01.911 20562 20562 I AndroidRuntime: VM exiting with result code 1.
06-27 12:30:01.911  2671  3648 D NdkImageReader: acquireImageLocked: Producer buffer usage: 333, doesn't cover all usage bits AImageReader configured: 100003
06-27 12:30:01.913  7044 19820 I MediaProvider: Using lower FS for /storage/emulated/0/Download/482798488_17912198043089939_485836524342858220_n.jpg
06-27 12:30:01.917 20519 20611 I GnpSdk  : Message handled by GNP Firebase handler.
06-27 12:30:01.918  7044 19820 I MediaProvider: Using lower FS for /storage/emulated/0/Download/Python_ChapterWise_Notes.zip
06-27 12:30:01.921  1919  7178 D CompatibilityInfo: mCompatibilityFlags - 0
06-27 12:30:01.921  1919  7178 D CompatibilityInfo: applicationDensity - 440
06-27 12:30:01.921  1919  7178 D CompatibilityInfo: applicationScale - 1.0
06-27 12:30:01.922   885 10843 I vendor.qti.hardware.servicetracker@1.2-service: bindService is called for service : com.google.android.gms/.gcm.PushMessagingRegistrarProxy and for client com.google.android.googlequicksearchbox:googleapp
06-27 12:30:01.922   885 10843 I vendor.qti.hardware.servicetracker@1.2-service: total connections for service : com.google.android.gms/.gcm.PushMessagingRegistrarProxyare :1
06-27 12:30:01.922   885 10843 I vendor.qti.hardware.servicetracker@1.2-service: total connections for client : com.google.android.googlequicksearchbox:googleappare :8
06-27 12:30:01.922   885 10843 I vendor.qti.hardware.servicetracker@1.2-service: startService() is called for servicecom.google.android.gms/.gcm.PushMessagingRegistrarProxy
06-27 12:30:01.925  7044 19820 I MediaProvider: Using lower FS for /storage/emulated/0/Download/500078765_18027846098680267_3109110156728605952_n.jpg
06-27 12:30:01.927  1919  7178 I ActivityManager: Killing 18870:com.android.externalstorage/u0a82 (adj 985): empty #17
06-27 12:30:01.927  1919  7178 I Process : PerfMonitor : current process sending signal quiet. PID: 18870 SIG: 9
06-27 12:30:01.927  1919  2134 I Process : PerfMonitor : current process killing process group. PID: 18870
06-27 12:30:01.928   879   879 I ANDR-PERF-LM: LMPerfGlue: perfmodule_submit_request() 132: perfmodule_submit_request()
06-27 12:30:01.928   879   879 I ANDR-PERF-LM: Core: getInstance() 84: LM getInstance
06-27 12:30:01.928   879   879 I ANDR-PERF-LM: WQ: push() 59: LMTriggerQ push() size=0
06-27 12:30:01.928   879   879 I ANDR-PERF-LM: WQ: push() 61: LMTriggerQ push() done size=1
06-27 12:30:01.928  2671  3648 D NdkImageReader: acquireImageLocked: Producer buffer usage: 333, doesn't cover all usage bits AImageReader configured: 100003
06-27 12:30:01.928   879   984 I ANDR-PERF-LM: WQ: pop() 42: LMTriggerQ pop() done size=0
06-27 12:30:01.928   879   984 I ANDR-PERF-LM: Core: lmMain() 373: Waiting on trigger Queue
06-27 12:30:01.928   879   984 I ANDR-PERF-LM: WQ: pop() 31: LMTriggerQ pop() size=0
06-27 12:30:01.946  2671  3648 D NdkImageReader: acquireImageLocked: Producer buffer usage: 333, doesn't cover all usage bits AImageReader configured: 100003
06-27 12:30:01.946   698   698 D Zygote  : Forked child process 20657
06-27 12:30:01.948  1919  2122 I ActivityManager: Start proc 20657:com.google.android.googlequicksearchbox:search/u0a188 for broadcast {com.google.android.googlequicksearchbox/com.google.android.apps.gsa.gcm.GcmBroadcastReceiver} caller=com.google.android.gms
06-27 12:30:01.948 20657 20657 W Zygote  : Unable to open libbeluga.so: dlopen failed: library "libbeluga.so" not found.
06-27 12:30:01.948   885 10843 I vendor.qti.hardware.servicetracker@1.2-service: unbindService is called for service : com.google.android.gms/.gcm.PushMessagingRegistrarProxy and for client com.google.android.googlequicksearchbox:googleapp
06-27 12:30:01.948   885 10843 I vendor.qti.hardware.servicetracker@1.2-service: size of service connections for service: com.google.android.gms/.gcm.PushMessagingRegistrarProxyafter removal is 0
06-27 12:30:01.948   885 10843 I vendor.qti.hardware.servicetracker@1.2-service: size of client connections for client: com.google.android.googlequicksearchbox:googleappafter removal is 7
06-27 12:30:01.950   885 10843 I vendor.qti.hardware.servicetracker@1.2-service: destroyService is called for service : com.google.android.gms/.gcm.PushMessagingRegistrarProxy
06-27 12:30:01.960 20657 20657 E earchbox:searc: Not starting debugger since process cannot load the jdwp agent.
06-27 12:30:01.961  7044 19820 I MediaProvider: Using lower FS for /storage/emulated/0/Download/images (1).jpeg
06-27 12:30:01.961  2671  3648 D NdkImageReader: acquireImageLocked: Producer buffer usage: 333, doesn't cover all usage bits AImageReader configured: 100003
06-27 12:30:01.966  7044 19820 I MediaProvider: Using lower FS for /storage/emulated/0/Download/Our Cycle.mp3
06-27 12:30:01.973  1919  2599 D CompatibilityInfo: mCompatibilityFlags - 0
06-27 12:30:01.973  1919  2599 D CompatibilityInfo: applicationDensity - 440
06-27 12:30:01.973  1919  2599 D CompatibilityInfo: applicationScale - 1.0
06-27 12:30:01.974  1919  2599 D CompatibilityInfo: mCompatibilityFlags - 0
06-27 12:30:01.974  1919  2599 D CompatibilityInfo: applicationDensity - 440
06-27 12:30:01.974  1919  2599 D CompatibilityInfo: applicationScale - 1.0
06-27 12:30:01.975  7044 19820 I MediaProvider: Using lower FS for /storage/emulated/0/Download/Kingdom-Teaser-BGM-Extended-Mix-HQ.mp3
06-27 12:30:01.979  2671  3648 D NdkImageReader: acquireImageLocked: Producer buffer usage: 333, doesn't cover all usage bits AImageReader configured: 100003
06-27 12:30:01.982  7044 19820 I MediaProvider: Using lower FS for /storage/emulated/0/Download/500639224_18028321847680267_2308518163545137765_n.jpg
06-27 12:30:01.989   879   879 I ANDR-PERF-LM: LMPerfGlue: perfmodule_submit_request() 132: perfmodule_submit_request()
06-27 12:30:01.989   879   879 I ANDR-PERF-LM: Core: getInstance() 84: LM getInstance
06-27 12:30:01.989   879   879 I ANDR-PERF-LM: WQ: push() 59: LMTriggerQ push() size=0
06-27 12:30:01.989   879   879 I ANDR-PERF-LM: WQ: push() 61: LMTriggerQ push() done size=1
06-27 12:30:01.990  1919  2134 I libprocessgroup: Successfully killed process cgroup uid 10082 pid 18870 in 62ms
06-27 12:30:01.990  1919  2599 W ANRStateManager: clear state, but process isn't exist. hash=41472910 uid=10082 pid=18870 state=16
06-27 12:30:01.990   879   984 I ANDR-PERF-LM: WQ: pop() 42: LMTriggerQ pop() done size=0
06-27 12:30:01.990   879   984 I ANDR-PERF-LM: Core: lmMain() 373: Waiting on trigger Queue
06-27 12:30:01.990   879   984 I ANDR-PERF-LM: WQ: pop() 31: LMTriggerQ pop() size=0
06-27 12:30:01.991   885 10843 I vendor.qti.hardware.servicetracker@1.2-service: killProcess is called for pid : 18870
06-27 12:30:01.990  8346  8389 I com.xiaomi.xms: oneway function results will be dropped but finished with status UNKNOWN_TRANSACTION and parcel size 0
06-27 12:30:01.992  1919  2385 I MiuiNetworkPolicy: removeUidState uid = 10082
06-27 12:30:01.996  2671  3648 D NdkImageReader: acquireImageLocked: Producer buffer usage: 333, doesn't cover all usage bits AImageReader configured: 100003
06-27 12:30:01.997 20476 20494 I PlayCore: UID: [10192]  PID: [20476] OnRequestInstallCallback : onRequestInfo
06-27 12:30:01.998  7044 19820 I MediaProvider: Using lower FS for /storage/emulated/0/Download/Python_Complete_Notes.pdf
06-27 12:30:02.001   698   698 I Zygote  : Process 18870 exited due to signal 9 (Killed)
06-27 12:30:02.005 20476 20565 I PlayCore: UID: [10192]  PID: [20476] AppUpdateService : Unbind from service.
06-27 12:30:02.006   885 10843 I vendor.qti.hardware.servicetracker@1.2-service: unbindService is called for service : com.android.vending/com.google.android.finsky.installservice.DevTriggeredUpdateService and for client com.android.chrome
06-27 12:30:02.006   885 10843 I vendor.qti.hardware.servicetracker@1.2-service: size of service connections for service: com.android.vending/com.google.android.finsky.installservice.DevTriggeredUpdateServiceafter removal is 0
06-27 12:30:02.006   885 10843 I vendor.qti.hardware.servicetracker@1.2-service: size of client connections for client: com.android.chromeafter removal is 7
06-27 12:30:02.010   885 10843 I vendor.qti.hardware.servicetracker@1.2-service: destroyService is called for service : com.android.vending/com.google.android.finsky.installservice.DevTriggeredUpdateService
06-27 12:30:02.017  2671  3648 D NdkImageReader: acquireImageLocked: Producer buffer usage: 333, doesn't cover all usage bits AImageReader configured: 100003
06-27 12:30:02.077  2671  3648 I chatty  : uid=1000(system) com.android.systemui identical 4 lines
06-27 12:30:02.094  2671  3648 D NdkImageReader: acquireImageLocked: Producer buffer usage: 333, doesn't cover all usage bits AImageReader configured: 100003
06-27 12:30:02.105 20657 20657 W earchbox:searc: JIT profile information will not be recorded: profile file does not exist.
06-27 12:30:02.105 20657 20657 W earchbox:searc: JIT profile information will not be recorded: profile file does not exist.
06-27 12:30:02.110 10366 10366 I wpa_supplicant: p2p0: CTRL-EVENT-AVOID-FREQ ranges=5500-5640
06-27 12:30:02.110 10366 10366 I wpa_supplicant: p2p0: CTRL-EVENT-REGDOM-CHANGE init=DRIVER type=COUNTRY alpha2=IN
06-27 12:30:02.110  1560  1560 I cnss-daemon: nl80211 response handler invoked
06-27 12:30:02.110  1560  1560 I cnss-daemon: nl80211_response_handler: cmd 103, vendorID 4980, subcmd 10  received
06-27 12:30:02.110   847  2607 I WifiHAL : event received NL80211_CMD_VENDOR, vendor_id = 0x1374, subcmd = 0xa
