--------- beginning of main
06-27 10:47:49.171   747   787 E HfLooper: dst->data[5.000000,0.000000,0.000000]
06-27 10:47:49.224   806   806 I BufferQueueProducer: [StatusBar#91](this:0xb400006fb27fd810,id:-1,api:0,p:-1,c:806) queueBuffer: fps=0.00 dur=839808.15 max=839321.81 min=486.34
06-27 10:47:49.224   806   806 I BufferQueueProducer: [NavigationBar0#87](this:0xb400006fb28005a0,id:-1,api:0,p:-1,c:806) queueBuffer: fps=0.00 dur=839897.74 max=839334.66 min=563.08
06-27 10:47:49.225   806   806 I BufferQueueProducer: [NotificationShade#1090](this:0xb400006fb26525b0,id:-1,api:0,p:-1,c:806) queueBuffer: fps=0.00 dur=839831.41 max=839356.04 min=475.37
06-27 10:47:49.225   806   806 I BufferQueueProducer: [FocusEventDebugView - display 0#69](this:0xb400006fb27cd180,id:-1,api:0,p:-1,c:806) queueBuffer: fps=0.00 dur=840340.07 max=839965.06 min=375.00
06-27 10:47:49.227   806   806 W SurfaceFlinger: commitOffscreenLayers Layer 0xb400006fb265b3e0 not alive
06-27 10:47:49.227   806   806 I SurfaceFlinger: onHandleDestroyed: name=ColorFade#1088, layerId=1088, parentId=0
--------- beginning of system
06-27 10:47:49.231  1357  1414 W PowerManagerService: Screen on took 293 ms
06-27 10:47:49.236   744   744 I hwcomposer: [HWCDisplay] (0) setColorTransform hint:0 ok:1 Transform Ioctl 1  
06-27 10:47:49.237   744   744 E PQ_HDR  : DpAsyncBlitStream:: thie platform unsupport compress format
06-27 10:47:49.238   744   744 E PQ_HDR  : DpAsyncBlitStream:: thie platform unsupport compress format
06-27 10:47:49.238   744   744 E PQ_HDR  : DpAsyncBlitStream:: thie platform unsupport compress format
06-27 10:47:49.238   744   744 E PQ_HDR  : DpAsyncBlitStream:: thie platform unsupport compress format
06-27 10:47:49.238   744   744 E PQ_HDR  : DpAsyncBlitStream:: thie platform unsupport compress format
06-27 10:47:49.244   806   806 I BufferQueueProducer: [FramebufferSurface](this:0xb40000700264c2f0,id:-1,api:1,p:806,c:806) queueBuffer: fps=0.01 dur=841482.95 max=841360.26 min=9.72
06-27 10:47:49.245   744   744 I hwcomposer: [HWCDisplay] setColorTransformForJob ccorr_state=0->0 hint=0 force_disable_color=0 linear=0  
06-27 10:47:49.245   744   744 I hwcomposer: [HWCDisplay] [Display_0 (type:1, mode:2)] fps:0.014261,dur:841483.35,max:841361.02,min:9.60  
06-27 10:47:49.246   744  1200 I hwcomposer: [DRMDEV] create blob id of color transform[success] mode=0 f=0 mat=2048    0    0    0   0 2048    0    0   0    0 2048    0   0    0    0 2048  
06-27 10:47:49.251   806   806 I BufferQueueDebug: [ColorFade BLAST#1089](this:0xb400006fb265dbf0,id:-1,api:0,p:-1,c:806) onDestructor()
06-27 10:47:49.252   806   806 I BufferQueueDebug: [ColorFade#1088](this:0xb400006fb2866de0,id:-1,api:0,p:-1,c:806) onDestructor()
06-27 10:47:49.254  1357  1357 W Looper  : Slow dispatch took 171ms main h=android.view.Choreographer$FrameHandler c=android.view.Choreographer$FrameDisplayEventReceiver@f290893 m=0
06-27 10:47:49.254   744   744 E PQ_HDR  : DpAsyncBlitStream:: thie platform unsupport compress format
06-27 10:47:49.255   744   744 E PQ_HDR  : DpAsyncBlitStream:: thie platform unsupport compress format
06-27 10:47:49.255   744   744 E PQ_HDR  : DpAsyncBlitStream:: thie platform unsupport compress format
06-27 10:47:49.255   744   744 E PQ_HDR  : DpAsyncBlitStream:: thie platform unsupport compress format
06-27 10:47:49.255   744   744 E PQ_HDR  : DpAsyncBlitStream:: thie platform unsupport compress format
06-27 10:47:49.255  1006  1042 E flp     : mnld_screen_monitor_thread: Screen on
06-27 10:47:49.255  1006  1042 E flp     : mnld_screen_monitor_thread: Wake Monitor Restart
06-27 10:47:49.255  1357  1357 I BrightnessSynchronizer: [161] New Update 0.0(f) set brightness values:  1(i)
06-27 10:47:49.269   744   744 E PQ_HDR  : DpAsyncBlitStream:: thie platform unsupport compress format
06-27 10:47:49.269   744   744 E PQ_HDR  : DpAsyncBlitStream:: thie platform unsupport compress format
06-27 10:47:49.269   744   744 E PQ_HDR  : DpAsyncBlitStream:: thie platform unsupport compress format
06-27 10:47:49.269   744   744 E PQ_HDR  : DpAsyncBlitStream:: thie platform unsupport compress format
06-27 10:47:49.269   744   744 E PQ_HDR  : DpAsyncBlitStream:: thie platform unsupport compress format
06-27 10:47:49.271   747   787 E HfLooper: dst->data[5.000000,40.000000,9697.000000]
06-27 10:47:49.272  1357  1357 I BrightnessSynchronizer: Swallowing update of 1(i) by update: {[161] 0.0(f), mUpdatedTypes=1, mConfirmedTypes=1, mTimeUpdated=30645855}
06-27 10:47:49.272  1357  1357 I BrightnessSynchronizer: Completed Update: {[161] 0.0(f), mUpdatedTypes=1, mConfirmedTypes=1, mTimeUpdated=30645855}
06-27 10:47:49.279   744   744 E PQ_HDR  : DpAsyncBlitStream:: thie platform unsupport compress format
06-27 10:47:49.279   744   744 E PQ_HDR  : DpAsyncBlitStream:: thie platform unsupport compress format
06-27 10:47:49.279   744   744 E PQ_HDR  : DpAsyncBlitStream:: thie platform unsupport compress format
06-27 10:47:49.279   744   744 E PQ_HDR  : DpAsyncBlitStream:: thie platform unsupport compress format
06-27 10:47:49.279   744   744 E PQ_HDR  : DpAsyncBlitStream:: thie platform unsupport compress format
06-27 10:47:49.287  1621  1621 I KeyguardTransitionRepository: FINISHED transition: TransitionStep(from=DOZING, to=LOCKSCREEN, value=1.0, transitionState=FINISHED, ownerName=FromDozingTransitionInteractor)
06-27 10:47:49.287   744   744 E PQ_HDR  : DpAsyncBlitStream:: thie platform unsupport compress format
06-27 10:47:49.287   744   744 E PQ_HDR  : DpAsyncBlitStream:: thie platform unsupport compress format
06-27 10:47:49.287   744   744 E PQ_HDR  : DpAsyncBlitStream:: thie platform unsupport compress format
06-27 10:47:49.288   744   744 E PQ_HDR  : DpAsyncBlitStream:: thie platform unsupport compress format
06-27 10:47:49.288   744   744 E PQ_HDR  : DpAsyncBlitStream:: thie platform unsupport compress format
06-27 10:47:49.294   744   744 E PQ_HDR  : DpAsyncBlitStream:: thie platform unsupport compress format
06-27 10:47:49.294   744   744 E PQ_HDR  : DpAsyncBlitStream:: thie platform unsupport compress format
06-27 10:47:49.294   744   744 E PQ_HDR  : DpAsyncBlitStream:: thie platform unsupport compress format
06-27 10:47:49.294   744   744 E PQ_HDR  : DpAsyncBlitStream:: thie platform unsupport compress format
06-27 10:47:49.294   744   744 E PQ_HDR  : DpAsyncBlitStream:: thie platform unsupport compress format
06-27 10:47:49.305   744   744 E PQ_HDR  : DpAsyncBlitStream:: thie platform unsupport compress format
06-27 10:47:49.305   744   744 E PQ_HDR  : DpAsyncBlitStream:: thie platform unsupport compress format
06-27 10:47:49.305   744   744 E PQ_HDR  : DpAsyncBlitStream:: thie platform unsupport compress format
06-27 10:47:49.305   744   744 E PQ_HDR  : DpAsyncBlitStream:: thie platform unsupport compress format
06-27 10:47:49.305   744   744 E PQ_HDR  : DpAsyncBlitStream:: thie platform unsupport compress format
06-27 10:47:49.317   744   744 E PQ_HDR  : DpAsyncBlitStream:: thie platform unsupport compress format
06-27 10:47:49.317   744   744 E PQ_HDR  : DpAsyncBlitStream:: thie platform unsupport compress format
06-27 10:47:49.317   744   744 E PQ_HDR  : DpAsyncBlitStream:: thie platform unsupport compress format
06-27 10:47:49.317   744   744 E PQ_HDR  : DpAsyncBlitStream:: thie platform unsupport compress format
06-27 10:47:49.317   744   744 E PQ_HDR  : DpAsyncBlitStream:: thie platform unsupport compress format
06-27 10:47:49.328   744   744 E PQ_HDR  : DpAsyncBlitStream:: thie platform unsupport compress format
06-27 10:47:49.328   744   744 E PQ_HDR  : DpAsyncBlitStream:: thie platform unsupport compress format
06-27 10:47:49.328   744   744 E PQ_HDR  : DpAsyncBlitStream:: thie platform unsupport compress format
06-27 10:47:49.328   744   744 E PQ_HDR  : DpAsyncBlitStream:: thie platform unsupport compress format
06-27 10:47:49.328   744   744 E PQ_HDR  : DpAsyncBlitStream:: thie platform unsupport compress format
06-27 10:47:49.338   744   744 E PQ_HDR  : DpAsyncBlitStream:: thie platform unsupport compress format
06-27 10:47:49.339   744   744 E PQ_HDR  : DpAsyncBlitStream:: thie platform unsupport compress format
06-27 10:47:49.339   744   744 E PQ_HDR  : DpAsyncBlitStream:: thie platform unsupport compress format
06-27 10:47:49.339   744   744 E PQ_HDR  : DpAsyncBlitStream:: thie platform unsupport compress format
06-27 10:47:49.339   744   744 E PQ_HDR  : DpAsyncBlitStream:: thie platform unsupport compress format
06-27 10:47:49.351   744   744 E PQ_HDR  : DpAsyncBlitStream:: thie platform unsupport compress format
06-27 10:47:49.351   744   744 E PQ_HDR  : DpAsyncBlitStream:: thie platform unsupport compress format
06-27 10:47:49.351   744   744 E PQ_HDR  : DpAsyncBlitStream:: thie platform unsupport compress format
06-27 10:47:49.351   744   744 E PQ_HDR  : DpAsyncBlitStream:: thie platform unsupport compress format
06-27 10:47:49.351   744   744 E PQ_HDR  : DpAsyncBlitStream:: thie platform unsupport compress format
06-27 10:47:49.362   744   744 E PQ_HDR  : DpAsyncBlitStream:: thie platform unsupport compress format
06-27 10:47:49.362   744   744 E PQ_HDR  : DpAsyncBlitStream:: thie platform unsupport compress format
06-27 10:47:49.362   744   744 E PQ_HDR  : DpAsyncBlitStream:: thie platform unsupport compress format
06-27 10:47:49.362   744   744 E PQ_HDR  : DpAsyncBlitStream:: thie platform unsupport compress format
06-27 10:47:49.362   744   744 E PQ_HDR  : DpAsyncBlitStream:: thie platform unsupport compress format
06-27 10:47:49.371   747   787 E HfLooper: dst->data[5.000000,40.000000,9693.000000]
06-27 10:47:49.372   744   744 E PQ_HDR  : DpAsyncBlitStream:: thie platform unsupport compress format
06-27 10:47:49.372   744   744 E PQ_HDR  : DpAsyncBlitStream:: thie platform unsupport compress format
06-27 10:47:49.372   744   744 E PQ_HDR  : DpAsyncBlitStream:: thie platform unsupport compress format
06-27 10:47:49.372   744   744 E PQ_HDR  : DpAsyncBlitStream:: thie platform unsupport compress format
06-27 10:47:49.372   744   744 E PQ_HDR  : DpAsyncBlitStream:: thie platform unsupport compress format
06-27 10:47:49.381   744   744 E PQ_HDR  : DpAsyncBlitStream:: thie platform unsupport compress format
06-27 10:47:49.381   744   744 E PQ_HDR  : DpAsyncBlitStream:: thie platform unsupport compress format
06-27 10:47:49.381   744   744 E PQ_HDR  : DpAsyncBlitStream:: thie platform unsupport compress format
06-27 10:47:49.381   744   744 E PQ_HDR  : DpAsyncBlitStream:: thie platform unsupport compress format
06-27 10:47:49.381   744   744 E PQ_HDR  : DpAsyncBlitStream:: thie platform unsupport compress format
