06-27 12:30:18.118 21879 21945 W AppInitScheduler|Schedule:   Executing 170:InitFury
06-27 12:30:18.118 21879 21945 W AppInitScheduler|Schedule:   Executing 172:InitHelium
06-27 12:30:18.118 21879 21945 W AppInitScheduler|Schedule:   Executing 179:InitMemoryDumpHandler
06-27 12:30:18.118 21879 21945 W AppInitScheduler|Schedule:   Executing 211:LocationRequestDetector
06-27 12:30:18.118 21879 21945 W AppInitScheduler|Schedule:   Executing 295:PendingStoryStoreInitializer
06-27 12:30:18.118 21879 21945 W AppInitScheduler|Schedule:   Executing 373:WarmFacebookEmojiFont
06-27 12:30:18.118 21879 21945 W AppInitScheduler|Schedule:   Executing 214:LongtailVoltronAppInit
06-27 12:30:18.118 21879 21946 W AppInitScheduler|Schedule:   Executing 206:LithoConfiguration
06-27 12:30:18.118 21879 21946 W AppInitScheduler|Schedule:   Executing 119:EagerInitTigonLiger
06-27 12:30:18.118 21879 21946 W AppInitScheduler|Schedule:   Executing 347:StartupDestinationAppInit
06-27 12:30:18.118 21879 21946 W AppInitScheduler|Schedule:   Executing 107:DgwEarlySyncInitializer
06-27 12:30:18.118 21879 21946 W AppInitScheduler|Schedule:   Executing 155:INeedInitForSharedPrefsListenerRegister
06-27 12:30:18.118 21879 21963 W AppInitScheduler|Run:   Finished InitAppChoreographer in 15ms
06-27 12:30:18.118 21879 21946 W AppInitScheduler|Schedule:   Executing 230:MobileConfigAdminIdLaterInit
06-27 12:30:18.119 21879 21954 W AppInitScheduler|Run:   Finished FbMCPPluginInitializer in 55ms
06-27 12:30:18.119 21879 21954 W AppInitScheduler|Run: Running AnalyticsLoggerInit [*]
06-27 12:30:18.119 21879 21946 W AppInitScheduler|Run: Running E2EForceMobileConfigFetch [*]
06-27 12:30:18.119 21879 21946 W AppInitScheduler|Run:   Finished E2EForceMobileConfigFetch in 0ms
06-27 12:30:18.119 21879 21946 W AppInitScheduler|Schedule:   Executing 330:RunEarlyInitForActivity
06-27 12:30:18.119 21879 21946 W AppInitScheduler|Schedule:   Executing 232:MobileConfigLaterInit
06-27 12:30:18.120 21879 21956 W StartupMetricTracker: Begin BACKGROUND UNTRACKED start
06-27 12:30:18.121 21879 21963 W AppInitScheduler|Run: Running FdidInitSync [*]
06-27 12:30:18.121 21879 21946 W AppInitScheduler|Run: Running LithoConfiguration [*]
06-27 12:30:18.122 21879 21956 E AppState: Returning default for firstRunInfo
06-27 12:30:18.122 21879 21956 E AppState: Returning default for firstRunInfo
06-27 12:30:18.127 21879 21945 W AppInitScheduler|Run: Running PrivacyUiiDetectionLogger [*]
06-27 12:30:18.131 21879 21945 W AppInitScheduler|Run:   Finished PrivacyUiiDetectionLogger in 4ms
06-27 12:30:18.132 21879 21945 W AppInitScheduler|Run: Running EagerInitTigonLiger [*]
06-27 12:30:18.132 21879 21963 W AppInitScheduler|Run:   Finished FdidInitSync in 11ms
06-27 12:30:18.133 21879 21963 W AppInitScheduler|Run: Running RunEarlyInitForActivity [*]
06-27 12:30:18.133 21879 21963 W AppInitScheduler|Run:   Finished RunEarlyInitForActivity in 0ms
06-27 12:30:18.133 21879 21963 W AppInitScheduler|Run: Running StartupDestinationAppInit [*]
06-27 12:30:18.133 21879 21963 W AppInitScheduler|Run:   Finished StartupDestinationAppInit in 0ms
06-27 12:30:18.133 21879 21963 W AppInitScheduler|Run: Running CheckUnstableContentProvider
06-27 12:30:18.134 21879 21963 W AppInitScheduler|Run:   Finished CheckUnstableContentProvider in 0ms
06-27 12:30:18.134 21879 21963 W AppInitScheduler|Run: Running StartupQPLInit
06-27 12:30:18.134 21879 21963 W QuickPerformanceLoggerModule: Providing QPL... begin
06-27 12:30:18.140 21879 21945 W AppInitScheduler|Schedule:   Executing async work for EagerInitTigonLiger: InjectTigonServiceHolder
06-27 12:30:18.140 21879 21945 W AppInitScheduler|Schedule:   Executing async work for EagerInitTigonLiger: InjectNativePlatformContextHolder
06-27 12:30:18.144 21698 21994 W android.youtub: ClassLoaderContext classpath size mismatch. expected=12, found=0 (DLC[];PCL[base.apk*3954478138:base.apk!classes2.dex*934104914:base.apk!classes3.dex*156543503:base.apk!classes4.dex*3966455241:base.apk!classes5.dex*279722583:base.apk!classes6.dex*727634671:base.apk!classes7.dex*2632977846:base.apk!classes8.dex*3752884997:base.apk!classes9.dex*1939713283:base.apk!classes10.dex*2897118556:base.apk!classes11.dex*1109959419:base.apk!classes12.dex*1624837242]{PCL[/system/framework/org.apache.http.legacy.jar*1721227950]#PCL[/system/framework/com.android.media.remotedisplay.jar*1573936315]#PCL[/system/framework/com.android.location.provider.jar*1664931834]#PCL[/system/framework/org.apache.http.legacy.jar*1721227950]} | DLC[];PCL[])
06-27 12:30:18.144 21879 21956 W AppInitScheduler|Run:   Finished RunPerfMarkers in 41ms
06-27 12:30:18.146 21879 21946 W AppInitScheduler|Run:   Finished LithoConfiguration in 24ms
06-27 12:30:18.147 21879 21945 W AppInitScheduler|Schedule:   Executing async work for EagerInitTigonLiger: InjectHttpClient
06-27 12:30:18.149 21879 21945 W MDCLLight: Failed to load class from parent: org.apache.http.Header
06-27 12:30:18.149 21879 21945 W MDCLLight: java.lang.ClassNotFoundException: org.apache.http.Header
06-27 12:30:18.149 21879 21945 W MDCLLight: 	at java.lang.Class.classForName(Native Method)
06-27 12:30:18.149 21879 21945 W MDCLLight: 	at java.lang.BootClassLoader.findClass(ClassLoader.java:1358)
06-27 12:30:18.149 21879 21945 W MDCLLight: 	at java.lang.BootClassLoader.loadClass(ClassLoader.java:1418)
06-27 12:30:18.149 21879 21945 W MDCLLight: 	at java.lang.ClassLoader.loadClass(ClassLoader.java:312)
06-27 12:30:18.149 21879 21945 W MDCLLight: 	at com.facebook.common.dextricks.MultiDexClassLoaderLight.loadFromParent(:4)
06-27 12:30:18.149 21879 21945 W MDCLLight: 	at com.facebook.common.dextricks.MultiDexClassLoaderLight.loadClass(:6)
06-27 12:30:18.149 21879 21945 W MDCLLight: 	at java.lang.ClassLoader.loadClass(ClassLoader.java:367)
06-27 12:30:18.149 21879 21945 W MDCLLight: 	at java.lang.ClassLoader.loadClass(ClassLoader.java:312)
06-27 12:30:18.149 21879 21945 W MDCLLight: 	at com.facebook.soloader.MergedSoMapping$Invoke_JNI_OnLoad.libliger_so(Native Method)
06-27 12:30:18.149 21879 21945 W MDCLLight: 	at X.0r8.A02(:80424)
06-27 12:30:18.149 21879 21945 W MDCLLight: 	at X.0r8.A01(:79547)
06-27 12:30:18.149 21879 21945 W MDCLLight: 	at X.0r8.A0E(:449)
06-27 12:30:18.149 21879 21945 W MDCLLight: 	at X.0r8.loadLibrary(:174)
06-27 12:30:18.149 21879 21945 W MDCLLight: 	at X.0r8.loadLibrary(:268435461)
06-27 12:30:18.149 21879 21945 W MDCLLight: 	at X.1Ql.EGo(Unknown Source:9)
06-27 12:30:18.149 21879 21945 W MDCLLight: 	at com.facebook.tigon.tigonliger.TigonLigerService.initHybrid(Unknown Source:70)
06-27 12:30:18.149 21879 21945 W MDCLLight: 	at com.facebook.tigon.tigonliger.TigonLigerService.<init>(Unknown Source:70)
06-27 12:30:18.149 21879 21945 W MDCLLight: 	at X.CdX.A0O(Unknown Source:642)
06-27 12:30:18.149 21879 21945 W MDCLLight: 	at X.CdX.A06(Unknown Source:3)
06-27 12:30:18.149 21879 21945 W MDCLLight: 	at X.CdX.A0P(Unknown Source:3)
06-27 12:30:18.149 21879 21945 W MDCLLight: 	at X.CdX.A07(Unknown Source:3)
06-27 12:30:18.149 21879 21945 W MDCLLight: 	at X.CdX.A0Q(Unknown Source:7)
06-27 12:30:18.149 21879 21945 W MDCLLight: 	at X.CdX.A0B(Unknown Source:5)
06-27 12:30:18.149 21879 21945 W MDCLLight: 	at X.14X.A03(:50)
06-27 12:30:18.149 21879 21945 W MDCLLight: 	at X.3ge.A01(Unknown Source:104)
06-27 12:30:18.149 21879 21945 W MDCLLight: 	at X.CdX.A0O(Unknown Source:1347)
06-27 12:30:18.149 21879 21945 W MDCLLight: 	at X.CdX.A06(Unknown Source:3)
06-27 12:30:18.149 21879 21945 W MDCLLight: 	at X.CdX.A0P(Unknown Source:3)
06-27 12:30:18.149 21879 21945 W MDCLLight: 	at X.CdX.A07(Unknown Source:3)
06-27 12:30:18.149 21879 21945 W MDCLLight: 	at X.CdX.A0Q(Unknown Source:7)
06-27 12:30:18.149 21879 21945 W MDCLLight: 	at X.CdX.A0B(Unknown Source:5)
06-27 12:30:18.149 21879 21945 W MDCLLight: 	at X.14X.A03(:50)
06-27 12:30:18.149 21879 21945 W MDCLLight: 	at X.3ge.A01(Unknown Source:104)
06-27 12:30:18.149 21879 21945 W MDCLLight: 	at X.5Sb.call(Unknown Source:18)
06-27 12:30:18.149 21879 21945 W MDCLLight: 	at com.facebook.tigon.nativeservice.authed.NativeAuthedTigonServiceHolder.<init>(Unknown Source:18)
06-27 12:30:18.149 21879 21945 W MDCLLight: 	at com.facebook.tigon.nativeservice.authed.fb.NativeFBAuthedTigonServiceHolder.<init>(Unknown Source:18)
06-27 12:30:18.149 21879 21945 W MDCLLight: 	at X.3kU.A02(Unknown Source:427)
06-27 12:30:18.149 21879 21945 W MDCLLight: 	at X.3kU.A06(Unknown Source:11)
06-27 12:30:18.149 21879 21945 W MDCLLight: 	at X.3kU.A04(Unknown Source:5)
06-27 12:30:18.149 21879 21945 W MDCLLight: 	at X.14X.A03(:29)
06-27 12:30:18.149 21879 21945 W MDCLLight: 	at X.1Ia.A01(Unknown Source:274)
06-27 12:30:18.149 21879 21945 W MDCLLight: 	at X.1Io.A05(Unknown Source:5)
06-27 12:30:18.149 21879 21945 W MDCLLight: 	at com.facebook.common.appinit.invoker.OnApplicationInitInvoker.A1c(Unknown Source:1391)
06-27 12:30:18.149 21879 21945 W MDCLLight: 	at com.facebook.common.appinit.invoker.OnApplicationInitInvoker.A1b(Unknown Source:3)
06-27 12:30:18.149 21879 21945 W MDCLLight: 	at com.facebook.common.appinit.invoker.OnApplicationInitInvoker.A1d(Unknown Source:3)
06-27 12:30:18.149 21879 21945 W MDCLLight: 	at com.facebook.common.appinit.invoker.OnApplicationInitInvoker.C2x(Unknown Source:49)
06-27 12:30:18.149 21879 21945 W MDCLLight: 	at X.0hH.run(:227)
06-27 12:30:18.149 21879 21945 W MDCLLight: 	at java.util.concurrent.ThreadPoolExecutor.runWorker(ThreadPoolExecutor.java:1167)
06-27 12:30:18.149 21879 21945 W MDCLLight: 	at java.util.concurrent.ThreadPoolExecutor$Worker.run(ThreadPoolExecutor.java:641)
06-27 12:30:18.149 21879 21945 W MDCLLight: 	at X.0hJ.run(:11)
06-27 12:30:18.149 21879 21945 W MDCLLight: 	at java.lang.Thread.run(Thread.java:923)
06-27 12:30:18.149 21879 21945 W MDCLLight: Caused by: java.lang.NoClassDefFoundError: Class not found using the boot class loader; no stack trace available
06-27 12:30:18.150 21879 21945 W MDCLLight: Trying to fallback load dexorg.apache.http.Header moduleHint = null
06-27 12:30:18.151 21879 21945 E MDCLLight: Fallback load dex failed for org.apache.http.Header
06-27 12:30:18.154   885 10843 I vendor.qti.hardware.servicetracker@1.2-service: bindService is called for service : com.google.android.gms/.gcm.PushMessagingRegistrarProxy and for client com.google.android.youtube
06-27 12:30:18.154   885 10843 I vendor.qti.hardware.servicetracker@1.2-service: total connections for service : com.google.android.gms/.gcm.PushMessagingRegistrarProxyare :1
06-27 12:30:18.154   885 10843 I vendor.qti.hardware.servicetracker@1.2-service: total connections for client : com.google.android.youtubeare :9
06-27 12:30:18.154  1919  7185 D CompatibilityInfo: mCompatibilityFlags - 0
06-27 12:30:18.154  1919  7185 D CompatibilityInfo: applicationDensity - 440
06-27 12:30:18.154  1919  7185 D CompatibilityInfo: applicationScale - 1.0
06-27 12:30:18.156   885 10843 I vendor.qti.hardware.servicetracker@1.2-service: startService() is called for servicecom.google.android.gms/.gcm.PushMessagingRegistrarProxy
06-27 12:30:18.158 21879 21963 W QuickPerformanceLoggerModule: Providing QPL... end
06-27 12:30:18.160 21879 21945 W MDCLLight: Failed to load class from parent: org.apache.http.client.methods.HttpUriRequest
06-27 12:30:18.160 21879 21945 W MDCLLight: java.lang.ClassNotFoundException: org.apache.http.client.methods.HttpUriRequest
06-27 12:30:18.160 21879 21945 W MDCLLight: 	at java.lang.Class.classForName(Native Method)
06-27 12:30:18.160 21879 21945 W MDCLLight: 	at java.lang.BootClassLoader.findClass(ClassLoader.java:1358)
06-27 12:30:18.160 21879 21945 W MDCLLight: 	at java.lang.BootClassLoader.loadClass(ClassLoader.java:1418)
06-27 12:30:18.160 21879 21945 W MDCLLight: 	at java.lang.ClassLoader.loadClass(ClassLoader.java:312)
06-27 12:30:18.160 21879 21945 W MDCLLight: 	at com.facebook.common.dextricks.MultiDexClassLoaderLight.loadFromParent(:4)
06-27 12:30:18.160 21879 21945 W MDCLLight: 	at com.facebook.common.dextricks.MultiDexClassLoaderLight.loadClass(:6)
06-27 12:30:18.160 21879 21945 W MDCLLight: 	at java.lang.ClassLoader.loadClass(ClassLoader.java:367)
06-27 12:30:18.160 21879 21945 W MDCLLight: 	at java.lang.ClassLoader.loadClass(ClassLoader.java:312)
06-27 12:30:18.160 21879 21945 W MDCLLight: 	at com.facebook.soloader.MergedSoMapping$Invoke_JNI_OnLoad.libliger_so(Native Method)
06-27 12:30:18.160 21879 21945 W MDCLLight: 	at X.0r8.A02(:80424)
06-27 12:30:18.160 21879 21945 W MDCLLight: 	at X.0r8.A01(:79547)
06-27 12:30:18.160 21879 21945 W MDCLLight: 	at X.0r8.A0E(:449)
06-27 12:30:18.160 21879 21945 W MDCLLight: 	at X.0r8.loadLibrary(:174)
06-27 12:30:18.160 21879 21945 W MDCLLight: 	at X.0r8.loadLibrary(:268435461)
06-27 12:30:18.160 21879 21945 W MDCLLight: 	at X.1Ql.EGo(Unknown Source:9)
06-27 12:30:18.160 21879 21945 W MDCLLight: 	at com.facebook.tigon.tigonliger.TigonLigerService.initHybrid(Unknown Source:70)
06-27 12:30:18.160 21879 21945 W MDCLLight: 	at com.facebook.tigon.tigonliger.TigonLigerService.<init>(Unknown Source:70)
06-27 12:30:18.160 21879 21945 W MDCLLight: 	at X.CdX.A0O(Unknown Source:642)
06-27 12:30:18.160 21879 21945 W MDCLLight: 	at X.CdX.A06(Unknown Source:3)
06-27 12:30:18.160 21879 21945 W MDCLLight: 	at X.CdX.A0P(Unknown Source:3)
06-27 12:30:18.160 21879 21945 W MDCLLight: 	at X.CdX.A07(Unknown Source:3)
06-27 12:30:18.160 21879 21945 W MDCLLight: 	at X.CdX.A0Q(Unknown Source:7)
06-27 12:30:18.160 21879 21945 W MDCLLight: 	at X.CdX.A0B(Unknown Source:5)
06-27 12:30:18.160 21879 21945 W MDCLLight: 	at X.14X.A03(:50)
06-27 12:30:18.160 21879 21945 W MDCLLight: 	at X.3ge.A01(Unknown Source:104)
06-27 12:30:18.160 21879 21945 W MDCLLight: 	at X.CdX.A0O(Unknown Source:1347)
06-27 12:30:18.160 21879 21945 W MDCLLight: 	at X.CdX.A06(Unknown Source:3)
06-27 12:30:18.160 21879 21945 W MDCLLight: 	at X.CdX.A0P(Unknown Source:3)
06-27 12:30:18.160 21879 21945 W MDCLLight: 	at X.CdX.A07(Unknown Source:3)
06-27 12:30:18.160 21879 21945 W MDCLLight: 	at X.CdX.A0Q(Unknown Source:7)
06-27 12:30:18.160 21879 21945 W MDCLLight: 	at X.CdX.A0B(Unknown Source:5)
06-27 12:30:18.160 21879 21945 W MDCLLight: 	at X.14X.A03(:50)
06-27 12:30:18.160 21879 21945 W MDCLLight: 	at X.3ge.A01(Unknown Source:104)
06-27 12:30:18.160 21879 21945 W MDCLLight: 	at X.5Sb.call(Unknown Source:18)
06-27 12:30:18.160 21879 21945 W MDCLLight: 	at com.facebook.tigon.nativeservice.authed.NativeAuthedTigonServiceHolder.<init>(Unknown Source:18)
06-27 12:30:18.160 21879 21945 W MDCLLight: 	at com.facebook.tigon.nativeservice.authed.fb.NativeFBAuthedTigonServiceHolder.<init>(Unknown Source:18)
06-27 12:30:18.160 21879 21945 W MDCLLight: 	at X.3kU.A02(Unknown Source:427)
06-27 12:30:18.160 21879 21945 W MDCLLight: 	at X.3kU.A06(Unknown Source:11)
06-27 12:30:18.160 21879 21945 W MDCLLight: 	at X.3kU.A04(Unknown Source:5)
06-27 12:30:18.160 21879 21945 W MDCLLight: 	at X.14X.A03(:29)
06-27 12:30:18.160 21879 21945 W MDCLLight: 	at X.1Ia.A01(Unknown Source:274)
06-27 12:30:18.160 21879 21945 W MDCLLight: 	at X.1Io.A05(Unknown Source:5)
06-27 12:30:18.160 21879 21945 W MDCLLight: 	at com.facebook.common.appinit.invoker.OnApplicationInitInvoker.A1c(Unknown Source:1391)
06-27 12:30:18.160 21879 21945 W MDCLLight: 	at com.facebook.common.appinit.invoker.OnApplicationInitInvoker.A1b(Unknown Source:3)
06-27 12:30:18.160 21879 21945 W MDCLLight: 	at com.facebook.common.appinit.invoker.OnApplicationInitInvoker.A1d(Unknown Source:3)
06-27 12:30:18.160 21879 21945 W MDCLLight: 	at com.facebook.common.appinit.invoker.OnApplicationInitInvoker.C2x(Unknown Source:49)
06-27 12:30:18.160 21879 21945 W MDCLLight: 	at X.0hH.run(:227)
06-27 12:30:18.160 21879 21945 W MDCLLight: 	at java.util.concurrent.ThreadPoolExecutor.runWorker(ThreadPoolExecutor.java:1167)
06-27 12:30:18.160 21879 21945 W MDCLLight: 	at java.util.concurrent.ThreadPoolExecutor$Worker.run(ThreadPoolExecutor.java:641)
06-27 12:30:18.160 21879 21945 W MDCLLight: 	at X.0hJ.run(:11)
06-27 12:30:18.160 21879 21945 W MDCLLight: 	at java.lang.Thread.run(Thread.java:923)
06-27 12:30:18.160 21879 21945 W MDCLLight: Caused by: java.lang.NoClassDefFoundError: Class not found using the boot class loader; no stack trace available
06-27 12:30:18.160   698   698 D Zygote  : Forked child process 22007
06-27 12:30:18.161 21879 21963 W AppInitScheduler|Run:   Finished StartupQPLInit in 27ms
06-27 12:30:18.161 21879 21963 W AppInitScheduler|Schedule:   Executing 152:INeedInitForBroadcastReceiverRegister
06-27 12:30:18.161 21879 21963 W AppInitScheduler|Schedule:   Executing 318:ProfiloBridgeFactoryImpl
06-27 12:30:18.161 21879 21963 W AppInitScheduler|Schedule:   Executing 327:ReliabilityUserPerceptibleScopeToQPL
06-27 12:30:18.161 21879 21963 W AppInitScheduler|Schedule:   Executing 356:TransientNetworkTraceEarlyInit
06-27 12:30:18.161 21879 21963 W AppInitScheduler|Schedule:   Executing 299:PreloadFeedDataLoader
06-27 12:30:18.161 21879 21963 W AppInitScheduler|Schedule:   Executing 301:PreloadFeedFullCacheLoad
06-27 12:30:18.161 21879 21963 W AppInitScheduler|Schedule:   Executing 202:KeepWarm
06-27 12:30:18.161 21879 21963 W AppInitScheduler|Schedule:   Executing 228:MetaCasper
06-27 12:30:18.161 21879 21963 W AppInitScheduler|Schedule:   Executing 302:PreloadFeedRequest
06-27 12:30:18.161 21879 21963 W AppInitScheduler|Schedule:   Executing 297:PreloadClashManager
06-27 12:30:18.161 21879 21963 W AppInitScheduler|Schedule:   Executing 298:PreloadFeedConfig
06-27 12:30:18.161 21879 21963 W AppInitScheduler|Schedule:   Executing 300:PreloadFeedFetchMetadata
06-27 12:30:18.161 21879 21963 W AppInitScheduler|Schedule:   Executing 303:PreloadFreshFeedRanker
06-27 12:30:18.161 21879 21963 W AppInitScheduler|Schedule:   Executing 311:PreloadStoriesTrayFetchController
06-27 12:30:18.161 21879 21963 W AppInitScheduler|Schedule:   Executing 312:PreloadStoriesTrayQuery
06-27 12:30:18.161 21879 21963 W AppInitScheduler|Schedule:   Executing 313:PreloadVideoHomeDataControllerForRestart
06-27 12:30:18.161 21879 21963 W AppInitScheduler|Schedule:   Executing 314:PreloadVideoPrivateSharing
06-27 12:30:18.161 21879 21963 W AppInitScheduler|Schedule:   Executing 315:PreloadVideoTabRestart
06-27 12:30:18.161 21879 21963 W AppInitScheduler|Schedule:   Executing 341:SetupBlockingBackgroundComponentReporting
06-27 12:30:18.161 21879 21963 W AppInitScheduler|Schedule:   Executing 349:StartupQPLReplayer
06-27 12:30:18.162 22007 22007 W Zygote  : Unable to open libbeluga.so: dlopen failed: library "libbeluga.so" not found.
06-27 12:30:18.162 21879 21945 W MDCLLight: Trying to fallback load dexorg.apache.http.client.methods.HttpUriRequest moduleHint = null
06-27 12:30:18.162 21879 21945 E MDCLLight: Fallback load dex failed for org.apache.http.client.methods.HttpUriRequest
06-27 12:30:18.162   885 10843 I vendor.qti.hardware.servicetracker@1.2-service: unbindService is called for service : com.google.android.gms/.gcm.PushMessagingRegistrarProxy and for client com.google.android.youtube
06-27 12:30:18.163   885 10843 I vendor.qti.hardware.servicetracker@1.2-service: size of service connections for service: com.google.android.gms/.gcm.PushMessagingRegistrarProxyafter removal is 0
06-27 12:30:18.163   885 10843 I vendor.qti.hardware.servicetracker@1.2-service: size of client connections for client: com.google.android.youtubeafter removal is 8
06-27 12:30:18.163   885  2734 I vendor.qti.hardware.servicetracker@1.2-service: destroyService is called for service : com.google.android.gms/.gcm.PushMessagingRegistrarProxy
06-27 12:30:18.163 21879 21954 W EndToEndAnalyticsEventListener: WRITE_ANALYTICS_TO_LOGCAT = null, EndToEnd.isRunningEndToEndTest() = false
06-27 12:30:18.164  1919  2122 I ActivityManager: Start proc 22007:com.android.chrome/u0a192 for service {com.android.chrome/org.chromium.chrome.browser.customtabs.CustomTabsConnectionService} caller=com.google.android.youtube
06-27 12:30:18.165 21879 21945 W MDCLLight: Failed to load class from parent: org.apache.http.message.BasicHeader
06-27 12:30:18.165 21879 21945 W MDCLLight: java.lang.ClassNotFoundException: org.apache.http.message.BasicHeader
06-27 12:30:18.165 21879 21945 W MDCLLight: 	at java.lang.Class.classForName(Native Method)
06-27 12:30:18.165 21879 21945 W MDCLLight: 	at java.lang.BootClassLoader.findClass(ClassLoader.java:1358)
06-27 12:30:18.165 21879 21945 W MDCLLight: 	at java.lang.BootClassLoader.loadClass(ClassLoader.java:1418)
06-27 12:30:18.165 21879 21945 W MDCLLight: 	at java.lang.ClassLoader.loadClass(ClassLoader.java:312)
06-27 12:30:18.165 21879 21945 W MDCLLight: 	at com.facebook.common.dextricks.MultiDexClassLoaderLight.loadFromParent(:4)
06-27 12:30:18.165 21879 21945 W MDCLLight: 	at com.facebook.common.dextricks.MultiDexClassLoaderLight.loadClass(:6)
06-27 12:30:18.165 21879 21945 W MDCLLight: 	at java.lang.ClassLoader.loadClass(ClassLoader.java:367)
06-27 12:30:18.165 21879 21945 W MDCLLight: 	at java.lang.ClassLoader.loadClass(ClassLoader.java:312)
06-27 12:30:18.165 21879 21945 W MDCLLight: 	at com.facebook.soloader.MergedSoMapping$Invoke_JNI_OnLoad.libliger_so(Native Method)
06-27 12:30:18.165 21879 21945 W MDCLLight: 	at X.0r8.A02(:80424)
06-27 12:30:18.165 21879 21945 W MDCLLight: 	at X.0r8.A01(:79547)
06-27 12:30:18.165 21879 21945 W MDCLLight: 	at X.0r8.A0E(:449)
06-27 12:30:18.165 21879 21945 W MDCLLight: 	at X.0r8.loadLibrary(:174)
06-27 12:30:18.165 21879 21945 W MDCLLight: 	at X.0r8.loadLibrary(:268435461)
06-27 12:30:18.165 21879 21945 W MDCLLight: 	at X.1Ql.EGo(Unknown Source:9)
06-27 12:30:18.165 21879 21945 W MDCLLight: 	at com.facebook.tigon.tigonliger.TigonLigerService.initHybrid(Unknown Source:70)
06-27 12:30:18.165 21879 21945 W MDCLLight: 	at com.facebook.tigon.tigonliger.TigonLigerService.<init>(Unknown Source:70)
06-27 12:30:18.165 21879 21945 W MDCLLight: 	at X.CdX.A0O(Unknown Source:642)
06-27 12:30:18.165 21879 21945 W MDCLLight: 	at X.CdX.A06(Unknown Source:3)
06-27 12:30:18.165 21879 21945 W MDCLLight: 	at X.CdX.A0P(Unknown Source:3)
06-27 12:30:18.165 21879 21945 W MDCLLight: 	at X.CdX.A07(Unknown Source:3)
06-27 12:30:18.165 21879 21945 W MDCLLight: 	at X.CdX.A0Q(Unknown Source:7)
06-27 12:30:18.165 21879 21945 W MDCLLight: 	at X.CdX.A0B(Unknown Source:5)
06-27 12:30:18.165 21879 21945 W MDCLLight: 	at X.14X.A03(:50)
06-27 12:30:18.165 21879 21945 W MDCLLight: 	at X.3ge.A01(Unknown Source:104)
06-27 12:30:18.165 21879 21945 W MDCLLight: 	at X.CdX.A0O(Unknown Source:1347)
06-27 12:30:18.165 21879 21945 W MDCLLight: 	at X.CdX.A06(Unknown Source:3)
06-27 12:30:18.165 21879 21945 W MDCLLight: 	at X.CdX.A0P(Unknown Source:3)
06-27 12:30:18.165 21879 21945 W MDCLLight: 	at X.CdX.A07(Unknown Source:3)
06-27 12:30:18.165 21879 21945 W MDCLLight: 	at X.CdX.A0Q(Unknown Source:7)
06-27 12:30:18.165 21879 21945 W MDCLLight: 	at X.CdX.A0B(Unknown Source:5)
06-27 12:30:18.165 21879 21945 W MDCLLight: 	at X.14X.A03(:50)
06-27 12:30:18.165 21879 21945 W MDCLLight: 	at X.3ge.A01(Unknown Source:104)
06-27 12:30:18.165 21879 21945 W MDCLLight: 	at X.5Sb.call(Unknown Source:18)
06-27 12:30:18.165 21879 21945 W MDCLLight: 	at com.facebook.tigon.nativeservice.authed.NativeAuthedTigonServiceHolder.<init>(Unknown Source:18)
06-27 12:30:18.165 21879 21945 W MDCLLight: 	at com.facebook.tigon.nativeservice.authed.fb.NativeFBAuthedTigonServiceHolder.<init>(Unknown Source:18)
06-27 12:30:18.165 21879 21945 W MDCLLight: 	at X.3kU.A02(Unknown Source:427)
06-27 12:30:18.165 21879 21945 W MDCLLight: 	at X.3kU.A06(Unknown Source:11)
06-27 12:30:18.165 21879 21945 W MDCLLight: 	at X.3kU.A04(Unknown Source:5)
06-27 12:30:18.165 21879 21945 W MDCLLight: 	at X.14X.A03(:29)
06-27 12:30:18.165 21879 21945 W MDCLLight: 	at X.1Ia.A01(Unknown Source:274)
06-27 12:30:18.165 21879 21945 W MDCLLight: 	at X.1Io.A05(Unknown Source:5)
06-27 12:30:18.165 21879 21945 W MDCLLight: 	at com.facebook.common.appinit.invoker.OnApplicationInitInvoker.A1c(Unknown Source:1391)
06-27 12:30:18.165 21879 21945 W MDCLLight: 	at com.facebook.common.appinit.invoker.OnApplicationInitInvoker.A1b(Unknown Source:3)
06-27 12:30:18.165 21879 21945 W MDCLLight: 	at com.facebook.common.appinit.invoker.OnApplicationInitInvoker.A1d(Unknown Source:3)
06-27 12:30:18.165 21879 21945 W MDCLLight: 	at com.facebook.common.appinit.invoker.OnApplicationInitInvoker.C2x(Unknown Source:49)
06-27 12:30:18.165 21879 21945 W MDCLLight: 	at X.0hH.run(:227)
06-27 12:30:18.165 21879 21945 W MDCLLight: 	at java.util.concurrent.ThreadPoolExecutor.runWorker(ThreadPoolExecutor.java:1167)
06-27 12:30:18.165 21879 21945 W MDCLLight: 	at java.util.concurrent.ThreadPoolExecutor$Worker.run(ThreadPoolExecutor.java:641)
06-27 12:30:18.165 21879 21945 W MDCLLight: 	at X.0hJ.run(:11)
06-27 12:30:18.165 21879 21945 W MDCLLight: 	at java.lang.Thread.run(Thread.java:923)
06-27 12:30:18.165 21879 21945 W MDCLLight: Caused by: java.lang.NoClassDefFoundError: Class not found using the boot class loader; no stack trace available
06-27 12:30:18.165  1919  2385 I MiuiNetworkPolicy: updateUidState uid = 10192, uidState = 19
06-27 12:30:18.167 21879 21945 W MDCLLight: Trying to fallback load dexorg.apache.http.message.BasicHeader moduleHint = null
06-27 12:30:18.167 21879 21945 E MDCLLight: Fallback load dex failed for org.apache.http.message.BasicHeader
06-27 12:30:18.171 21879 21954 W AppInitScheduler|Run:   Finished AnalyticsLoggerInit in 52ms
06-27 12:30:18.171 22007 22007 E .android.chrom: Not starting debugger since process cannot load the jdwp agent.
06-27 12:30:18.172 21879 21954 W AppInitScheduler|Schedule:   Executing 188:InitPushLiteSdk
06-27 12:30:18.172 21879 21954 W AppInitScheduler|Schedule:   Executing 316:PreloadWordmark
06-27 12:30:18.172 21879 21954 W AppInitScheduler|Schedule:   Executing 118:EagerInitImagePipeline
06-27 12:30:18.172 21879 21954 W AppInitScheduler|Schedule:   Executing 4:AnalyticsLoggerPostInitReplay
06-27 12:30:18.172 21879 21954 W AppInitScheduler|Schedule:   Executing 97:BloksInitializer
06-27 12:30:18.172 21879 21954 W AppInitScheduler|Schedule:   Executing 126:FbMsysImmediateInitializer
06-27 12:30:18.172 21879 21954 W AppInitScheduler|Schedule:   Executing 217:MessageQueueDoctor
06-27 12:30:18.172 21879 21954 W AppInitScheduler|Schedule:   Executing 305:PreloadLogDb
06-27 12:30:18.172 21879 21954 W AppInitScheduler|Schedule:   Executing 307:PreloadReactions
06-27 12:30:18.172 21879 21954 W AppInitScheduler|Run: Running InitPushLiteSdk [*]
06-27 12:30:18.174 21879 22000 W FrscLanguagePackLoader: FRSC English strings buffer size - (limit : 740702, capacity : 740702)
06-27 12:30:18.176 21879 21954 W AppInitScheduler|Run:   Finished InitPushLiteSdk in 4ms
06-27 12:30:18.176 21879 21954 W AppInitScheduler|Run: Running PreloadWordmark [*]
06-27 12:30:18.178  1919  7185 D CompatibilityInfo: mCompatibilityFlags - 0
06-27 12:30:18.178  1919  7185 D CompatibilityInfo: applicationDensity - 440
06-27 12:30:18.178  1919  7185 D CompatibilityInfo: applicationScale - 1.0
06-27 12:30:18.179  1919  7185 D CompatibilityInfo: mCompatibilityFlags - 0
06-27 12:30:18.179  1919  7185 D CompatibilityInfo: applicationDensity - 440
06-27 12:30:18.179  1919  7185 D CompatibilityInfo: applicationScale - 1.0
06-27 12:30:18.180   885  2734 I vendor.qti.hardware.servicetracker@1.2-service: startService() is called for servicecom.android.chrome/org.chromium.chrome.browser.customtabs.CustomTabsConnectionService
06-27 12:30:18.180  1919  2385 I MiuiNetworkPolicy: updateUidState uid = 10192, uidState = 10
06-27 12:30:18.184 21879 21943 W AppInitScheduler|Run:   Finished FixieActivityManagerHook in 120ms
06-27 12:30:18.186 21879 21943 W AppInitScheduler|Run: Running EagerInitImagePipeline [*]
06-27 12:30:18.194 21879 21954 W AppInitScheduler|Run:   Finished PreloadWordmark in 18ms
06-27 12:30:18.200 21879 21954 W AppInitScheduler|Run: Running AnalyticsInit
06-27 12:30:18.211 21879 21943 W AppInitScheduler|Run:   Finished EagerInitImagePipeline in 26ms
06-27 12:30:18.211 21879 21943 W AppInitScheduler|Schedule:   Executing 371:WaitForUIDependenciesInitializer
06-27 12:30:18.211 21879 21943 W AppInitScheduler|Schedule:   Executing 304:PreloadInlineComposerProfileImage
06-27 12:30:18.213 21974 21974 I Perf    : Connecting to perf service.
06-27 12:30:18.214 22007 22007 W .android.chrom: JIT profile information will not be recorded: profile file does not exist.
06-27 12:30:18.216 21879 21943 W AppInitScheduler|Run: Running WaitForUIDependenciesInitializer [*]
06-27 12:30:18.217 21879 21943 W AppInitScheduler|Run:   Finished WaitForUIDependenciesInitializer in 0ms
06-27 12:30:18.217 21879 21943 W AppInitScheduler|Schedule:   Executing 109:DismissSplashScreens
06-27 12:30:18.217 21879 21943 W AppInitScheduler|Schedule:   Executing 140:FixieScheduleIdleWork
06-27 12:30:18.217 21879 21943 W AppInitScheduler|Schedule:   Executing 329:ReplayBroadcastReceivedDuringAppInit
06-27 12:30:18.217 21879 21943 W AppInitScheduler|Schedule:   Executing 335:ScheduleLowPriWork
06-27 12:30:18.217 21879 21943 W AppInitScheduler|Run: Running DismissSplashScreens [*]
06-27 12:30:18.217 21879 21943 W InitStatus: Providers unblocked (58816919)
06-27 12:30:18.217 21879 21943 W InitStatus: Services unblocked (49739652)
06-27 12:30:18.217 21879 21943 W InitStatus: BroadcastReceivers unblocked (111790957)
06-27 12:30:18.217 21879 21941 W InitStatus: Unblocked Provider (58816919)
06-27 12:30:18.217 21879 21941 W InitStatus: Not blocking Provider (58816919)
06-27 12:30:18.217 21879 21943 W AppInitScheduler|Run:   Finished DismissSplashScreens in 0ms
06-27 12:30:18.217 21879 21943 W AppInitScheduler|Schedule:   Executing 238:MqttEarlySyncInitializerAfterAppCreate
06-27 12:30:18.217 21879 21897 W InitStatus: Unblocked Provider (58816919)
06-27 12:30:18.217 21879 21943 W AppInitScheduler|Run: Running AnalyticsLoggerPostInitReplay
06-27 12:30:18.217 21879 21900 W InitStatus: Unblocked Provider (58816919)
06-27 12:30:18.222   698   698 I Zygote  : Process 12181 exited due to signal 9 (Killed)
06-27 12:30:18.222   879   879 I ANDR-PERF-LM: LMPerfGlue: perfmodule_submit_request() 132: perfmodule_submit_request()
06-27 12:30:18.222   879   879 I ANDR-PERF-LM: Core: getInstance() 84: LM getInstance
06-27 12:30:18.222   879   879 I ANDR-PERF-LM: WQ: push() 59: LMTriggerQ push() size=0
06-27 12:30:18.222   879   879 I ANDR-PERF-LM: WQ: push() 61: LMTriggerQ push() done size=1
06-27 12:30:18.222   879   984 I ANDR-PERF-LM: WQ: pop() 42: LMTriggerQ pop() done size=0
06-27 12:30:18.222   879   984 I ANDR-PERF-LM: Core: lmMain() 373: Waiting on trigger Queue
06-27 12:30:18.222   879   984 I ANDR-PERF-LM: WQ: pop() 31: LMTriggerQ pop() size=0
06-27 12:30:18.223   885  2734 I vendor.qti.hardware.servicetracker@1.2-service: killProcess is called for pid : 12181
06-27 12:30:18.223   885  2734 I vendor.qti.hardware.servicetracker@1.2-service: process with pid 12181 is client
06-27 12:30:18.223   885  2734 I vendor.qti.hardware.servicetracker@1.2-service: removing client with pid 12181process namecom.miui.securitycenter:ui
06-27 12:30:18.224  1919  2134 I libprocessgroup: Successfully killed process cgroup uid 1000 pid 12181 in 171ms
06-27 12:30:18.224  1919  2134 I Process : PerfMonitor : current process killing process group. PID: 21004
06-27 12:30:18.224  8346 11722 I com.xiaomi.xms: oneway function results will be dropped but finished with status UNKNOWN_TRANSACTION and parcel size 0
06-27 12:30:18.225  1919  2106 W ActivityManager: setHasOverlayUi called on unknown pid: 12181
06-27 12:30:18.228 21879 21900 W InitStatus: Not blocking Provider (58816919)
06-27 12:30:18.230 21974 21974 D NetworkSecurityConfig: No Network Security Config specified, using platform default
06-27 12:30:18.230 21974 21974 D NetworkSecurityConfig: No Network Security Config specified, using platform default
06-27 12:30:18.236 21879 21954 W AppInitScheduler|Run:   Finished AnalyticsInit in 35ms
06-27 12:30:18.236 21879 21954 W AppInitScheduler|Run: Running BloksInitializer
06-27 12:30:18.236 21879 21954 W AppInitScheduler|Run:   Finished BloksInitializer in 0ms
06-27 12:30:18.236 21879 21954 W AppInitScheduler|Run: Running ClientCacheEdgeManagerInitializer
06-27 12:30:18.236 22007 22007 I Perf    : Connecting to perf service.
06-27 12:30:18.236 21879 21954 W AppInitScheduler|Run:   Finished ClientCacheEdgeManagerInitializer in 0ms
06-27 12:30:18.236 21879 21954 W AppInitScheduler|Run: Running DgwEarlySyncInitializer
06-27 12:30:18.236 21879 21954 W AppInitScheduler|Run:   Finished DgwEarlySyncInitializer in 0ms
06-27 12:30:18.236 21879 21954 W AppInitScheduler|Run: Running DownloadedFbResources
06-27 12:30:18.238 21879 21966 W AppInitScheduler|Run:   Finished EarliestPossibleColdStartClassPreloadStarter in 176ms
06-27 12:30:18.238 21879 21966 W AppInitScheduler|Schedule:   Executing 337:SecondaryDexPreloaderBg
06-27 12:30:18.238 21879 21966 W AppInitScheduler|Run: Running Fb4aReactEagerInitHotMCUnpacker
06-27 12:30:18.238 21879 21966 E AppState: Returning default for firstRunInfo
06-27 12:30:18.238 21879 21966 I chatty  : uid=10246(com.facebook.katana) identical 1 line
06-27 12:30:18.238 21879 21966 E AppState: Returning default for firstRunInfo
06-27 12:30:18.238 21879 21966 W AppInitScheduler|Run:   Finished Fb4aReactEagerInitHotMCUnpacker in 1ms
06-27 12:30:18.238 21879 21966 W AppInitScheduler|Run: Running FbMsysImmediateInitializer
06-27 12:30:18.239 21879 21966 W AppInitScheduler|Run:   Finished FbMsysImmediateInitializer in 1ms
06-27 12:30:18.239 21879 21966 W AppInitScheduler|Run: Running FbMsysPostBootstrapListenerRegistrarOnAppInit
06-27 12:30:18.239 21879 21897 W InitStatus: Not blocking Provider (58816919)
06-27 12:30:18.241 21879 21966 W AppInitScheduler|Run:   Finished FbMsysPostBootstrapListenerRegistrarOnAppInit in 2ms
06-27 12:30:18.241 21879 21966 W AppInitScheduler|Run: Running NotifyAppStateManagerOnCreateComplete
06-27 12:30:18.256 21879 21966 W AppInitScheduler|Run:   Finished NotifyAppStateManagerOnCreateComplete in 15ms
06-27 12:30:18.256 21879 21966 W AppInitScheduler|Schedule:   Executing 130:FbSharedUIQREnvironment
06-27 12:30:18.256 21879 21966 W AppInitScheduler|Run: Running FbSharedUIQREnvironment
06-27 12:30:18.259 21879 21954 D CACHE_HINTS: Entering madvise file
06-27 12:30:18.260 21879 21941 W MDCLLight: Failed to load class from parent: com.google.firebase.dynamicloading.DynamicLoadingRegistrar
06-27 12:30:18.260 21879 21941 W MDCLLight: java.lang.ClassNotFoundException: com.google.firebase.dynamicloading.DynamicLoadingRegistrar
06-27 12:30:18.260 21879 21941 W MDCLLight: 	at java.lang.Class.classForName(Native Method)
06-27 12:30:18.260 21879 21941 W MDCLLight: 	at java.lang.BootClassLoader.findClass(ClassLoader.java:1358)
06-27 12:30:18.260 21879 21941 W MDCLLight: 	at java.lang.BootClassLoader.loadClass(ClassLoader.java:1418)
06-27 12:30:18.260 21879 21941 W MDCLLight: 	at java.lang.ClassLoader.loadClass(ClassLoader.java:312)
06-27 12:30:18.260 21879 21941 W MDCLLight: 	at com.facebook.common.dextricks.MultiDexClassLoaderLight.loadFromParent(:4)
06-27 12:30:18.260 21879 21941 W MDCLLight: 	at com.facebook.common.dextricks.MultiDexClassLoaderLight.loadClass(:38)
06-27 12:30:18.260 21879 21941 W MDCLLight: 	at java.lang.ClassLoader.loadClass(ClassLoader.java:367)
06-27 12:30:18.260 21879 21941 W MDCLLight: 	at java.lang.ClassLoader.loadClass(ClassLoader.java:312)
06-27 12:30:18.260 21879 21941 W MDCLLight: 	at java.lang.Class.classForName(Native Method)
06-27 12:30:18.260 21879 21941 W MDCLLight: 	at java.lang.Class.forName(Class.java:454)
06-27 12:30:18.260 21879 21941 W MDCLLight: 	at java.lang.Class.forName(Class.java:379)
06-27 12:30:18.260 21879 21941 W MDCLLight: 	at X.1YJ.A00(Unknown Source:5)
06-27 12:30:18.260 21879 21941 W MDCLLight: 	at X.1YJ.get(Unknown Source:2)
06-27 12:30:18.260 21879 21941 W MDCLLight: 	at X.1YV.<init>(Unknown Source:136)
06-27 12:30:18.260 21879 21941 W MDCLLight: 	at X.1Y2.<init>(Unknown Source:241)
06-27 12:30:18.260 21879 21941 W MDCLLight: 	at X.1XC.A02(Unknown Source:123)
06-27 12:30:18.260 21879 21941 W MDCLLight: 	at com.facebook.push.fcm.customprovider.FirebaseInitCustomProvider$Impl.A0C(Unknown Source:17)
06-27 12:30:18.260 21879 21941 W MDCLLight: 	at X.0c2.run(:6)
06-27 12:30:18.260 21879 21941 W MDCLLight: 	at java.lang.Thread.run(Thread.java:923)
06-27 12:30:18.260 21879 21941 W MDCLLight: Caused by: java.lang.NoClassDefFoundError: Class not found using the boot class loader; no stack trace available
06-27 12:30:18.260 21879 21941 W MDCLLight: Trying to fallback load dexcom.google.firebase.dynamicloading.DynamicLoadingRegistrar moduleHint = null
06-27 12:30:18.260 21879 21941 E MDCLLight: Fallback load dex failed for com.google.firebase.dynamicloading.DynamicLoadingRegistrar
06-27 12:30:18.261 21879 21941 W ComponentDiscovery: Class com.google.firebase.dynamicloading.DynamicLoadingRegistrar is not an found.
06-27 12:30:18.265 21974 21974 I ContentProviderMonitor: PerfMonitor installContentProviders : before publish content providers
06-27 12:30:18.268 22007 22007 I LoadedApk: No resource references to update in package com.google.android.trichromelibrary
06-27 12:30:18.269 22007 22007 D NetworkSecurityConfig: Using Network Security Config from resource 0_resource_name_obfuscated debugBuild: false
06-27 12:30:18.270 22007 22007 D NetworkSecurityConfig: Using Network Security Config from resource 0_resource_name_obfuscated debugBuild: false
06-27 12:30:18.278 21698 22028 I FA      : App measurement initialized, version: 129013
06-27 12:30:18.278 21698 22028 I FA      : To enable debug logging run: adb shell setprop log.tag.FA VERBOSE
06-27 12:30:18.278 21698 22028 I FA      : To enable faster debug mode event logging run:
06-27 12:30:18.278 21698 22028 I FA      :   adb shell setprop debug.firebase.analytics.app com.google.android.youtube
06-27 12:30:18.281   879   879 I ANDR-PERF-LM: LMPerfGlue: perfmodule_submit_request() 132: perfmodule_submit_request()
06-27 12:30:18.281   879   879 I ANDR-PERF-LM: Core: getInstance() 84: LM getInstance
06-27 12:30:18.281   879   879 D ANDR-PERF-LM: Feature: lookup() 101: Feature Name = AppClassifier, total featuers = 3, featureFound = 1
06-27 12:30:18.281   879   879 D ANDR-PERF-LM: Feature: getData() 112: data.data = 0
06-27 12:30:18.281   879   879 I ANDR-PERF-LM: FeedbackAPI: getFeedback() 60: app:com.google.android.apps.turbo feature:AppClassifier feedback = 0
06-27 12:30:18.286 22007 22007 I cr_SplitCompatApp: version=137.0.7151.117 (715111733) minSdkVersion=29 isBundle=true processName=com.android.chrome isIsolatedProcess=false
06-27 12:30:18.286  3125  4356 I FontLog : (REDACTED) Received query %s, URI %s
06-27 12:30:18.287  3125  4356 I FontLog : (REDACTED) Query [%s] resolved to %s
06-27 12:30:18.288 21879 21943 W AppInitScheduler|Run:   Finished AnalyticsLoggerPostInitReplay in 70ms
06-27 12:30:18.288 21879 21943 W AppInitScheduler|Run: Running FeedGraphServicesTreeShapeCacheWarmer
06-27 12:30:18.288 21879 21943 W AppInitScheduler|Run:   Finished FeedGraphServicesTreeShapeCacheWarmer in 0ms
06-27 12:30:18.288 21879 21943 W AppInitScheduler|Run: Running FixieNoSync
06-27 12:30:18.288 21879 21943 W AppInitScheduler|Run:   Finished FixieNoSync in 0ms
06-27 12:30:18.288 21879 21943 W AppInitScheduler|Run: Running FixieScheduleIdleWork
06-27 12:30:18.289 21879 21943 W AppInitScheduler|Run:   Finished FixieScheduleIdleWork in 1ms
06-27 12:30:18.289 21879 21943 W AppInitScheduler|Run: Running INeedInitForBroadcastReceiverRegister
06-27 12:30:18.289 21879 21954 D CACHE_HINTS: MADVISE_RAND file 0x7c7c7ea000 3215359 /data/data/com.facebook.katana/app_restricks/layouts.bin
06-27 12:30:18.295 21879 21943 W AppInitScheduler|Run:   Finished INeedInitForBroadcastReceiverRegister in 6ms
06-27 12:30:18.296 21879 21966 W AppInitScheduler|Run:   Finished FbSharedUIQREnvironment in 39ms
06-27 12:30:18.296 21879 21966 W AppInitScheduler|Schedule:   Executing 203:LanguageSwitcherCommonExInit
06-27 12:30:18.296 21879 21966 W AppInitScheduler|Run: Running INeedInitForSharedPrefsListenerRegister
06-27 12:30:18.297 21879 21966 W AppInitScheduler|Run:   Finished INeedInitForSharedPrefsListenerRegister in 1ms
06-27 12:30:18.297 21879 21966 W AppInitScheduler|Run: Running InitFury
06-27 12:30:18.299 21879 21943 W AppInitScheduler|Run: Running InitHelium
06-27 12:30:18.302 21879 21955 W AppInitScheduler|Run:   Finished FbSharedPreferenceInitializerAsync in 290ms
06-27 12:30:18.302 21879 21955 W AppInitScheduler|Run: Running InitLogging
06-27 12:30:18.302 21879 21955 W fb4a.AppInitScheduler|Run:   Finished InitLogging in 1ms
06-27 12:30:18.302 21879 21955 W fb4a.AppInitScheduler|Run: Running InitMallocHooks
06-27 12:30:18.302 21879 21955 W fb4a.AppInitScheduler|Run:   Finished InitMallocHooks in 0ms
06-27 12:30:18.302 21879 21955 W fb4a.AppInitScheduler|Run: Running InitMemoryDumpHandler
06-27 12:30:18.302 21879 21955 W fb4a.AppInitScheduler|Run:   Finished InitMemoryDumpHandler in 0ms
06-27 12:30:18.302 21879 21955 W fb4a.AppInitScheduler|Run: Running InitSurfaces
06-27 12:30:18.305  3125  4356 I FontLog : (REDACTED) Fetch %s end status %s
06-27 12:30:18.307 21879 22039 W fb4a.DefaultNetworkConfig: com.facebook.katana: getShouldCheckCertsInternal: true
06-27 12:30:18.311   698   698 I Zygote  : Process 21004 exited due to signal 9 (Killed)
06-27 12:30:18.311   879   879 I ANDR-PERF-LM: LMPerfGlue: perfmodule_submit_request() 132: perfmodule_submit_request()
06-27 12:30:18.311   879   879 I ANDR-PERF-LM: Core: getInstance() 84: LM getInstance
06-27 12:30:18.311   879   879 I ANDR-PERF-LM: WQ: push() 59: LMTriggerQ push() size=0
06-27 12:30:18.311   879   879 I ANDR-PERF-LM: WQ: push() 61: LMTriggerQ push() done size=1
06-27 12:30:18.311   879   984 I ANDR-PERF-LM: WQ: pop() 42: LMTriggerQ pop() done size=0
06-27 12:30:18.311   879   984 I ANDR-PERF-LM: Core: lmMain() 373: Waiting on trigger Queue
06-27 12:30:18.311   879   984 I ANDR-PERF-LM: WQ: pop() 31: LMTriggerQ pop() size=0
06-27 12:30:18.312   885  2734 I vendor.qti.hardware.servicetracker@1.2-service: killProcess is called for pid : 21004
06-27 12:30:18.312  1919  2653 W ANRStateManager: clear state, but process isn't exist. hash=13962429 uid=10160 pid=21004 state=16
06-27 12:30:18.313  8346 11722 I com.xiaomi.xms: oneway function results will be dropped but finished with status UNKNOWN_TRANSACTION and parcel size 0
06-27 12:30:18.314  1919  2134 I libprocessgroup: Successfully killed process cgroup uid 10160 pid 21004 in 89ms
06-27 12:30:18.314  1919  2134 I Process : PerfMonitor : current process killing process group. PID: 20878
06-27 12:30:18.316  1919  2385 I MiuiNetworkPolicy: removeUidState uid = 10160
06-27 12:30:18.320  3125 17403 I FontLog : (REDACTED) Pulling font file for id = %d, cache size = %d
06-27 12:30:18.322 21879 21995 I TetheringManager: registerTetheringEventCallback:com.facebook.katana
06-27 12:30:18.326 21879 21944 W fb4a.SigquitDetectorLacrima: nativeInit
06-27 12:30:18.326 21879 21943 W fb4a.AppInitScheduler|Run:   Finished InitHelium in 28ms
06-27 12:30:18.326 21879 21943 W fb4a.AppInitScheduler|Schedule:   Executing 191:InitSessionCookie
06-27 12:30:18.327 21879 21943 W fb4a.AppInitScheduler|Run: Running InitSessionCookie
06-27 12:30:18.327 21879 21943 W fb4a.AppInitScheduler|Run:   Finished InitSessionCookie in 0ms
06-27 12:30:18.327 21879 21943 W fb4a.AppInitScheduler|Run: Running InitSystrace
06-27 12:30:18.328 21879 21943 W fb4a.AppInitScheduler|Run:   Finished InitSystrace in 1ms
06-27 12:30:18.328 21879 21943 W fb4a.AppInitScheduler|Run: Running LanguageSwitcherCommonExInit
06-27 12:30:18.328 21823 21870 W BpBinder: PerfMonitor binderTransact :  time=428ms interface=android.content.IContentProvider code=1
06-27 12:30:18.329 21879 21943 W fb4a.AppInitScheduler|Run:   Finished LanguageSwitcherCommonExInit in 1ms
06-27 12:30:18.330 21879 21943 W fb4a.AppInitScheduler|Run: Running LocationRequestDetector
06-27 12:30:18.330 21879 21943 W fb4a.AppInitScheduler|Run:   Finished LocationRequestDetector in 1ms
06-27 12:30:18.330 21879 21943 W fb4a.AppInitScheduler|Run: Running LogController
06-27 12:30:18.330 21879 21943 W fb4a.AppInitScheduler|Run:   Finished LogController in 0ms
06-27 12:30:18.330 21879 21943 W fb4a.AppInitScheduler|Run: Running MessageQueueDoctor
06-27 12:30:18.331 21879 21943 W fb4a.AppInitScheduler|Run:   Finished MessageQueueDoctor in 1ms
06-27 12:30:18.331 21879 21943 W fb4a.AppInitScheduler|Run: Running MqttEarlySyncInitializerAfterAppCreate
06-27 12:30:18.331 21879 21943 W fb4a.AppInitScheduler|Run:   Finished MqttEarlySyncInitializerAfterAppCreate in 0ms
06-27 12:30:18.331 21879 21943 W fb4a.AppInitScheduler|Run: Running ObjectCountJestE2EBridge
06-27 12:30:18.331 21879 21943 W fb4a.AppInitScheduler|Run:   Finished ObjectCountJestE2EBridge in 0ms
06-27 12:30:18.331 21879 21943 W fb4a.AppInitScheduler|Run: Running PendingStoryStoreInitializer
06-27 12:30:18.332 21879 21943 W fb4a.AppInitScheduler|Run:   Finished PendingStoryStoreInitializer in 1ms
06-27 12:30:18.332 21879 21943 W fb4a.AppInitScheduler|Run: Running ProfiloBridgeFactoryImpl
06-27 12:30:18.333 21879 21943 W Profilo/TraceControl: START PROFILO_TRACEID: AtpEG5UDBGr
06-27 12:30:18.333 21879 21944 W fb4a.lacrima: Start AnrDetector... com.facebook.acra.anr.multisignal.MultiSignalANRDetector
06-27 12:30:18.334 21879 21944 W fb4a.MultiSignalANRDetectorLacrima: Starting
06-27 12:30:18.334 21879 21944 W fb4a.ProcessAnrErrorMonitor: startMonitoring with delay: 0
06-27 12:30:18.336   885  2734 I vendor.qti.hardware.servicetracker@1.2-service: bindService is called for service : com.google.android.gms/.ads.identifier.service.AdvertisingIdService and for client com.facebook.katana
06-27 12:30:18.336   885  2734 I vendor.qti.hardware.servicetracker@1.2-service: total connections for service : com.google.android.gms/.ads.identifier.service.AdvertisingIdServiceare :4
06-27 12:30:18.336   885  2734 I vendor.qti.hardware.servicetracker@1.2-service: total connections for client : com.facebook.katanaare :1
06-27 12:30:18.342 21879 21963 W fb4a.AppInitScheduler|Run: Running RasFileInitializer
06-27 12:30:18.343 21879 21963 W fb4a.AppInitScheduler|Run:   Finished RasFileInitializer in 0ms
06-27 12:30:18.343 21879 21963 W fb4a.AppInitScheduler|Run: Running RegisterFrameRateTraceListener
06-27 12:30:18.343 21879 21963 W fb4a.AppInitScheduler|Run:   Finished RegisterFrameRateTraceListener in 0ms
06-27 12:30:18.343 21879 21963 W fb4a.AppInitScheduler|Run: Running RegisterMainLooperTracer
06-27 12:30:18.343 21879 21963 W fb4a.AppInitScheduler|Run:   Finished RegisterMainLooperTracer in 0ms
06-27 12:30:18.343 21879 21963 W fb4a.AppInitScheduler|Run: Running ReleaseDeferredBroadcastReceiver
06-27 12:30:18.343 21879 21963 W fb4a.AppInitScheduler|Run:   Finished ReleaseDeferredBroadcastReceiver in 0ms
06-27 12:30:18.343 21879 21963 W fb4a.AppInitScheduler|Run: Running ReliabilityExperiments
06-27 12:30:18.343 21879 21963 W fb4a.AppInitScheduler|Run:   Finished ReliabilityExperiments in 0ms
06-27 12:30:18.343 21879 21963 W fb4a.AppInitScheduler|Run: Running ReliabilityUserPerceptibleScopeToQPL
06-27 12:30:18.343 21879 21963 W fb4a.AppInitScheduler|Run:   Finished ReliabilityUserPerceptibleScopeToQPL in 0ms
06-27 12:30:18.343 21879 21963 W fb4a.AppInitScheduler|Run: Running ReplayBroadcastReceivedDuringAppInit
06-27 12:30:18.343 21879 21963 W fb4a.AppInitScheduler|Run:   Finished ReplayBroadcastReceivedDuringAppInit in 0ms
06-27 12:30:18.343 21879 21963 W fb4a.AppInitScheduler|Run: Running ScheduleLowPriWork
06-27 12:30:18.344 21879 21963 W fb4a.AppInitScheduler|Run:   Finished ScheduleLowPriWork in 0ms
06-27 12:30:18.344 21879 21963 W fb4a.AppInitScheduler|Run: Running SetupDynaBuilds
06-27 12:30:18.344 21879 21963 W fb4a.AppInitScheduler|Run:   Finished SetupDynaBuilds in 1ms
06-27 12:30:18.344 21879 21963 W fb4a.AppInitScheduler|Run: Running SetupSmartGc
06-27 12:30:18.344 21879 21963 W fb4a.AppInitScheduler|Run:   Finished SetupSmartGc in 0ms
06-27 12:30:18.344 21879 21963 W fb4a.AppInitScheduler|Run: Running TransientNetworkTraceEarlyInit
06-27 12:30:18.344 21879 21963 W fb4a.AppInitScheduler|Run:   Finished TransientNetworkTraceEarlyInit in 0ms
06-27 12:30:18.344 21879 21963 W fb4a.AppInitScheduler|Run: Running WarmFacebookEmojiFont
06-27 12:30:18.344 21879 21963 W fb4a.AppInitScheduler|Run:   Finished WarmFacebookEmojiFont in 0ms
06-27 12:30:18.344 21879 21963 W fb4a.AppInitScheduler|Run: Running WhitehatOverlayInitializer
06-27 12:30:18.345 21879 21963 W fb4a.AppInitScheduler|Run:   Finished WhitehatOverlayInitializer in 0ms
06-27 12:30:18.345 21879 21963 W fb4a.AppInitScheduler|Run: Running PreloadFeedDataLoader
06-27 12:30:18.348 21974 21974 W Zebedee-inferBucketsJob: Models given by config: 1
06-27 12:30:18.351   885  2734 I vendor.qti.hardware.servicetracker@1.2-service: unbindService is called for service : com.google.android.gms/.ads.identifier.service.AdvertisingIdService and for client com.facebook.katana
06-27 12:30:18.351   885  2734 I vendor.qti.hardware.servicetracker@1.2-service: size of service connections for service: com.google.android.gms/.ads.identifier.service.AdvertisingIdServiceafter removal is 3
06-27 12:30:18.351   885  2734 I vendor.qti.hardware.servicetracker@1.2-service: size of client connections for client: com.facebook.katanaafter removal is 0
06-27 12:30:18.353 21879 21956 W fb4a.AppInitScheduler|Run: Running PreloadFeedFullCacheLoad
06-27 12:30:18.353 21879 22064 W fb4a.ProcessAnrErrorMonitor: Starting process monitor checks for process 'com.facebook.katana'
06-27 12:30:18.354 21879 22064 W fb4a.MultiSignalANRDetectorLacrima: Started monitoring
06-27 12:30:18.370 21823 21871 W BpBinder: PerfMonitor binderTransact :  time=455ms interface=android.content.IContentProvider code=1
06-27 12:30:18.371  1560  1560 I cnss-daemon: nl80211 response handler invoked
06-27 12:30:18.371  1560  1560 I cnss-daemon: nl80211_response_handler: cmd 103, vendorID 4980, subcmd 13  received
