06-27 12:34:26.421   879   879 I ANDR-PERF-LM: LMPerfGlue: perfmodule_submit_request() 132: perfmodule_submit_request()
06-27 12:34:26.421   879   879 I ANDR-PERF-LM: Core: getInstance() 84: LM getInstance
06-27 12:34:26.421   879   879 D ANDR-PERF-LM: Feature: lookup() 101: Feature Name = AppClassifier, total featuers = 3, featureFound = 1
06-27 12:34:26.421   879   879 D ANDR-PERF-LM: Feature: getData() 112: data.data = 0
06-27 12:34:26.421   879   879 I ANDR-PERF-LM: FeedbackAPI: getFeedback() 60: app:android feature:AppClassifier feedback = 0
06-27 12:34:26.437  4070  4070 I GoogleInputMethodService: GoogleInputMethodService.onFinishInput():1984 
06-27 12:34:26.438  4070  4070 I Module  : DeviceLockedStatusModuleProvider$Module.updateDeviceLockedStatus():100 repeatCheckTimes = 0, locked = false
06-27 12:34:26.438  4070  4070 I GoogleInputMethodService: GoogleInputMethodService.onStartInput():1248 onStartInput(EditorInfo{EditorInfo{packageName=android, inputType=0, inputTypeString=NULL, enableLearning=false, autoCorrection=false, autoComplete=false, imeOptions=0, privateImeOptions=null, actionName=UNSPECIFIED, actionLabel=null, initialSelStart=-1, initialSelEnd=-1, initialCapsMode=0, label=null, fieldId=-1, fieldName=null, extras=null, hintText=null, hintLocales=[]}}, false)
06-27 12:34:26.439  4070  4070 I Module  : DeviceLockedStatusModuleProvider$Module.updateDeviceLockedStatus():100 repeatCheckTimes = 1, locked = false
06-27 12:34:26.484 26070 26070 D ResolverListAdapter: on PostExecute!!!!
06-27 12:34:26.485 26070 26070 D ResolverListAdapter: processSortedlist: ResolveInfo{37fd38f com.mxtech.videoplayer.ad/.ActivityScreen m=0x608000}
06-27 12:34:26.485 26070 26070 I ResolverListAdapter: Add DisplayResolveInfo component: ComponentInfo{com.mxtech.videoplayer.ad/com.mxtech.videoplayer.ad.ActivityScreen}, intent component: ComponentInfo{com.mxtech.videoplayer.ad/com.mxtech.videoplayer.ad.ActivityScreen}
06-27 12:34:26.485 26070 26070 D ResolverListAdapter: addResolveInfo: ResolveInfo{37fd38f com.mxtech.videoplayer.ad/.ActivityScreen m=0x608000}
06-27 12:34:26.485 26070 26070 D ResolverListAdapter: mDisplayList: 1
06-27 12:34:26.485 26070 26070 D ResolverListAdapter: processSortedlist: ResolveInfo{f7cd61c com.mxtech.videoplayer.ad/.ActivityPipScreen m=0x608000}
06-27 12:34:26.485 26070 26070 I ResolverListAdapter: Add DisplayResolveInfo component: ComponentInfo{com.mxtech.videoplayer.ad/com.mxtech.videoplayer.ad.ActivityPipScreen}, intent component: ComponentInfo{com.mxtech.videoplayer.ad/com.mxtech.videoplayer.ad.ActivityPipScreen}
06-27 12:34:26.485 26070 26070 D ResolverListAdapter: addResolveInfo: ResolveInfo{f7cd61c com.mxtech.videoplayer.ad/.ActivityPipScreen m=0x608000}
06-27 12:34:26.485 26070 26070 D ResolverListAdapter: mDisplayList: 2
06-27 12:34:26.485 26070 26070 D ResolverListAdapter: processSortedlist: ResolveInfo{70be225 com.miui.player/.phone.ui.AudioPreview m=0x608000}
06-27 12:34:26.485 26070 26070 I ResolverListAdapter: Add DisplayResolveInfo component: ComponentInfo{com.miui.player/com.miui.player.phone.ui.AudioPreview}, intent component: ComponentInfo{com.miui.player/com.miui.player.phone.ui.AudioPreview}
06-27 12:34:26.485 26070 26070 D ResolverListAdapter: addResolveInfo: ResolveInfo{70be225 com.miui.player/.phone.ui.AudioPreview m=0x608000}
06-27 12:34:26.485 26070 26070 D ResolverListAdapter: mDisplayList: 3
06-27 12:34:26.485 26070 26070 D ResolverListAdapter: processSortedlist: ResolveInfo{c94bffa com.bsbportal.music/.activities.LauncherScreenActivity m=0x608000}
06-27 12:34:26.485 26070 26070 I ResolverListAdapter: Add DisplayResolveInfo component: ComponentInfo{com.bsbportal.music/com.bsbportal.music.activities.LauncherScreenActivity}, intent component: ComponentInfo{com.bsbportal.music/com.bsbportal.music.activities.LauncherScreenActivity}
06-27 12:34:26.486 26070 26070 D ResolverListAdapter: addResolveInfo: ResolveInfo{c94bffa com.bsbportal.music/.activities.LauncherScreenActivity m=0x608000}
06-27 12:34:26.486 26070 26070 D ResolverListAdapter: mDisplayList: 4
06-27 12:34:26.488 26070 26070 D ResolverListAdapter: getItem: position 0 mDisplayList.size(): 4
06-27 12:34:26.488 26070 26070 D ResolverListAdapter: getItem: position 1 mDisplayList.size(): 4
06-27 12:34:26.488 26070 26070 D ResolverListAdapter: getItem: position 2 mDisplayList.size(): 4
06-27 12:34:26.488 26070 26070 D ResolverListAdapter: getItem: position 3 mDisplayList.size(): 4
06-27 12:34:26.490 26070 26070 D RAInjector: getView: position 0 info: com.android.internal.app.chooser.DisplayResolveInfo@4b0020
06-27 12:34:26.490 26070 26070 D RAInjector: bindView: ComponentInfo{com.mxtech.videoplayer.ad/com.mxtech.videoplayer.ad.ActivityScreen}
06-27 12:34:26.490 26070 26070 D RAInjector: info.getDisplayLabel: MX Player hasDisplayIcon: false position: 0
06-27 12:34:26.491 26070 26107 D RAInjector: LoadIconTask::doInBackground ResolveInfo{37fd38f com.mxtech.videoplayer.ad/.ActivityScreen m=0x608000}
06-27 12:34:26.504 26070 26070 D RAInjector: getView: position 0 info: com.android.internal.app.chooser.DisplayResolveInfo@4b0020
06-27 12:34:26.504 26070 26070 D RAInjector: bindView: ComponentInfo{com.mxtech.videoplayer.ad/com.mxtech.videoplayer.ad.ActivityScreen}
06-27 12:34:26.504 26070 26070 D RAInjector: info.getDisplayLabel: MX Player hasDisplayIcon: false position: 0
06-27 12:34:26.504 26070 26107 D RAInjector: LoadIconTask::doInBackground ResolveInfo{37fd38f com.mxtech.videoplayer.ad/.ActivityScreen m=0x608000}
06-27 12:34:26.504 26070 26070 D RAInjector: getView: position 0 info: com.android.internal.app.chooser.DisplayResolveInfo@4b0020
06-27 12:34:26.504 26070 26070 D RAInjector: bindView: ComponentInfo{com.mxtech.videoplayer.ad/com.mxtech.videoplayer.ad.ActivityScreen}
06-27 12:34:26.504 26070 26070 D RAInjector: info.getDisplayLabel: MX Player hasDisplayIcon: false position: 0
06-27 12:34:26.504 26070 26070 D RAInjector: getView: position 0 info: com.android.internal.app.chooser.DisplayResolveInfo@4b0020
06-27 12:34:26.504 26070 26070 D RAInjector: bindView: ComponentInfo{com.mxtech.videoplayer.ad/com.mxtech.videoplayer.ad.ActivityScreen}
06-27 12:34:26.504 26070 26070 D RAInjector: info.getDisplayLabel: MX Player hasDisplayIcon: false position: 0
06-27 12:34:26.504 26070 26070 D RAInjector: getView: position 0 info: com.android.internal.app.chooser.DisplayResolveInfo@4b0020
06-27 12:34:26.504 26070 26070 D RAInjector: bindView: ComponentInfo{com.mxtech.videoplayer.ad/com.mxtech.videoplayer.ad.ActivityScreen}
06-27 12:34:26.504 26070 26070 D RAInjector: info.getDisplayLabel: MX Player hasDisplayIcon: false position: 0
06-27 12:34:26.505 26070 26111 D RAInjector: LoadIconTask::doInBackground ResolveInfo{37fd38f com.mxtech.videoplayer.ad/.ActivityScreen m=0x608000}
06-27 12:34:26.506 26070 26107 D RAInjector: LoadIconTask::doInBackground ResolveInfo{37fd38f com.mxtech.videoplayer.ad/.ActivityScreen m=0x608000}
06-27 12:34:26.508 26070 26070 D RAInjector: getView: position 0 info: com.android.internal.app.chooser.DisplayResolveInfo@4b0020
06-27 12:34:26.508 26070 26070 D RAInjector: bindView: ComponentInfo{com.mxtech.videoplayer.ad/com.mxtech.videoplayer.ad.ActivityScreen}
06-27 12:34:26.508 26070 26070 D RAInjector: info.getDisplayLabel: MX Player hasDisplayIcon: false position: 0
06-27 12:34:26.508 26070 26070 D RAInjector: getView: position 0 info: com.android.internal.app.chooser.DisplayResolveInfo@4b0020
06-27 12:34:26.508 26070 26070 D RAInjector: bindView: ComponentInfo{com.mxtech.videoplayer.ad/com.mxtech.videoplayer.ad.ActivityScreen}
06-27 12:34:26.508 26070 26070 D RAInjector: info.getDisplayLabel: MX Player hasDisplayIcon: false position: 0
06-27 12:34:26.508 26070 26070 D RAInjector: getView: position 0 info: com.android.internal.app.chooser.DisplayResolveInfo@4b0020
06-27 12:34:26.508 26070 26070 D RAInjector: bindView: ComponentInfo{com.mxtech.videoplayer.ad/com.mxtech.videoplayer.ad.ActivityScreen}
06-27 12:34:26.508 26070 26070 D RAInjector: info.getDisplayLabel: MX Player hasDisplayIcon: false position: 0
06-27 12:34:26.508 26070 26070 D RAInjector: getView: position 0 info: com.android.internal.app.chooser.DisplayResolveInfo@4b0020
06-27 12:34:26.508 26070 26070 D RAInjector: bindView: ComponentInfo{com.mxtech.videoplayer.ad/com.mxtech.videoplayer.ad.ActivityScreen}
06-27 12:34:26.508 26070 26070 D RAInjector: info.getDisplayLabel: MX Player hasDisplayIcon: false position: 0
06-27 12:34:26.509 26070 26070 D RAInjector: getView: position 0 info: com.android.internal.app.chooser.DisplayResolveInfo@4b0020
06-27 12:34:26.509 26070 26070 D RAInjector: bindView: ComponentInfo{com.mxtech.videoplayer.ad/com.mxtech.videoplayer.ad.ActivityScreen}
06-27 12:34:26.509 26070 26070 D RAInjector: info.getDisplayLabel: MX Player hasDisplayIcon: false position: 0
06-27 12:34:26.510 26070 26070 D RAInjector: getView: position 1 info: com.android.internal.app.chooser.DisplayResolveInfo@8e90b4d
06-27 12:34:26.510 26070 26070 D RAInjector: bindView: ComponentInfo{com.mxtech.videoplayer.ad/com.mxtech.videoplayer.ad.ActivityPipScreen}
06-27 12:34:26.510 26070 26070 D RAInjector: info.getDisplayLabel: MX Pop-up mode hasDisplayIcon: false position: 1
06-27 12:34:26.513 26070 26070 D RAInjector: getView: position 2 info: com.android.internal.app.chooser.DisplayResolveInfo@fd5927c
06-27 12:34:26.513 26070 26070 D RAInjector: bindView: ComponentInfo{com.miui.player/com.miui.player.phone.ui.AudioPreview}
06-27 12:34:26.513 26070 26070 D RAInjector: info.getDisplayLabel: Music hasDisplayIcon: false position: 2
06-27 12:34:26.515 26070 26070 D RAInjector: getView: position 3 info: com.android.internal.app.chooser.DisplayResolveInfo@4037367
06-27 12:34:26.515 26070 26070 D RAInjector: bindView: ComponentInfo{com.bsbportal.music/com.bsbportal.music.activities.LauncherScreenActivity}
06-27 12:34:26.515 26070 26070 D RAInjector: info.getDisplayLabel: Wynk Music hasDisplayIcon: false position: 3
06-27 12:34:26.521 26070 26070 D RAInjector: LoadIconTask::onPostExecute ResolveInfo{37fd38f com.mxtech.videoplayer.ad/.ActivityScreen m=0x608000}
06-27 12:34:26.521 26070 26070 I chatty  : uid=1000 system:ui identical 1 line
06-27 12:34:26.521 26070 26070 D RAInjector: LoadIconTask::onPostExecute ResolveInfo{37fd38f com.mxtech.videoplayer.ad/.ActivityScreen m=0x608000}
06-27 12:34:26.522 26070 26111 D RAInjector: LoadIconTask::doInBackground ResolveInfo{37fd38f com.mxtech.videoplayer.ad/.ActivityScreen m=0x608000}
06-27 12:34:26.523 26070 26070 D RAInjector: getView: position 0 info: com.android.internal.app.chooser.DisplayResolveInfo@4b0020
06-27 12:34:26.523 26070 26070 D RAInjector: bindView: ComponentInfo{com.mxtech.videoplayer.ad/com.mxtech.videoplayer.ad.ActivityScreen}
06-27 12:34:26.523 26070 26070 D RAInjector: info.getDisplayLabel: MX Player hasDisplayIcon: true position: 0
06-27 12:34:26.523 26070 26070 D RAInjector: getView: position 0 info: com.android.internal.app.chooser.DisplayResolveInfo@4b0020
06-27 12:34:26.523 26070 26070 D RAInjector: bindView: ComponentInfo{com.mxtech.videoplayer.ad/com.mxtech.videoplayer.ad.ActivityScreen}
06-27 12:34:26.523 26070 26070 D RAInjector: info.getDisplayLabel: MX Player hasDisplayIcon: true position: 0
06-27 12:34:26.523 26070 26107 D RAInjector: LoadIconTask::doInBackground ResolveInfo{37fd38f com.mxtech.videoplayer.ad/.ActivityScreen m=0x608000}
06-27 12:34:26.523 26070 26070 D RAInjector: getView: position 0 info: com.android.internal.app.chooser.DisplayResolveInfo@4b0020
06-27 12:34:26.523 26070 26070 D RAInjector: bindView: ComponentInfo{com.mxtech.videoplayer.ad/com.mxtech.videoplayer.ad.ActivityScreen}
06-27 12:34:26.523 26070 26070 D RAInjector: info.getDisplayLabel: MX Player hasDisplayIcon: true position: 0
06-27 12:34:26.524 26070 26070 D RAInjector: getView: position 0 info: com.android.internal.app.chooser.DisplayResolveInfo@4b0020
06-27 12:34:26.524 26070 26070 D RAInjector: bindView: ComponentInfo{com.mxtech.videoplayer.ad/com.mxtech.videoplayer.ad.ActivityScreen}
06-27 12:34:26.524 26070 26070 D RAInjector: info.getDisplayLabel: MX Player hasDisplayIcon: true position: 0
06-27 12:34:26.526 26070 26111 D RAInjector: LoadIconTask::doInBackground ResolveInfo{37fd38f com.mxtech.videoplayer.ad/.ActivityScreen m=0x608000}
06-27 12:34:26.527 26070 26070 D RAInjector: getView: position 0 info: com.android.internal.app.chooser.DisplayResolveInfo@4b0020
06-27 12:34:26.527 26070 26070 D RAInjector: bindView: ComponentInfo{com.mxtech.videoplayer.ad/com.mxtech.videoplayer.ad.ActivityScreen}
06-27 12:34:26.527 26070 26070 D RAInjector: info.getDisplayLabel: MX Player hasDisplayIcon: true position: 0
06-27 12:34:26.527 26070 26070 D RAInjector: getView: position 0 info: com.android.internal.app.chooser.DisplayResolveInfo@4b0020
06-27 12:34:26.527 26070 26070 D RAInjector: bindView: ComponentInfo{com.mxtech.videoplayer.ad/com.mxtech.videoplayer.ad.ActivityScreen}
06-27 12:34:26.527 26070 26070 D RAInjector: info.getDisplayLabel: MX Player hasDisplayIcon: true position: 0
06-27 12:34:26.527 26070 26070 D RAInjector: getView: position 0 info: com.android.internal.app.chooser.DisplayResolveInfo@4b0020
06-27 12:34:26.527 26070 26070 D RAInjector: bindView: ComponentInfo{com.mxtech.videoplayer.ad/com.mxtech.videoplayer.ad.ActivityScreen}
06-27 12:34:26.527 26070 26070 D RAInjector: info.getDisplayLabel: MX Player hasDisplayIcon: true position: 0
06-27 12:34:26.527 26070 26070 D RAInjector: getView: position 0 info: com.android.internal.app.chooser.DisplayResolveInfo@4b0020
06-27 12:34:26.527 26070 26070 D RAInjector: bindView: ComponentInfo{com.mxtech.videoplayer.ad/com.mxtech.videoplayer.ad.ActivityScreen}
06-27 12:34:26.527 26070 26070 D RAInjector: info.getDisplayLabel: MX Player hasDisplayIcon: true position: 0
06-27 12:34:26.528 26070 26070 D RAInjector: getView: position 0 info: com.android.internal.app.chooser.DisplayResolveInfo@4b0020
06-27 12:34:26.528 26070 26070 D RAInjector: bindView: ComponentInfo{com.mxtech.videoplayer.ad/com.mxtech.videoplayer.ad.ActivityScreen}
06-27 12:34:26.528 26070 26070 D RAInjector: info.getDisplayLabel: MX Player hasDisplayIcon: true position: 0
06-27 12:34:26.528 26070 26070 D RAInjector: getView: position 1 info: com.android.internal.app.chooser.DisplayResolveInfo@8e90b4d
06-27 12:34:26.528 26070 26070 D RAInjector: bindView: ComponentInfo{com.mxtech.videoplayer.ad/com.mxtech.videoplayer.ad.ActivityPipScreen}
06-27 12:34:26.528 26070 26070 D RAInjector: info.getDisplayLabel: MX Pop-up mode hasDisplayIcon: false position: 1
06-27 12:34:26.528 26070 26070 D RAInjector: getView: position 2 info: com.android.internal.app.chooser.DisplayResolveInfo@fd5927c
06-27 12:34:26.528 26070 26070 D RAInjector: bindView: ComponentInfo{com.miui.player/com.miui.player.phone.ui.AudioPreview}
06-27 12:34:26.528 26070 26070 D RAInjector: info.getDisplayLabel: Music hasDisplayIcon: false position: 2
06-27 12:34:26.528 26070 26070 D RAInjector: getView: position 3 info: com.android.internal.app.chooser.DisplayResolveInfo@4037367
06-27 12:34:26.528 26070 26070 D RAInjector: bindView: ComponentInfo{com.bsbportal.music/com.bsbportal.music.activities.LauncherScreenActivity}
06-27 12:34:26.528 26070 26070 D RAInjector: info.getDisplayLabel: Wynk Music hasDisplayIcon: false position: 3
06-27 12:34:26.529 26070 26107 D RAInjector: LoadIconTask::doInBackground ResolveInfo{37fd38f com.mxtech.videoplayer.ad/.ActivityScreen m=0x608000}
06-27 12:34:26.530 26070 26111 D RAInjector: LoadIconTask::doInBackground ResolveInfo{37fd38f com.mxtech.videoplayer.ad/.ActivityScreen m=0x608000}
06-27 12:34:26.531 26070 26107 D RAInjector: LoadIconTask::doInBackground ResolveInfo{37fd38f com.mxtech.videoplayer.ad/.ActivityScreen m=0x608000}
06-27 12:34:26.532 26070 26111 D RAInjector: LoadIconTask::doInBackground ResolveInfo{f7cd61c com.mxtech.videoplayer.ad/.ActivityPipScreen m=0x608000}
06-27 12:34:26.533 26070 26107 D RAInjector: LoadIconTask::doInBackground ResolveInfo{70be225 com.miui.player/.phone.ui.AudioPreview m=0x608000}
06-27 12:34:26.535 26070 26070 D RAInjector: LoadIconTask::onPostExecute ResolveInfo{37fd38f com.mxtech.videoplayer.ad/.ActivityScreen m=0x608000}
06-27 12:34:26.535 26070 26070 I chatty  : uid=1000 system:ui identical 5 lines
06-27 12:34:26.536 26070 26070 D RAInjector: LoadIconTask::onPostExecute ResolveInfo{37fd38f com.mxtech.videoplayer.ad/.ActivityScreen m=0x608000}
06-27 12:34:26.536 26070 26070 D RAInjector: LoadIconTask::onPostExecute ResolveInfo{f7cd61c com.mxtech.videoplayer.ad/.ActivityPipScreen m=0x608000}
06-27 12:34:26.538 26070 26070 D RAInjector: getView: position 0 info: com.android.internal.app.chooser.DisplayResolveInfo@4b0020
06-27 12:34:26.538 26070 26070 D RAInjector: bindView: ComponentInfo{com.mxtech.videoplayer.ad/com.mxtech.videoplayer.ad.ActivityScreen}
06-27 12:34:26.538 26070 26070 D RAInjector: info.getDisplayLabel: MX Player hasDisplayIcon: true position: 0
06-27 12:34:26.538 26070 26070 D RAInjector: getView: position 0 info: com.android.internal.app.chooser.DisplayResolveInfo@4b0020
06-27 12:34:26.538 26070 26070 D RAInjector: bindView: ComponentInfo{com.mxtech.videoplayer.ad/com.mxtech.videoplayer.ad.ActivityScreen}
06-27 12:34:26.538 26070 26070 D RAInjector: info.getDisplayLabel: MX Player hasDisplayIcon: true position: 0
06-27 12:34:26.538 26070 26070 D RAInjector: getView: position 0 info: com.android.internal.app.chooser.DisplayResolveInfo@4b0020
06-27 12:34:26.538 26070 26070 D RAInjector: bindView: ComponentInfo{com.mxtech.videoplayer.ad/com.mxtech.videoplayer.ad.ActivityScreen}
06-27 12:34:26.538 26070 26070 D RAInjector: info.getDisplayLabel: MX Player hasDisplayIcon: true position: 0
06-27 12:34:26.538 26070 26070 D RAInjector: getView: position 0 info: com.android.internal.app.chooser.DisplayResolveInfo@4b0020
06-27 12:34:26.538 26070 26070 D RAInjector: bindView: ComponentInfo{com.mxtech.videoplayer.ad/com.mxtech.videoplayer.ad.ActivityScreen}
06-27 12:34:26.538 26070 26070 D RAInjector: info.getDisplayLabel: MX Player hasDisplayIcon: true position: 0
06-27 12:34:26.542 26070 26111 D RAInjector: LoadIconTask::doInBackground ResolveInfo{c94bffa com.bsbportal.music/.activities.LauncherScreenActivity m=0x608000}
06-27 12:34:26.542 26070 26070 D RAInjector: getView: position 0 info: com.android.internal.app.chooser.DisplayResolveInfo@4b0020
06-27 12:34:26.542 26070 26070 D RAInjector: bindView: ComponentInfo{com.mxtech.videoplayer.ad/com.mxtech.videoplayer.ad.ActivityScreen}
06-27 12:34:26.543 26070 26070 D RAInjector: info.getDisplayLabel: MX Player hasDisplayIcon: true position: 0
06-27 12:34:26.543 26070 26070 D RAInjector: getView: position 0 info: com.android.internal.app.chooser.DisplayResolveInfo@4b0020
06-27 12:34:26.543 26070 26070 D RAInjector: bindView: ComponentInfo{com.mxtech.videoplayer.ad/com.mxtech.videoplayer.ad.ActivityScreen}
06-27 12:34:26.543 26070 26070 D RAInjector: info.getDisplayLabel: MX Player hasDisplayIcon: true position: 0
06-27 12:34:26.543 26070 26070 D RAInjector: getView: position 0 info: com.android.internal.app.chooser.DisplayResolveInfo@4b0020
06-27 12:34:26.543 26070 26070 D RAInjector: bindView: ComponentInfo{com.mxtech.videoplayer.ad/com.mxtech.videoplayer.ad.ActivityScreen}
06-27 12:34:26.543 26070 26070 D RAInjector: info.getDisplayLabel: MX Player hasDisplayIcon: true position: 0
06-27 12:34:26.543 26070 26070 D RAInjector: getView: position 0 info: com.android.internal.app.chooser.DisplayResolveInfo@4b0020
06-27 12:34:26.543 26070 26070 D RAInjector: bindView: ComponentInfo{com.mxtech.videoplayer.ad/com.mxtech.videoplayer.ad.ActivityScreen}
06-27 12:34:26.543 26070 26070 D RAInjector: info.getDisplayLabel: MX Player hasDisplayIcon: true position: 0
06-27 12:34:26.543 26070 26070 D RAInjector: getView: position 0 info: com.android.internal.app.chooser.DisplayResolveInfo@4b0020
06-27 12:34:26.543 26070 26070 D RAInjector: bindView: ComponentInfo{com.mxtech.videoplayer.ad/com.mxtech.videoplayer.ad.ActivityScreen}
06-27 12:34:26.543 26070 26070 D RAInjector: info.getDisplayLabel: MX Player hasDisplayIcon: true position: 0
06-27 12:34:26.543 26070 26070 D RAInjector: getView: position 1 info: com.android.internal.app.chooser.DisplayResolveInfo@8e90b4d
06-27 12:34:26.544 26070 26070 D RAInjector: bindView: ComponentInfo{com.mxtech.videoplayer.ad/com.mxtech.videoplayer.ad.ActivityPipScreen}
06-27 12:34:26.544 26070 26070 D RAInjector: info.getDisplayLabel: MX Pop-up mode hasDisplayIcon: true position: 1
06-27 12:34:26.544 26070 26070 D RAInjector: getView: position 2 info: com.android.internal.app.chooser.DisplayResolveInfo@fd5927c
06-27 12:34:26.544 26070 26070 D RAInjector: bindView: ComponentInfo{com.miui.player/com.miui.player.phone.ui.AudioPreview}
06-27 12:34:26.544 26070 26070 D RAInjector: info.getDisplayLabel: Music hasDisplayIcon: false position: 2
06-27 12:34:26.544 26070 26070 D RAInjector: getView: position 3 info: com.android.internal.app.chooser.DisplayResolveInfo@4037367
06-27 12:34:26.544 26070 26070 D RAInjector: bindView: ComponentInfo{com.bsbportal.music/com.bsbportal.music.activities.LauncherScreenActivity}
06-27 12:34:26.544 26070 26070 D RAInjector: info.getDisplayLabel: Wynk Music hasDisplayIcon: false position: 3
06-27 12:34:26.553 26070 26107 D RAInjector: LoadIconTask::doInBackground ResolveInfo{f7cd61c com.mxtech.videoplayer.ad/.ActivityPipScreen m=0x608000}
06-27 12:34:26.553 26070 26111 D RAInjector: LoadIconTask::doInBackground ResolveInfo{70be225 com.miui.player/.phone.ui.AudioPreview m=0x608000}
06-27 12:34:26.554 26070 26107 D RAInjector: LoadIconTask::doInBackground ResolveInfo{c94bffa com.bsbportal.music/.activities.LauncherScreenActivity m=0x608000}
06-27 12:34:26.555 26070 26111 D RAInjector: LoadIconTask::doInBackground ResolveInfo{70be225 com.miui.player/.phone.ui.AudioPreview m=0x608000}
06-27 12:34:26.555 26070 26107 D RAInjector: LoadIconTask::doInBackground ResolveInfo{c94bffa com.bsbportal.music/.activities.LauncherScreenActivity m=0x608000}
06-27 12:34:26.555 26070 26070 D RAInjector: LoadIconTask::onPostExecute ResolveInfo{70be225 com.miui.player/.phone.ui.AudioPreview m=0x608000}
06-27 12:34:26.555 26070 26070 D RAInjector: LoadIconTask::onPostExecute ResolveInfo{c94bffa com.bsbportal.music/.activities.LauncherScreenActivity m=0x608000}
06-27 12:34:26.556 26070 26070 D RAInjector: getView: position 0 info: com.android.internal.app.chooser.DisplayResolveInfo@4b0020
06-27 12:34:26.557 26070 26070 D RAInjector: bindView: ComponentInfo{com.mxtech.videoplayer.ad/com.mxtech.videoplayer.ad.ActivityScreen}
06-27 12:34:26.557 26070 26070 D RAInjector: info.getDisplayLabel: MX Player hasDisplayIcon: true position: 0
06-27 12:34:26.557 26070 26070 D RAInjector: getView: position 0 info: com.android.internal.app.chooser.DisplayResolveInfo@4b0020
06-27 12:34:26.557 26070 26070 D RAInjector: bindView: ComponentInfo{com.mxtech.videoplayer.ad/com.mxtech.videoplayer.ad.ActivityScreen}
06-27 12:34:26.557 26070 26070 D RAInjector: info.getDisplayLabel: MX Player hasDisplayIcon: true position: 0
06-27 12:34:26.557 26070 26070 D RAInjector: getView: position 0 info: com.android.internal.app.chooser.DisplayResolveInfo@4b0020
06-27 12:34:26.557 26070 26070 D RAInjector: bindView: ComponentInfo{com.mxtech.videoplayer.ad/com.mxtech.videoplayer.ad.ActivityScreen}
06-27 12:34:26.557 26070 26070 D RAInjector: info.getDisplayLabel: MX Player hasDisplayIcon: true position: 0
06-27 12:34:26.557 26070 26070 D RAInjector: getView: position 0 info: com.android.internal.app.chooser.DisplayResolveInfo@4b0020
06-27 12:34:26.557 26070 26070 D RAInjector: bindView: ComponentInfo{com.mxtech.videoplayer.ad/com.mxtech.videoplayer.ad.ActivityScreen}
06-27 12:34:26.557 26070 26070 D RAInjector: info.getDisplayLabel: MX Player hasDisplayIcon: true position: 0
06-27 12:34:26.559 26070 26070 D RAInjector: getView: position 0 info: com.android.internal.app.chooser.DisplayResolveInfo@4b0020
06-27 12:34:26.559 26070 26070 D RAInjector: bindView: ComponentInfo{com.mxtech.videoplayer.ad/com.mxtech.videoplayer.ad.ActivityScreen}
06-27 12:34:26.559 26070 26070 D RAInjector: info.getDisplayLabel: MX Player hasDisplayIcon: true position: 0
06-27 12:34:26.560 26070 26070 D RAInjector: getView: position 0 info: com.android.internal.app.chooser.DisplayResolveInfo@4b0020
06-27 12:34:26.560 26070 26070 D RAInjector: bindView: ComponentInfo{com.mxtech.videoplayer.ad/com.mxtech.videoplayer.ad.ActivityScreen}
06-27 12:34:26.560 26070 26070 D RAInjector: info.getDisplayLabel: MX Player hasDisplayIcon: true position: 0
06-27 12:34:26.560 26070 26070 D RAInjector: getView: position 0 info: com.android.internal.app.chooser.DisplayResolveInfo@4b0020
06-27 12:34:26.560 26070 26070 D RAInjector: bindView: ComponentInfo{com.mxtech.videoplayer.ad/com.mxtech.videoplayer.ad.ActivityScreen}
06-27 12:34:26.560 26070 26070 D RAInjector: info.getDisplayLabel: MX Player hasDisplayIcon: true position: 0
06-27 12:34:26.560 26070 26070 D RAInjector: getView: position 0 info: com.android.internal.app.chooser.DisplayResolveInfo@4b0020
06-27 12:34:26.560 26070 26070 D RAInjector: bindView: ComponentInfo{com.mxtech.videoplayer.ad/com.mxtech.videoplayer.ad.ActivityScreen}
06-27 12:34:26.560 26070 26070 D RAInjector: info.getDisplayLabel: MX Player hasDisplayIcon: true position: 0
06-27 12:34:26.560 26070 26070 D RAInjector: getView: position 0 info: com.android.internal.app.chooser.DisplayResolveInfo@4b0020
06-27 12:34:26.560 26070 26070 D RAInjector: bindView: ComponentInfo{com.mxtech.videoplayer.ad/com.mxtech.videoplayer.ad.ActivityScreen}
06-27 12:34:26.560 26070 26070 D RAInjector: info.getDisplayLabel: MX Player hasDisplayIcon: true position: 0
06-27 12:34:26.560 26070 26070 D RAInjector: getView: position 1 info: com.android.internal.app.chooser.DisplayResolveInfo@8e90b4d
06-27 12:34:26.560 26070 26070 D RAInjector: bindView: ComponentInfo{com.mxtech.videoplayer.ad/com.mxtech.videoplayer.ad.ActivityPipScreen}
06-27 12:34:26.560 26070 26070 D RAInjector: info.getDisplayLabel: MX Pop-up mode hasDisplayIcon: true position: 1
06-27 12:34:26.560 26070 26070 D RAInjector: getView: position 2 info: com.android.internal.app.chooser.DisplayResolveInfo@fd5927c
06-27 12:34:26.560 26070 26070 D RAInjector: bindView: ComponentInfo{com.miui.player/com.miui.player.phone.ui.AudioPreview}
06-27 12:34:26.560 26070 26070 D RAInjector: info.getDisplayLabel: Music hasDisplayIcon: true position: 2
06-27 12:34:26.560 26070 26070 D RAInjector: getView: position 3 info: com.android.internal.app.chooser.DisplayResolveInfo@4037367
06-27 12:34:26.560 26070 26070 D RAInjector: bindView: ComponentInfo{com.bsbportal.music/com.bsbportal.music.activities.LauncherScreenActivity}
06-27 12:34:26.560 26070 26070 D RAInjector: info.getDisplayLabel: Wynk Music hasDisplayIcon: true position: 3
06-27 12:34:26.572 26070 26070 D RAInjector: LoadIconTask::onPostExecute ResolveInfo{f7cd61c com.mxtech.videoplayer.ad/.ActivityPipScreen m=0x608000}
06-27 12:34:26.572 26070 26070 D RAInjector: LoadIconTask::onPostExecute ResolveInfo{70be225 com.miui.player/.phone.ui.AudioPreview m=0x608000}
06-27 12:34:26.572 26070 26070 D RAInjector: LoadIconTask::onPostExecute ResolveInfo{c94bffa com.bsbportal.music/.activities.LauncherScreenActivity m=0x608000}
06-27 12:34:26.572 26070 26070 D RAInjector: LoadIconTask::onPostExecute ResolveInfo{70be225 com.miui.player/.phone.ui.AudioPreview m=0x608000}
06-27 12:34:26.572 26070 26070 D RAInjector: LoadIconTask::onPostExecute ResolveInfo{c94bffa com.bsbportal.music/.activities.LauncherScreenActivity m=0x608000}
06-27 12:34:26.574 26070 26070 D RAInjector: getView: position 0 info: com.android.internal.app.chooser.DisplayResolveInfo@4b0020
06-27 12:34:26.574 26070 26070 D RAInjector: bindView: ComponentInfo{com.mxtech.videoplayer.ad/com.mxtech.videoplayer.ad.ActivityScreen}
06-27 12:34:26.574 26070 26070 D RAInjector: info.getDisplayLabel: MX Player hasDisplayIcon: true position: 0
06-27 12:34:26.574 26070 26070 D RAInjector: getView: position 0 info: com.android.internal.app.chooser.DisplayResolveInfo@4b0020
06-27 12:34:26.574 26070 26070 D RAInjector: bindView: ComponentInfo{com.mxtech.videoplayer.ad/com.mxtech.videoplayer.ad.ActivityScreen}
06-27 12:34:26.574 26070 26070 D RAInjector: info.getDisplayLabel: MX Player hasDisplayIcon: true position: 0
06-27 12:34:26.574 26070 26070 D RAInjector: getView: position 0 info: com.android.internal.app.chooser.DisplayResolveInfo@4b0020
06-27 12:34:26.574 26070 26070 D RAInjector: bindView: ComponentInfo{com.mxtech.videoplayer.ad/com.mxtech.videoplayer.ad.ActivityScreen}
06-27 12:34:26.574 26070 26070 D RAInjector: info.getDisplayLabel: MX Player hasDisplayIcon: true position: 0
06-27 12:34:26.574 26070 26070 D RAInjector: getView: position 0 info: com.android.internal.app.chooser.DisplayResolveInfo@4b0020
06-27 12:34:26.574 26070 26070 D RAInjector: bindView: ComponentInfo{com.mxtech.videoplayer.ad/com.mxtech.videoplayer.ad.ActivityScreen}
06-27 12:34:26.574 26070 26070 D RAInjector: info.getDisplayLabel: MX Player hasDisplayIcon: true position: 0
06-27 12:34:26.577 26070 26070 D RAInjector: getView: position 0 info: com.android.internal.app.chooser.DisplayResolveInfo@4b0020
06-27 12:34:26.577 26070 26070 D RAInjector: bindView: ComponentInfo{com.mxtech.videoplayer.ad/com.mxtech.videoplayer.ad.ActivityScreen}
06-27 12:34:26.577 26070 26070 D RAInjector: info.getDisplayLabel: MX Player hasDisplayIcon: true position: 0
06-27 12:34:26.577 26070 26070 D RAInjector: getView: position 0 info: com.android.internal.app.chooser.DisplayResolveInfo@4b0020
06-27 12:34:26.577 26070 26070 D RAInjector: bindView: ComponentInfo{com.mxtech.videoplayer.ad/com.mxtech.videoplayer.ad.ActivityScreen}
06-27 12:34:26.577 26070 26070 D RAInjector: info.getDisplayLabel: MX Player hasDisplayIcon: true position: 0
06-27 12:34:26.577 26070 26070 D RAInjector: getView: position 0 info: com.android.internal.app.chooser.DisplayResolveInfo@4b0020
06-27 12:34:26.577 26070 26070 D RAInjector: bindView: ComponentInfo{com.mxtech.videoplayer.ad/com.mxtech.videoplayer.ad.ActivityScreen}
06-27 12:34:26.577 26070 26070 D RAInjector: info.getDisplayLabel: MX Player hasDisplayIcon: true position: 0
06-27 12:34:26.577 26070 26070 D RAInjector: getView: position 0 info: com.android.internal.app.chooser.DisplayResolveInfo@4b0020
06-27 12:34:26.577 26070 26070 D RAInjector: bindView: ComponentInfo{com.mxtech.videoplayer.ad/com.mxtech.videoplayer.ad.ActivityScreen}
06-27 12:34:26.577 26070 26070 D RAInjector: info.getDisplayLabel: MX Player hasDisplayIcon: true position: 0
06-27 12:34:26.577 26070 26070 D RAInjector: getView: position 0 info: com.android.internal.app.chooser.DisplayResolveInfo@4b0020
06-27 12:34:26.577 26070 26070 D RAInjector: bindView: ComponentInfo{com.mxtech.videoplayer.ad/com.mxtech.videoplayer.ad.ActivityScreen}
06-27 12:34:26.577 26070 26070 D RAInjector: info.getDisplayLabel: MX Player hasDisplayIcon: true position: 0
06-27 12:34:26.577 26070 26070 D RAInjector: getView: position 1 info: com.android.internal.app.chooser.DisplayResolveInfo@8e90b4d
06-27 12:34:26.577 26070 26070 D RAInjector: bindView: ComponentInfo{com.mxtech.videoplayer.ad/com.mxtech.videoplayer.ad.ActivityPipScreen}
06-27 12:34:26.577 26070 26070 D RAInjector: info.getDisplayLabel: MX Pop-up mode hasDisplayIcon: true position: 1
06-27 12:34:26.577 26070 26070 D RAInjector: getView: position 2 info: com.android.internal.app.chooser.DisplayResolveInfo@fd5927c
06-27 12:34:26.578 26070 26070 D RAInjector: bindView: ComponentInfo{com.miui.player/com.miui.player.phone.ui.AudioPreview}
06-27 12:34:26.578 26070 26070 D RAInjector: info.getDisplayLabel: Music hasDisplayIcon: true position: 2
06-27 12:34:26.578 26070 26070 D RAInjector: getView: position 3 info: com.android.internal.app.chooser.DisplayResolveInfo@4037367
06-27 12:34:26.578 26070 26070 D RAInjector: bindView: ComponentInfo{com.bsbportal.music/com.bsbportal.music.activities.LauncherScreenActivity}
06-27 12:34:26.578 26070 26070 D RAInjector: info.getDisplayLabel: Wynk Music hasDisplayIcon: true position: 3
06-27 12:34:26.638   969   969 E SurfaceFlinger: Attempt to set frame rate on an unrecognized IGraphicBufferProducer
06-27 12:34:26.743   847  2607 I WifiHAL : event received NL80211_CMD_VENDOR, vendor_id = 0x1374, subcmd = 0xd
06-27 12:34:26.743  1560  1560 I cnss-daemon: nl80211 response handler invoked
06-27 12:34:26.743  1560  1560 I cnss-daemon: nl80211_response_handler: cmd 103, vendorID 4980, subcmd 13  received
06-27 12:34:27.234   969   969 W SurfaceFlingerInspector: slow HwComposer, duration=5s, total=997, timeOut=4, Max=13ms, timeOutAvg=9ms.
06-27 12:34:27.361   885 10843 I vendor.qti.hardware.servicetracker@1.2-service: unbindService is called for service : com.google.android.gms/.auth.GetToken and for client com.google.android.gms
06-27 12:34:27.361   885 10843 I vendor.qti.hardware.servicetracker@1.2-service: size of service connections for service: com.google.android.gms/.auth.GetTokenafter removal is 0
06-27 12:34:27.361   885 10843 I vendor.qti.hardware.servicetracker@1.2-service: size of client connections for client: com.google.android.gmsafter removal is 5
06-27 12:34:27.361   885 10843 I vendor.qti.hardware.servicetracker@1.2-service: destroyService is called for service : com.google.android.gms/.auth.GetToken
06-27 12:34:27.644   885 10843 I vendor.qti.hardware.servicetracker@1.2-service: unbindService is called for service : com.google.android.gms/.chimera.GmsInternalApiService and for client com.google.android.gms.persistent
06-27 12:34:27.644   885 10843 I vendor.qti.hardware.servicetracker@1.2-service: size of service connections for service: com.google.android.gms/.chimera.GmsInternalApiServiceafter removal is 0
06-27 12:34:27.644   885 10843 I vendor.qti.hardware.servicetracker@1.2-service: size of client connections for client: com.google.android.gms.persistentafter removal is 8
06-27 12:34:27.644   885 10843 I vendor.qti.hardware.servicetracker@1.2-service: destroyService is called for service : com.google.android.gms/.chimera.GmsInternalApiService
06-27 12:34:27.645  3799  3799 D BoundBrokerSvc: onUnbind: Intent { act=com.google.android.gms.facs.internal.service.START dat=chimera-action: cmp=com.google.android.gms/.chimera.GmsInternalApiService }
06-27 12:34:27.662   885 10843 I vendor.qti.hardware.servicetracker@1.2-service: unbindService is called for service : com.google.android.gms/.chimera.PersistentApiService and for client com.google.android.gms.persistent
06-27 12:34:27.882   885 10843 I vendor.qti.hardware.servicetracker@1.2-service: bindService is called for service : com.xiaomi.xmsf/.push.service.HttpService and for client com.miui.notification
06-27 12:34:27.882   885 10843 I vendor.qti.hardware.servicetracker@1.2-service: total connections for service : com.xiaomi.xmsf/.push.service.HttpServiceare :1
06-27 12:34:27.882   885 10843 I vendor.qti.hardware.servicetracker@1.2-service: total connections for client : com.miui.notificationare :1
06-27 12:34:27.882  1919  7216 D CompatibilityInfo: mCompatibilityFlags - 0
06-27 12:34:27.882  1919  7216 D CompatibilityInfo: applicationDensity - 440
06-27 12:34:27.882  1919  7216 D CompatibilityInfo: applicationScale - 1.0
06-27 12:34:27.883   885 10843 I vendor.qti.hardware.servicetracker@1.2-service: startService() is called for servicecom.xiaomi.xmsf/.push.service.HttpService
06-27 12:34:27.883  1919  2385 I MiuiNetworkPolicy: updateUidState uid = 10146, uidState = 4
06-27 12:34:27.884   885 10843 I vendor.qti.hardware.servicetracker@1.2-service: unbindService is called for service : com.xiaomi.xmsf/.push.service.HttpService and for client com.miui.notification
06-27 12:34:27.884   885 10843 I vendor.qti.hardware.servicetracker@1.2-service: size of service connections for service: com.xiaomi.xmsf/.push.service.HttpServiceafter removal is 0
06-27 12:34:27.884   885 10843 I vendor.qti.hardware.servicetracker@1.2-service: size of client connections for client: com.miui.notificationafter removal is 0
06-27 12:34:27.885   885 10843 I vendor.qti.hardware.servicetracker@1.2-service: destroyService is called for service : com.xiaomi.xmsf/.push.service.HttpService
06-27 12:34:27.886  1919  2385 I MiuiNetworkPolicy: updateUidState uid = 10146, uidState = 6
06-27 12:34:27.957 11583 26069 I FA      : Application backgrounded at: timestamp_millis: 1751007865956
06-27 12:34:28.021  1919  8366 I ActivityTaskManager: START u0 {act=android.intent.action.CALL dat=tel:xxxxxxxxxx flg=0x10000000 cmp=com.android.server.telecom/.components.UserCallActivity} from uid 2000
06-27 12:34:28.021  1919  8366 W ActivityTaskManager: Permission Denial: starting Intent { act=android.intent.action.CALL dat=tel:xxxxxxxxxx flg=0x10000000 cmp=com.android.server.telecom/.components.UserCallActivity } from null (pid=26115, uid=2000) with revoked permission android.permission.CALL_PHONE
06-27 12:34:28.024 26115 26117 I cmd     : oneway function results will be dropped but finished with status OK and parcel size 4
06-27 12:34:28.034   885 10843 I vendor.qti.hardware.servicetracker@1.2-service: unbindService is called for service : com.google.android.gms/.chimera.PersistentDirectBootAwareApiService and for client com.google.android.googlequicksearchbox:interactor
06-27 12:34:28.034   885 10843 I vendor.qti.hardware.servicetracker@1.2-service: size of service connections for service: com.google.android.gms/.chimera.PersistentDirectBootAwareApiServiceafter removal is 17
06-27 12:34:28.034   885 10843 I vendor.qti.hardware.servicetracker@1.2-service: size of client connections for client: com.google.android.googlequicksearchbox:interactorafter removal is 1
06-27 12:34:28.037   885 10843 I vendor.qti.hardware.servicetracker@1.2-service: unbindService is called for service : com.google.android.gms/.chimera.PersistentApiService and for client com.google.android.gms
06-27 12:34:28.748  1560  1560 I cnss-daemon: nl80211 response handler invoked
06-27 12:34:28.748  1560  1560 I cnss-daemon: nl80211_response_handler: cmd 103, vendorID 4980, subcmd 13  received
06-27 12:34:28.748   847  2607 I WifiHAL : event received NL80211_CMD_VENDOR, vendor_id = 0x1374, subcmd = 0xd
06-27 12:34:29.340   885 10843 I vendor.qti.hardware.servicetracker@1.2-service: destroyService is called for service : com.google.android.gms/.chimera.GmsIntentOperationService
06-27 12:34:29.526   885 10843 I vendor.qti.hardware.servicetracker@1.2-service: unbindService is called for service : com.google.android.gms/.chimera.PersistentDirectBootAwareApiService and for client com.google.android.googlequicksearchbox:search
06-27 12:34:29.526   885 10843 I vendor.qti.hardware.servicetracker@1.2-service: size of service connections for service: com.google.android.gms/.chimera.PersistentDirectBootAwareApiServiceafter removal is 16
06-27 12:34:29.526   885 10843 I vendor.qti.hardware.servicetracker@1.2-service: size of client connections for client: com.google.android.googlequicksearchbox:searchafter removal is 2
06-27 12:34:29.756 26010 26044 I TetheringManager: registerTetheringEventCallback:com.android.camera
06-27 12:34:30.125  1919  8366 I ActivityTaskManager: START u0 {act=android.intent.action.CALL dat=tel:xxxxxxxxxx flg=0x10000000 cmp=com.android.server.telecom/.components.UserCallActivity} from uid 2000
06-27 12:34:30.126  1919  8366 W ActivityTaskManager: Permission Denial: starting Intent { act=android.intent.action.CALL dat=tel:xxxxxxxxxx flg=0x10000000 cmp=com.android.server.telecom/.components.UserCallActivity } from null (pid=26121, uid=2000) with revoked permission android.permission.CALL_PHONE
06-27 12:34:30.127 26121 26123 I cmd     : oneway function results will be dropped but finished with status OK and parcel size 4
06-27 12:34:30.488  2671  2671 D KeyguardUpdateMonitor: received broadcast android.intent.action.BATTERY_CHANGED
06-27 12:34:30.489  2671  2671 D BatteryController: onReceive: Intent = Intent { act=android.intent.action.BATTERY_CHANGED flg=0x60000010 (has extras) } action = android.intent.action.BATTERY_CHANGED
06-27 12:34:30.489  2841  2841 D QtiCarrierConfigHelper: WARNING, no carrier configs on phone Id: 0
06-27 12:34:30.491  9395  9395 I PowerSaveService: onReceive: android.intent.action.BATTERY_CHANGED
06-27 12:34:30.494  9739  9968 D PowerCheckerService: onBatteryChanged, mBatteryLevel = 34, status = 2, level = 34, plug = 2, scale = 100
06-27 12:34:30.494  9395  9395 I PowerNoticeUI: handleBatteryChanged oldPlugType 2 mPlugType 2 oldBatteryLevel 34 mBatteryLevel 34 temperature 267
06-27 12:34:30.494  9395  9395 I ChargerBatteryIntelligenceReceiver: onBatteryChanged temperature26,plugType:2
06-27 12:34:30.494  9395  9395 I PowerFeatureUtils: getVendorName:qcom
06-27 12:34:30.496  2881  2881 D DeviceStatisticsService: chargerType=2 batteryLevel=34 totalBatteryCapacity=2232300
06-27 12:34:30.751   847  2607 I WifiHAL : event received NL80211_CMD_VENDOR, vendor_id = 0x1374, subcmd = 0xd
06-27 12:34:30.751  1560  1560 I cnss-daemon: nl80211 response handler invoked
06-27 12:34:30.751  1560  1560 I cnss-daemon: nl80211_response_handler: cmd 103, vendorID 4980, subcmd 13  received
06-27 12:34:31.151  1919  7660 D CompatibilityInfo: mCompatibilityFlags - 0
06-27 12:34:31.152  1919  7660 D CompatibilityInfo: applicationDensity - 440
06-27 12:34:31.152  1919  7660 D CompatibilityInfo: applicationScale - 1.0
06-27 12:34:32.180  1919  1919 D CompatibilityInfo: mCompatibilityFlags - 0
06-27 12:34:32.180  1919  1919 D CompatibilityInfo: applicationDensity - 440
06-27 12:34:32.180   885 10843 I vendor.qti.hardware.servicetracker@1.2-service: bindService is called for service : com.google.android.googlequicksearchbox/com.google.android.apps.gsa.tasks.BackgroundTasksJobService and for client system
06-27 12:34:32.180  1919  1919 D CompatibilityInfo: applicationScale - 1.0
06-27 12:34:32.180   885 10843 I vendor.qti.hardware.servicetracker@1.2-service: total connections for service : com.google.android.googlequicksearchbox/com.google.android.apps.gsa.tasks.BackgroundTasksJobServiceare :1
06-27 12:34:32.180   885 10843 I vendor.qti.hardware.servicetracker@1.2-service: total connections for client : systemare :25
06-27 12:34:32.181   885 10843 I vendor.qti.hardware.servicetracker@1.2-service: startService() is called for servicecom.google.android.googlequicksearchbox/com.google.android.apps.gsa.tasks.BackgroundTasksJobService
06-27 12:34:32.204  1919  7660 I ActivityTaskManager: START u0 {act=android.intent.action.CALL dat=tel:xxxxxxxxxx flg=0x10000000 cmp=com.android.server.telecom/.components.UserCallActivity} from uid 2000
06-27 12:34:32.204  1919  7660 W ActivityTaskManager: Permission Denial: starting Intent { act=android.intent.action.CALL dat=tel:xxxxxxxxxx flg=0x10000000 cmp=com.android.server.telecom/.components.UserCallActivity } from null (pid=26127, uid=2000) with revoked permission android.permission.CALL_PHONE
06-27 12:34:32.206 26127 26129 I cmd     : oneway function results will be dropped but finished with status OK and parcel size 4
06-27 12:34:32.209 25576 25576 I avyr    : (REDACTED) Starting %s background task %s.
06-27 12:34:32.228 25576 26130 I adln    : (REDACTED) Event Bus thread starting with TID %d
06-27 12:34:32.238   885 10843 I vendor.qti.hardware.servicetracker@1.2-service: bindService is called for service : com.google.android.gms/.chimera.PersistentDirectBootAwareApiService and for client com.google.android.googlequicksearchbox:search
06-27 12:34:32.238   885 10843 I vendor.qti.hardware.servicetracker@1.2-service: total connections for service : com.google.android.gms/.chimera.PersistentDirectBootAwareApiServiceare :17
06-27 12:34:32.238   885 10843 I vendor.qti.hardware.servicetracker@1.2-service: total connections for client : com.google.android.googlequicksearchbox:searchare :3
06-27 12:34:32.241 25576 25622 I ahzt    : (REDACTED) Util.isLowRamDevice: %b, canUsePreemptibleAudioSource: %b
06-27 12:34:32.264  1919  7660 D CompatibilityInfo: mCompatibilityFlags - 0
06-27 12:34:32.264  1919  7660 D CompatibilityInfo: applicationDensity - 440
06-27 12:34:32.264  1919  7660 D CompatibilityInfo: applicationScale - 1.0
06-27 12:34:32.265   885 10843 I vendor.qti.hardware.servicetracker@1.2-service: startService() is called for servicecom.google.android.googlequicksearchbox/com.google.android.apps.gsa.shared.util.keepalive.StandaloneKeepAlive$KeepAliveService
06-27 12:34:32.298 25576 26130 W cgzs    : No value provided for the places model index flag.
06-27 12:34:32.298 25576 26130 W cgzs    : No value provided for the places model index flag.
06-27 12:34:32.315 25576 26130 I aiab    : getLocaleToModelSpecsMap
06-27 12:34:32.315 25576 26130 I aiab    : Fetching latest config from MDD...
06-27 12:34:32.334 25576 26130 I aiab    : (REDACTED) Found map of size: %d
06-27 12:34:32.338 25576 25594 I earchbox:searc: Waiting for a blocking GC ProfileSaver
06-27 12:34:32.347 25576 26130 I allk    : (REDACTED) Initializing MicroDataManager InitializeType-%d, isForced-%b, isActivePhoneEnrollment-%b isActiveGoogleHomeEnrollment-%b
06-27 12:34:32.349   885 10843 I vendor.qti.hardware.servicetracker@1.2-service: bindService is called for service : com.google.android.gms/.chimera.PersistentApiService and for client com.google.android.googlequicksearchbox:search
06-27 12:34:32.349   885 10843 I vendor.qti.hardware.servicetracker@1.2-service: total connections for service : com.google.android.gms/.chimera.PersistentApiServiceare :10
06-27 12:34:32.349   885 10843 I vendor.qti.hardware.servicetracker@1.2-service: total connections for client : com.google.android.googlequicksearchbox:searchare :3
