06-27 12:30:18.371   847  2607 I WifiHAL : event received NL80211_CMD_VENDOR, vendor_id = 0x1374, subcmd = 0xd
06-27 12:30:18.372   885  2734 I vendor.qti.hardware.servicetracker@1.2-service: bindService is called for service : com.google.android.gms/.ads.identifier.service.AdvertisingIdService and for client com.facebook.katana
06-27 12:30:18.372   885  2734 I vendor.qti.hardware.servicetracker@1.2-service: total connections for service : com.google.android.gms/.ads.identifier.service.AdvertisingIdServiceare :4
06-27 12:30:18.372   885  2734 I vendor.qti.hardware.servicetracker@1.2-service: total connections for client : com.facebook.katanaare :1
06-27 12:30:18.378  1919  2653 I ActivityManager: Killing 13861:com.miui.securityadd/u0a159 (adj 985): empty #17
06-27 12:30:18.378  1919  2653 I Process : PerfMonitor : current process sending signal quiet. PID: 13861 SIG: 9
06-27 12:30:18.380   879   879 I ANDR-PERF-LM: LMPerfGlue: perfmodule_submit_request() 132: perfmodule_submit_request()
06-27 12:30:18.380   879   879 I ANDR-PERF-LM: Core: getInstance() 84: LM getInstance
06-27 12:30:18.380   879   879 I ANDR-PERF-LM: WQ: push() 59: LMTriggerQ push() size=0
06-27 12:30:18.380   879   879 I ANDR-PERF-LM: WQ: push() 61: LMTriggerQ push() done size=1
06-27 12:30:18.380   879   984 I ANDR-PERF-LM: WQ: pop() 42: LMTriggerQ pop() done size=0
06-27 12:30:18.380   879   984 I ANDR-PERF-LM: Core: lmMain() 373: Waiting on trigger Queue
06-27 12:30:18.380   879   984 I ANDR-PERF-LM: WQ: pop() 31: LMTriggerQ pop() size=0
06-27 12:30:18.384   885  2734 I vendor.qti.hardware.servicetracker@1.2-service: unbindService is called for service : com.google.android.gms/.ads.identifier.service.AdvertisingIdService and for client com.facebook.katana
06-27 12:30:18.384   885  2734 I vendor.qti.hardware.servicetracker@1.2-service: size of service connections for service: com.google.android.gms/.ads.identifier.service.AdvertisingIdServiceafter removal is 3
06-27 12:30:18.384   885  2734 I vendor.qti.hardware.servicetracker@1.2-service: size of client connections for client: com.facebook.katanaafter removal is 0
06-27 12:30:18.387  1919  2385 I MiuiNetworkPolicy: updateUidState uid = 10186, uidState = 19
06-27 12:30:18.389 21823 21868 W BpBinder: PerfMonitor binderTransact :  time=487ms interface=android.content.IContentProvider code=1
06-27 12:30:18.395 21879 21944 W fb4a.AppInitScheduler|Run:   Finished InitLacrimaLaterInit in 279ms
06-27 12:30:18.396 21879 21944 W fb4a.AppInitScheduler|Run: Running KeepWarm
06-27 12:30:18.396 21879 21944 W fb4a.AppInitScheduler|Run:   Finished KeepWarm in 1ms
06-27 12:30:18.396 21879 21944 W fb4a.AppInitScheduler|Run: Running LongtailVoltronAppInit
06-27 12:30:18.396 21879 21944 E fb4a.AppState: Returning default for firstRunInfo
06-27 12:30:18.396 21879 21944 E fb4a.AppState: Returning default for firstRunInfo
06-27 12:30:18.396 21879 21944 W fb4a.HalfnosisInitializer: Not first run! Skip eager unpacking of longtail.
06-27 12:30:18.396 21879 21944 W fb4a.LongtailVoltronAppInit: HalfnosisInitializer: fail
06-27 12:30:18.396 21879 21944 W fb4a.AppInitScheduler|Run:   Finished LongtailVoltronAppInit in 0ms
06-27 12:30:18.396 21879 21944 W fb4a.AppInitScheduler|Run: Running MetaCasper
06-27 12:30:18.399   698   698 D Zygote  : Forked child process 22072
06-27 12:30:18.401 22072 22072 W Zygote  : Unable to open libbeluga.so: dlopen failed: library "libbeluga.so" not found.
06-27 12:30:18.401  1919  2122 I ActivityManager: Start proc 22072:com.google.android.apps.turbo:ssb/u0a186 for broadcast {com.google.android.apps.turbo/com.google.android.libraries.smartbattery.brightness.library.PhenotypeUpdatedReceiver} caller=com.google.android.apps.turbo
06-27 12:30:18.403 22072 22072 I libc    : SetHeapTaggingLevel: tag level set to 0
06-27 12:30:18.407 21879 22025 D CompatibilityChangeReporter: Compat change id reported: 147600208; UID 10246; state: ENABLED
06-27 12:30:18.408 22072 22072 E .apps.turbo:ss: Not starting debugger since process cannot load the jdwp agent.
06-27 12:30:18.410  1919  2478 D SlaveWifiManager: getWifiSlaveConnectionInfo
06-27 12:30:18.411  1919  2478 I chatty  : uid=1000(system) ConnectivitySer identical 75 lines
06-27 12:30:18.411  1919  2478 D SlaveWifiManager: getWifiSlaveConnectionInfo
06-27 12:30:18.411  1919  2402 D UntrustedWifiNetworkFactory: got request NetworkRequest [ TRACK_DEFAULT id=190, [ Capabilities: INTERNET&NOT_RESTRICTED&TRUSTED Uid: 10246 AdministratorUids: [] RequestorUid: 10246 RequestorPackageName: com.facebook.katana] ] with score 60 and providerId 6
06-27 12:30:18.411  1919  2402 D WifiNetworkFactory: got request NetworkRequest [ TRACK_DEFAULT id=190, [ Capabilities: INTERNET&NOT_RESTRICTED&TRUSTED Uid: 10246 AdministratorUids: [] RequestorUid: 10246 RequestorPackageName: com.facebook.katana] ] with score 60 and providerId 6
06-27 12:30:18.411  1919  2402 D WifiSlaveNetworkFactory: got request NetworkRequest [ TRACK_DEFAULT id=190, [ Capabilities: INTERNET&NOT_RESTRICTED&TRUSTED Uid: 10246 AdministratorUids: [] RequestorUid: 10246 RequestorPackageName: com.facebook.katana] ] with score 60 and providerId 6
06-27 12:30:18.412  1919  2574 D Ethernet: got request NetworkRequest [ TRACK_DEFAULT id=190, [ Capabilities: INTERNET&NOT_RESTRICTED&TRUSTED Uid: 10246 AdministratorUids: [] RequestorUid: 10246 RequestorPackageName: com.facebook.katana] ] with score 60 and providerId 6
06-27 12:30:18.412  2914  2914 D PhoneSwitcherNetworkRequstListener: got request NetworkRequest [ TRACK_DEFAULT id=190, [ Capabilities: INTERNET&NOT_RESTRICTED&TRUSTED Uid: 10246 AdministratorUids: [] RequestorUid: 10246 RequestorPackageName: com.facebook.katana] ] with score 60 and providerId 6
06-27 12:30:18.412  1919  2571 D WIFI_AWARE_FACTORY: got request NetworkRequest [ TRACK_DEFAULT id=190, [ Capabilities: INTERNET&NOT_RESTRICTED&TRUSTED Uid: 10246 AdministratorUids: [] RequestorUid: 10246 RequestorPackageName: com.facebook.katana] ] with score 60 and providerId 6
06-27 12:30:18.412  1919  2402 D UntrustedWifiNetworkFactory: got request NetworkRequest [ TRACK_DEFAULT id=190, [ Capabilities: INTERNET&NOT_RESTRICTED&TRUSTED Uid: 10246 AdministratorUids: [] RequestorUid: 10246 RequestorPackageName: com.facebook.katana] ] with score 60 and providerId 6
06-27 12:30:18.414  3125 17403 I FontLog : (REDACTED) Pulling font file for id = %d, cache size = %d
06-27 12:30:18.414  1919  7178 D CompatibilityInfo: mCompatibilityFlags - 0
06-27 12:30:18.414  1919  7178 D CompatibilityInfo: applicationDensity - 440
06-27 12:30:18.414  1919  7178 D CompatibilityInfo: applicationScale - 1.0
06-27 12:30:18.416  1919  7178 D CompatibilityInfo: mCompatibilityFlags - 0
06-27 12:30:18.416  1919  7178 D CompatibilityInfo: applicationDensity - 440
06-27 12:30:18.416  1919  7178 D CompatibilityInfo: applicationScale - 1.0
06-27 12:30:18.417  1919  2385 I MiuiNetworkPolicy: updateUidState uid = 10186, uidState = 11
06-27 12:30:18.417 21879 21946 W fb4a.AppInitScheduler|Run: Running MobileConfigAdminIdLaterInit
06-27 12:30:18.417 21879 21945 W fb4a.AppInitScheduler|Run:   Finished EagerInitTigonLiger in 286ms
06-27 12:30:18.417 21879 21945 W fb4a.AppInitScheduler|Schedule:   Executing 149:GraphServiceEagerInit
06-27 12:30:18.417 21879 21945 W fb4a.AppInitScheduler|Schedule:   Executing 377:ZeroLibraryInitializer
06-27 12:30:18.417 21879 21945 W fb4a.AppInitScheduler|Schedule:   Executing 198:InitTrafficNTS
06-27 12:30:18.417 21879 21946 W fb4a.AppInitScheduler|Run:   Finished MobileConfigAdminIdLaterInit in 0ms
06-27 12:30:18.417 21879 21946 W fb4a.AppInitScheduler|Run: Running GraphServiceEagerInit [*]
06-27 12:30:18.418 21879 21946 W fb4a.AppInitScheduler|Schedule:   Executing async work for GraphServiceEagerInit: InjectTigonServiceHolder
06-27 12:30:18.418 21879 21946 W fb4a.AppInitScheduler|Schedule:   Executing async work for GraphServiceEagerInit: InjectGraphQLConsistencyJNI
06-27 12:30:18.420 22007 22007 I ContentProviderMonitor: PerfMonitor installContentProviders : before publish content providers
06-27 12:30:18.426   885  2734 I vendor.qti.hardware.servicetracker@1.2-service: bindService is called for service : com.google.android.youtube/androidx.work.impl.background.systemjob.SystemJobService and for client system
06-27 12:30:18.426   885  2734 I vendor.qti.hardware.servicetracker@1.2-service: total connections for service : com.google.android.youtube/androidx.work.impl.background.systemjob.SystemJobServiceare :1
06-27 12:30:18.426   885  2734 I vendor.qti.hardware.servicetracker@1.2-service: total connections for client : systemare :24
06-27 12:30:18.427  1919  7178 D CompatibilityInfo: mCompatibilityFlags - 0
06-27 12:30:18.427  1919  7178 D CompatibilityInfo: applicationDensity - 440
06-27 12:30:18.427  1919  7178 D CompatibilityInfo: applicationScale - 1.0
06-27 12:30:18.427   885  2734 I vendor.qti.hardware.servicetracker@1.2-service: startService() is called for servicecom.google.android.youtube/androidx.work.impl.background.systemjob.SystemJobService
06-27 12:30:18.427  1919  2385 I MiuiNetworkPolicy: updateUidState uid = 10203, uidState = 8
06-27 12:30:18.431   885  2734 I vendor.qti.hardware.servicetracker@1.2-service: bindService is called for service : com.google.android.gms/.measurement.service.MeasurementBrokerService and for client com.google.android.youtube
06-27 12:30:18.431   885  2734 I vendor.qti.hardware.servicetracker@1.2-service: total connections for service : com.google.android.gms/.measurement.service.MeasurementBrokerServiceare :2
06-27 12:30:18.431   885  2734 I vendor.qti.hardware.servicetracker@1.2-service: total connections for client : com.google.android.youtubeare :9
06-27 12:30:18.433  1919  2138 D Process : audio-opt: audio thread tid = 21741 could not get bg policy.
06-27 12:30:18.442 22072 22072 D ApplicationLoaders: Returning zygote-cached class loader: /system/framework/android.test.base.jar
06-27 12:30:18.442  3799  7927 D AdvertisingIdClient: AdvertisingIdClient already created.
06-27 12:30:18.443  3799  7927 I AdvertisingIdClient: shouldSendLog 2723236
06-27 12:30:18.443  3799  7927 I AdvertisingIdClient: GetInfoInternal elapse 1ms
06-27 12:30:18.444 21698 21783 D StrictMode: StrictMode policy violation; ~duration=153 ms: android.os.strictmode.DiskReadViolation
06-27 12:30:18.444 21698 21783 D StrictMode: 	at android.os.StrictMode$AndroidBlockGuardPolicy.onReadFromDisk(StrictMode.java:1596)
06-27 12:30:18.444 21698 21783 D StrictMode: 	at libcore.io.BlockGuardOs.access(BlockGuardOs.java:71)
06-27 12:30:18.444 21698 21783 D StrictMode: 	at libcore.io.ForwardingOs.access(ForwardingOs.java:72)
06-27 12:30:18.444 21698 21783 D StrictMode: 	at android.app.ActivityThread$AndroidOs.access(ActivityThread.java:7925)
06-27 12:30:18.444 21698 21783 D StrictMode: 	at java.io.UnixFileSystem.checkAccess(UnixFileSystem.java:281)
06-27 12:30:18.444 21698 21783 D StrictMode: 	at java.io.File.exists(File.java:815)
06-27 12:30:18.444 21698 21783 D StrictMode: 	at bmej.n(:com.google.android.gms@252331022@25.23.31 (150400-769856126):5)
06-27 12:30:18.444 21698 21783 D StrictMode: 	at bmfg.f(:com.google.android.gms@252331022@25.23.31 (150400-769856126):263)
06-27 12:30:18.444 21698 21783 D StrictMode: 	at bmfg.b(:com.google.android.gms@252331022@25.23.31 (150400-769856126):445)
06-27 12:30:18.444 21698 21783 D StrictMode: 	at bmfj.query(:com.google.android.gms@252331022@25.23.31 (150400-769856126):125)
06-27 12:30:18.444 21698 21783 D StrictMode: 	at arwi.query(:com.google.android.gms@252331022@25.23.31 (150400-769856126):3)
06-27 12:30:18.444 21698 21783 D StrictMode: 	at android.content.ContentProvider.query(ContentProvider.java:1407)
06-27 12:30:18.444 21698 21783 D StrictMode: 	at uhk.superQuery(:com.google.android.gms@252331022@25.23.31 (150400-769856126):2)
06-27 12:30:18.444 21698 21783 D StrictMode: 	at com.google.android.chimera.ContentProvider.query(:com.google.android.gms@252331022@25.23.31 (150400-769856126):2)
06-27 12:30:18.444 21698 21783 D StrictMode: 	at arwi.query(:com.google.android.gms@252331022@25.23.31 (150400-769856126):13)
06-27 12:30:18.444 21698 21783 D StrictMode: 	at android.content.ContentProvider.query(ContentProvider.java:1503)
06-27 12:30:18.444 21698 21783 D StrictMode: 	at uhk.superQuery(:com.google.android.gms@252331022@25.23.31 (150400-769856126):1)
06-27 12:30:18.444 21698 21783 D StrictMode: 	at com.google.android.chimera.ContentProvider.query(:com.google.android.gms@252331022@25.23.31 (150400-769856126):1)
06-27 12:30:18.444 21698 21783 D StrictMode: 	at uhk.query(:com.google.android.gms@252331022@25.23.31 (150400-769856126):2)
06-27 12:30:18.444 21698 21783 D StrictMode: 	at android.content.ContentProvider$Transport.query(ContentProvider.java:283)
06-27 12:30:18.444 21698 21783 D StrictMode: 	at android.content.ContentProviderNative.onTransact(ContentProviderNative.java:106)
06-27 12:30:18.444 21698 21783 D StrictMode: 	at android.os.Binder.execTransactInternal(Binder.java:1157)
06-27 12:30:18.444 21698 21783 D StrictMode: 	at android.os.Binder.execTransact(Binder.java:1126)
06-27 12:30:18.444 21698 21783 D StrictMode: # via Binder call with stack:
06-27 12:30:18.444 21698 21783 D StrictMode: 	at android.os.StrictMode.readAndHandleBinderCallViolations(StrictMode.java:2358)
06-27 12:30:18.444 21698 21783 D StrictMode: 	at android.os.Parcel.readExceptionCode(Parcel.java:2321)
06-27 12:30:18.444 21698 21783 D StrictMode: 	at android.database.DatabaseUtils.readExceptionFromParcel(DatabaseUtils.java:139)
06-27 12:30:18.444 21698 21783 D StrictMode: 	at android.content.ContentProviderProxy.query(ContentProviderNative.java:472)
06-27 12:30:18.444 21698 21783 D StrictMode: 	at android.content.ContentProviderClient.query(ContentProviderClient.java:197)
06-27 12:30:18.444 21698 21783 D StrictMode: 	at android.content.ContentProviderClient.query(ContentProviderClient.java:179)
06-27 12:30:18.444 21698 21783 D StrictMode: 	at boo.a(PG:282)
06-27 12:30:18.444 21698 21783 D StrictMode: 	at bme.i(PG:11)
06-27 12:30:18.444 21698 21783 D StrictMode: 	at byk.a(PG:13)
06-27 12:30:18.444 21698 21783 D StrictMode: 	at bej.run(PG:44)
06-27 12:30:18.444 21698 21783 D StrictMode: 	at android.os.Handler.handleCallback(Handler.java:938)
06-27 12:30:18.444 21698 21783 D StrictMode: 	at android.os.Handler.dispatchMessage(Handler.java:99)
06-27 12:30:18.444 21698 21783 D StrictMode: 	at android.os.Looper.loop(Looper.java:236)
06-27 12:30:18.444 21698 21783 D StrictMode: 	at rol.run(PG:13)
06-27 12:30:18.444 21698 21783 D StrictMode: 	at pyx.run(PG:233)
06-27 12:30:18.444 21698 21783 D StrictMode: 	at java.lang.Thread.run(Thread.java:923)
06-27 12:30:18.444 21698 21783 D StrictMode: 	at rps.run(PG:61)
06-27 12:30:18.444 21698 21783 D StrictMode: StrictMode policy violation; ~duration=153 ms: android.os.strictmode.DiskReadViolation
06-27 12:30:18.444 21698 21783 D StrictMode: 	at android.os.StrictMode$AndroidBlockGuardPolicy.onReadFromDisk(StrictMode.java:1596)
06-27 12:30:18.444 21698 21783 D StrictMode: 	at java.io.UnixFileSystem.getBooleanAttributes(UnixFileSystem.java:250)
06-27 12:30:18.444 21698 21783 D StrictMode: 	at java.io.File.isDirectory(File.java:845)
06-27 12:30:18.444 21698 21783 D StrictMode: 	at bmej.n(:com.google.android.gms@252331022@25.23.31 (150400-769856126):13)
06-27 12:30:18.444 21698 21783 D StrictMode: 	at bmfg.f(:com.google.android.gms@252331022@25.23.31 (150400-769856126):263)
06-27 12:30:18.444 21698 21783 D StrictMode: 	at bmfg.b(:com.google.android.gms@252331022@25.23.31 (150400-769856126):445)
06-27 12:30:18.444 21698 21783 D StrictMode: 	at bmfj.query(:com.google.android.gms@252331022@25.23.31 (150400-769856126):125)
06-27 12:30:18.444 21698 21783 D StrictMode: 	at arwi.query(:com.google.android.gms@252331022@25.23.31 (150400-769856126):3)
06-27 12:30:18.444 21698 21783 D StrictMode: 	at android.content.ContentProvider.query(ContentProvider.java:1407)
06-27 12:30:18.444 21698 21783 D StrictMode: 	at uhk.superQuery(:com.google.android.gms@252331022@25.23.31 (150400-769856126):2)
06-27 12:30:18.444 21698 21783 D StrictMode: 	at com.google.android.chimera.ContentProvider.query(:com.google.android.gms@252331022@25.23.31 (150400-769856126):2)
06-27 12:30:18.444 21698 21783 D StrictMode: 	at arwi.query(:com.google.android.gms@252331022@25.23.31 (150400-769856126):13)
06-27 12:30:18.444 21698 21783 D StrictMode: 	at android.content.ContentProvider.query(ContentProvider.java:1503)
06-27 12:30:18.444 21698 21783 D StrictMode: 	at uhk.superQuery(:com.google.android.gms@252331022@25.23.31 (150400-769856126):1)
06-27 12:30:18.444 21698 21783 D StrictMode: 	at com.google.android.chimera.ContentProvider.query(:com.google.android.gms@252331022@25.23.31 (150400-769856126):1)
06-27 12:30:18.444 21698 21783 D StrictMode: 	at uhk.query(:com.google.android.gms@252331022@25.23.31 (150400-769856126):2)
06-27 12:30:18.444 21698 21783 D StrictMode: 	at android.content.ContentProvider$Transport.query(ContentProvider.java:283)
06-27 12:30:18.444 21698 21783 D StrictMode: 	at android.content.ContentProviderNative.onTransact(ContentProviderNative.java:106)
06-27 12:30:18.444 21698 21783 D StrictMode: 	at android.os.Binder.execTransactInternal(Binder.java:1157)
06-27 12:30:18.444 21698 21783 D StrictMode: 	at android.os.Binder.execTransact(Binder.java:1126)
06-27 12:30:18.444 21698 21783 D StrictMode: # via Binder call with stack:
06-27 12:30:18.444 21698 21783 D StrictMode: 	at android.os.StrictMode.readAndHandleBinderCallViolations(StrictMode.java:2358)
06-27 12:30:18.444 21698 21783 D StrictMode: 	at android.os.Parcel.readExceptionCode(Parcel.java:2321)
06-27 12:30:18.444 21698 21783 D StrictMode: 	at android.database.DatabaseUtils.readExceptionFromParcel(DatabaseUtils.java:139)
06-27 12:30:18.444 21698 21783 D StrictMode: 	at android.content.ContentProviderProxy.query(ContentProviderNative.java:472)
06-27 12:30:18.444 21698 21783 D StrictMode: 	at android.content.ContentProviderClient.query(ContentProviderClient.java:197)
06-27 12:30:18.444 21698 21783 D StrictMode: 	at android.content.ContentProviderClient.query(ContentProviderClient.java:179)
06-27 12:30:18.444 21698 21783 D StrictMode: 	at boo.a(PG:282)
06-27 12:30:18.444 21698 21783 D StrictMode: 	at bme.i(PG:11)
06-27 12:30:18.444 21698 21783 D StrictMode: 	at byk.a(PG:13)
06-27 12:30:18.444 21698 21783 D StrictMode: 	at bej.run(PG:44)
06-27 12:30:18.444 21698 21783 D StrictMode: 	at android.os.Handler.handleCallback(Handler.java:938)
06-27 12:30:18.444 21698 21783 D StrictMode: 	at android.os.Handler.dispatchMessage(Handler.java:99)
06-27 12:30:18.444 21698 21783 D StrictMode: 	at android.os.Looper.loop(Looper.java:236)
06-27 12:30:18.444 21698 21783 D StrictMode: 	at rol.run(PG:13)
06-27 12:30:18.444 21698 21783 D StrictMode: 	at pyx.run(PG:233)
06-27 12:30:18.444 21698 21783 D StrictMode: 	at java.lang.Thread.run(Thread.java:923)
06-27 12:30:18.444 21698 21783 D StrictMode: 	at rps.run(PG:61)
06-27 12:30:18.445 21698 21783 D StrictMode: StrictMode policy violation; ~duration=147 ms: android.os.strictmode.DiskReadViolation
06-27 12:30:18.445 21698 21783 D StrictMode: 	at android.os.StrictMode$AndroidBlockGuardPolicy.onReadFromDisk(StrictMode.java:1596)
06-27 12:30:18.445 21698 21783 D StrictMode: 	at libcore.io.BlockGuardOs.stat(BlockGuardOs.java:389)
06-27 12:30:18.445 21698 21783 D StrictMode: 	at libcore.io.ForwardingOs.stat(ForwardingOs.java:221)
06-27 12:30:18.445 21698 21783 D StrictMode: 	at android.app.ActivityThread$AndroidOs.stat(ActivityThread.java:7948)
06-27 12:30:18.445 21698 21783 D StrictMode: 	at java.io.UnixFileSystem.getLength(UnixFileSystem.java:298)
06-27 12:30:18.445 21698 21783 D StrictMode: 	at java.io.File.length(File.java:970)
06-27 12:30:18.445 21698 21783 D StrictMode: 	at bmej.n(:com.google.android.gms@252331022@25.23.31 (150400-769856126):23)
06-27 12:30:18.445 21698 21783 D StrictMode: 	at bmfg.f(:com.google.android.gms@252331022@25.23.31 (150400-769856126):263)
06-27 12:30:18.445 21698 21783 D StrictMode: 	at bmfg.b(:com.google.android.gms@252331022@25.23.31 (150400-769856126):445)
06-27 12:30:18.445 21698 21783 D StrictMode: 	at bmfj.query(:com.google.android.gms@252331022@25.23.31 (150400-769856126):125)
06-27 12:30:18.445 21698 21783 D StrictMode: 	at arwi.query(:com.google.android.gms@252331022@25.23.31 (150400-769856126):3)
06-27 12:30:18.445 21698 21783 D StrictMode: 	at android.content.ContentProvider.query(ContentProvider.java:1407)
06-27 12:30:18.445 21698 21783 D StrictMode: 	at uhk.superQuery(:com.google.android.gms@252331022@25.23.31 (150400-769856126):2)
06-27 12:30:18.445 21698 21783 D StrictMode: 	at com.google.android.chimera.ContentProvider.query(:com.google.android.gms@252331022@25.23.31 (150400-769856126):2)
06-27 12:30:18.445 21698 21783 D StrictMode: 	at arwi.query(:com.google.android.gms@252331022@25.23.31 (150400-769856126):13)
06-27 12:30:18.445 21698 21783 D StrictMode: 	at android.content.ContentProvider.query(ContentProvider.java:1503)
06-27 12:30:18.445 21698 21783 D StrictMode: 	at uhk.superQuery(:com.google.android.gms@252331022@25.23.31 (150400-769856126):1)
06-27 12:30:18.445 21698 21783 D StrictMode: 	at com.google.android.chimera.ContentProvider.query(:com.google.android.gms@252331022@25.23.31 (150400-769856126):1)
06-27 12:30:18.445 21698 21783 D StrictMode: 	at uhk.query(:com.google.android.gms@252331022@25.23.31 (150400-769856126):2)
06-27 12:30:18.445 21698 21783 D StrictMode: 	at android.content.ContentProvider$Transport.query(ContentProvider.java:283)
06-27 12:30:18.445 21698 21783 D StrictMode: 	at android.content.ContentProviderNative.onTransact(ContentProviderNative.java:106)
06-27 12:30:18.445 21698 21783 D StrictMode: 	at android.os.Binder.execTransactInternal(Binder.java:1157)
06-27 12:30:18.445 21698 21783 D StrictMode: 	at android.os.Binder.execTransact(Binder.java:1126)
06-27 12:30:18.445 21698 21783 D StrictMode: # via Binder call with stack:
06-27 12:30:18.445 21698 21783 D StrictMode: 	at android.os.StrictMode.readAndHandleBinderCallViolations(StrictMode.java:2358)
06-27 12:30:18.445 21698 21783 D StrictMode: 	at android.os.Parcel.readExceptionCode(Parcel.java:2321)
06-27 12:30:18.445 21698 21783 D StrictMode: 	at android.database.DatabaseUtils.readExceptionFromParcel(DatabaseUtils.java:139)
06-27 12:30:18.445 21698 21783 D StrictMode: 	at android.content.ContentProviderProxy.query(ContentProviderNative.java:472)
06-27 12:30:18.445 21698 21783 D StrictMode: 	at android.content.ContentProviderClient.query(ContentProviderClient.java:197)
06-27 12:30:18.445 21698 21783 D StrictMode: 	at android.content.ContentProviderClient.query(ContentProviderClient.java:179)
06-27 12:30:18.445 21698 21783 D StrictMode: 	at boo.a(PG:282)
06-27 12:30:18.445 21698 21783 D StrictMode: 	at bme.i(PG:11)
06-27 12:30:18.445 21698 21783 D StrictMode: 	at byk.a(PG:13)
06-27 12:30:18.445 21698 21783 D StrictMode: 	at bej.run(PG:44)
06-27 12:30:18.445 21698 21783 D StrictMode: 	at android.os.Handler.handleCallback(Handler.java:938)
06-27 12:30:18.445 21698 21783 D StrictMode: 	at android.os.Handler.dispatchMessage(Handler.java:99)
06-27 12:30:18.445 21698 21783 D StrictMode: 	at android.os.Looper.loop(Looper.java:236)
06-27 12:30:18.445 21698 21783 D StrictMode: 	at rol.run(PG:13)
06-27 12:30:18.445 21698 21783 D StrictMode: 	at pyx.run(PG:233)
06-27 12:30:18.445 21698 21783 D StrictMode: 	at java.lang.Thread.run(Thread.java:923)
06-27 12:30:18.445 21698 21783 D StrictMode: 	at rps.run(PG:61)
06-27 12:30:18.447 21698 21783 D StrictMode: StrictMode policy violation; ~duration=123 ms: android.os.strictmode.DiskReadViolation
06-27 12:30:18.447 21698 21783 D StrictMode: 	at android.os.StrictMode$AndroidBlockGuardPolicy.onReadFromDisk(StrictMode.java:1596)
06-27 12:30:18.447 21698 21783 D StrictMode: 	at sun.nio.ch.FileDispatcherImpl.size(FileDispatcherImpl.java:106)
06-27 12:30:18.447 21698 21783 D StrictMode: 	at sun.nio.ch.FileChannelImpl.size(FileChannelImpl.java:359)
06-27 12:30:18.447 21698 21783 D StrictMode: 	at android.graphics.fonts.Font$Builder.<init>(Font.java:139)
06-27 12:30:18.447 21698 21783 D StrictMode: 	at android.graphics.fonts.Font$Builder.<init>(Font.java:125)
06-27 12:30:18.447 21698 21783 D StrictMode: 	at bnt.h(PG:21)
06-27 12:30:18.447 21698 21783 D StrictMode: 	at bnt.a(PG:6)
06-27 12:30:18.447 21698 21783 D StrictMode: 	at bnp.a(PG:3)
06-27 12:30:18.447 21698 21783 D StrictMode: 	at bme.e(PG:2)
06-27 12:30:18.447 21698 21783 D StrictMode: 	at byk.a(PG:168)
06-27 12:30:18.447 21698 21783 D StrictMode: 	at bej.run(PG:44)
06-27 12:30:18.447 21698 21783 D StrictMode: 	at android.os.Handler.handleCallback(Handler.java:938)
06-27 12:30:18.447 21698 21783 D StrictMode: 	at android.os.Handler.dispatchMessage(Handler.java:99)
06-27 12:30:18.447 21698 21783 D StrictMode: 	at android.os.Looper.loop(Looper.java:236)
06-27 12:30:18.447 21698 21783 D StrictMode: 	at rol.run(PG:13)
06-27 12:30:18.447 21698 21783 D StrictMode: 	at pyx.run(PG:233)
06-27 12:30:18.447 21698 21783 D StrictMode: 	at java.lang.Thread.run(Thread.java:923)
06-27 12:30:18.447 21698 21783 D StrictMode: 	at rps.run(PG:61)
06-27 12:30:18.448 21698 21783 D StrictMode: StrictMode policy violation; ~duration=122 ms: android.os.strictmode.DiskReadViolation
06-27 12:30:18.448 21698 21783 D StrictMode: 	at android.os.StrictMode$AndroidBlockGuardPolicy.onReadFromDisk(StrictMode.java:1596)
06-27 12:30:18.448 21698 21783 D StrictMode: 	at sun.nio.ch.FileDispatcherImpl.size(FileDispatcherImpl.java:106)
06-27 12:30:18.448 21698 21783 D StrictMode: 	at sun.nio.ch.FileChannelImpl.map(FileChannelImpl.java:945)
06-27 12:30:18.448 21698 21783 D StrictMode: 	at android.graphics.fonts.Font$Builder.<init>(Font.java:140)
06-27 12:30:18.448 21698 21783 D StrictMode: 	at android.graphics.fonts.Font$Builder.<init>(Font.java:125)
06-27 12:30:18.448 21698 21783 D StrictMode: 	at bnt.h(PG:21)
06-27 12:30:18.448 21698 21783 D StrictMode: 	at bnt.a(PG:6)
06-27 12:30:18.448 21698 21783 D StrictMode: 	at bnp.a(PG:3)
06-27 12:30:18.448 21698 21783 D StrictMode: 	at bme.e(PG:2)
06-27 12:30:18.448 21698 21783 D StrictMode: 	at byk.a(PG:168)
06-27 12:30:18.448 21698 21783 D StrictMode: 	at bej.run(PG:44)
06-27 12:30:18.448 21698 21783 D StrictMode: 	at android.os.Handler.handleCallback(Handler.java:938)
06-27 12:30:18.448 21698 21783 D StrictMode: 	at android.os.Handler.dispatchMessage(Handler.java:99)
06-27 12:30:18.448 21698 21783 D StrictMode: 	at android.os.Looper.loop(Looper.java:236)
06-27 12:30:18.448 21698 21783 D StrictMode: 	at rol.run(PG:13)
06-27 12:30:18.448 21698 21783 D StrictMode: 	at pyx.run(PG:233)
06-27 12:30:18.448 21698 21783 D StrictMode: 	at java.lang.Thread.run(Thread.java:923)
06-27 12:30:18.448 21698 21783 D StrictMode: 	at rps.run(PG:61)
06-27 12:30:18.448 21698 21783 D StrictMode: StrictMode policy violation; ~duration=122 ms: android.os.strictmode.DiskReadViolation
06-27 12:30:18.448 21698 21783 D StrictMode: 	at android.os.StrictMode$AndroidBlockGuardPolicy.onReadFromDisk(StrictMode.java:1596)
06-27 12:30:18.448 21698 21783 D StrictMode: 	at sun.nio.ch.FileChannelImpl.map(FileChannelImpl.java:982)
06-27 12:30:18.448 21698 21783 D StrictMode: 	at android.graphics.fonts.Font$Builder.<init>(Font.java:140)
06-27 12:30:18.448 21698 21783 D StrictMode: 	at android.graphics.fonts.Font$Builder.<init>(Font.java:125)
06-27 12:30:18.448 21698 21783 D StrictMode: 	at bnt.h(PG:21)
06-27 12:30:18.448 21698 21783 D StrictMode: 	at bnt.a(PG:6)
06-27 12:30:18.448 21698 21783 D StrictMode: 	at bnp.a(PG:3)
06-27 12:30:18.448 21698 21783 D StrictMode: 	at bme.e(PG:2)
06-27 12:30:18.448 21698 21783 D StrictMode: 	at byk.a(PG:168)
06-27 12:30:18.448 21698 21783 D StrictMode: 	at bej.run(PG:44)
06-27 12:30:18.448 21698 21783 D StrictMode: 	at android.os.Handler.handleCallback(Handler.java:938)
06-27 12:30:18.448 21698 21783 D StrictMode: 	at android.os.Handler.dispatchMessage(Handler.java:99)
06-27 12:30:18.448 21698 21783 D StrictMode: 	at android.os.Looper.loop(Looper.java:236)
06-27 12:30:18.448 21698 21783 D StrictMode: 	at rol.run(PG:13)
06-27 12:30:18.448 21698 21783 D StrictMode: 	at pyx.run(PG:233)
06-27 12:30:18.448 21698 21783 D StrictMode: 	at java.lang.Thread.run(Thread.java:923)
06-27 12:30:18.448 21698 21783 D StrictMode: 	at rps.run(PG:61)
06-27 12:30:18.452   879   879 I ANDR-PERF-LM: LMPerfGlue: perfmodule_submit_request() 132: perfmodule_submit_request()
06-27 12:30:18.452   879   879 I ANDR-PERF-LM: Core: getInstance() 84: LM getInstance
06-27 12:30:18.452   879   879 I ANDR-PERF-LM: WQ: push() 59: LMTriggerQ push() size=0
06-27 12:30:18.452   879   879 I ANDR-PERF-LM: WQ: push() 61: LMTriggerQ push() done size=1
06-27 12:30:18.453   879   984 I ANDR-PERF-LM: WQ: pop() 42: LMTriggerQ pop() done size=0
06-27 12:30:18.453   879   984 I ANDR-PERF-LM: Core: lmMain() 373: Waiting on trigger Queue
06-27 12:30:18.453   879   984 I ANDR-PERF-LM: WQ: pop() 31: LMTriggerQ pop() size=0
06-27 12:30:18.453   885  2734 I vendor.qti.hardware.servicetracker@1.2-service: killProcess is called for pid : 20878
06-27 12:30:18.453 21698 21783 D StrictMode: StrictMode policy violation; ~duration=36 ms: android.os.strictmode.DiskReadViolation
06-27 12:30:18.453 21698 21783 D StrictMode: 	at android.os.StrictMode$AndroidBlockGuardPolicy.onReadFromDisk(StrictMode.java:1596)
06-27 12:30:18.453 21698 21783 D StrictMode: 	at libcore.io.BlockGuardOs.access(BlockGuardOs.java:71)
06-27 12:30:18.453 21698 21783 D StrictMode: 	at libcore.io.ForwardingOs.access(ForwardingOs.java:72)
06-27 12:30:18.453 21698 21783 D StrictMode: 	at android.app.ActivityThread$AndroidOs.access(ActivityThread.java:7925)
06-27 12:30:18.453 21698 21783 D StrictMode: 	at java.io.UnixFileSystem.checkAccess(UnixFileSystem.java:281)
06-27 12:30:18.453 21698 21783 D StrictMode: 	at java.io.File.exists(File.java:815)
06-27 12:30:18.453 21698 21783 D StrictMode: 	at miui.util.font.FontSettings.checkUsingThemeFont(FontSettings.java:102)
06-27 12:30:18.453 21698 21783 D StrictMode: 	at miui.util.font.FontSettings.isUsingThemeFont(FontSettings.java:88)
06-27 12:30:18.453 21698 21783 D StrictMode: 	at miui.util.TypefaceHelper.getFontPath(TypefaceHelper.java:255)
06-27 12:30:18.453 21698 21783 D StrictMode: 	at miui.util.TypefaceHelper.getMiuiFontFamily(TypefaceHelper.java:194)
06-27 12:30:18.453 21698 21783 D StrictMode: 	at miui.util.TypefaceHelper.createFallbackFontWithMiuiFamily(TypefaceHelper.java:141)
06-27 12:30:18.453 21698 21783 D StrictMode: 	at android.graphics.Typeface$CustomFallbackBuilder.build(Typeface.java:835)
06-27 12:30:18.453 21698 21783 D StrictMode: 	at a$$ExternalSyntheticApiModelOutline3.m(D8$$SyntheticClass:18)
06-27 12:30:18.453 21698 21783 D StrictMode: 	at bnt.a(PG:30)
06-27 12:30:18.453 21698 21783 D StrictMode: 	at bnp.a(PG:3)
06-27 12:30:18.453 21698 21783 D StrictMode: 	at bme.e(PG:2)
06-27 12:30:18.453 21698 21783 D StrictMode: 	at byk.a(PG:168)
06-27 12:30:18.453 21698 21783 D StrictMode: 	at bej.run(PG:44)
06-27 12:30:18.453 21698 21783 D StrictMode: 	at android.os.Handler.handleCallback(Handler.java:938)
06-27 12:30:18.453 21698 21783 D StrictMode: 	at android.os.Handler.dispatchMessage(Handler.java:99)
06-27 12:30:18.453 21698 21783 D StrictMode: 	at android.os.Looper.loop(Looper.java:236)
06-27 12:30:18.453 21698 21783 D StrictMode: 	at rol.run(PG:13)
06-27 12:30:18.453 21698 21783 D StrictMode: 	at pyx.run(PG:233)
06-27 12:30:18.453 21698 21783 D StrictMode: 	at java.lang.Thread.run(Thread.java:923)
06-27 12:30:18.453 21698 21783 D StrictMode: 	at rps.run(PG:61)
06-27 12:30:18.453 21698 21783 D StrictMode: StrictMode policy violation; ~duration=16 ms: android.os.strictmode.DiskReadViolation
06-27 12:30:18.453 21698 21783 D StrictMode: 	at android.os.StrictMode$AndroidBlockGuardPolicy.onReadFromDisk(StrictMode.java:1596)
06-27 12:30:18.453 21698 21783 D StrictMode: 	at sun.nio.ch.FileDispatcherImpl.size(FileDispatcherImpl.java:106)
06-27 12:30:18.453 21698 21783 D StrictMode: 	at sun.nio.ch.FileChannelImpl.size(FileChannelImpl.java:359)
06-27 12:30:18.453 21698 21783 D StrictMode: 	at bmk.e(PG:28)
06-27 12:30:18.453 21698 21783 D StrictMode: 	at byk.a(PG:174)
06-27 12:30:18.453 21698 21783 D StrictMode: 	at bej.run(PG:44)
06-27 12:30:18.453 21698 21783 D StrictMode: 	at android.os.Handler.handleCallback(Handler.java:938)
06-27 12:30:18.453 21698 21783 D StrictMode: 	at android.os.Handler.dispatchMessage(Handler.java:99)
06-27 12:30:18.453 21698 21783 D StrictMode: 	at android.os.Looper.loop(Looper.java:236)
06-27 12:30:18.453 21698 21783 D StrictMode: 	at rol.run(PG:13)
06-27 12:30:18.453 21698 21783 D StrictMode: 	at pyx.run(PG:233)
06-27 12:30:18.453 21698 21783 D StrictMode: 	at java.lang.Thread.run(Thread.java:923)
06-27 12:30:18.453 21698 21783 D StrictMode: 	at rps.run(PG:61)
06-27 12:30:18.453 21698 21783 D StrictMode: StrictMode policy violation; ~duration=16 ms: android.os.strictmode.DiskReadViolation
06-27 12:30:18.453 21698 21783 D StrictMode: 	at android.os.StrictMode$AndroidBlockGuardPolicy.onReadFromDisk(StrictMode.java:1596)
06-27 12:30:18.453 21698 21783 D StrictMode: 	at sun.nio.ch.FileDispatcherImpl.size(FileDispatcherImpl.java:106)
06-27 12:30:18.453 21698 21783 D StrictMode: 	at sun.nio.ch.FileChannelImpl.map(FileChannelImpl.java:945)
06-27 12:30:18.453 21698 21783 D StrictMode: 	at bmk.e(PG:36)
06-27 12:30:18.453 21698 21783 D StrictMode: 	at byk.a(PG:174)
06-27 12:30:18.453 21698 21783 D StrictMode: 	at bej.run(PG:44)
06-27 12:30:18.453 21698 21783 D StrictMode: 	at android.os.Handler.handleCallback(Handler.java:938)
06-27 12:30:18.453 21698 21783 D StrictMode: 	at android.os.Handler.dispatchMessage(Handler.java:99)
06-27 12:30:18.453 21698 21783 D StrictMode: 	at android.os.Looper.loop(Looper.java:236)
06-27 12:30:18.453 21698 21783 D StrictMode: 	at rol.run(PG:13)
06-27 12:30:18.453 21698 21783 D StrictMode: 	at pyx.run(PG:233)
06-27 12:30:18.453 21698 21783 D StrictMode: 	at java.lang.Thread.run(Thread.java:923)
06-27 12:30:18.453 21698 21783 D StrictMode: 	at rps.run(PG:61)
06-27 12:30:18.454 21698 21783 D StrictMode: StrictMode policy violation; ~duration=16 ms: android.os.strictmode.DiskReadViolation
06-27 12:30:18.454 21698 21783 D StrictMode: 	at android.os.StrictMode$AndroidBlockGuardPolicy.onReadFromDisk(StrictMode.java:1596)
06-27 12:30:18.454 21698 21783 D StrictMode: 	at sun.nio.ch.FileChannelImpl.map(FileChannelImpl.java:982)
06-27 12:30:18.454 21698 21783 D StrictMode: 	at bmk.e(PG:36)
06-27 12:30:18.454 21698 21783 D StrictMode: 	at byk.a(PG:174)
06-27 12:30:18.454 21698 21783 D StrictMode: 	at bej.run(PG:44)
06-27 12:30:18.454 21698 21783 D StrictMode: 	at android.os.Handler.handleCallback(Handler.java:938)
06-27 12:30:18.454 21698 21783 D StrictMode: 	at android.os.Handler.dispatchMessage(Handler.java:99)
06-27 12:30:18.454 21698 21783 D StrictMode: 	at android.os.Looper.loop(Looper.java:236)
06-27 12:30:18.454 21698 21783 D StrictMode: 	at rol.run(PG:13)
06-27 12:30:18.454 21698 21783 D StrictMode: 	at pyx.run(PG:233)
06-27 12:30:18.454 21698 21783 D StrictMode: 	at java.lang.Thread.run(Thread.java:923)
06-27 12:30:18.454 21698 21783 D StrictMode: 	at rps.run(PG:61)
06-27 12:30:18.454  1919  2653 W ANRStateManager: clear state, but process isn't exist. hash=251574206 uid=10108 pid=20878 state=16
06-27 12:30:18.454  8346 11722 I com.xiaomi.xms: oneway function results will be dropped but finished with status UNKNOWN_TRANSACTION and parcel size 0
06-27 12:30:18.456  1919  2385 I MiuiNetworkPolicy: removeUidState uid = 10108
06-27 12:30:18.457   885  2734 I vendor.qti.hardware.servicetracker@1.2-service: unbindService is called for service : com.google.android.youtube/androidx.work.impl.background.systemjob.SystemJobService and for client system
06-27 12:30:18.457   885  2734 I vendor.qti.hardware.servicetracker@1.2-service: size of service connections for service: com.google.android.youtube/androidx.work.impl.background.systemjob.SystemJobServiceafter removal is 0
06-27 12:30:18.457   885  2734 I vendor.qti.hardware.servicetracker@1.2-service: size of client connections for client: systemafter removal is 23
06-27 12:30:18.457   885  2734 I vendor.qti.hardware.servicetracker@1.2-service: destroyService is called for service : com.google.android.youtube/androidx.work.impl.background.systemjob.SystemJobService
06-27 12:30:18.457  1919  2385 I MiuiNetworkPolicy: updateUidState uid = 10203, uidState = 10
06-27 12:30:18.459  1919  2385 I MiuiNetworkPolicy: updateUidState uid = 10203, uidState = 19
06-27 12:30:18.459 21879 21946 W fb4a.AppInitScheduler|Run:   Finished GraphServiceEagerInit in 42ms
06-27 12:30:18.459 21879 21946 W fb4a.AppInitScheduler|Schedule:   Executing 187:InitPushabilityCheck
06-27 12:30:18.459 21879 21945 W fb4a.AppInitScheduler|Run: Running InitPushabilityCheck
06-27 12:30:18.460 21879 21946 W fb4a.AppInitScheduler|Run: Running ZeroLibraryInitializer
06-27 12:30:18.460 21879 21946 W fb4a.AppInitScheduler|Run:   Finished ZeroLibraryInitializer in 1ms
06-27 12:30:18.460 21879 21946 W fb4a.AppInitScheduler|Schedule:   Executing 189:InitReliableMedia
06-27 12:30:18.460 21879 21946 W fb4a.AppInitScheduler|Run: Running InitReliableMedia
06-27 12:30:18.463 21879 21946 W fb4a.AppInitScheduler|Run:   Finished InitReliableMedia in 2ms
06-27 12:30:18.463 21879 21946 W fb4a.AppInitScheduler|Run: Running InitTrafficNTS
06-27 12:30:18.470 21879 21945 W fb4a.AppInitScheduler|Run:   Finished InitPushabilityCheck in 11ms
06-27 12:30:18.470 21879 21945 W fb4a.AppInitScheduler|Run: Running MobileConfigLaterInit
06-27 12:30:18.471 21879 21945 W fb4a.AppInitScheduler|Run:   Finished MobileConfigLaterInit in 0ms
06-27 12:30:18.471 21879 21945 W fb4a.AppInitScheduler|Run: Running MobileConfigSessionlessLaterInit
06-27 12:30:18.471 21879 21945 W fb4a.AppInitScheduler|Run:   Finished MobileConfigSessionlessLaterInit in 0ms
06-27 12:30:18.471 21879 21945 W fb4a.AppInitScheduler|Run: Running PreloadFeedRequest
06-27 12:30:18.471 21879 21945 W fb4a.AppInitScheduler|Run:   Finished PreloadFeedRequest in 0ms
06-27 12:30:18.471 21879 21945 W fb4a.AppInitScheduler|Schedule:   Executing 296:PrefetchFeedNetwork
06-27 12:30:18.471 21879 21945 W fb4a.AppInitScheduler|Run: Running PrefetchFeedNetwork
06-27 12:30:18.471 21879 21945 W fb4a.AppInitScheduler|Run:   Finished PrefetchFeedNetwork in 0ms
06-27 12:30:18.471 21879 21945 W fb4a.AppInitScheduler|Run: Running PreloadClashManager
06-27 12:30:18.473 21879 21945 W fb4a.AppInitScheduler|Run:   Finished PreloadClashManager in 2ms
06-27 12:30:18.474 21879 21945 W fb4a.AppInitScheduler|Run: Running PreloadFeedConfig
06-27 12:30:18.481 21879 21945 W fb4a.AppInitScheduler|Run:   Finished PreloadFeedConfig in 8ms
06-27 12:30:18.481 21879 21945 W fb4a.AppInitScheduler|Run: Running PreloadFeedFetchMetadata
06-27 12:30:18.481 21879 21945 W fb4a.AppInitScheduler|Run:   Finished PreloadFeedFetchMetadata in 0ms
06-27 12:30:18.481 21879 21945 W fb4a.AppInitScheduler|Run: Running PreloadFreshFeedRanker
06-27 12:30:18.484 22007 22101 I cr_LibraryLoader: Loading monochrome_64 from within /data/app/~~JK35FJ-tYwDoO3g640oTSQ==/com.android.chrome-rm8Y9P5uh_SaNzWKp-osWA==/base.apk
06-27 12:30:18.487 22007 22101 W linker  : Warning: "/data/app/~~JK35FJ-tYwDoO3g640oTSQ==/com.android.chrome-rm8Y9P5uh_SaNzWKp-osWA==/base.apk!/lib/arm64-v8a/libchromium_android_linker.so" unused DT entry: unknown processor-specific (type 0x70000001 arg 0x0) (ignoring)
06-27 12:30:18.488 22007 22101 I cr_Linker: loadLibraryImplLocked: monochrome_64, relroMode=1
06-27 12:30:18.489   879   879 I ANDR-PERF-LM: LMPerfGlue: perfmodule_submit_request() 132: perfmodule_submit_request()
06-27 12:30:18.489   879   879 I ANDR-PERF-LM: Core: getInstance() 84: LM getInstance
06-27 12:30:18.489   879   879 D ANDR-PERF-LM: Feature: lookup() 101: Feature Name = AppClassifier, total featuers = 3, featureFound = 1
06-27 12:30:18.489   879   879 D ANDR-PERF-LM: Feature: getData() 112: data.data = 3
06-27 12:30:18.489   879   879 I ANDR-PERF-LM: FeedbackAPI: getFeedback() 60: app:com.android.chrome feature:AppClassifier feedback = 3
06-27 12:30:18.493   698   698 I Zygote  : Process 20878 exited due to signal 9 (Killed)
06-27 12:30:18.496  1919  2134 I libprocessgroup: Successfully killed process cgroup uid 10108 pid 20878 in 182ms
06-27 12:30:18.496  1919  2134 I Process : PerfMonitor : current process killing process group. PID: 13861
06-27 12:30:18.497  3125 17403 I FontLog : (REDACTED) Received query %s, URI %s
06-27 12:30:18.497  3125 17403 I FontLog : (REDACTED) Query [%s] resolved to %s
06-27 12:30:18.498  3125 17403 I FontLog : (REDACTED) Font PFD returned from cache for %s
06-27 12:30:18.498  3125 17403 I FontLog : (REDACTED) Fetch %s end status %s
06-27 12:30:18.501   698   698 I Zygote  : Process 13861 exited due to signal 9 (Killed)
06-27 12:30:18.501   879   879 I ANDR-PERF-LM: LMPerfGlue: perfmodule_submit_request() 132: perfmodule_submit_request()
06-27 12:30:18.501   879   879 I ANDR-PERF-LM: Core: getInstance() 84: LM getInstance
06-27 12:30:18.501   879   879 I ANDR-PERF-LM: WQ: push() 59: LMTriggerQ push() size=0
06-27 12:30:18.501   879   879 I ANDR-PERF-LM: WQ: push() 61: LMTriggerQ push() done size=1
06-27 12:30:18.502  1919  2134 I libprocessgroup: Successfully killed process cgroup uid 10159 pid 13861 in 5ms
06-27 12:30:18.502 21879 21944 W fb4a.AppInitScheduler|Run:   Finished MetaCasper in 105ms
06-27 12:30:18.502 21879 21944 W fb4a.AppInitScheduler|Run: Running PreloadInlineComposerProfileImage
06-27 12:30:18.502   879   984 I ANDR-PERF-LM: WQ: pop() 42: LMTriggerQ pop() done size=0
06-27 12:30:18.502   879   984 I ANDR-PERF-LM: Core: lmMain() 373: Waiting on trigger Queue
06-27 12:30:18.502   879   984 I ANDR-PERF-LM: WQ: pop() 31: LMTriggerQ pop() size=0
06-27 12:30:18.502 21879 21946 W facebook.katan: JNI RegisterNativeMethods: attempt to register 0 native methods for com.facebook.traffic.nts.providers.background.BackgroundV2TaskSchedulerCommonImpl
06-27 12:30:18.502 21879 21946 W facebook.katan: JNI RegisterNativeMethods: attempt to register 0 native methods for com.facebook.traffic.nts.providers.http.HttpProviderAppLayerUpcallsImpl
06-27 12:30:18.504  8346 11722 I com.xiaomi.xms: oneway function results will be dropped but finished with status UNKNOWN_TRANSACTION and parcel size 0
06-27 12:30:18.504  1919  7211 W ANRStateManager: clear state, but process isn't exist. hash=74444383 uid=10159 pid=13861 state=16
06-27 12:30:18.504   885 10843 I vendor.qti.hardware.servicetracker@1.2-service: killProcess is called for pid : 13861
06-27 12:30:18.504   885 10843 I vendor.qti.hardware.servicetracker@1.2-service: process with pid 13861 is client
06-27 12:30:18.504   885 10843 I vendor.qti.hardware.servicetracker@1.2-service: removing client with pid 13861process namecom.miui.securityadd
06-27 12:30:18.505  1919  2385 I MiuiNetworkPolicy: removeUidState uid = 10159
06-27 12:30:18.509 21879 21946 W facebook.katan: JNI RegisterNativeMethods: attempt to register 0 native methods for com.facebook.traffic.nts.providers.startup_signals.StartupSignalsProviderAppLayerUpcallsImpl
06-27 12:30:18.513  3125  4356 I FontLog : (REDACTED) Pulling font file for id = %d, cache size = %d
06-27 12:30:18.515 21879 21943 W fb4a.AppInitScheduler|Run:   Finished ProfiloBridgeFactoryImpl in 183ms
06-27 12:30:18.516 21879 21943 W fb4a.AppInitScheduler|Run: Running PreloadLogDb
06-27 12:30:18.516 22007 22101 W linker  : Warning: "/data/app/~~tRcqxMvhzRGYrfzyN2waAA==/com.google.android.trichromelibrary_715111733-XJph131xYtp6dpoZrW6vSg==/base.apk!/lib/arm64-v8a/libmonochrome_64.so" unused DT entry: unknown processor-specific (type 0x70000001 arg 0x0) (ignoring)
06-27 12:30:18.524 21879 21943 W fb4a.AppInitScheduler|Run:   Finished PreloadLogDb in 9ms
06-27 12:30:18.524 21879 21943 W fb4a.AppInitScheduler|Run: Running PreloadReactions
06-27 12:30:18.526 22072 22072 I Perf    : Connecting to perf service.
06-27 12:30:18.533  2671  2671 D KeyguardUpdateMonitor: received broadcast android.intent.action.BATTERY_CHANGED
06-27 12:30:18.533  2671  2671 D BatteryController: onReceive: Intent = Intent { act=android.intent.action.BATTERY_CHANGED flg=0x60000010 (has extras) } action = android.intent.action.BATTERY_CHANGED
06-27 12:30:18.535  9395  9395 I PowerSaveService: onReceive: android.intent.action.BATTERY_CHANGED
06-27 12:30:18.536  2841  2841 D QtiCarrierConfigHelper: WARNING, no carrier configs on phone Id: 0
06-27 12:30:18.536  9395  9395 I PowerNoticeUI: handleBatteryChanged oldPlugType 2 mPlugType 2 oldBatteryLevel 33 mBatteryLevel 33 temperature 265
06-27 12:30:18.536  9395  9395 I ChargerBatteryIntelligenceReceiver: onBatteryChanged temperatureï¼š26,plugType:2
06-27 12:30:18.536  9395  9395 I PowerFeatureUtils: getVendorName:qcom
06-27 12:30:18.537  9739  9968 D PowerCheckerService: onBatteryChanged, mBatteryLevel = 33, status = 2, level = 33, plug = 2, scale = 100
06-27 12:30:18.538  2881  2881 D DeviceStatisticsService: chargerType=2 batteryLevel=33 totalBatteryCapacity=2261000
06-27 12:30:18.541 21879 21946 W fb4a.AppInitScheduler|Run:   Finished InitTrafficNTS in 78ms
06-27 12:30:18.541 21879 21946 W fb4a.AppInitScheduler|Run: Running PreloadStoriesTrayFetchController
06-27 12:30:18.549  1919  7211 I ActivityManager: Killing 18153:com.google.android.webview:sandboxed_process0:org.chromium.content.app.SandboxedProcessService0:0/u0a287i3 (adj 975): empty #17
06-27 12:30:18.549  1919  7211 I Process : PerfMonitor : current process sending signal quiet. PID: 18153 SIG: 9
06-27 12:30:18.549  1919  2134 I Process : PerfMonitor : current process killing process group. PID: 18153
06-27 12:30:18.549  1919  2134 I libprocessgroup: Successfully killed process cgroup uid 99003 pid 18153 in 0ms
06-27 12:30:18.549   879   879 I ANDR-PERF-LM: LMPerfGlue: perfmodule_submit_request() 132: perfmodule_submit_request()
06-27 12:30:18.549   879   879 I ANDR-PERF-LM: Core: getInstance() 84: LM getInstance
06-27 12:30:18.549   879   879 I ANDR-PERF-LM: WQ: push() 59: LMTriggerQ push() size=0
06-27 12:30:18.549   879   879 I ANDR-PERF-LM: WQ: push() 61: LMTriggerQ push() done size=1
06-27 12:30:18.550   879   984 I ANDR-PERF-LM: WQ: pop() 42: LMTriggerQ pop() done size=0
06-27 12:30:18.550   879   984 I ANDR-PERF-LM: Core: lmMain() 373: Waiting on trigger Queue
06-27 12:30:18.550   879   984 I ANDR-PERF-LM: WQ: pop() 31: LMTriggerQ pop() size=0
06-27 12:30:18.551  1919  2385 I MiuiNetworkPolicy: updateUidState uid = 10192, uidState = 19
06-27 12:30:18.566  3125  4356 I FontLog : (REDACTED) Received query %s, URI %s
06-27 12:30:18.566  3125  4356 I FontLog : (REDACTED) Query [%s] resolved to %s
06-27 12:30:18.567  3125  4356 I FontLog : (REDACTED) Font PFD returned from cache for %s
06-27 12:30:18.567  3125  4356 I FontLog : (REDACTED) Fetch %s end status %s
06-27 12:30:18.567 22072 22072 D NetworkSecurityConfig: No Network Security Config specified, using platform default
06-27 12:30:18.567 22072 22072 D NetworkSecurityConfig: No Network Security Config specified, using platform default
06-27 12:30:18.567 21879 21962 W fb4a.lacrima: FixedLengthFiles.init() called twice.
06-27 12:30:18.567 21879 21962 W fb4a.lacrima: FixedLengthFiles.init() called twice.
06-27 12:30:18.572 21879 21944 W fb4a.AppInitScheduler|Run:   Finished PreloadInlineComposerProfileImage in 71ms
06-27 12:30:18.573 21879 21944 W fb4a.AppInitScheduler|Run: Running PreloadStoriesTrayQuery
06-27 12:30:18.579   879   879 I ANDR-PERF-LM: LMPerfGlue: perfmodule_submit_request() 132: perfmodule_submit_request()
06-27 12:30:18.579   879   879 I ANDR-PERF-LM: Core: getInstance() 84: LM getInstance
06-27 12:30:18.579   879   879 I ANDR-PERF-LM: WQ: push() 59: LMTriggerQ push() size=0
06-27 12:30:18.579   879   879 I ANDR-PERF-LM: WQ: push() 61: LMTriggerQ push() done size=1
06-27 12:30:18.579  2764  2764 I Zygote  : Process 18153 exited due to signal 9 (Killed)
06-27 12:30:18.580   879   984 I ANDR-PERF-LM: WQ: pop() 42: LMTriggerQ pop() done size=0
06-27 12:30:18.580   879   984 I ANDR-PERF-LM: Core: lmMain() 373: Waiting on trigger Queue
06-27 12:30:18.580   879   984 I ANDR-PERF-LM: WQ: pop() 31: LMTriggerQ pop() size=0
06-27 12:30:18.580   885 10843 I vendor.qti.hardware.servicetracker@1.2-service: killProcess is called for pid : 18153
06-27 12:30:18.580   885 10843 I vendor.qti.hardware.servicetracker@1.2-service: process with pid 18153 is service
06-27 12:30:18.580  1919  7211 W ActivityManager: Scheduling restart of crashed service com.truecaller/org.chromium.content.app.SandboxedProcessService0:0 in 1000ms for connection
06-27 12:30:18.581 17837 18132 W cr_ChildProcessConn: onServiceDisconnected (crash or killed by oom): pid=0 bindings:WV  
06-27 12:30:18.581  8346 11722 I com.xiaomi.xms: oneway function results will be dropped but finished with status UNKNOWN_TRANSACTION and parcel size 0
06-27 12:30:18.582  1919  7211 W ANRStateManager: clear state, but process isn't exist. hash=165807874 uid=99003 pid=18153 state=16
06-27 12:30:18.582 22007 22101 I cr_LibraryLoader: Successfully loaded native library
06-27 12:30:18.585  3125  4356 I FontLog : (REDACTED) Pulling font file for id = %d, cache size = %d
06-27 12:30:18.585 22007 22101 I cr_CachingUmaRecorder: Flushed 14 samples from 13 histograms, 0 samples were dropped.
06-27 12:30:18.586  1919  2385 I MiuiNetworkPolicy: removeUidState uid = 99003
06-27 12:30:18.586   885 10843 I vendor.qti.hardware.servicetracker@1.2-service: unbindService is called for service : com.truecaller/org.chromium.content.app.SandboxedProcessService0:0 and for client com.truecaller
06-27 12:30:18.586   885 10843 I vendor.qti.hardware.servicetracker@1.2-service: size of client connections for client: com.truecallerafter removal is 1
06-27 12:30:18.587   885 10843 I vendor.qti.hardware.servicetracker@1.2-service: unbindService is called for service : com.truecaller/org.chromium.content.app.SandboxedProcessService0:0 and for client com.truecaller
