06-27 12:30:19.397  1919  2122 I ActivityManager: Start proc 22255:com.android.chrome:sandboxed_process0:org.chromium.content.app.SandboxedProcessService0:0/u0ai0 for  {com.android.chrome/org.chromium.content.app.SandboxedProcessService0:0} caller=com.android.chrome
06-27 12:30:19.397  1919  2122 W ActivityManager: Slow operation: 198ms so far, now at startProcess: starting to update pids map
06-27 12:30:19.397 22255 22255 W Zygote  : Unable to open libbeluga.so: dlopen failed: library "libbeluga.so" not found.
06-27 12:30:19.397  1919  2122 W ActivityManager: Slow operation: 199ms so far, now at startProcess: done updating pids map
06-27 12:30:19.398 22007 22253 W CameraManagerGlobal: [soar.cts] ignore the status update of camera: 100
06-27 12:30:19.398 22007 22253 W CameraManagerGlobal: [soar.cts] ignore the status update of camera: 101
06-27 12:30:19.398 22007 22253 W CameraManagerGlobal: [soar.cts] ignore the status update of camera: 120
06-27 12:30:19.398 22007 22253 W CameraManagerGlobal: [soar.cts] ignore the status update of camera: 20
06-27 12:30:19.398 22007 22253 W CameraManagerGlobal: [soar.cts] ignore the status update of camera: 21
06-27 12:30:19.398 22007 22253 W CameraManagerGlobal: [soar.cts] ignore the status update of camera: 60
06-27 12:30:19.398 22007 22253 W CameraManagerGlobal: [soar.cts] ignore the status update of camera: 61
06-27 12:30:19.398 22007 22253 W CameraManagerGlobal: [soar.cts] ignore the status update of camera: 62
06-27 12:30:19.398 22007 22253 W CameraManagerGlobal: [soar.cts] ignore the status update of camera: 63
06-27 12:30:19.398 22255 22255 E libc    : SetHeapTaggingLevel: re-enabling tagging after it was disabled is not supported
06-27 12:30:19.399 22007 22026 W CameraManagerGlobal: ignore the torch status update of camera: 100
06-27 12:30:19.399 22007 22026 W CameraManagerGlobal: ignore the torch status update of camera: 120
06-27 12:30:19.399 22007 22029 W CameraManagerGlobal: ignore the torch status update of camera: 20
06-27 12:30:19.399 22007 22029 W CameraManagerGlobal: ignore the torch status update of camera: 21
06-27 12:30:19.399 22007 22029 W CameraManagerGlobal: ignore the torch status update of camera: 60
06-27 12:30:19.399 22007 22029 W CameraManagerGlobal: ignore the torch status update of camera: 61
06-27 12:30:19.400 22007 22029 W CameraManagerGlobal: ignore the torch status update of camera: 62
06-27 12:30:19.400 22007 22029 W CameraManagerGlobal: ignore the torch status update of camera: 63
06-27 12:30:19.403 22007 22177 W .android.chrom: Found duplicate classes, falling back to extracting from APK : /data/app/~~6lqp1g1euv33FXgLN4m2AQ==/com.google.android.gms-157QwNoNPoMrpSh2_FrQYQ==/split_GoogleCertificates_installtime.apk
06-27 12:30:19.403 22007 22177 W .android.chrom: NOTE: This wastes RAM and hurts startup performance.
06-27 12:30:19.403 22007 22177 W .android.chrom: Found duplicated class when checking oat files: 'Landroid/support/annotation/Keep;' in /data/app/~~JK35FJ-tYwDoO3g640oTSQ==/com.android.chrome-rm8Y9P5uh_SaNzWKp-osWA==/base.apk and /data/app/~~6lqp1g1euv33FXgLN4m2AQ==/com.google.android.gms-157QwNoNPoMrpSh2_FrQYQ==/split_GoogleCertificates_installtime.apk
06-27 12:30:19.406 22255 22255 E ocessService0:: Not starting debugger since process cannot load the jdwp agent.
06-27 12:30:19.419  1919  7098 D CompatibilityInfo: mCompatibilityFlags - 0
06-27 12:30:19.419  1919  7098 D CompatibilityInfo: applicationDensity - 440
06-27 12:30:19.419  1919  7098 D CompatibilityInfo: applicationScale - 1.0
06-27 12:30:19.422  1919  7098 D CompatibilityInfo: mCompatibilityFlags - 0
06-27 12:30:19.422  1919  7098 D CompatibilityInfo: applicationDensity - 440
06-27 12:30:19.422  1919  7098 D CompatibilityInfo: applicationScale - 1.0
06-27 12:30:19.423   885 10843 I vendor.qti.hardware.servicetracker@1.2-service: startService() is called for servicecom.android.chrome/org.chromium.content.app.SandboxedProcessService0:0
06-27 12:30:19.428  1919  2385 I MiuiNetworkPolicy: updateUidState uid = 90000, uidState = 10
06-27 12:30:19.437 22191 22249 I cr_LibraryLoader: Successfully loaded native library
06-27 12:30:19.439 22191 22249 I cr_CachingUmaRecorder: Flushed 4 samples from 4 histograms, 0 samples were dropped.
06-27 12:30:19.460 21879 22062 W fb4a.NoOpQuickPerformanceLogger: markerStart(int markerId, int instanceKey) has not been implemented
06-27 12:30:19.461 21879 22062 W fb4a.NoOpQuickPerformanceLogger: markerAnnotate(int markerId, int instanceKey, String annotationKey, @Nullable String annotationValue) has not been implemented
06-27 12:30:19.463   885 10843 I vendor.qti.hardware.servicetracker@1.2-service: bindService is called for service : com.google.android.gms/.chimera.PersistentBoundBrokerService and for client com.google.android.googlequicksearchbox:search
06-27 12:30:19.463   885 10843 I vendor.qti.hardware.servicetracker@1.2-service: total connections for service : com.google.android.gms/.chimera.PersistentBoundBrokerServiceare :5
06-27 12:30:19.463   885 10843 I vendor.qti.hardware.servicetracker@1.2-service: total connections for client : com.google.android.googlequicksearchbox:searchare :2
06-27 12:30:19.469   885 10843 I vendor.qti.hardware.servicetracker@1.2-service: bindService is called for service : com.google.android.gms/.chimera.GmsBoundBrokerService and for client com.google.android.googlequicksearchbox:search
06-27 12:30:19.469   885 10843 I vendor.qti.hardware.servicetracker@1.2-service: total connections for service : com.google.android.gms/.chimera.GmsBoundBrokerServiceare :6
06-27 12:30:19.469   885 10843 I vendor.qti.hardware.servicetracker@1.2-service: total connections for client : com.google.android.googlequicksearchbox:searchare :3
06-27 12:30:19.483   885 10843 I vendor.qti.hardware.servicetracker@1.2-service: bindService is called for service : com.google.android.gms/.chimera.PersistentDirectBootAwareApiService and for client com.google.android.googlequicksearchbox:search
06-27 12:30:19.483   885 10843 I vendor.qti.hardware.servicetracker@1.2-service: total connections for service : com.google.android.gms/.chimera.PersistentDirectBootAwareApiServiceare :24
06-27 12:30:19.483   885 10843 I vendor.qti.hardware.servicetracker@1.2-service: total connections for client : com.google.android.googlequicksearchbox:searchare :4
06-27 12:30:19.499 21879 22062 W fb4a.3ZZ: creating VideoPerformanceTracking with event bus
06-27 12:30:19.505   885 10843 I vendor.qti.hardware.servicetracker@1.2-service: bindService is called for service : com.facebook.katana/com.facebook.video.heroplayer.service.HeroKeepAliveService and for client com.facebook.katana
06-27 12:30:19.505   885 10843 I vendor.qti.hardware.servicetracker@1.2-service: total connections for service : com.facebook.katana/com.facebook.video.heroplayer.service.HeroKeepAliveServiceare :1
06-27 12:30:19.505   885 10843 I vendor.qti.hardware.servicetracker@1.2-service: total connections for client : com.facebook.katanaare :1
06-27 12:30:19.507  1919  7098 D CompatibilityInfo: mCompatibilityFlags - 0
06-27 12:30:19.508  1919  7098 D CompatibilityInfo: applicationDensity - 440
06-27 12:30:19.508  1919  7098 D CompatibilityInfo: applicationScale - 1.0
06-27 12:30:19.509  1919  2385 I MiuiNetworkPolicy: updateUidState uid = 10246, uidState = 10
06-27 12:30:19.510 21879 21879 W fb4a.AppComponentFactory: Instantiating Service
06-27 12:30:19.510   885 10843 I vendor.qti.hardware.servicetracker@1.2-service: startService() is called for servicecom.facebook.katana/com.facebook.video.heroplayer.service.HeroKeepAliveService
06-27 12:30:19.514  1919  2385 I MiuiNetworkPolicy: updateUidState uid = 10246, uidState = 19
06-27 12:30:19.534 22255 22255 I LoadedApk: No resource references to update in package com.google.android.trichromelibrary
06-27 12:30:19.535 22255 22255 D NetworkSecurityConfig: Using Network Security Config from resource 0_resource_name_obfuscated debugBuild: false
06-27 12:30:19.536 22255 22255 D NetworkSecurityConfig: Using Network Security Config from resource 0_resource_name_obfuscated debugBuild: false
06-27 12:30:19.541 22191 22249 I AdrenoGLES-0: QUALCOMM build                   : 42297a4, I9e9b240040
06-27 12:30:19.541 22191 22249 I AdrenoGLES-0: Build Date                       : 03/19/21
06-27 12:30:19.541 22191 22249 I AdrenoGLES-0: OpenGL ES Shader Compiler Version: EV031.32.02.07
06-27 12:30:19.541 22191 22249 I AdrenoGLES-0: Local Branch                     : 
06-27 12:30:19.541 22191 22249 I AdrenoGLES-0: Remote Branch                    : refs/tags/AU_LINUX_ANDROID_LA.UM.9.1.R1.11.00.00.604.070
06-27 12:30:19.541 22191 22249 I AdrenoGLES-0: Remote Branch                    : NONE
06-27 12:30:19.541 22191 22249 I AdrenoGLES-0: Reconstruct Branch               : NOTHING
06-27 12:30:19.541 22191 22249 I AdrenoGLES-0: Build Config                     : S P 10.0.6 AArch64
06-27 12:30:19.541 22191 22249 I AdrenoGLES-0: Driver Path                      : /vendor/lib64/egl/libGLESv2_adreno.so
06-27 12:30:19.543 21879 22039 W facebook.katan: JNI RegisterNativeMethods: attempt to register 0 native methods for com.facebook.traffic.nts.providers.reachability.ReachabilityV2ProviderAppLayerUpcallsImpl
06-27 12:30:19.547  1919  2478 D SlaveWifiManager: getWifiSlaveConnectionInfo
06-27 12:30:19.549  1919  2478 I chatty  : uid=1000(system) ConnectivitySer identical 79 lines
06-27 12:30:19.549  1919  2478 D SlaveWifiManager: getWifiSlaveConnectionInfo
06-27 12:30:19.549  1919  2402 D UntrustedWifiNetworkFactory: got request NetworkRequest [ TRACK_DEFAULT id=193, [ Capabilities: INTERNET&NOT_RESTRICTED&TRUSTED Uid: 10246 AdministratorUids: [] RequestorUid: 10246 RequestorPackageName: com.facebook.katana] ] with score 60 and providerId 6
06-27 12:30:19.550  1919  2402 D WifiNetworkFactory: got request NetworkRequest [ TRACK_DEFAULT id=193, [ Capabilities: INTERNET&NOT_RESTRICTED&TRUSTED Uid: 10246 AdministratorUids: [] RequestorUid: 10246 RequestorPackageName: com.facebook.katana] ] with score 60 and providerId 6
06-27 12:30:19.550  1919  2402 D WifiSlaveNetworkFactory: got request NetworkRequest [ TRACK_DEFAULT id=193, [ Capabilities: INTERNET&NOT_RESTRICTED&TRUSTED Uid: 10246 AdministratorUids: [] RequestorUid: 10246 RequestorPackageName: com.facebook.katana] ] with score 60 and providerId 6
06-27 12:30:19.550  2914  2914 D PhoneSwitcherNetworkRequstListener: got request NetworkRequest [ TRACK_DEFAULT id=193, [ Capabilities: INTERNET&NOT_RESTRICTED&TRUSTED Uid: 10246 AdministratorUids: [] RequestorUid: 10246 RequestorPackageName: com.facebook.katana] ] with score 60 and providerId 6
06-27 12:30:19.551  1919  2402 D UntrustedWifiNetworkFactory: got request NetworkRequest [ TRACK_DEFAULT id=193, [ Capabilities: INTERNET&NOT_RESTRICTED&TRUSTED Uid: 10246 AdministratorUids: [] RequestorUid: 10246 RequestorPackageName: com.facebook.katana] ] with score 60 and providerId 6
06-27 12:30:19.551  1919  2574 D Ethernet: got request NetworkRequest [ TRACK_DEFAULT id=193, [ Capabilities: INTERNET&NOT_RESTRICTED&TRUSTED Uid: 10246 AdministratorUids: [] RequestorUid: 10246 RequestorPackageName: com.facebook.katana] ] with score 60 and providerId 6
06-27 12:30:19.551  1919  2571 D WIFI_AWARE_FACTORY: got request NetworkRequest [ TRACK_DEFAULT id=193, [ Capabilities: INTERNET&NOT_RESTRICTED&TRUSTED Uid: 10246 AdministratorUids: [] RequestorUid: 10246 RequestorPackageName: com.facebook.katana] ] with score 60 and providerId 6
06-27 12:30:19.551 22191 22249 I AdrenoGLES-0: PFP: 0x016ee190, ME: 0x00000000
06-27 12:30:19.562 22255 22255 I cr_SplitCompatApp: version=137.0.7151.117 (715111733) minSdkVersion=29 isBundle=true processName=com.android.chrome:sandboxed_process0:org.chromium.content.app.SandboxedProcessService0:0 isIsolatedProcess=true
06-27 12:30:19.563  1919  2134 E libprocessgroup: Failed to kill process cgroup uid 10287 pid 17837 in 219ms, 1 processes remain
06-27 12:30:19.599 22007 22007 I cr_EnterpriseInfoImpl: #setCacheResult() deviceOwned:false profileOwned:false
06-27 12:30:19.599 22007 22007 I cr_EnterpriseInfo: #getManagedStateForNative() Iv1@97162ee
06-27 12:30:19.604 21879 22062 W fb4a.NoOpQuickPerformanceLogger: markerStart(int markerId, int instanceKey) has not been implemented
06-27 12:30:19.604 21879 22062 W fb4a.NoOpQuickPerformanceLogger: markerAnnotate(int markerId, int instanceKey, String annotationKey, @Nullable String annotationValue) has not been implemented
06-27 12:30:19.613 22255 22255 W SystemServiceRegistry: No service published for: uimode
06-27 12:30:19.613   885 10843 I vendor.qti.hardware.servicetracker@1.2-service: bindService is called for service : com.google.android.gms/.chimera.PersistentApiService and for client com.android.chrome
06-27 12:30:19.613   885 10843 I vendor.qti.hardware.servicetracker@1.2-service: total connections for service : com.google.android.gms/.chimera.PersistentApiServiceare :18
06-27 12:30:19.613   885 10843 I vendor.qti.hardware.servicetracker@1.2-service: total connections for client : com.android.chromeare :8
06-27 12:30:19.618 21879 22062 W fb4a.NoOpQuickPerformanceLogger: markerStart(int markerId, int instanceKey) has not been implemented
06-27 12:30:19.619 21879 22062 W fb4a.NoOpQuickPerformanceLogger: markerAnnotate(int markerId, int instanceKey, String annotationKey, @Nullable String annotationValue) has not been implemented
06-27 12:30:19.628 21879 22278 W VideoCapabilities: Unsupported mime image/vnd.android.heic
06-27 12:30:19.629 21879 22062 W fb4a.NoOpQuickPerformanceLogger: markerStart(int markerId, int instanceKey) has not been implemented
06-27 12:30:19.629 21879 22062 W fb4a.NoOpQuickPerformanceLogger: markerAnnotate(int markerId, int instanceKey, String annotationKey, @Nullable String annotationValue) has not been implemented
06-27 12:30:19.630   885 10843 I vendor.qti.hardware.servicetracker@1.2-service: bindService is called for service : com.google.android.gms/.chimera.GmsBoundBrokerService and for client com.android.chrome
06-27 12:30:19.630   885 10843 I vendor.qti.hardware.servicetracker@1.2-service: total connections for service : com.google.android.gms/.chimera.GmsBoundBrokerServiceare :6
06-27 12:30:19.630   885 10843 I vendor.qti.hardware.servicetracker@1.2-service: total connections for client : com.android.chromeare :8
06-27 12:30:19.631  3799  3799 D BoundBrokerSvc: onBind: Intent { act=com.google.android.gms.languageprofile.service.START pkg=com.google.android.gms }
06-27 12:30:19.631 21879 22278 W VideoCapabilities: Unrecognized profile/level 0/3 for video/mpeg2
06-27 12:30:19.631  3799  3799 D BoundBrokerSvc: Loading bound service for intent: Intent { act=com.google.android.gms.languageprofile.service.START pkg=com.google.android.gms }
06-27 12:30:19.631 21879 22278 W VideoCapabilities: Unrecognized profile/level 0/3 for video/mpeg2
06-27 12:30:19.632 21879 22278 W VideoCapabilities: Unsupported mime video/x-ms-wmv
06-27 12:30:19.638 22007 22007 I cr_CompositorSurfaceMgr: Transitioning to surface with format: -1
06-27 12:30:19.639  1919  2653 D CompatibilityInfo: mCompatibilityFlags - 0
06-27 12:30:19.640  1919  2653 D CompatibilityInfo: applicationDensity - 440
06-27 12:30:19.640  1919  2653 D CompatibilityInfo: applicationScale - 1.0
06-27 12:30:19.640 21879 22062 W fb4a.NoOpQuickPerformanceLogger: markerStart(int markerId, int instanceKey) has not been implemented
06-27 12:30:19.640 21879 22062 W fb4a.NoOpQuickPerformanceLogger: markerAnnotate(int markerId, int instanceKey, String annotationKey, @Nullable String annotationValue) has not been implemented
06-27 12:30:19.641   885 10843 I vendor.qti.hardware.servicetracker@1.2-service: startService() is called for servicecom.google.android.gms/.chimera.GmsIntentOperationService
06-27 12:30:19.649 22255 22255 I cr_ChildProcessService: Creating new ChildProcessService pid=22255
06-27 12:30:19.654   885 10843 I vendor.qti.hardware.servicetracker@1.2-service: bindService is called for service : com.google.android.gms/.chimera.PersistentApiService and for client com.google.android.gms
06-27 12:30:19.654   885 10843 I vendor.qti.hardware.servicetracker@1.2-service: total connections for service : com.google.android.gms/.chimera.PersistentApiServiceare :18
06-27 12:30:19.654   885 10843 I vendor.qti.hardware.servicetracker@1.2-service: total connections for client : com.google.android.gmsare :5
06-27 12:30:19.654  1919  2385 I MiuiNetworkPolicy: updateUidState uid = 90000, uidState = 19
06-27 12:30:19.654 21879 22062 W fb4a.NoOpQuickPerformanceLogger: markerStart(int markerId, int instanceKey) has not been implemented
06-27 12:30:19.654 21879 22062 W fb4a.NoOpQuickPerformanceLogger: markerAnnotate(int markerId, int instanceKey, String annotationKey, @Nullable String annotationValue) has not been implemented
06-27 12:30:19.657 21879 22062 W fb4a.NoOpQuickPerformanceLogger: markerStart(int markerId, int instanceKey) has not been implemented
06-27 12:30:19.657 21879 22062 W fb4a.NoOpQuickPerformanceLogger: markerAnnotate(int markerId, int instanceKey, String annotationKey, @Nullable String annotationValue) has not been implemented
06-27 12:30:19.658 22255 22271 W linker  : Warning: "/data/app/~~JK35FJ-tYwDoO3g640oTSQ==/com.android.chrome-rm8Y9P5uh_SaNzWKp-osWA==/base.apk!/lib/arm64-v8a/libchromium_android_linker.so" unused DT entry: unknown processor-specific (type 0x70000001 arg 0x0) (ignoring)
06-27 12:30:19.660 22255 22271 E cr_ChromiumAndroidLinker: ReserveAddressWithHint: Address range starting at 0x7c7d943000 was not free to use
06-27 12:30:19.667 22255 22282 I cr_LibraryLoader: Successfully loaded native library
06-27 12:30:19.668 22255 22282 I cr_CachingUmaRecorder: Flushed 2 samples from 2 histograms, 0 samples were dropped.
06-27 12:30:19.669   879   879 I ANDR-PERF-LM: LMPerfGlue: perfmodule_submit_request() 132: perfmodule_submit_request()
06-27 12:30:19.669   879   879 I ANDR-PERF-LM: Core: getInstance() 84: LM getInstance
06-27 12:30:19.669   879   879 I ANDR-PERF-LM: WQ: push() 59: LMTriggerQ push() size=0
06-27 12:30:19.669   879   879 I ANDR-PERF-LM: WQ: push() 61: LMTriggerQ push() done size=1
06-27 12:30:19.669   698   698 I Zygote  : Process 18029 exited due to signal 9 (Killed)
06-27 12:30:19.669   879   984 I ANDR-PERF-LM: WQ: pop() 42: LMTriggerQ pop() done size=0
06-27 12:30:19.669   879   984 I ANDR-PERF-LM: Core: lmMain() 373: Waiting on trigger Queue
06-27 12:30:19.669   879   984 I ANDR-PERF-LM: WQ: pop() 31: LMTriggerQ pop() size=0
06-27 12:30:19.670   885 10843 I vendor.qti.hardware.servicetracker@1.2-service: killProcess is called for pid : 18029
06-27 12:30:19.670 22007 22007 E ForceDarkHelper: updateForceDarkForView fail to get view name
06-27 12:30:19.670  1919  2653 W ANRStateManager: clear state, but process isn't exist. hash=172955442 uid=10083 pid=18029 state=16
06-27 12:30:19.671  8346 11722 I com.xiaomi.xms: oneway function results will be dropped but finished with status UNKNOWN_TRANSACTION and parcel size 0
06-27 12:30:19.672  1919  2653 I ActivityManager: Killing 20746:com.instagram.android/u0a264 (adj 985): empty #17
06-27 12:30:19.673  1919  2653 I Process : PerfMonitor : current process sending signal quiet. PID: 20746 SIG: 9
06-27 12:30:19.675  1919  2134 I Process : PerfMonitor : current process killing process group. PID: 20746
06-27 12:30:19.675   879   879 I ANDR-PERF-LM: LMPerfGlue: perfmodule_submit_request() 132: perfmodule_submit_request()
06-27 12:30:19.675   879   879 I ANDR-PERF-LM: Core: getInstance() 84: LM getInstance
06-27 12:30:19.675   879   879 I ANDR-PERF-LM: WQ: push() 59: LMTriggerQ push() size=0
06-27 12:30:19.675   879   879 I ANDR-PERF-LM: WQ: push() 61: LMTriggerQ push() done size=1
06-27 12:30:19.675   879   984 I ANDR-PERF-LM: WQ: pop() 42: LMTriggerQ pop() done size=0
06-27 12:30:19.675   879   984 I ANDR-PERF-LM: Core: lmMain() 373: Waiting on trigger Queue
06-27 12:30:19.675   879   984 I ANDR-PERF-LM: WQ: pop() 31: LMTriggerQ pop() size=0
06-27 12:30:19.677  3799  3799 D BoundBrokerSvc: onUnbind: Intent { act=com.google.android.gms.facs.internal.service.START dat=chimera-action: cmp=com.google.android.gms/.chimera.GmsInternalApiService }
06-27 12:30:19.677   885 10843 I vendor.qti.hardware.servicetracker@1.2-service: unbindService is called for service : com.google.android.gms/.chimera.GmsInternalApiService and for client com.google.android.gms.persistent
06-27 12:30:19.677   885 10843 I vendor.qti.hardware.servicetracker@1.2-service: size of service connections for service: com.google.android.gms/.chimera.GmsInternalApiServiceafter removal is 0
06-27 12:30:19.677   885 10843 I vendor.qti.hardware.servicetracker@1.2-service: size of client connections for client: com.google.android.gms.persistentafter removal is 7
06-27 12:30:19.677   885 10843 I vendor.qti.hardware.servicetracker@1.2-service: destroyService is called for service : com.google.android.gms/.chimera.GmsInternalApiService
06-27 12:30:19.678  1919  2385 I MiuiNetworkPolicy: removeUidState uid = 10083
06-27 12:30:19.678 21879 22062 W fb4a.NoOpQuickPerformanceLogger: markerStart(int markerId, int instanceKey) has not been implemented
06-27 12:30:19.678 21879 22062 W fb4a.NoOpQuickPerformanceLogger: markerAnnotate(int markerId, int instanceKey, String annotationKey, @Nullable String annotationValue) has not been implemented
06-27 12:30:19.681 21879 22062 W fb4a.NoOpQuickPerformanceLogger: markerStart(int markerId, int instanceKey) has not been implemented
06-27 12:30:19.681 21879 22062 W fb4a.NoOpQuickPerformanceLogger: markerAnnotate(int markerId, int instanceKey, String annotationKey, @Nullable String annotationValue) has not been implemented
06-27 12:30:19.692 21879 22062 W fb4a.NoOpQuickPerformanceLogger: markerStart(int markerId, int instanceKey) has not been implemented
06-27 12:30:19.692 21879 22062 W fb4a.NoOpQuickPerformanceLogger: markerAnnotate(int markerId, int instanceKey, String annotationKey, @Nullable String annotationValue) has not been implemented
06-27 12:30:19.695 21879 22062 W fb4a.NoOpQuickPerformanceLogger: markerStart(int markerId, int instanceKey) has not been implemented
06-27 12:30:19.695 21879 22062 W fb4a.NoOpQuickPerformanceLogger: markerAnnotate(int markerId, int instanceKey, String annotationKey, @Nullable String annotationValue) has not been implemented
06-27 12:30:19.698 22191 22249 D vulkan  : searching for layers in '/data/app/~~JK35FJ-tYwDoO3g640oTSQ==/com.android.chrome-rm8Y9P5uh_SaNzWKp-osWA==/lib/arm64'
06-27 12:30:19.699 21879 22062 W fb4a.NoOpQuickPerformanceLogger: markerStart(int markerId, int instanceKey) has not been implemented
06-27 12:30:19.699 21879 22062 W fb4a.NoOpQuickPerformanceLogger: markerAnnotate(int markerId, int instanceKey, String annotationKey, @Nullable String annotationValue) has not been implemented
06-27 12:30:19.699 22191 22249 D vulkan  : searching for layers in '/data/app/~~JK35FJ-tYwDoO3g640oTSQ==/com.android.chrome-rm8Y9P5uh_SaNzWKp-osWA==/base.apk!/lib/arm64-v8a'
06-27 12:30:19.700 22191 22249 D vulkan  : searching for layers in '/data/app/~~tRcqxMvhzRGYrfzyN2waAA==/com.google.android.trichromelibrary_715111733-XJph131xYtp6dpoZrW6vSg==/base.apk!/lib/arm64-v8a'
06-27 12:30:19.710 22191 22249 I AdrenoVK-0: ===== BEGIN DUMP OF OVERRIDDEN SETTINGS =====
06-27 12:30:19.710 22191 22249 I AdrenoVK-0: ===== END DUMP OF OVERRIDDEN SETTINGS =====
06-27 12:30:19.710 22191 22249 I AdrenoVK-0: QUALCOMM build          : 42297a4, I9e9b240040
06-27 12:30:19.710 22191 22249 I AdrenoVK-0: Build Date              : 03/19/21
06-27 12:30:19.710 22191 22249 I AdrenoVK-0: Shader Compiler Version : EV031.32.02.07
06-27 12:30:19.710 22191 22249 I AdrenoVK-0: Local Branch            : 
06-27 12:30:19.710 22191 22249 I AdrenoVK-0: Remote Branch           : refs/tags/AU_LINUX_ANDROID_LA.UM.9.1.R1.11.00.00.604.070
06-27 12:30:19.710 22191 22249 I AdrenoVK-0: Remote Branch           : NONE
06-27 12:30:19.710 22191 22249 I AdrenoVK-0: Reconstruct Branch      : NOTHING
06-27 12:30:19.710 22191 22249 I AdrenoVK-0: Build Config            : S P 10.0.6 AArch64
06-27 12:30:19.710 22191 22249 I AdrenoVK-0: Driver Path             : /vendor/lib64/hw/vulkan.adreno.so
06-27 12:30:19.710 21551 21574 I viders.calenda: Waiting for a blocking GC ProfileSaver
06-27 12:30:19.753 21551 21574 I viders.calenda: WaitForGcToComplete blocked ProfileSaver on ClassLinker for 42.494ms
06-27 12:30:19.760 22157 22244 I ahzt    : (REDACTED) Util.isLowRamDevice: %b, canUsePreemptibleAudioSource: %b
06-27 12:30:19.779   885  2734 I vendor.qti.hardware.servicetracker@1.2-service: bindService is called for service : com.google.android.gms/.chimera.GmsBoundBrokerService and for client com.google.android.googlequicksearchbox:search
06-27 12:30:19.780   885  2734 I vendor.qti.hardware.servicetracker@1.2-service: total connections for service : com.google.android.gms/.chimera.GmsBoundBrokerServiceare :6
06-27 12:30:19.780   885  2734 I vendor.qti.hardware.servicetracker@1.2-service: total connections for client : com.google.android.googlequicksearchbox:searchare :4
06-27 12:30:19.787  1919  8390 I system_server: oneway function results will be dropped but finished with status OK and parcel size 4
06-27 12:30:19.788  1919  2653 I system_server: oneway function results will be dropped but finished with status OK and parcel size 4
06-27 12:30:19.789  1919  8390 I system_server: oneway function results will be dropped but finished with status OK and parcel size 4
06-27 12:30:19.793  1919  8390 I system_server: oneway function results will be dropped but finished with status OK and parcel size 4
06-27 12:30:19.802 22157 22231 D WM-SystemJobScheduler: Reconciling jobs
06-27 12:30:19.808 22157 22232 I dsvo    : (REDACTED) Device Compliance Fetch time taken = %sms
06-27 12:30:19.808 22157 22232 I dsvo    : Device is compliant!
06-27 12:30:19.816  1919  3081 D CompatibilityInfo: mCompatibilityFlags - 0
06-27 12:30:19.817  1919  3081 D CompatibilityInfo: applicationDensity - 440
06-27 12:30:19.817  1919  3081 D CompatibilityInfo: applicationScale - 1.0
06-27 12:30:19.817   885  2734 I vendor.qti.hardware.servicetracker@1.2-service: startService() is called for servicecom.google.android.googlequicksearchbox/com.google.android.apps.gsa.shared.util.keepalive.StandaloneKeepAlive$KeepAliveService
06-27 12:30:19.818   885  2734 I vendor.qti.hardware.servicetracker@1.2-service: bindService is called for service : com.android.chrome/org.chromium.content.app.SandboxedProcessService0:0 and for client com.android.chrome
06-27 12:30:19.818   885  2734 I vendor.qti.hardware.servicetracker@1.2-service: total connections for service : com.android.chrome/org.chromium.content.app.SandboxedProcessService0:0are :1
06-27 12:30:19.818   885  2734 I vendor.qti.hardware.servicetracker@1.2-service: total connections for client : com.android.chromeare :8
06-27 12:30:19.846 22007 22007 I PlayCore: UID: [10192]  PID: [22007] AppUpdateService : ServiceConnectionImpl.onServiceConnected(ComponentInfo{com.android.vending/com.google.android.finsky.installservice.DevTriggeredUpdateService})
06-27 12:30:19.851 22007 22184 I PlayCore: UID: [10192]  PID: [22007] AppUpdateService : linkToDeath
06-27 12:30:19.863 22007 22029 I PlayCore: UID: [10192]  PID: [22007] OnRequestInstallCallback : onRequestInfo
06-27 12:30:19.863 22007 22184 I PlayCore: UID: [10192]  PID: [22007] AppUpdateService : Unbind from service.
06-27 12:30:19.864   885  2734 I vendor.qti.hardware.servicetracker@1.2-service: unbindService is called for service : com.android.vending/com.google.android.finsky.installservice.DevTriggeredUpdateService and for client com.android.chrome
06-27 12:30:19.864   885  2734 I vendor.qti.hardware.servicetracker@1.2-service: size of service connections for service: com.android.vending/com.google.android.finsky.installservice.DevTriggeredUpdateServiceafter removal is 0
06-27 12:30:19.864   885  2734 I vendor.qti.hardware.servicetracker@1.2-service: size of client connections for client: com.android.chromeafter removal is 7
06-27 12:30:19.864   885  2734 I vendor.qti.hardware.servicetracker@1.2-service: destroyService is called for service : com.android.vending/com.google.android.finsky.installservice.DevTriggeredUpdateService
06-27 12:30:19.867 22157 22248 D StrictMode: StrictMode policy violation: android.os.strictmode.DiskReadViolation
06-27 12:30:19.867 22157 22248 D StrictMode: 	at android.os.StrictMode$AndroidBlockGuardPolicy.onReadFromDisk(StrictMode.java:1596)
06-27 12:30:19.867 22157 22248 D StrictMode: 	at libcore.io.BlockGuardOs.access(BlockGuardOs.java:71)
06-27 12:30:19.867 22157 22248 D StrictMode: 	at libcore.io.ForwardingOs.access(ForwardingOs.java:72)
06-27 12:30:19.867 22157 22248 D StrictMode: 	at android.app.ActivityThread$AndroidOs.access(ActivityThread.java:7925)
06-27 12:30:19.867 22157 22248 D StrictMode: 	at java.io.UnixFileSystem.checkAccess(UnixFileSystem.java:281)
06-27 12:30:19.867 22157 22248 D StrictMode: 	at java.io.File.exists(File.java:815)
06-27 12:30:19.867 22157 22248 D StrictMode: 	at android.app.ContextImpl.ensurePrivateDirExists(ContextImpl.java:691)
06-27 12:30:19.867 22157 22248 D StrictMode: 	at android.app.ContextImpl.ensurePrivateDirExists(ContextImpl.java:682)
06-27 12:30:19.867 22157 22248 D StrictMode: 	at android.app.ContextImpl.getPreferencesDir(ContextImpl.java:638)
06-27 12:30:19.867 22157 22248 D StrictMode: 	at android.app.ContextImpl.getSharedPreferencesPath(ContextImpl.java:863)
06-27 12:30:19.867 22157 22248 D StrictMode: 	at android.app.ContextImpl.getSharedPreferences(ContextImpl.java:485)
06-27 12:30:19.867 22157 22248 D StrictMode: 	at android.content.ContextWrapper.getSharedPreferences(ContextWrapper.java:199)
06-27 12:30:19.867 22157 22248 D StrictMode: 	at ahnq.e(PG:11)
06-27 12:30:19.867 22157 22248 D StrictMode: 	at ahnq.j(PG:3)
06-27 12:30:19.867 22157 22248 D StrictMode: 	at ahnq.i(PG:19)
06-27 12:30:19.867 22157 22248 D StrictMode: 	at aosk.a(PG:3)
06-27 12:30:19.867 22157 22248 D StrictMode: 	at srw.E(PG:16)
06-27 12:30:19.867 22157 22248 D StrictMode: 	at srw.a(PG:123)
06-27 12:30:19.867 22157 22248 D StrictMode: 	at gjgz.d(PG:10)
06-27 12:30:19.867 22157 22248 D StrictMode: 	at gjgz.a(PG:7)
06-27 12:30:19.867 22157 22248 D StrictMode: 	at slh.d(PG:7)
06-27 12:30:19.867 22157 22248 D StrictMode: 	at slh.a(PG:1728)
06-27 12:30:19.867 22157 22248 D StrictMode: 	at adny.a(PG:15)
06-27 12:30:19.867 22157 22248 D StrictMode: 	at dtxx.a(PG:9)
06-27 12:30:19.867 22157 22248 D StrictMode: 	at fvzy.a(PG:3)
06-27 12:30:19.867 22157 22248 D StrictMode: 	at fvzb.run(PG:19)
06-27 12:30:19.867 22157 22248 D StrictMode: 	at fwaa.run(PG:5)
06-27 12:30:19.867 22157 22248 D StrictMode: 	at dqcw.run(PG:5)
06-27 12:30:19.867 22157 22248 D StrictMode: 	at fumw.run(PG:44)
06-27 12:30:19.867 22157 22248 D StrictMode: 	at dqcn.run(PG:42)
06-27 12:30:19.867 22157 22248 D StrictMode: 	at java.lang.Thread.run(Thread.java:923)
06-27 12:30:19.867 22157 22248 D StrictMode: 	at dqea.run(PG:62)
06-27 12:30:19.869 22157 22232 I dsvo    : Invoking "compliant" action...
06-27 12:30:19.881 22157 22248 D StrictMode: StrictMode policy violation: android.os.strictmode.DiskReadViolation
06-27 12:30:19.881 22157 22248 D StrictMode: 	at android.os.StrictMode$AndroidBlockGuardPolicy.onReadFromDisk(StrictMode.java:1596)
06-27 12:30:19.881 22157 22248 D StrictMode: 	at android.app.SharedPreferencesImpl.awaitLoadedLocked(SharedPreferencesImpl.java:275)
06-27 12:30:19.881 22157 22248 D StrictMode: 	at android.app.SharedPreferencesImpl.getBoolean(SharedPreferencesImpl.java:344)
06-27 12:30:19.881 22157 22248 D StrictMode: 	at ahnq.j(PG:7)
06-27 12:30:19.881 22157 22248 D StrictMode: 	at ahnq.i(PG:19)
06-27 12:30:19.881 22157 22248 D StrictMode: 	at aosk.a(PG:3)
06-27 12:30:19.881 22157 22248 D StrictMode: 	at srw.E(PG:16)
06-27 12:30:19.881 22157 22248 D StrictMode: 	at srw.a(PG:123)
06-27 12:30:19.881 22157 22248 D StrictMode: 	at gjgz.d(PG:10)
06-27 12:30:19.881 22157 22248 D StrictMode: 	at gjgz.a(PG:7)
06-27 12:30:19.881 22157 22248 D StrictMode: 	at slh.d(PG:7)
06-27 12:30:19.881 22157 22248 D StrictMode: 	at slh.a(PG:1728)
06-27 12:30:19.881 22157 22248 D StrictMode: 	at adny.a(PG:15)
06-27 12:30:19.881 22157 22248 D StrictMode: 	at dtxx.a(PG:9)
06-27 12:30:19.881 22157 22248 D StrictMode: 	at fvzy.a(PG:3)
06-27 12:30:19.881 22157 22248 D StrictMode: 	at fvzb.run(PG:19)
06-27 12:30:19.881 22157 22248 D StrictMode: 	at fwaa.run(PG:5)
06-27 12:30:19.881 22157 22248 D StrictMode: 	at dqcw.run(PG:5)
06-27 12:30:19.881 22157 22248 D StrictMode: 	at fumw.run(PG:44)
06-27 12:30:19.881 22157 22248 D StrictMode: 	at dqcn.run(PG:42)
06-27 12:30:19.881 22157 22248 D StrictMode: 	at java.lang.Thread.run(Thread.java:923)
06-27 12:30:19.881 22157 22248 D StrictMode: 	at dqea.run(PG:62)
06-27 12:30:19.886  1919  2134 E libprocessgroup: Failed to kill process cgroup uid 10264 pid 20746 in 211ms, 1 processes remain
06-27 12:30:19.940   698   698 I Zygote  : Process 20746 exited due to signal 9 (Killed)
06-27 12:30:19.941   879   879 I ANDR-PERF-LM: LMPerfGlue: perfmodule_submit_request() 132: perfmodule_submit_request()
06-27 12:30:19.941   879   879 I ANDR-PERF-LM: Core: getInstance() 84: LM getInstance
06-27 12:30:19.941   879   879 I ANDR-PERF-LM: WQ: push() 59: LMTriggerQ push() size=0
06-27 12:30:19.941   879   879 I ANDR-PERF-LM: WQ: push() 61: LMTriggerQ push() done size=1
06-27 12:30:19.942   879   984 I ANDR-PERF-LM: WQ: pop() 42: LMTriggerQ pop() done size=0
06-27 12:30:19.942   879   984 I ANDR-PERF-LM: Core: lmMain() 373: Waiting on trigger Queue
06-27 12:30:19.942   879   984 I ANDR-PERF-LM: WQ: pop() 31: LMTriggerQ pop() size=0
06-27 12:30:19.943   885  2734 I vendor.qti.hardware.servicetracker@1.2-service: killProcess is called for pid : 20746
06-27 12:30:19.943   885  2734 I vendor.qti.hardware.servicetracker@1.2-service: process with pid 20746 is service
06-27 12:30:19.943   885  2734 I vendor.qti.hardware.servicetracker@1.2-service: size of client connections for client: com.instagram.androidafter removal is 0
06-27 12:30:19.943   885  2734 I vendor.qti.hardware.servicetracker@1.2-service: process with pid 20746 is client
06-27 12:30:19.943   885  2734 I vendor.qti.hardware.servicetracker@1.2-service: removing client with pid 20746process namecom.instagram.android
06-27 12:30:19.943   885  2734 I vendor.qti.hardware.servicetracker@1.2-service: destroyService is called for service : com.instagram.android/com.facebook.video.heroplayer.service.HeroKeepAliveService
06-27 12:30:19.944  1919  7178 W ANRStateManager: clear state, but process isn't exist. hash=176499409 uid=10264 pid=20746 state=16
06-27 12:30:19.944  8346 11722 I com.xiaomi.xms: oneway function results will be dropped but finished with status UNKNOWN_TRANSACTION and parcel size 0
06-27 12:30:19.948  1919  2385 I MiuiNetworkPolicy: removeUidState uid = 10264
06-27 12:30:19.977  3125 14853 W dfhy    : Phenotype API error. Event: # fzak@f4339274, EventCode: GET_EXP [CONTEXT service_id=51 ]
06-27 12:30:19.977  3125 14853 W dfhy    : dfge: 29505: No config packages for log source, or config package not registered
06-27 12:30:19.977  3125 14853 W dfhy    : 	at dfiy.f(:com.google.android.gms@252331022@25.23.31 (150400-769856126):77)
06-27 12:30:19.977  3125 14853 W dfhy    : 	at dfiw.i(:com.google.android.gms@252331022@25.23.31 (150400-769856126):3)
06-27 12:30:19.977  3125 14853 W dfhy    : 	at dfhy.h(:com.google.android.gms@252331022@25.23.31 (150400-769856126):35)
06-27 12:30:19.977  3125 14853 W dfhy    : 	at dfhy.f(:com.google.android.gms@252331022@25.23.31 (150400-769856126):17)
06-27 12:30:19.977  3125 14853 W dfhy    : 	at cdbg.fK(:com.google.android.gms@252331022@25.23.31 (150400-769856126):1)
06-27 12:30:19.977  3125 14853 W dfhy    : 	at cdbk.run(:com.google.android.gms@252331022@25.23.31 (150400-769856126):140)
06-27 12:30:19.977  3125 14853 W dfhy    : 	at evcb.run(:com.google.android.gms@252331022@25.23.31 (150400-769856126):21)
06-27 12:30:19.977  3125 14853 W dfhy    : 	at awjw.c(:com.google.android.gms@252331022@25.23.31 (150400-769856126):50)
06-27 12:30:19.977  3125 14853 W dfhy    : 	at awjw.run(:com.google.android.gms@252331022@25.23.31 (150400-769856126):70)
06-27 12:30:19.977  3125 14853 W dfhy    : 	at java.util.concurrent.ThreadPoolExecutor.runWorker(ThreadPoolExecutor.java:1167)
06-27 12:30:19.977  3125 14853 W dfhy    : 	at java.util.concurrent.ThreadPoolExecutor$Worker.run(ThreadPoolExecutor.java:641)
06-27 12:30:19.977  3125 14853 W dfhy    : 	at awpl.run(:com.google.android.gms@252331022@25.23.31 (150400-769856126):8)
06-27 12:30:19.977  3125 14853 W dfhy    : 	at java.lang.Thread.run(Thread.java:923)
06-27 12:30:19.978  3125 14853 W AsyncOperation: operation=GetExperimentTokensOperationCall, opStatusCode=29505 [CONTEXT service_id=51 ]
06-27 12:30:19.978  3125 14853 W AsyncOperation: OperationException[Status{statusCode=No config packages for log source, or config package not registered, resolution=null}]
06-27 12:30:19.978  3125 14853 W AsyncOperation: 	at dfhy.h(:com.google.android.gms@252331022@25.23.31 (150400-769856126):65)
06-27 12:30:19.978  3125 14853 W AsyncOperation: 	at dfhy.f(:com.google.android.gms@252331022@25.23.31 (150400-769856126):17)
06-27 12:30:19.978  3125 14853 W AsyncOperation: 	at cdbg.fK(:com.google.android.gms@252331022@25.23.31 (150400-769856126):1)
06-27 12:30:19.978  3125 14853 W AsyncOperation: 	at cdbk.run(:com.google.android.gms@252331022@25.23.31 (150400-769856126):140)
06-27 12:30:19.978  3125 14853 W AsyncOperation: 	at evcb.run(:com.google.android.gms@252331022@25.23.31 (150400-769856126):21)
06-27 12:30:19.978  3125 14853 W AsyncOperation: 	at awjw.c(:com.google.android.gms@252331022@25.23.31 (150400-769856126):50)
06-27 12:30:19.978  3125 14853 W AsyncOperation: 	at awjw.run(:com.google.android.gms@252331022@25.23.31 (150400-769856126):70)
06-27 12:30:19.978  3125 14853 W AsyncOperation: 	at java.util.concurrent.ThreadPoolExecutor.runWorker(ThreadPoolExecutor.java:1167)
06-27 12:30:19.978  3125 14853 W AsyncOperation: 	at java.util.concurrent.ThreadPoolExecutor$Worker.run(ThreadPoolExecutor.java:641)
06-27 12:30:19.978  3125 14853 W AsyncOperation: 	at awpl.run(:com.google.android.gms@252331022@25.23.31 (150400-769856126):8)
06-27 12:30:19.978  3125 14853 W AsyncOperation: 	at java.lang.Thread.run(Thread.java:923)
06-27 12:30:19.984 21879 21894 W JavaBinder: BinderProxy is being destroyed but the application did not call unlinkToDeath to unlink all of its death recipients beforehand.  Releasing leaked death recipient: X.06a
06-27 12:30:19.984 21879 21894 I BpBinder: onLastStrongRef automatically unlinking death recipients: <uncached descriptor>
06-27 12:30:19.988 21879 21895 W System  : A resource failed to call close. 
06-27 12:30:19.999 22007 22176 W chromium: [WARNING:net/cert/ev_root_ca_metadata.cc:119] Not implemented
06-27 12:30:20.014  3125 17403 I FontLog : (REDACTED) Received query %s, URI %s
06-27 12:30:20.015  3125 17403 I FontLog : (REDACTED) Query [%s] resolved to %s
06-27 12:30:20.016  3125 17403 I FontLog : (REDACTED) Font PFD returned from cache for %s
06-27 12:30:20.016  3125 17403 I FontLog : (REDACTED) Fetch %s end status %s
06-27 12:30:20.020 22007 22151 W chromium: [WARNING:net/cert/ev_root_ca_metadata.cc:119] Not implemented
06-27 12:30:20.032 21599 21626 I .apps.wellbein: Waiting for a blocking GC ProfileSaver
06-27 12:30:20.033   885 10843 I vendor.qti.hardware.servicetracker@1.2-service: bindService is called for service : com.google.android.gms/.icing.service.IndexService and for client com.google.android.googlequicksearchbox:search
06-27 12:30:20.033   885 10843 I vendor.qti.hardware.servicetracker@1.2-service: total connections for service : com.google.android.gms/.icing.service.IndexServiceare :1
06-27 12:30:20.033   885 10843 I vendor.qti.hardware.servicetracker@1.2-service: total connections for client : com.google.android.googlequicksearchbox:searchare :5
06-27 12:30:20.033  1919  2599 D CompatibilityInfo: mCompatibilityFlags - 0
06-27 12:30:20.033  1919  2599 D CompatibilityInfo: applicationDensity - 440
06-27 12:30:20.033  1919  2599 D CompatibilityInfo: applicationScale - 1.0
06-27 12:30:20.034   885 10843 I vendor.qti.hardware.servicetracker@1.2-service: startService() is called for servicecom.google.android.gms/.icing.service.IndexService
06-27 12:30:20.040  3125 17403 I FontLog : (REDACTED) Pulling font file for id = %d, cache size = %d
06-27 12:30:20.045 22191 22309 W VideoCapabilities: Unsupported mime image/vnd.android.heic
06-27 12:30:20.049 22191 22309 W VideoCapabilities: Unrecognized profile/level 0/3 for video/mpeg2
06-27 12:30:20.049 22191 22309 W VideoCapabilities: Unrecognized profile/level 0/3 for video/mpeg2
06-27 12:30:20.050 22191 22309 W VideoCapabilities: Unsupported mime video/x-ms-wmv
06-27 12:30:20.062  1919  2599 D CompatibilityInfo: mCompatibilityFlags - 0
06-27 12:30:20.062  1919  2599 D CompatibilityInfo: applicationDensity - 440
06-27 12:30:20.062  1919  2599 D CompatibilityInfo: applicationScale - 1.0
06-27 12:30:20.064   847  2607 I WifiHAL : event received NL80211_CMD_VENDOR, vendor_id = 0x1374, subcmd = 0xa
06-27 12:30:20.064   885 10843 I vendor.qti.hardware.servicetracker@1.2-service: startService() is called for servicecom.google.android.gms/.icing.service.IndexWorkerService
06-27 12:30:20.065 10366 10366 I wpa_supplicant: p2p0: CTRL-EVENT-AVOID-FREQ ranges=
06-27 12:30:20.065 10366 10366 I wpa_supplicant: p2p0: CTRL-EVENT-REGDOM-CHANGE init=DRIVER type=COUNTRY alpha2=IN
06-27 12:30:20.066  1560  1560 I cnss-daemon: nl80211 response handler invoked
06-27 12:30:20.066  1560  1560 I cnss-daemon: nl80211_response_handler: cmd 103, vendorID 4980, subcmd 10  received
06-27 12:30:20.070  3799  3956 I Icing   : IndexChimeraService.getServiceInterface callingPackage=com.google.android.googlequicksearchbox componentName=AMBIENT_ASSISTANT serviceId=32
06-27 12:30:20.071  3125 17403 I FontLog : (REDACTED) Received query %s, URI %s
06-27 12:30:20.071  3125 17403 I FontLog : (REDACTED) Query [%s] resolved to %s
06-27 12:30:20.072  3125 17403 I FontLog : (REDACTED) Fetch %s end status %s
06-27 12:30:20.074  3125 17403 I FontLog : (REDACTED) Pulling font file for id = %d, cache size = %d
06-27 12:30:20.079  3125 17403 I FontLog : (REDACTED) Received query %s, URI %s
06-27 12:30:20.079  3125 17403 I FontLog : (REDACTED) Query [%s] resolved to %s
06-27 12:30:20.080  3125 17403 I FontLog : (REDACTED) Font PFD returned from cache for %s
06-27 12:30:20.080  3125 17403 I FontLog : (REDACTED) Fetch %s end status %s
06-27 12:30:20.084   885 10843 I vendor.qti.hardware.servicetracker@1.2-service: bindService is called for service : com.google.android.gms/com.google.android.location.internal.GoogleLocationManagerService and for client com.google.android.googlequicksearchbox:search
06-27 12:30:20.084  3125 17403 I FontLog : (REDACTED) Pulling font file for id = %d, cache size = %d
06-27 12:30:20.084   885 10843 I vendor.qti.hardware.servicetracker@1.2-service: total connections for service : com.google.android.gms/com.google.android.location.internal.GoogleLocationManagerServiceare :3
06-27 12:30:20.084   885 10843 I vendor.qti.hardware.servicetracker@1.2-service: total connections for client : com.google.android.googlequicksearchbox:searchare :6
06-27 12:30:20.093   885 10843 I vendor.qti.hardware.servicetracker@1.2-service: bindService is called for service : com.google.android.gms/.chimera.PersistentApiService and for client com.google.android.gms
06-27 12:30:20.093   885 10843 I vendor.qti.hardware.servicetracker@1.2-service: total connections for service : com.google.android.gms/.chimera.PersistentApiServiceare :18
06-27 12:30:20.094   885 10843 I vendor.qti.hardware.servicetracker@1.2-service: total connections for client : com.google.android.gmsare :5
06-27 12:30:20.099   885 10843 I vendor.qti.hardware.servicetracker@1.2-service: bindService is called for service : com.google.android.gms/.chimera.GmsBoundBrokerService and for client com.google.android.gms.persistent
06-27 12:30:20.099   885 10843 I vendor.qti.hardware.servicetracker@1.2-service: total connections for service : com.google.android.gms/.chimera.GmsBoundBrokerServiceare :7
06-27 12:30:20.099   885 10843 I vendor.qti.hardware.servicetracker@1.2-service: total connections for client : com.google.android.gms.persistentare :8
06-27 12:30:20.100  3799  3799 D BoundBrokerSvc: onBind: Intent { act=com.google.android.gms.feedback.internal.IFeedbackService dat=chimera-action: cmp=com.google.android.gms/.chimera.GmsBoundBrokerService }
06-27 12:30:20.100  3799  3799 D BoundBrokerSvc: Loading bound service for intent: Intent { act=com.google.android.gms.feedback.internal.IFeedbackService dat=chimera-action: cmp=com.google.android.gms/.chimera.GmsBoundBrokerService }
06-27 12:30:20.102  3125  4356 I FontLog : (REDACTED) Received query %s, URI %s
06-27 12:30:20.102  3125  4356 I FontLog : (REDACTED) Query [%s] resolved to %s
06-27 12:30:20.103  3125  4356 I FontLog : (REDACTED) Font PFD returned from cache for %s
06-27 12:30:20.103  3125  4356 I FontLog : (REDACTED) Fetch %s end status %s
06-27 12:30:20.108   885 10843 I vendor.qti.hardware.servicetracker@1.2-service: bindService is called for service : com.google.android.gms/.icing.service.AppIndexingService and for client com.google.android.gms.persistent
06-27 12:30:20.108   885 10843 I vendor.qti.hardware.servicetracker@1.2-service: total connections for service : com.google.android.gms/.icing.service.AppIndexingServiceare :1
06-27 12:30:20.108  3125 17403 I FontLog : (REDACTED) Pulling font file for id = %d, cache size = %d
06-27 12:30:20.108   885 10843 I vendor.qti.hardware.servicetracker@1.2-service: total connections for client : com.google.android.gms.persistentare :9
06-27 12:30:20.108  1919  7178 D CompatibilityInfo: mCompatibilityFlags - 0
06-27 12:30:20.108  1919  7178 D CompatibilityInfo: applicationDensity - 440
06-27 12:30:20.108  1919  7178 D CompatibilityInfo: applicationScale - 1.0
06-27 12:30:20.109   885 10843 I vendor.qti.hardware.servicetracker@1.2-service: startService() is called for servicecom.google.android.gms/.icing.service.AppIndexingService
06-27 12:30:20.111   885 10843 I vendor.qti.hardware.servicetracker@1.2-service: bindService is called for service : com.google.android.gms/.icing.service.IndexService and for client com.google.android.gms.persistent
06-27 12:30:20.111   885 10843 I vendor.qti.hardware.servicetracker@1.2-service: total connections for service : com.google.android.gms/.icing.service.IndexServiceare :2
06-27 12:30:20.111   885 10843 I vendor.qti.hardware.servicetracker@1.2-service: total connections for client : com.google.android.gms.persistentare :10
06-27 12:30:20.114 22157 22244 W cgzs    : No value provided for the places model index flag.
06-27 12:30:20.114  3125 17403 I FontLog : (REDACTED) Received query %s, URI %s
06-27 12:30:20.114  3125 17403 I FontLog : (REDACTED) Query [%s] resolved to %s
06-27 12:30:20.114 22157 22244 W cgzs    : No value provided for the places model index flag.
06-27 12:30:20.115  3125 17403 I FontLog : (REDACTED) Font PFD returned from cache for %s
06-27 12:30:20.115  3125 17403 I FontLog : (REDACTED) Fetch %s end status %s
06-27 12:30:20.118  3799  3956 I Icing   : IndexChimeraService.getServiceInterface callingPackage=com.google.android.gms componentName=null serviceId=30
06-27 12:30:20.132   885 10843 I vendor.qti.hardware.servicetracker@1.2-service: bindService is called for service : com.google.android.gms/.chimera.GmsBoundBrokerService and for client com.google.android.gms
06-27 12:30:20.132   885 10843 I vendor.qti.hardware.servicetracker@1.2-service: total connections for service : com.google.android.gms/.chimera.GmsBoundBrokerServiceare :8
06-27 12:30:20.132   885 10843 I vendor.qti.hardware.servicetracker@1.2-service: total connections for client : com.google.android.gmsare :6
06-27 12:30:20.134 21599 21626 I .apps.wellbein: WaitForGcToComplete blocked ProfileSaver on AddRemoveAppImageSpace for 101.904ms
06-27 12:30:20.141  3125  7441 I FontLog : (REDACTED) Pulling font file for id = %d, cache size = %d
06-27 12:30:20.178 22157 22244 I aiab    : getLocaleToModelSpecsMap
06-27 12:30:20.179 22157 22244 I aiab    : Fetching latest config from MDD...
06-27 12:30:20.187 22157 22231 D WM-ForceStopRunnable: Found unfinished work, scheduling it.
06-27 12:30:20.189  3799 15291 I Icing   : Usage reports ok 2, Failed Usage reports 0, indexed 0, rejected 0
06-27 12:30:20.193 22157 22225 I dstg    : (REDACTED) Setting isLegacySQLite mode to %s.
06-27 12:30:20.209 22007 22152 E libc    : Access denied finding property "ro.hardware.chipname"
06-27 12:30:20.228 22157 22232 I dstg    : (REDACTED) Setting isLegacySQLite mode to %s.
06-27 12:30:20.242 22007 22022 W JavaBinder: BinderProxy is being destroyed but the application did not call unlinkToDeath to unlink all of its death recipients beforehand.  Releasing leaked death recipient: md5
06-27 12:30:20.242 22007 22022 I BpBinder: onLastStrongRef automatically unlinking death recipients: <uncached descriptor>
06-27 12:30:20.268   885 10843 I vendor.qti.hardware.servicetracker@1.2-service: bindService is called for service : com.google.android.gms/.auth.GetToken and for client com.android.chrome
06-27 12:30:20.268   885 10843 I vendor.qti.hardware.servicetracker@1.2-service: total connections for service : com.google.android.gms/.auth.GetTokenare :2
06-27 12:30:20.268   885 10843 I vendor.qti.hardware.servicetracker@1.2-service: total connections for client : com.android.chromeare :8
06-27 12:30:20.269  1919  2478 D SlaveWifiManager: getWifiSlaveConnectionInfo
06-27 12:30:20.271  1919  2478 I chatty  : uid=1000(system) ConnectivitySer identical 63 lines
06-27 12:30:20.271  1919  2478 D SlaveWifiManager: getWifiSlaveConnectionInfo
06-27 12:30:20.271 22157 22244 I aiab    : (REDACTED) Found map of size: %d
