06-27 10:47:55.566   780   828 I libPowerHal: INTERACTION: set gpu opp level: 0
06-27 10:47:55.566   780   828 I libPowerHal: INTERACTION: set gpu opp level max: 0
06-27 10:47:55.568   780   828 I libPowerHal: [perfLockAcq] idx:1 hdl:6787 hint:53 pid:780 tid:780 duration:80 lock_user:mtkpower@1.0-se => ret_hdl:6787
06-27 10:47:55.568   780   828 I libPowerHal: [setClusterFreq] INTERACTION set cpufreq[0] min:2000000 max:-1 cpufreq[1] min:2400000 max:-1 
06-27 10:47:55.568   780   828 I libPowerHal: [setGPUFreq] INTERACTION user set gpu freq min:0, max:-1
06-27 10:47:55.568   780   828 I libPowerHal: INTERACTION: set gpu opp level max: 0
06-27 10:47:55.568   780   828 I libPowerHal: [setGPUFreq] Soft min/max = (0, 0); Hard min/max = (42, 0)
06-27 10:47:55.568   780   828 I libPowerHal: [setGPUFreq] final min/max = (0, 0)
06-27 10:47:55.568   780   828 I libPowerHal: INTERACTION: set gpu opp level: 0
06-27 10:47:55.568   780   828 I libPowerHal: INTERACTION: set gpu opp level max: 0
06-27 10:47:55.571   747   787 E HfLooper: dst->data[5.000000,40.000000,9745.000000]
06-27 10:47:55.573   780   828 I libPowerHal: [perfLockAcq] idx:30 hdl:6788 hint:53 pid:780 tid:780 duration:80 lock_user:mtkpower@1.0-se => ret_hdl:6788
06-27 10:47:55.573   780   828 I libPowerHal: [setClusterFreq] INTERACTION set cpufreq[0] min:2000000 max:-1 cpufreq[1] min:2400000 max:-1 
06-27 10:47:55.573   780   828 I libPowerHal: [setGPUFreq] INTERACTION user set gpu freq min:0, max:-1
06-27 10:47:55.573   780   828 I libPowerHal: INTERACTION: set gpu opp level max: 0
06-27 10:47:55.574   780   828 I libPowerHal: [setGPUFreq] Soft min/max = (0, 0); Hard min/max = (42, 0)
06-27 10:47:55.574   780   828 I libPowerHal: [setGPUFreq] final min/max = (0, 0)
06-27 10:47:55.574   780   828 I libPowerHal: INTERACTION: set gpu opp level: 0
06-27 10:47:55.574   780   828 I libPowerHal: INTERACTION: set gpu opp level max: 0
06-27 10:47:55.575   744   744 E PQ_HDR  : DpAsyncBlitStream:: thie platform unsupport compress format
06-27 10:47:55.575   744   744 E PQ_HDR  : DpAsyncBlitStream:: thie platform unsupport compress format
06-27 10:47:55.575   744   744 E PQ_HDR  : DpAsyncBlitStream:: thie platform unsupport compress format
06-27 10:47:55.575   744   744 E PQ_HDR  : DpAsyncBlitStream:: thie platform unsupport compress format
06-27 10:47:55.579   780   828 I libPowerHal: [perfLockAcq] idx:31 hdl:6789 hint:53 pid:780 tid:780 duration:80 lock_user:mtkpower@1.0-se => ret_hdl:6789
06-27 10:47:55.579   780   828 I libPowerHal: [setClusterFreq] INTERACTION set cpufreq[0] min:2000000 max:-1 cpufreq[1] min:2400000 max:-1 
06-27 10:47:55.579   780   828 I libPowerHal: [setGPUFreq] INTERACTION user set gpu freq min:0, max:-1
06-27 10:47:55.579   780   828 I libPowerHal: INTERACTION: set gpu opp level max: 0
06-27 10:47:55.579   780   828 I libPowerHal: [setGPUFreq] Soft min/max = (0, 0); Hard min/max = (42, 0)
06-27 10:47:55.579   780   828 I libPowerHal: [setGPUFreq] final min/max = (0, 0)
06-27 10:47:55.579   780   828 I libPowerHal: INTERACTION: set gpu opp level: 0
06-27 10:47:55.580   780   828 I libPowerHal: INTERACTION: set gpu opp level max: 0
06-27 10:47:55.584   780   828 I libPowerHal: [perfLockAcq] idx:32 hdl:6790 hint:53 pid:780 tid:780 duration:80 lock_user:mtkpower@1.0-se => ret_hdl:6790
06-27 10:47:55.584   780   828 I libPowerHal: [setClusterFreq] INTERACTION set cpufreq[0] min:2000000 max:-1 cpufreq[1] min:2400000 max:-1 
06-27 10:47:55.584   780   828 I libPowerHal: [setGPUFreq] INTERACTION user set gpu freq min:0, max:-1
06-27 10:47:55.584   780   828 I libPowerHal: INTERACTION: set gpu opp level max: 0
06-27 10:47:55.584   780   828 I libPowerHal: [setGPUFreq] Soft min/max = (0, 0); Hard min/max = (42, 0)
06-27 10:47:55.584   780   828 I libPowerHal: [setGPUFreq] final min/max = (0, 0)
06-27 10:47:55.584   780   828 I libPowerHal: INTERACTION: set gpu opp level: 0
06-27 10:47:55.584   780   828 I libPowerHal: INTERACTION: set gpu opp level max: 0
06-27 10:47:55.587   744   744 E PQ_HDR  : DpAsyncBlitStream:: thie platform unsupport compress format
06-27 10:47:55.587   744   744 E PQ_HDR  : DpAsyncBlitStream:: thie platform unsupport compress format
06-27 10:47:55.587   744   744 E PQ_HDR  : DpAsyncBlitStream:: thie platform unsupport compress format
06-27 10:47:55.587   744   744 E PQ_HDR  : DpAsyncBlitStream:: thie platform unsupport compress format
06-27 10:47:55.590   780   828 I libPowerHal: [perfLockAcq] idx:33 hdl:6791 hint:53 pid:780 tid:780 duration:80 lock_user:mtkpower@1.0-se => ret_hdl:6791
06-27 10:47:55.590   780   828 I libPowerHal: [setClusterFreq] INTERACTION set cpufreq[0] min:2000000 max:-1 cpufreq[1] min:2400000 max:-1 
06-27 10:47:55.590   780   828 I libPowerHal: [setGPUFreq] INTERACTION user set gpu freq min:0, max:-1
06-27 10:47:55.590   780   828 I libPowerHal: INTERACTION: set gpu opp level max: 0
06-27 10:47:55.590   780   828 I libPowerHal: [setGPUFreq] Soft min/max = (0, 0); Hard min/max = (42, 0)
06-27 10:47:55.590   780   828 I libPowerHal: [setGPUFreq] final min/max = (0, 0)
06-27 10:47:55.590   780   828 I libPowerHal: INTERACTION: set gpu opp level: 0
06-27 10:47:55.590   780   828 I libPowerHal: INTERACTION: set gpu opp level max: 0
06-27 10:47:55.596   780   828 I libPowerHal: [perfLockAcq] idx:34 hdl:6792 hint:53 pid:780 tid:780 duration:80 lock_user:mtkpower@1.0-se => ret_hdl:6792
06-27 10:47:55.596   780   828 I libPowerHal: [setClusterFreq] INTERACTION set cpufreq[0] min:2000000 max:-1 cpufreq[1] min:2400000 max:-1 
06-27 10:47:55.596   780   828 I libPowerHal: [setGPUFreq] INTERACTION user set gpu freq min:0, max:-1
06-27 10:47:55.596   780   828 I libPowerHal: INTERACTION: set gpu opp level max: 0
06-27 10:47:55.596   780   828 I libPowerHal: [setGPUFreq] Soft min/max = (0, 0); Hard min/max = (42, 0)
06-27 10:47:55.596   780   828 I libPowerHal: [setGPUFreq] final min/max = (0, 0)
06-27 10:47:55.596   780   828 I libPowerHal: INTERACTION: set gpu opp level: 0
06-27 10:47:55.596   780   828 I libPowerHal: INTERACTION: set gpu opp level max: 0
06-27 10:47:55.596   909   909 I touch_boost: enable=0, render_deboost=1, active_time=100, duration=200, idleprefer(TA,FG)=(1,1), util(TA,FG)=(80,80), freq(c0,c1,c2)=(1800000,2200000,0)
06-27 10:47:55.596   909   909 I mtkpower_client: perf_lock_rel, hdl:6757, tid:909
06-27 10:47:55.597   780   828 I libPowerHal: [perfLockRel] hdl:6757, idx:0
06-27 10:47:55.597   780   828 I libPowerHal: [PD] touch_boost update cmd:1404100 param:0
06-27 10:47:55.597   780   828 I libPowerHal: [PD] touch_boost update cmd:1404300 param:0
06-27 10:47:55.597   780   828 I libPowerHal: [PD] touch_boost update cmd:1408100 param:0
06-27 10:47:55.598   744   744 E PQ_HDR  : DpAsyncBlitStream:: thie platform unsupport compress format
06-27 10:47:55.598   744   744 E PQ_HDR  : DpAsyncBlitStream:: thie platform unsupport compress format
06-27 10:47:55.598   744   744 E PQ_HDR  : DpAsyncBlitStream:: thie platform unsupport compress format
06-27 10:47:55.598   744   744 E PQ_HDR  : DpAsyncBlitStream:: thie platform unsupport compress format
06-27 10:47:55.598   780   828 I libPowerHal: [PD] touch_boost update cmd:1408300 param:0
06-27 10:47:55.599   780   828 I mtkpower@impl: [powerd_req] TIMER_MSG_PERF_LOCK_TIMEOUT hdl:6759
06-27 10:47:55.599   780   828 I libPowerHal: [perfLockRel] hdl:6759, idx:2
06-27 10:47:55.599   780   828 I libPowerHal: [unsetGPUFreq] current min:0, max:0; scn_gpu_min:0, scn_gpu_max:-1; scn_gpu_min(HL):-1, scn_gpu_max(HL):-1
06-27 10:47:55.599   780   828 I libPowerHal: [setGPUFreq] Soft min/max = (0, 0); Hard min/max = (42, 0)
06-27 10:47:55.599   780   828 I libPowerHal: [setGPUFreq] final min/max = (0, 0)
06-27 10:47:55.599   780   828 I libPowerHal: INTERACTION: set gpu opp level: 0
06-27 10:47:55.599   780   828 I libPowerHal: INTERACTION: set gpu opp level max: 0
06-27 10:47:55.600   780   828 I mtkpower@impl: [powerd_req] TIMER_MSG_PERF_LOCK_TIMEOUT hdl:6760
06-27 10:47:55.600   780   828 I libPowerHal: [perfLockRel] hdl:6760, idx:3
06-27 10:47:55.600   780   828 I libPowerHal: [unsetGPUFreq] current min:0, max:0; scn_gpu_min:0, scn_gpu_max:-1; scn_gpu_min(HL):-1, scn_gpu_max(HL):-1
06-27 10:47:55.600   780   828 I libPowerHal: [setGPUFreq] Soft min/max = (0, 0); Hard min/max = (42, 0)
06-27 10:47:55.600   780   828 I libPowerHal: [setGPUFreq] final min/max = (0, 0)
06-27 10:47:55.600   780   828 I libPowerHal: INTERACTION: set gpu opp level: 0
06-27 10:47:55.600   780   828 I libPowerHal: INTERACTION: set gpu opp level max: 0
06-27 10:47:55.600   780   828 I mtkpower@impl: [powerd_req] TIMER_MSG_PERF_LOCK_TIMEOUT hdl:6761
06-27 10:47:55.600   780   828 I libPowerHal: [perfLockRel] hdl:6761, idx:4
06-27 10:47:55.600   780   828 I libPowerHal: [unsetGPUFreq] current min:0, max:0; scn_gpu_min:0, scn_gpu_max:-1; scn_gpu_min(HL):-1, scn_gpu_max(HL):-1
06-27 10:47:55.601   780   828 I libPowerHal: [setGPUFreq] Soft min/max = (0, 0); Hard min/max = (42, 0)
06-27 10:47:55.601   780   828 I libPowerHal: [setGPUFreq] final min/max = (0, 0)
06-27 10:47:55.601   780   828 I libPowerHal: INTERACTION: set gpu opp level: 0
06-27 10:47:55.601   780   828 I libPowerHal: INTERACTION: set gpu opp level max: 0
06-27 10:47:55.601   780   828 I mtkpower@impl: [powerd_req] TIMER_MSG_PERF_LOCK_TIMEOUT hdl:6762
06-27 10:47:55.602   780   828 I libPowerHal: [perfLockRel] hdl:6762, idx:5
06-27 10:47:55.602   780   828 I libPowerHal: [unsetGPUFreq] current min:0, max:0; scn_gpu_min:0, scn_gpu_max:-1; scn_gpu_min(HL):-1, scn_gpu_max(HL):-1
06-27 10:47:55.602   780   828 I libPowerHal: [setGPUFreq] Soft min/max = (0, 0); Hard min/max = (42, 0)
06-27 10:47:55.602   780   828 I libPowerHal: [setGPUFreq] final min/max = (0, 0)
06-27 10:47:55.602   780   828 I libPowerHal: INTERACTION: set gpu opp level: 0
06-27 10:47:55.602   780   828 I libPowerHal: INTERACTION: set gpu opp level max: 0
06-27 10:47:55.603   780   828 I mtkpower@impl: [powerd_req] TIMER_MSG_PERF_LOCK_TIMEOUT hdl:6764
06-27 10:47:55.603   780   828 I libPowerHal: [perfLockRel] hdl:6764, idx:8
06-27 10:47:55.603   780   828 I libPowerHal: [unsetGPUFreq] current min:0, max:0; scn_gpu_min:0, scn_gpu_max:-1; scn_gpu_min(HL):-1, scn_gpu_max(HL):-1
06-27 10:47:55.603   780   828 I libPowerHal: [setGPUFreq] Soft min/max = (0, 0); Hard min/max = (42, 0)
06-27 10:47:55.603   780   828 I libPowerHal: [setGPUFreq] final min/max = (0, 0)
06-27 10:47:55.603   780   828 I libPowerHal: INTERACTION: set gpu opp level: 0
06-27 10:47:55.603   780   828 I libPowerHal: INTERACTION: set gpu opp level max: 0
06-27 10:47:55.604   780   828 I mtkpower@impl: [powerd_req] TIMER_MSG_PERF_LOCK_TIMEOUT hdl:6765
06-27 10:47:55.604   780   828 I libPowerHal: [perfLockRel] hdl:6765, idx:9
06-27 10:47:55.604   780   828 I libPowerHal: [unsetGPUFreq] current min:0, max:0; scn_gpu_min:0, scn_gpu_max:-1; scn_gpu_min(HL):-1, scn_gpu_max(HL):-1
06-27 10:47:55.604   780   828 I libPowerHal: [setGPUFreq] Soft min/max = (0, 0); Hard min/max = (42, 0)
06-27 10:47:55.604   780   828 I libPowerHal: [setGPUFreq] final min/max = (0, 0)
06-27 10:47:55.604   780   828 I libPowerHal: INTERACTION: set gpu opp level: 0
06-27 10:47:55.604   780   828 I libPowerHal: INTERACTION: set gpu opp level max: 0
06-27 10:47:55.604   780   828 I libPowerHal: [perfLockAcq] idx:0 hdl:6793 hint:53 pid:780 tid:780 duration:80 lock_user:mtkpower@1.0-se => ret_hdl:6793
06-27 10:47:55.604   780   828 I libPowerHal: [setClusterFreq] INTERACTION set cpufreq[0] min:2000000 max:-1 cpufreq[1] min:2400000 max:-1 
06-27 10:47:55.604   780   828 I libPowerHal: [setGPUFreq] INTERACTION user set gpu freq min:0, max:-1
06-27 10:47:55.604   780   828 I libPowerHal: INTERACTION: set gpu opp level max: 0
06-27 10:47:55.605   780   828 I libPowerHal: [setGPUFreq] Soft min/max = (0, 0); Hard min/max = (42, 0)
06-27 10:47:55.605   780   828 I libPowerHal: [setGPUFreq] final min/max = (0, 0)
06-27 10:47:55.605   780   828 I libPowerHal: INTERACTION: set gpu opp level: 0
06-27 10:47:55.605   780   828 I libPowerHal: INTERACTION: set gpu opp level max: 0
06-27 10:47:55.605   780   828 I mtkpower@impl: [powerd_req] TIMER_MSG_PERF_LOCK_TIMEOUT hdl:6766
06-27 10:47:55.605   780   828 I libPowerHal: [perfLockRel] hdl:6766, idx:10
06-27 10:47:55.605   780   828 I libPowerHal: [unsetGPUFreq] current min:0, max:0; scn_gpu_min:0, scn_gpu_max:-1; scn_gpu_min(HL):-1, scn_gpu_max(HL):-1
06-27 10:47:55.605   780   828 I libPowerHal: [setGPUFreq] Soft min/max = (0, 0); Hard min/max = (42, 0)
06-27 10:47:55.605   780   828 I libPowerHal: [setGPUFreq] final min/max = (0, 0)
06-27 10:47:55.605   780   828 I libPowerHal: INTERACTION: set gpu opp level: 0
06-27 10:47:55.605   780   828 I libPowerHal: INTERACTION: set gpu opp level max: 0
06-27 10:47:55.606   780   828 I mtkpower@impl: [powerd_req] TIMER_MSG_PERF_LOCK_TIMEOUT hdl:6767
06-27 10:47:55.606   780   828 I libPowerHal: [perfLockRel] hdl:6767, idx:11
06-27 10:47:55.606   780   828 I libPowerHal: [unsetGPUFreq] current min:0, max:0; scn_gpu_min:0, scn_gpu_max:-1; scn_gpu_min(HL):-1, scn_gpu_max(HL):-1
06-27 10:47:55.606   780   828 I libPowerHal: [setGPUFreq] Soft min/max = (0, 0); Hard min/max = (42, 0)
06-27 10:47:55.606   780   828 I libPowerHal: [setGPUFreq] final min/max = (0, 0)
06-27 10:47:55.606   780   828 I libPowerHal: INTERACTION: set gpu opp level: 0
06-27 10:47:55.606   780   828 I libPowerHal: INTERACTION: set gpu opp level max: 0
06-27 10:47:55.607   780   828 I mtkpower@impl: [powerd_req] TIMER_MSG_PERF_LOCK_TIMEOUT hdl:6768
06-27 10:47:55.607   780   828 I libPowerHal: [perfLockRel] hdl:6768, idx:12
06-27 10:47:55.607   780   828 I libPowerHal: [unsetGPUFreq] current min:0, max:0; scn_gpu_min:0, scn_gpu_max:-1; scn_gpu_min(HL):-1, scn_gpu_max(HL):-1
06-27 10:47:55.607   780   828 I libPowerHal: [setGPUFreq] Soft min/max = (0, 0); Hard min/max = (42, 0)
06-27 10:47:55.607   780   828 I libPowerHal: [setGPUFreq] final min/max = (0, 0)
06-27 10:47:55.607   780   828 I libPowerHal: INTERACTION: set gpu opp level: 0
06-27 10:47:55.607   780   828 I libPowerHal: INTERACTION: set gpu opp level max: 0
06-27 10:47:55.607   780   828 I mtkpower@impl: [powerd_req] TIMER_MSG_PERF_LOCK_TIMEOUT hdl:6769
06-27 10:47:55.607   780   828 I libPowerHal: [perfLockRel] hdl:6769, idx:13
06-27 10:47:55.607   780   828 I libPowerHal: [unsetGPUFreq] current min:0, max:0; scn_gpu_min:0, scn_gpu_max:-1; scn_gpu_min(HL):-1, scn_gpu_max(HL):-1
06-27 10:47:55.607   780   828 I libPowerHal: [setGPUFreq] Soft min/max = (0, 0); Hard min/max = (42, 0)
06-27 10:47:55.607   780   828 I libPowerHal: [setGPUFreq] final min/max = (0, 0)
06-27 10:47:55.607   780   828 I libPowerHal: INTERACTION: set gpu opp level: 0
06-27 10:47:55.607   780   828 I libPowerHal: INTERACTION: set gpu opp level max: 0
06-27 10:47:55.607   780   828 I mtkpower@impl: [powerd_req] TIMER_MSG_PERF_LOCK_TIMEOUT hdl:6770
06-27 10:47:55.607   780   828 I libPowerHal: [perfLockRel] hdl:6770, idx:14
06-27 10:47:55.607   780   828 I libPowerHal: [unsetGPUFreq] current min:0, max:0; scn_gpu_min:0, scn_gpu_max:-1; scn_gpu_min(HL):-1, scn_gpu_max(HL):-1
06-27 10:47:55.607   780   828 I libPowerHal: [setGPUFreq] Soft min/max = (0, 0); Hard min/max = (42, 0)
06-27 10:47:55.607   780   828 I libPowerHal: [setGPUFreq] final min/max = (0, 0)
06-27 10:47:55.607   780   828 I libPowerHal: INTERACTION: set gpu opp level: 0
06-27 10:47:55.607   780   828 I libPowerHal: INTERACTION: set gpu opp level max: 0
06-27 10:47:55.607   780   828 I libPowerHal: [perfLockAcq] idx:2 hdl:6794 hint:53 pid:780 tid:780 duration:80 lock_user:mtkpower@1.0-se => ret_hdl:6794
06-27 10:47:55.607   780   828 I libPowerHal: [setClusterFreq] INTERACTION set cpufreq[0] min:2000000 max:-1 cpufreq[1] min:2400000 max:-1 
06-27 10:47:55.607   780   828 I libPowerHal: [setGPUFreq] INTERACTION user set gpu freq min:0, max:-1
06-27 10:47:55.607   780   828 I libPowerHal: INTERACTION: set gpu opp level max: 0
06-27 10:47:55.607   780   828 I libPowerHal: [setGPUFreq] Soft min/max = (0, 0); Hard min/max = (42, 0)
06-27 10:47:55.607   780   828 I libPowerHal: [setGPUFreq] final min/max = (0, 0)
06-27 10:47:55.607   780   828 I libPowerHal: INTERACTION: set gpu opp level: 0
06-27 10:47:55.608   780   828 I libPowerHal: INTERACTION: set gpu opp level max: 0
06-27 10:47:55.608   780   828 I mtkpower@impl: [powerd_req] TIMER_MSG_PERF_LOCK_TIMEOUT hdl:6771
06-27 10:47:55.608   780   828 I libPowerHal: [perfLockRel] hdl:6771, idx:15
06-27 10:47:55.608   780   828 I libPowerHal: [unsetGPUFreq] current min:0, max:0; scn_gpu_min:0, scn_gpu_max:-1; scn_gpu_min(HL):-1, scn_gpu_max(HL):-1
06-27 10:47:55.608   780   828 I libPowerHal: [setGPUFreq] Soft min/max = (0, 0); Hard min/max = (42, 0)
06-27 10:47:55.608   780   828 I libPowerHal: [setGPUFreq] final min/max = (0, 0)
06-27 10:47:55.608   780   828 I libPowerHal: INTERACTION: set gpu opp level: 0
06-27 10:47:55.608   780   828 I libPowerHal: INTERACTION: set gpu opp level max: 0
06-27 10:47:55.608   780   828 I mtkpower@impl: [powerd_req] TIMER_MSG_PERF_LOCK_TIMEOUT hdl:6773
06-27 10:47:55.608   780   828 I libPowerHal: [perfLockRel] hdl:6773, idx:16
06-27 10:47:55.608   780   828 I libPowerHal: [unsetGPUFreq] current min:0, max:0; scn_gpu_min:0, scn_gpu_max:-1; scn_gpu_min(HL):-1, scn_gpu_max(HL):-1
06-27 10:47:55.608   780   828 I libPowerHal: [setGPUFreq] Soft min/max = (0, 0); Hard min/max = (42, 0)
06-27 10:47:55.608   780   828 I libPowerHal: [setGPUFreq] final min/max = (0, 0)
06-27 10:47:55.608   780   828 I libPowerHal: INTERACTION: set gpu opp level: 0
06-27 10:47:55.608   780   828 I libPowerHal: INTERACTION: set gpu opp level max: 0
06-27 10:47:55.608   780   828 I mtkpower@impl: [powerd_req] TIMER_MSG_PERF_LOCK_TIMEOUT hdl:6774
06-27 10:47:55.608   780   828 I libPowerHal: [perfLockRel] hdl:6774, idx:17
06-27 10:47:55.608   780   828 I libPowerHal: [unsetGPUFreq] current min:0, max:0; scn_gpu_min:0, scn_gpu_max:-1; scn_gpu_min(HL):-1, scn_gpu_max(HL):-1
06-27 10:47:55.608   780   828 I libPowerHal: [setGPUFreq] Soft min/max = (0, 0); Hard min/max = (42, 0)
06-27 10:47:55.608   780   828 I libPowerHal: [setGPUFreq] final min/max = (0, 0)
06-27 10:47:55.608   780   828 I libPowerHal: INTERACTION: set gpu opp level: 0
06-27 10:47:55.608   780   828 I libPowerHal: INTERACTION: set gpu opp level max: 0
06-27 10:47:55.608   780   828 I mtkpower@impl: [powerd_req] TIMER_MSG_PERF_LOCK_TIMEOUT hdl:6775
06-27 10:47:55.608   780   828 I libPowerHal: [perfLockRel] hdl:6775, idx:18
06-27 10:47:55.608   780   828 I libPowerHal: [unsetGPUFreq] current min:0, max:0; scn_gpu_min:0, scn_gpu_max:-1; scn_gpu_min(HL):-1, scn_gpu_max(HL):-1
06-27 10:47:55.608   780   828 I libPowerHal: [setGPUFreq] Soft min/max = (0, 0); Hard min/max = (42, 0)
06-27 10:47:55.608   780   828 I libPowerHal: [setGPUFreq] final min/max = (0, 0)
06-27 10:47:55.608   780   828 I libPowerHal: INTERACTION: set gpu opp level: 0
06-27 10:47:55.608   780   828 I libPowerHal: INTERACTION: set gpu opp level max: 0
06-27 10:47:55.608   780   828 I mtkpower@impl: [powerd_req] TIMER_MSG_PERF_LOCK_TIMEOUT hdl:6776
06-27 10:47:55.608   780   828 I libPowerHal: [perfLockRel] hdl:6776, idx:19
06-27 10:47:55.608   780   828 I libPowerHal: [unsetGPUFreq] current min:0, max:0; scn_gpu_min:0, scn_gpu_max:-1; scn_gpu_min(HL):-1, scn_gpu_max(HL):-1
06-27 10:47:55.608   780   828 I libPowerHal: [setGPUFreq] Soft min/max = (0, 0); Hard min/max = (42, 0)
06-27 10:47:55.609   780   828 I libPowerHal: [setGPUFreq] final min/max = (0, 0)
06-27 10:47:55.609   780   828 I libPowerHal: INTERACTION: set gpu opp level: 0
06-27 10:47:55.609   780   828 I libPowerHal: INTERACTION: set gpu opp level max: 0
06-27 10:47:55.609   744   744 E PQ_HDR  : DpAsyncBlitStream:: thie platform unsupport compress format
06-27 10:47:55.609   744   744 E PQ_HDR  : DpAsyncBlitStream:: thie platform unsupport compress format
06-27 10:47:55.609   744   744 E PQ_HDR  : DpAsyncBlitStream:: thie platform unsupport compress format
06-27 10:47:55.609   744   744 E PQ_HDR  : DpAsyncBlitStream:: thie platform unsupport compress format
06-27 10:47:55.609   780   828 I mtkpower@impl: [powerd_req] TIMER_MSG_PERF_LOCK_TIMEOUT hdl:6777
06-27 10:47:55.609   780   828 I libPowerHal: [perfLockRel] hdl:6777, idx:20
06-27 10:47:55.609   780   828 I libPowerHal: [unsetGPUFreq] current min:0, max:0; scn_gpu_min:0, scn_gpu_max:-1; scn_gpu_min(HL):-1, scn_gpu_max(HL):-1
06-27 10:47:55.609   780   828 I libPowerHal: [setGPUFreq] Soft min/max = (0, 0); Hard min/max = (42, 0)
06-27 10:47:55.609   780   828 I libPowerHal: [setGPUFreq] final min/max = (0, 0)
06-27 10:47:55.609   780   828 I libPowerHal: INTERACTION: set gpu opp level: 0
06-27 10:47:55.609   780   828 I libPowerHal: INTERACTION: set gpu opp level max: 0
06-27 10:47:55.609   780   828 I mtkpower@impl: [powerd_req] TIMER_MSG_PERF_LOCK_TIMEOUT hdl:6778
06-27 10:47:55.609   780   828 I libPowerHal: [perfLockRel] hdl:6778, idx:21
06-27 10:47:55.609   780   828 I libPowerHal: [unsetGPUFreq] current min:0, max:0; scn_gpu_min:0, scn_gpu_max:-1; scn_gpu_min(HL):-1, scn_gpu_max(HL):-1
06-27 10:47:55.609   780   828 I libPowerHal: [setGPUFreq] Soft min/max = (0, 0); Hard min/max = (42, 0)
06-27 10:47:55.609   780   828 I libPowerHal: [setGPUFreq] final min/max = (0, 0)
06-27 10:47:55.609   780   828 I libPowerHal: INTERACTION: set gpu opp level: 0
06-27 10:47:55.609   780   828 I libPowerHal: INTERACTION: set gpu opp level max: 0
06-27 10:47:55.609   780   828 I mtkpower@impl: [powerd_req] TIMER_MSG_PERF_LOCK_TIMEOUT hdl:6779
06-27 10:47:55.609   780   828 I libPowerHal: [perfLockRel] hdl:6779, idx:22
06-27 10:47:55.609   780   828 I libPowerHal: [unsetGPUFreq] current min:0, max:0; scn_gpu_min:0, scn_gpu_max:-1; scn_gpu_min(HL):-1, scn_gpu_max(HL):-1
06-27 10:47:55.609   780   828 I libPowerHal: [setGPUFreq] Soft min/max = (0, 0); Hard min/max = (42, 0)
06-27 10:47:55.609   780   828 I libPowerHal: [setGPUFreq] final min/max = (0, 0)
06-27 10:47:55.609   780   828 I libPowerHal: INTERACTION: set gpu opp level: 0
06-27 10:47:55.609   780   828 I libPowerHal: INTERACTION: set gpu opp level max: 0
06-27 10:47:55.609   780   828 I mtkpower@impl: [powerd_req] TIMER_MSG_PERF_LOCK_TIMEOUT hdl:6780
06-27 10:47:55.609   780   828 I libPowerHal: [perfLockRel] hdl:6780, idx:23
06-27 10:47:55.609   780   828 I libPowerHal: [unsetGPUFreq] current min:0, max:0; scn_gpu_min:0, scn_gpu_max:-1; scn_gpu_min(HL):-1, scn_gpu_max(HL):-1
06-27 10:47:55.609   780   828 I libPowerHal: [setGPUFreq] Soft min/max = (0, 0); Hard min/max = (42, 0)
06-27 10:47:55.609   780   828 I libPowerHal: [setGPUFreq] final min/max = (0, 0)
06-27 10:47:55.609   780   828 I libPowerHal: INTERACTION: set gpu opp level: 0
06-27 10:47:55.609   780   828 I libPowerHal: INTERACTION: set gpu opp level max: 0
06-27 10:47:55.612   780   828 I libPowerHal: [perfLockAcq] idx:3 hdl:6795 hint:53 pid:780 tid:780 duration:80 lock_user:mtkpower@1.0-se => ret_hdl:6795
06-27 10:47:55.612   780   828 I libPowerHal: [setClusterFreq] INTERACTION set cpufreq[0] min:2000000 max:-1 cpufreq[1] min:2400000 max:-1 
06-27 10:47:55.612   780   828 I libPowerHal: [setGPUFreq] INTERACTION user set gpu freq min:0, max:-1
06-27 10:47:55.612   780   828 I libPowerHal: INTERACTION: set gpu opp level max: 0
06-27 10:47:55.612   780   828 I libPowerHal: [setGPUFreq] Soft min/max = (0, 0); Hard min/max = (42, 0)
06-27 10:47:55.612   780   828 I libPowerHal: [setGPUFreq] final min/max = (0, 0)
06-27 10:47:55.612   780   828 I libPowerHal: INTERACTION: set gpu opp level: 0
06-27 10:47:55.612   780   828 I libPowerHal: INTERACTION: set gpu opp level max: 0
06-27 10:47:55.615   780   828 I mtkpower@impl: [powerd_req] TIMER_MSG_PERF_LOCK_TIMEOUT hdl:6781
06-27 10:47:55.615   780   828 I libPowerHal: [perfLockRel] hdl:6781, idx:24
06-27 10:47:55.615   780   828 I libPowerHal: [unsetGPUFreq] current min:0, max:0; scn_gpu_min:0, scn_gpu_max:-1; scn_gpu_min(HL):-1, scn_gpu_max(HL):-1
06-27 10:47:55.615   780   828 I libPowerHal: [setGPUFreq] Soft min/max = (0, 0); Hard min/max = (42, 0)
06-27 10:47:55.615   780   828 I libPowerHal: [setGPUFreq] final min/max = (0, 0)
06-27 10:47:55.615   780   828 I libPowerHal: INTERACTION: set gpu opp level: 0
06-27 10:47:55.615   780   828 I libPowerHal: INTERACTION: set gpu opp level max: 0
06-27 10:47:55.617   780   828 I libPowerHal: [perfLockAcq] idx:4 hdl:6796 hint:53 pid:780 tid:780 duration:80 lock_user:mtkpower@1.0-se => ret_hdl:6796
06-27 10:47:55.617   780   828 I libPowerHal: [setClusterFreq] INTERACTION set cpufreq[0] min:2000000 max:-1 cpufreq[1] min:2400000 max:-1 
06-27 10:47:55.617   780   828 I libPowerHal: [setGPUFreq] INTERACTION user set gpu freq min:0, max:-1
06-27 10:47:55.617   780   828 I libPowerHal: INTERACTION: set gpu opp level max: 0
06-27 10:47:55.618   780   828 I libPowerHal: [setGPUFreq] Soft min/max = (0, 0); Hard min/max = (42, 0)
06-27 10:47:55.618   780   828 I libPowerHal: [setGPUFreq] final min/max = (0, 0)
06-27 10:47:55.618   780   828 I libPowerHal: INTERACTION: set gpu opp level: 0
06-27 10:47:55.618   780   828 I libPowerHal: INTERACTION: set gpu opp level max: 0
06-27 10:47:55.619   806   806 I BufferQueueProducer: [PointerLocation - display 0#54](this:0xb400006fb27aaec0,id:-1,api:0,p:-1,c:806) queueBuffer: fps=28.86 dur=1004.75 max=695.42 min=10.87
06-27 10:47:55.619   744   744 E PQ_HDR  : DpAsyncBlitStream:: thie platform unsupport compress format
06-27 10:47:55.619   744   744 E PQ_HDR  : DpAsyncBlitStream:: thie platform unsupport compress format
06-27 10:47:55.619   744   744 E PQ_HDR  : DpAsyncBlitStream:: thie platform unsupport compress format
06-27 10:47:55.619   744   744 E PQ_HDR  : DpAsyncBlitStream:: thie platform unsupport compress format
06-27 10:47:55.621   780   828 I mtkpower@impl: [powerd_req] TIMER_MSG_PERF_LOCK_TIMEOUT hdl:6782
06-27 10:47:55.621   780   828 I libPowerHal: [perfLockRel] hdl:6782, idx:25
06-27 10:47:55.621   780   828 I libPowerHal: [unsetGPUFreq] current min:0, max:0; scn_gpu_min:0, scn_gpu_max:-1; scn_gpu_min(HL):-1, scn_gpu_max(HL):-1
06-27 10:47:55.621   780   828 I libPowerHal: [setGPUFreq] Soft min/max = (0, 0); Hard min/max = (42, 0)
06-27 10:47:55.621   780   828 I libPowerHal: [setGPUFreq] final min/max = (0, 0)
06-27 10:47:55.621   780   828 I libPowerHal: INTERACTION: set gpu opp level: 0
06-27 10:47:55.621   780   828 I libPowerHal: INTERACTION: set gpu opp level max: 0
06-27 10:47:55.624   780   828 I libPowerHal: [perfLockAcq] idx:5 hdl:6797 hint:53 pid:780 tid:780 duration:80 lock_user:mtkpower@1.0-se => ret_hdl:6797
06-27 10:47:55.624   780   828 I libPowerHal: [setClusterFreq] INTERACTION set cpufreq[0] min:2000000 max:-1 cpufreq[1] min:2400000 max:-1 
06-27 10:47:55.624   780   828 I libPowerHal: [setGPUFreq] INTERACTION user set gpu freq min:0, max:-1
06-27 10:47:55.624   780   828 I libPowerHal: INTERACTION: set gpu opp level max: 0
06-27 10:47:55.624   780   828 I libPowerHal: [setGPUFreq] Soft min/max = (0, 0); Hard min/max = (42, 0)
06-27 10:47:55.624   780   828 I libPowerHal: [setGPUFreq] final min/max = (0, 0)
06-27 10:47:55.624   780   828 I libPowerHal: INTERACTION: set gpu opp level: 0
06-27 10:47:55.624   780   828 I libPowerHal: INTERACTION: set gpu opp level max: 0
06-27 10:47:55.627   780   828 I mtkpower@impl: [powerd_req] TIMER_MSG_PERF_LOCK_TIMEOUT hdl:6783
06-27 10:47:55.627   780   828 I libPowerHal: [perfLockRel] hdl:6783, idx:26
06-27 10:47:55.627   780   828 I libPowerHal: [unsetGPUFreq] current min:0, max:0; scn_gpu_min:0, scn_gpu_max:-1; scn_gpu_min(HL):-1, scn_gpu_max(HL):-1
06-27 10:47:55.627   780   828 I libPowerHal: [setGPUFreq] Soft min/max = (0, 0); Hard min/max = (42, 0)
06-27 10:47:55.627   780   828 I libPowerHal: [setGPUFreq] final min/max = (0, 0)
06-27 10:47:55.627   780   828 I libPowerHal: INTERACTION: set gpu opp level: 0
06-27 10:47:55.627   780   828 I libPowerHal: INTERACTION: set gpu opp level max: 0
06-27 10:47:55.629   780   828 I libPowerHal: [perfLockAcq] idx:8 hdl:6798 hint:53 pid:780 tid:780 duration:80 lock_user:mtkpower@1.0-se => ret_hdl:6798
06-27 10:47:55.629   780   828 I libPowerHal: [setClusterFreq] INTERACTION set cpufreq[0] min:2000000 max:-1 cpufreq[1] min:2400000 max:-1 
06-27 10:47:55.629   780   828 I libPowerHal: [setGPUFreq] INTERACTION user set gpu freq min:0, max:-1
06-27 10:47:55.629   780   828 I libPowerHal: INTERACTION: set gpu opp level max: 0
06-27 10:47:55.629   780   828 I libPowerHal: [setGPUFreq] Soft min/max = (0, 0); Hard min/max = (42, 0)
06-27 10:47:55.629   780   828 I libPowerHal: [setGPUFreq] final min/max = (0, 0)
06-27 10:47:55.629   780   828 I libPowerHal: INTERACTION: set gpu opp level: 0
06-27 10:47:55.629   780   828 I libPowerHal: INTERACTION: set gpu opp level max: 0
06-27 10:47:55.630   806   806 I BufferQueueProducer: [NotificationShade#1114](this:0xb400006fb27ef440,id:-1,api:0,p:-1,c:806) queueBuffer: fps=45.78 dur=1004.85 max=507.91 min=10.57
06-27 10:47:55.631   744   744 E PQ_HDR  : DpAsyncBlitStream:: thie platform unsupport compress format
06-27 10:47:55.631   744   744 E PQ_HDR  : DpAsyncBlitStream:: thie platform unsupport compress format
06-27 10:47:55.631   744   744 E PQ_HDR  : DpAsyncBlitStream:: thie platform unsupport compress format
06-27 10:47:55.631   744   744 E PQ_HDR  : DpAsyncBlitStream:: thie platform unsupport compress format
06-27 10:47:55.632   780   828 I mtkpower@impl: [powerd_req] TIMER_MSG_PERF_LOCK_TIMEOUT hdl:6784
06-27 10:47:55.632   780   828 I libPowerHal: [perfLockRel] hdl:6784, idx:27
06-27 10:47:55.632   780   828 I libPowerHal: [unsetGPUFreq] current min:0, max:0; scn_gpu_min:0, scn_gpu_max:-1; scn_gpu_min(HL):-1, scn_gpu_max(HL):-1
06-27 10:47:55.632   780   828 I libPowerHal: [setGPUFreq] Soft min/max = (0, 0); Hard min/max = (42, 0)
06-27 10:47:55.632   780   828 I libPowerHal: [setGPUFreq] final min/max = (0, 0)
06-27 10:47:55.632   780   828 I libPowerHal: INTERACTION: set gpu opp level: 0
06-27 10:47:55.632   780   828 I libPowerHal: INTERACTION: set gpu opp level max: 0
06-27 10:47:55.635   780   828 I libPowerHal: [perfLockAcq] idx:9 hdl:6799 hint:53 pid:780 tid:780 duration:80 lock_user:mtkpower@1.0-se => ret_hdl:6799
06-27 10:47:55.635   780   828 I libPowerHal: [setClusterFreq] INTERACTION set cpufreq[0] min:2000000 max:-1 cpufreq[1] min:2400000 max:-1 
06-27 10:47:55.635   780   828 I libPowerHal: [setGPUFreq] INTERACTION user set gpu freq min:0, max:-1
06-27 10:47:55.635   780   828 I libPowerHal: INTERACTION: set gpu opp level max: 0
06-27 10:47:55.635   780   828 I libPowerHal: [setGPUFreq] Soft min/max = (0, 0); Hard min/max = (42, 0)
06-27 10:47:55.635   780   828 I libPowerHal: [setGPUFreq] final min/max = (0, 0)
06-27 10:47:55.635   780   828 I libPowerHal: INTERACTION: set gpu opp level: 0
06-27 10:47:55.635   780   828 I libPowerHal: INTERACTION: set gpu opp level max: 0
06-27 10:47:55.638   780   828 I mtkpower@impl: [powerd_req] TIMER_MSG_PERF_LOCK_TIMEOUT hdl:6785
06-27 10:47:55.638   780   828 I libPowerHal: [perfLockRel] hdl:6785, idx:28
06-27 10:47:55.638   780   828 I libPowerHal: [unsetGPUFreq] current min:0, max:0; scn_gpu_min:0, scn_gpu_max:-1; scn_gpu_min(HL):-1, scn_gpu_max(HL):-1
06-27 10:47:55.638   780   828 I libPowerHal: [setGPUFreq] Soft min/max = (0, 0); Hard min/max = (42, 0)
06-27 10:47:55.638   780   828 I libPowerHal: [setGPUFreq] final min/max = (0, 0)
06-27 10:47:55.638   780   828 I libPowerHal: INTERACTION: set gpu opp level: 0
06-27 10:47:55.638   780   828 I libPowerHal: INTERACTION: set gpu opp level max: 0
06-27 10:47:55.639   780   828 I libPowerHal: [perfLockAcq] idx:10 hdl:6800 hint:53 pid:780 tid:780 duration:80 lock_user:mtkpower@1.0-se => ret_hdl:6800
06-27 10:47:55.639   780   828 I libPowerHal: [setClusterFreq] INTERACTION set cpufreq[0] min:2000000 max:-1 cpufreq[1] min:2400000 max:-1 
06-27 10:47:55.639   780   828 I libPowerHal: [setGPUFreq] INTERACTION user set gpu freq min:0, max:-1
06-27 10:47:55.639   780   828 I libPowerHal: INTERACTION: set gpu opp level max: 0
06-27 10:47:55.639   780   828 I libPowerHal: [setGPUFreq] Soft min/max = (0, 0); Hard min/max = (42, 0)
06-27 10:47:55.640   780   828 I libPowerHal: [setGPUFreq] final min/max = (0, 0)
06-27 10:47:55.640   780   828 I libPowerHal: INTERACTION: set gpu opp level: 0
06-27 10:47:55.640   780   828 I libPowerHal: INTERACTION: set gpu opp level max: 0
06-27 10:47:55.643   744   744 E PQ_HDR  : DpAsyncBlitStream:: thie platform unsupport compress format
06-27 10:47:55.643   744   744 E PQ_HDR  : DpAsyncBlitStream:: thie platform unsupport compress format
06-27 10:47:55.643   744   744 E PQ_HDR  : DpAsyncBlitStream:: thie platform unsupport compress format
06-27 10:47:55.643   744   744 E PQ_HDR  : DpAsyncBlitStream:: thie platform unsupport compress format
06-27 10:47:55.643   780   828 I mtkpower@impl: [powerd_req] TIMER_MSG_PERF_LOCK_TIMEOUT hdl:6786
06-27 10:47:55.643   780   828 I libPowerHal: [perfLockRel] hdl:6786, idx:29
06-27 10:47:55.643   780   828 I libPowerHal: [unsetGPUFreq] current min:0, max:0; scn_gpu_min:0, scn_gpu_max:-1; scn_gpu_min(HL):-1, scn_gpu_max(HL):-1
06-27 10:47:55.643   780   828 I libPowerHal: [setGPUFreq] Soft min/max = (0, 0); Hard min/max = (42, 0)
06-27 10:47:55.643   780   828 I libPowerHal: [setGPUFreq] final min/max = (0, 0)
06-27 10:47:55.643   780   828 I libPowerHal: INTERACTION: set gpu opp level: 0
06-27 10:47:55.643   780   828 I libPowerHal: INTERACTION: set gpu opp level max: 0
06-27 10:47:55.645   780   828 I libPowerHal: [perfLockAcq] idx:11 hdl:6801 hint:53 pid:780 tid:780 duration:80 lock_user:mtkpower@1.0-se => ret_hdl:6801
06-27 10:47:55.645   780   828 I libPowerHal: [setClusterFreq] INTERACTION set cpufreq[0] min:2000000 max:-1 cpufreq[1] min:2400000 max:-1 
06-27 10:47:55.645   780   828 I libPowerHal: [setGPUFreq] INTERACTION user set gpu freq min:0, max:-1
06-27 10:47:55.645   780   828 I libPowerHal: INTERACTION: set gpu opp level max: 0
06-27 10:47:55.645   780   828 I libPowerHal: [setGPUFreq] Soft min/max = (0, 0); Hard min/max = (42, 0)
06-27 10:47:55.645   780   828 I libPowerHal: [setGPUFreq] final min/max = (0, 0)
06-27 10:47:55.645   780   828 I libPowerHal: INTERACTION: set gpu opp level: 0
06-27 10:47:55.646   780   828 I libPowerHal: INTERACTION: set gpu opp level max: 0
06-27 10:47:55.649   780   828 I mtkpower@impl: [powerd_req] TIMER_MSG_PERF_LOCK_TIMEOUT hdl:6787
06-27 10:47:55.649   780   828 I libPowerHal: [perfLockRel] hdl:6787, idx:1
06-27 10:47:55.649   780   828 I libPowerHal: [unsetGPUFreq] current min:0, max:0; scn_gpu_min:0, scn_gpu_max:-1; scn_gpu_min(HL):-1, scn_gpu_max(HL):-1
06-27 10:47:55.649   780   828 I libPowerHal: [setGPUFreq] Soft min/max = (0, 0); Hard min/max = (42, 0)
06-27 10:47:55.649   780   828 I libPowerHal: [setGPUFreq] final min/max = (0, 0)
06-27 10:47:55.649   780   828 I libPowerHal: INTERACTION: set gpu opp level: 0
06-27 10:47:55.649   780   828 I libPowerHal: INTERACTION: set gpu opp level max: 0
06-27 10:47:55.650   780   828 I libPowerHal: [perfLockAcq] idx:1 hdl:6802 hint:53 pid:780 tid:780 duration:80 lock_user:mtkpower@1.0-se => ret_hdl:6802
06-27 10:47:55.650   780   828 I libPowerHal: [setClusterFreq] INTERACTION set cpufreq[0] min:2000000 max:-1 cpufreq[1] min:2400000 max:-1 
06-27 10:47:55.650   780   828 I libPowerHal: [setGPUFreq] INTERACTION user set gpu freq min:0, max:-1
06-27 10:47:55.651   780   828 I libPowerHal: INTERACTION: set gpu opp level max: 0
06-27 10:47:55.651   780   828 I libPowerHal: [setGPUFreq] Soft min/max = (0, 0); Hard min/max = (42, 0)
06-27 10:47:55.651   780   828 I libPowerHal: [setGPUFreq] final min/max = (0, 0)
06-27 10:47:55.651   780   828 I libPowerHal: INTERACTION: set gpu opp level: 0
06-27 10:47:55.651   780   828 I libPowerHal: INTERACTION: set gpu opp level max: 0
06-27 10:47:55.654   744   744 E PQ_HDR  : DpAsyncBlitStream:: thie platform unsupport compress format
06-27 10:47:55.654   744   744 E PQ_HDR  : DpAsyncBlitStream:: thie platform unsupport compress format
06-27 10:47:55.654   744   744 E PQ_HDR  : DpAsyncBlitStream:: thie platform unsupport compress format
06-27 10:47:55.654   744   744 E PQ_HDR  : DpAsyncBlitStream:: thie platform unsupport compress format
06-27 10:47:55.654   780   828 I mtkpower@impl: [powerd_req] TIMER_MSG_PERF_LOCK_TIMEOUT hdl:6788
06-27 10:47:55.654   780   828 I libPowerHal: [perfLockRel] hdl:6788, idx:30
06-27 10:47:55.654   780   828 I libPowerHal: [unsetGPUFreq] current min:0, max:0; scn_gpu_min:0, scn_gpu_max:-1; scn_gpu_min(HL):-1, scn_gpu_max(HL):-1
06-27 10:47:55.654   780   828 I libPowerHal: [setGPUFreq] Soft min/max = (0, 0); Hard min/max = (42, 0)
06-27 10:47:55.654   780   828 I libPowerHal: [setGPUFreq] final min/max = (0, 0)
06-27 10:47:55.654   780   828 I libPowerHal: INTERACTION: set gpu opp level: 0
06-27 10:47:55.655   780   828 I libPowerHal: INTERACTION: set gpu opp level max: 0
06-27 10:47:55.657   780   828 I libPowerHal: [perfLockAcq] idx:12 hdl:6803 hint:53 pid:780 tid:780 duration:80 lock_user:mtkpower@1.0-se => ret_hdl:6803
06-27 10:47:55.657   780   828 I libPowerHal: [setClusterFreq] INTERACTION set cpufreq[0] min:2000000 max:-1 cpufreq[1] min:2400000 max:-1 
06-27 10:47:55.657   780   828 I libPowerHal: [setGPUFreq] INTERACTION user set gpu freq min:0, max:-1
06-27 10:47:55.657   780   828 I libPowerHal: INTERACTION: set gpu opp level max: 0
06-27 10:47:55.657   780   828 I libPowerHal: [setGPUFreq] Soft min/max = (0, 0); Hard min/max = (42, 0)
06-27 10:47:55.657   780   828 I libPowerHal: [setGPUFreq] final min/max = (0, 0)
06-27 10:47:55.657   780   828 I libPowerHal: INTERACTION: set gpu opp level: 0
06-27 10:47:55.657   780   828 I libPowerHal: INTERACTION: set gpu opp level max: 0
06-27 10:47:55.660   780   828 I mtkpower@impl: [powerd_req] TIMER_MSG_PERF_LOCK_TIMEOUT hdl:6789
06-27 10:47:55.660   780   828 I libPowerHal: [perfLockRel] hdl:6789, idx:31
06-27 10:47:55.660   780   828 I libPowerHal: [unsetGPUFreq] current min:0, max:0; scn_gpu_min:0, scn_gpu_max:-1; scn_gpu_min(HL):-1, scn_gpu_max(HL):-1
06-27 10:47:55.660   780   828 I libPowerHal: [setGPUFreq] Soft min/max = (0, 0); Hard min/max = (42, 0)
06-27 10:47:55.660   780   828 I libPowerHal: [setGPUFreq] final min/max = (0, 0)
06-27 10:47:55.660   780   828 I libPowerHal: INTERACTION: set gpu opp level: 0
06-27 10:47:55.660   780   828 I libPowerHal: INTERACTION: set gpu opp level max: 0
06-27 10:47:55.661   780   828 I libPowerHal: [perfLockAcq] idx:13 hdl:6804 hint:53 pid:780 tid:780 duration:80 lock_user:mtkpower@1.0-se => ret_hdl:6804
06-27 10:47:55.661   780   828 I libPowerHal: [setClusterFreq] INTERACTION set cpufreq[0] min:2000000 max:-1 cpufreq[1] min:2400000 max:-1 
06-27 10:47:55.662   780   828 I libPowerHal: [setGPUFreq] INTERACTION user set gpu freq min:0, max:-1
06-27 10:47:55.662   780   828 I libPowerHal: INTERACTION: set gpu opp level max: 0
06-27 10:47:55.662   780   828 I libPowerHal: [setGPUFreq] Soft min/max = (0, 0); Hard min/max = (42, 0)
06-27 10:47:55.662   780   828 I libPowerHal: [setGPUFreq] final min/max = (0, 0)
06-27 10:47:55.662   780   828 I libPowerHal: INTERACTION: set gpu opp level: 0
06-27 10:47:55.662   780   828 I libPowerHal: INTERACTION: set gpu opp level max: 0
06-27 10:47:55.665   744   744 E PQ_HDR  : DpAsyncBlitStream:: thie platform unsupport compress format
06-27 10:47:55.665   744   744 E PQ_HDR  : DpAsyncBlitStream:: thie platform unsupport compress format
06-27 10:47:55.665   744   744 E PQ_HDR  : DpAsyncBlitStream:: thie platform unsupport compress format
06-27 10:47:55.665   744   744 E PQ_HDR  : DpAsyncBlitStream:: thie platform unsupport compress format
06-27 10:47:55.665   780   828 I mtkpower@impl: [powerd_req] TIMER_MSG_PERF_LOCK_TIMEOUT hdl:6790
06-27 10:47:55.665   780   828 I libPowerHal: [perfLockRel] hdl:6790, idx:32
06-27 10:47:55.665   780   828 I libPowerHal: [unsetGPUFreq] current min:0, max:0; scn_gpu_min:0, scn_gpu_max:-1; scn_gpu_min(HL):-1, scn_gpu_max(HL):-1
06-27 10:47:55.665   780   828 I libPowerHal: [setGPUFreq] Soft min/max = (0, 0); Hard min/max = (42, 0)
06-27 10:47:55.665   780   828 I libPowerHal: [setGPUFreq] final min/max = (0, 0)
06-27 10:47:55.665   780   828 I libPowerHal: INTERACTION: set gpu opp level: 0
06-27 10:47:55.665   780   828 I libPowerHal: INTERACTION: set gpu opp level max: 0
06-27 10:47:55.669   780   828 I libPowerHal: [perfLockAcq] idx:14 hdl:6805 hint:53 pid:780 tid:780 duration:80 lock_user:mtkpower@1.0-se => ret_hdl:6805
06-27 10:47:55.669   780   828 I libPowerHal: [setClusterFreq] INTERACTION set cpufreq[0] min:2000000 max:-1 cpufreq[1] min:2400000 max:-1 
06-27 10:47:55.669   780   828 I libPowerHal: [setGPUFreq] INTERACTION user set gpu freq min:0, max:-1
06-27 10:47:55.669   780   828 I libPowerHal: INTERACTION: set gpu opp level max: 0
06-27 10:47:55.669   780   828 I libPowerHal: [setGPUFreq] Soft min/max = (0, 0); Hard min/max = (42, 0)
06-27 10:47:55.669   780   828 I libPowerHal: [setGPUFreq] final min/max = (0, 0)
06-27 10:47:55.669   780   828 I libPowerHal: INTERACTION: set gpu opp level: 0
06-27 10:47:55.669   780   828 I libPowerHal: INTERACTION: set gpu opp level max: 0
06-27 10:47:55.671   747   787 E HfLooper: dst->data[5.000000,50.000000,9731.000000]
06-27 10:47:55.672   780   828 I mtkpower@impl: [powerd_req] TIMER_MSG_PERF_LOCK_TIMEOUT hdl:6791
06-27 10:47:55.672   780   828 I libPowerHal: [perfLockRel] hdl:6791, idx:33
06-27 10:47:55.672   780   828 I libPowerHal: [unsetGPUFreq] current min:0, max:0; scn_gpu_min:0, scn_gpu_max:-1; scn_gpu_min(HL):-1, scn_gpu_max(HL):-1
06-27 10:47:55.672   780   828 I libPowerHal: [setGPUFreq] Soft min/max = (0, 0); Hard min/max = (42, 0)
06-27 10:47:55.672   780   828 I libPowerHal: [setGPUFreq] final min/max = (0, 0)
06-27 10:47:55.672   780   828 I libPowerHal: INTERACTION: set gpu opp level: 0
06-27 10:47:55.672   780   828 I libPowerHal: INTERACTION: set gpu opp level max: 0
06-27 10:47:55.673   780   828 I libPowerHal: [perfLockAcq] idx:15 hdl:6806 hint:53 pid:780 tid:780 duration:80 lock_user:mtkpower@1.0-se => ret_hdl:6806
06-27 10:47:55.673   780   828 I libPowerHal: [setClusterFreq] INTERACTION set cpufreq[0] min:2000000 max:-1 cpufreq[1] min:2400000 max:-1 
06-27 10:47:55.673   780   828 I libPowerHal: [setGPUFreq] INTERACTION user set gpu freq min:0, max:-1
06-27 10:47:55.673   780   828 I libPowerHal: INTERACTION: set gpu opp level max: 0
06-27 10:47:55.673   780   828 I libPowerHal: [setGPUFreq] Soft min/max = (0, 0); Hard min/max = (42, 0)
06-27 10:47:55.673   780   828 I libPowerHal: [setGPUFreq] final min/max = (0, 0)
06-27 10:47:55.673   780   828 I libPowerHal: INTERACTION: set gpu opp level: 0
06-27 10:47:55.674   780   828 I libPowerHal: INTERACTION: set gpu opp level max: 0
06-27 10:47:55.676   780   828 I mtkpower@impl: [powerd_req] TIMER_MSG_PERF_LOCK_TIMEOUT hdl:6792
06-27 10:47:55.676   780   828 I libPowerHal: [perfLockRel] hdl:6792, idx:34
06-27 10:47:55.676   744   744 E PQ_HDR  : DpAsyncBlitStream:: thie platform unsupport compress format
06-27 10:47:55.676   780   828 I libPowerHal: [unsetGPUFreq] current min:0, max:0; scn_gpu_min:0, scn_gpu_max:-1; scn_gpu_min(HL):-1, scn_gpu_max(HL):-1
06-27 10:47:55.676   744   744 E PQ_HDR  : DpAsyncBlitStream:: thie platform unsupport compress format
06-27 10:47:55.676   780   828 I libPowerHal: [setGPUFreq] Soft min/max = (0, 0); Hard min/max = (42, 0)
06-27 10:47:55.676   744   744 E PQ_HDR  : DpAsyncBlitStream:: thie platform unsupport compress format
06-27 10:47:55.676   780   828 I libPowerHal: [setGPUFreq] final min/max = (0, 0)
06-27 10:47:55.676   744   744 E PQ_HDR  : DpAsyncBlitStream:: thie platform unsupport compress format
06-27 10:47:55.676   780   828 I libPowerHal: INTERACTION: set gpu opp level: 0
06-27 10:47:55.676   780   828 I libPowerHal: INTERACTION: set gpu opp level max: 0
06-27 10:47:55.679   780   828 I libPowerHal: [perfLockAcq] idx:16 hdl:6807 hint:53 pid:780 tid:780 duration:80 lock_user:mtkpower@1.0-se => ret_hdl:6807
06-27 10:47:55.679   780   828 I libPowerHal: [setClusterFreq] INTERACTION set cpufreq[0] min:2000000 max:-1 cpufreq[1] min:2400000 max:-1 
06-27 10:47:55.679   780   828 I libPowerHal: [setGPUFreq] INTERACTION user set gpu freq min:0, max:-1
06-27 10:47:55.679   780   828 I libPowerHal: INTERACTION: set gpu opp level max: 0
06-27 10:47:55.679   780   828 I libPowerHal: [setGPUFreq] Soft min/max = (0, 0); Hard min/max = (42, 0)
06-27 10:47:55.679   780   828 I libPowerHal: [setGPUFreq] final min/max = (0, 0)
06-27 10:47:55.679   780   828 I libPowerHal: INTERACTION: set gpu opp level: 0
06-27 10:47:55.680   780   828 I libPowerHal: INTERACTION: set gpu opp level max: 0
06-27 10:47:55.684   780   828 I libPowerHal: [perfLockAcq] idx:17 hdl:6808 hint:53 pid:780 tid:780 duration:80 lock_user:mtkpower@1.0-se => ret_hdl:6808
06-27 10:47:55.684   780   828 I libPowerHal: [setClusterFreq] INTERACTION set cpufreq[0] min:2000000 max:-1 cpufreq[1] min:2400000 max:-1 
06-27 10:47:55.684   780   828 I libPowerHal: [setGPUFreq] INTERACTION user set gpu freq min:0, max:-1
06-27 10:47:55.684   780   828 I libPowerHal: INTERACTION: set gpu opp level max: 0
06-27 10:47:55.684   780   828 I libPowerHal: [setGPUFreq] Soft min/max = (0, 0); Hard min/max = (42, 0)
06-27 10:47:55.684   780   828 I libPowerHal: [setGPUFreq] final min/max = (0, 0)
06-27 10:47:55.684   780   828 I libPowerHal: INTERACTION: set gpu opp level: 0
06-27 10:47:55.684   780   828 I libPowerHal: INTERACTION: set gpu opp level max: 0
06-27 10:47:55.684   780   828 I mtkpower@impl: [powerd_req] TIMER_MSG_PERF_LOCK_TIMEOUT hdl:6793
06-27 10:47:55.684   780   828 I libPowerHal: [perfLockRel] hdl:6793, idx:0
06-27 10:47:55.685   780   828 I libPowerHal: [unsetGPUFreq] current min:0, max:0; scn_gpu_min:0, scn_gpu_max:-1; scn_gpu_min(HL):-1, scn_gpu_max(HL):-1
06-27 10:47:55.685   780   828 I libPowerHal: [setGPUFreq] Soft min/max = (0, 0); Hard min/max = (42, 0)
06-27 10:47:55.685   780   828 I libPowerHal: [setGPUFreq] final min/max = (0, 0)
06-27 10:47:55.685   780   828 I libPowerHal: INTERACTION: set gpu opp level: 0
06-27 10:47:55.685   780   828 I libPowerHal: INTERACTION: set gpu opp level max: 0
06-27 10:47:55.687   744   744 E PQ_HDR  : DpAsyncBlitStream:: thie platform unsupport compress format
06-27 10:47:55.687   744   744 E PQ_HDR  : DpAsyncBlitStream:: thie platform unsupport compress format
06-27 10:47:55.687   744   744 E PQ_HDR  : DpAsyncBlitStream:: thie platform unsupport compress format
06-27 10:47:55.687   744   744 E PQ_HDR  : DpAsyncBlitStream:: thie platform unsupport compress format
06-27 10:47:55.687   780   828 I mtkpower@impl: [powerd_req] TIMER_MSG_PERF_LOCK_TIMEOUT hdl:6794
06-27 10:47:55.687   780   828 I libPowerHal: [perfLockRel] hdl:6794, idx:2
06-27 10:47:55.687   780   828 I libPowerHal: [unsetGPUFreq] current min:0, max:0; scn_gpu_min:0, scn_gpu_max:-1; scn_gpu_min(HL):-1, scn_gpu_max(HL):-1
06-27 10:47:55.687   780   828 I libPowerHal: [setGPUFreq] Soft min/max = (0, 0); Hard min/max = (42, 0)
06-27 10:47:55.687   780   828 I libPowerHal: [setGPUFreq] final min/max = (0, 0)
06-27 10:47:55.687   780   828 I libPowerHal: INTERACTION: set gpu opp level: 0
06-27 10:47:55.688   780   828 I libPowerHal: INTERACTION: set gpu opp level max: 0
06-27 10:47:55.689   780   828 I libPowerHal: [perfLockAcq] idx:0 hdl:6809 hint:53 pid:780 tid:780 duration:80 lock_user:mtkpower@1.0-se => ret_hdl:6809
06-27 10:47:55.689   780   828 I libPowerHal: [setClusterFreq] INTERACTION set cpufreq[0] min:2000000 max:-1 cpufreq[1] min:2400000 max:-1 
06-27 10:47:55.689   780   828 I libPowerHal: [setGPUFreq] INTERACTION user set gpu freq min:0, max:-1
06-27 10:47:55.689   780   828 I libPowerHal: INTERACTION: set gpu opp level max: 0
06-27 10:47:55.690   780   828 I libPowerHal: [setGPUFreq] Soft min/max = (0, 0); Hard min/max = (42, 0)
06-27 10:47:55.690   780   828 I libPowerHal: [setGPUFreq] final min/max = (0, 0)
06-27 10:47:55.690   780   828 I libPowerHal: INTERACTION: set gpu opp level: 0
06-27 10:47:55.690   780   828 I libPowerHal: INTERACTION: set gpu opp level max: 0
06-27 10:47:55.692   780   828 I mtkpower@impl: [powerd_req] TIMER_MSG_PERF_LOCK_TIMEOUT hdl:6795
06-27 10:47:55.692   780   828 I libPowerHal: [perfLockRel] hdl:6795, idx:3
06-27 10:47:55.692   780   828 I libPowerHal: [unsetGPUFreq] current min:0, max:0; scn_gpu_min:0, scn_gpu_max:-1; scn_gpu_min(HL):-1, scn_gpu_max(HL):-1
06-27 10:47:55.692   780   828 I libPowerHal: [setGPUFreq] Soft min/max = (0, 0); Hard min/max = (42, 0)
06-27 10:47:55.692   780   828 I libPowerHal: [setGPUFreq] final min/max = (0, 0)
06-27 10:47:55.692   780   828 I libPowerHal: INTERACTION: set gpu opp level: 0
06-27 10:47:55.692   780   828 I libPowerHal: INTERACTION: set gpu opp level max: 0
06-27 10:47:55.695   780   828 I libPowerHal: [perfLockAcq] idx:2 hdl:6810 hint:53 pid:780 tid:780 duration:80 lock_user:mtkpower@1.0-se => ret_hdl:6810
06-27 10:47:55.695   780   828 I libPowerHal: [setClusterFreq] INTERACTION set cpufreq[0] min:2000000 max:-1 cpufreq[1] min:2400000 max:-1 
06-27 10:47:55.695   780   828 I libPowerHal: [setGPUFreq] INTERACTION user set gpu freq min:0, max:-1
06-27 10:47:55.695   780   828 I libPowerHal: INTERACTION: set gpu opp level max: 0
06-27 10:47:55.695   780   828 I libPowerHal: [setGPUFreq] Soft min/max = (0, 0); Hard min/max = (42, 0)
06-27 10:47:55.695   780   828 I libPowerHal: [setGPUFreq] final min/max = (0, 0)
06-27 10:47:55.695   780   828 I libPowerHal: INTERACTION: set gpu opp level: 0
06-27 10:47:55.695   780   828 I libPowerHal: INTERACTION: set gpu opp level max: 0
06-27 10:47:55.697   780   828 I mtkpower@impl: [powerd_req] TIMER_MSG_PERF_LOCK_TIMEOUT hdl:6796
06-27 10:47:55.697   780   828 I libPowerHal: [perfLockRel] hdl:6796, idx:4
06-27 10:47:55.698   780   828 I libPowerHal: [unsetGPUFreq] current min:0, max:0; scn_gpu_min:0, scn_gpu_max:-1; scn_gpu_min(HL):-1, scn_gpu_max(HL):-1
