--------- beginning of main
06-27 12:30:15.329 20712 20712 D RAInjector: getView: position 0 info: com.android.internal.app.chooser.DisplayResolveInfo@a3941db
06-27 12:30:15.329 20712 20712 D RAInjector: bindView: ComponentInfo{com.mxtech.videoplayer.ad/com.mxtech.videoplayer.ad.ActivityScreen}
06-27 12:30:15.329 20712 20712 D RAInjector: info.getDisplayLabel: MX Player hasDisplayIcon: false position: 0
06-27 12:30:15.329 20712 20712 D RAInjector: getView: position 0 info: com.android.internal.app.chooser.DisplayResolveInfo@a3941db
06-27 12:30:15.329 20712 20712 D RAInjector: bindView: ComponentInfo{com.mxtech.videoplayer.ad/com.mxtech.videoplayer.ad.ActivityScreen}
06-27 12:30:15.329 20712 20712 D RAInjector: info.getDisplayLabel: MX Player hasDisplayIcon: false position: 0
06-27 12:30:15.329 20712 20712 D RAInjector: getView: position 0 info: com.android.internal.app.chooser.DisplayResolveInfo@a3941db
06-27 12:30:15.329 20712 20712 D RAInjector: bindView: ComponentInfo{com.mxtech.videoplayer.ad/com.mxtech.videoplayer.ad.ActivityScreen}
06-27 12:30:15.329 20712 20712 D RAInjector: info.getDisplayLabel: MX Player hasDisplayIcon: false position: 0
06-27 12:30:15.329 20712 20712 D RAInjector: getView: position 0 info: com.android.internal.app.chooser.DisplayResolveInfo@a3941db
06-27 12:30:15.329 20712 20712 D RAInjector: bindView: ComponentInfo{com.mxtech.videoplayer.ad/com.mxtech.videoplayer.ad.ActivityScreen}
06-27 12:30:15.329 20712 20712 D RAInjector: info.getDisplayLabel: MX Player hasDisplayIcon: false position: 0
06-27 12:30:15.330 20712 20712 D RAInjector: getView: position 0 info: com.android.internal.app.chooser.DisplayResolveInfo@a3941db
06-27 12:30:15.330 20712 20712 D RAInjector: bindView: ComponentInfo{com.mxtech.videoplayer.ad/com.mxtech.videoplayer.ad.ActivityScreen}
06-27 12:30:15.330 20712 20712 D RAInjector: info.getDisplayLabel: MX Player hasDisplayIcon: false position: 0
06-27 12:30:15.330 20712 20712 D RAInjector: getView: position 1 info: com.android.internal.app.chooser.DisplayResolveInfo@d7cad42
06-27 12:30:15.330 20712 20712 D RAInjector: bindView: ComponentInfo{com.mxtech.videoplayer.ad/com.mxtech.videoplayer.ad.ActivityPipScreen}
06-27 12:30:15.330 20712 20712 D RAInjector: info.getDisplayLabel: MX Pop-up mode hasDisplayIcon: false position: 1
06-27 12:30:15.331 20712 20712 D RAInjector: getView: position 2 info: com.android.internal.app.chooser.DisplayResolveInfo@2f32b45
06-27 12:30:15.331 20712 20712 D RAInjector: bindView: ComponentInfo{com.miui.player/com.miui.player.phone.ui.AudioPreview}
06-27 12:30:15.331 20712 20712 D RAInjector: info.getDisplayLabel: Music hasDisplayIcon: false position: 2
06-27 12:30:15.332 20712 20712 D RAInjector: getView: position 3 info: com.android.internal.app.chooser.DisplayResolveInfo@bd9a54
06-27 12:30:15.332 20712 20712 D RAInjector: bindView: ComponentInfo{com.bsbportal.music/com.bsbportal.music.activities.LauncherScreenActivity}
06-27 12:30:15.332 20712 20712 D RAInjector: info.getDisplayLabel: Wynk Music hasDisplayIcon: false position: 3
06-27 12:30:15.332 21664 21664 E oadcastreceive: Not starting debugger since process cannot load the jdwp agent.
06-27 12:30:15.339 20712 20712 D AbstractResolverComp: RANKER_SERVICE_RESULT
06-27 12:30:15.339 20712 20812 D RAInjector: LoadIconTask::doInBackground ResolveInfo{25dd506 com.mxtech.videoplayer.ad/.ActivityScreen m=0x608000}
06-27 12:30:15.340  1919  7135 D CompatibilityInfo: mCompatibilityFlags - 0
06-27 12:30:15.340  1919  7135 D CompatibilityInfo: applicationDensity - 440
06-27 12:30:15.340  1919  7135 D CompatibilityInfo: applicationScale - 1.0
06-27 12:30:15.340 20712 21658 D RAInjector: LoadIconTask::doInBackground ResolveInfo{25dd506 com.mxtech.videoplayer.ad/.ActivityScreen m=0x608000}
06-27 12:30:15.341  1919  7135 D CompatibilityInfo: mCompatibilityFlags - 0
06-27 12:30:15.341  1919  7135 D CompatibilityInfo: applicationDensity - 440
06-27 12:30:15.341  1919  7135 D CompatibilityInfo: applicationScale - 1.0
06-27 12:30:15.341  1919  2385 I MiuiNetworkPolicy: updateUidState uid = 10216, uidState = 11
06-27 12:30:15.342 20712 20812 D RAInjector: LoadIconTask::doInBackground ResolveInfo{25dd506 com.mxtech.videoplayer.ad/.ActivityScreen m=0x608000}
06-27 12:30:15.342 20712 21658 D RAInjector: LoadIconTask::doInBackground ResolveInfo{25dd506 com.mxtech.videoplayer.ad/.ActivityScreen m=0x608000}
06-27 12:30:15.343 20712 20812 D RAInjector: LoadIconTask::doInBackground ResolveInfo{25dd506 com.mxtech.videoplayer.ad/.ActivityScreen m=0x608000}
06-27 12:30:15.343 20712 21658 D RAInjector: LoadIconTask::doInBackground ResolveInfo{25dd506 com.mxtech.videoplayer.ad/.ActivityScreen m=0x608000}
06-27 12:30:15.344 20712 20812 D RAInjector: LoadIconTask::doInBackground ResolveInfo{25dd506 com.mxtech.videoplayer.ad/.ActivityScreen m=0x608000}
06-27 12:30:15.344 20712 21658 D RAInjector: LoadIconTask::doInBackground ResolveInfo{25dd506 com.mxtech.videoplayer.ad/.ActivityScreen m=0x608000}
06-27 12:30:15.344 20712 20812 D RAInjector: LoadIconTask::doInBackground ResolveInfo{25dd506 com.mxtech.videoplayer.ad/.ActivityScreen m=0x608000}
06-27 12:30:15.345 20712 21658 D RAInjector: LoadIconTask::doInBackground ResolveInfo{25dd506 com.mxtech.videoplayer.ad/.ActivityScreen m=0x608000}
06-27 12:30:15.345 20712 20812 D RAInjector: LoadIconTask::doInBackground ResolveInfo{17fb7c7 com.mxtech.videoplayer.ad/.ActivityPipScreen m=0x608000}
06-27 12:30:15.345 20712 21658 D RAInjector: LoadIconTask::doInBackground ResolveInfo{84a11f4 com.miui.player/.phone.ui.AudioPreview m=0x608000}
06-27 12:30:15.346 20712 20812 D RAInjector: LoadIconTask::doInBackground ResolveInfo{fba2d1d com.bsbportal.music/.activities.LauncherScreenActivity m=0x608000}
06-27 12:30:15.358 20712 20712 D ResolverListAdapter: on PostExecute!!!!
06-27 12:30:15.358 20712 20712 D ResolverListAdapter: processSortedlist: ResolveInfo{6b87dfd com.mxtech.videoplayer.ad/.ActivityScreen m=0x608000}
06-27 12:30:15.358 20712 20712 I ResolverListAdapter: Add DisplayResolveInfo component: ComponentInfo{com.mxtech.videoplayer.ad/com.mxtech.videoplayer.ad.ActivityScreen}, intent component: ComponentInfo{com.mxtech.videoplayer.ad/com.mxtech.videoplayer.ad.ActivityScreen}
06-27 12:30:15.358 20712 20712 D ResolverListAdapter: addResolveInfo: ResolveInfo{6b87dfd com.mxtech.videoplayer.ad/.ActivityScreen m=0x608000}
06-27 12:30:15.358 20712 20712 D ResolverListAdapter: mDisplayList: 1
06-27 12:30:15.358 20712 20712 D ResolverListAdapter: processSortedlist: ResolveInfo{19eeaf2 com.mxtech.videoplayer.ad/.ActivityPipScreen m=0x608000}
06-27 12:30:15.358 20712 20712 I ResolverListAdapter: Add DisplayResolveInfo component: ComponentInfo{com.mxtech.videoplayer.ad/com.mxtech.videoplayer.ad.ActivityPipScreen}, intent component: ComponentInfo{com.mxtech.videoplayer.ad/com.mxtech.videoplayer.ad.ActivityPipScreen}
06-27 12:30:15.358 20712 20712 D ResolverListAdapter: addResolveInfo: ResolveInfo{19eeaf2 com.mxtech.videoplayer.ad/.ActivityPipScreen m=0x608000}
06-27 12:30:15.358 20712 20712 D ResolverListAdapter: mDisplayList: 2
06-27 12:30:15.358 20712 20712 D ResolverListAdapter: processSortedlist: ResolveInfo{56bf543 com.miui.player/.phone.ui.AudioPreview m=0x608000}
06-27 12:30:15.358 20712 20712 I ResolverListAdapter: Add DisplayResolveInfo component: ComponentInfo{com.miui.player/com.miui.player.phone.ui.AudioPreview}, intent component: ComponentInfo{com.miui.player/com.miui.player.phone.ui.AudioPreview}
06-27 12:30:15.358 20712 20712 D ResolverListAdapter: addResolveInfo: ResolveInfo{56bf543 com.miui.player/.phone.ui.AudioPreview m=0x608000}
06-27 12:30:15.358 20712 20712 D ResolverListAdapter: mDisplayList: 3
06-27 12:30:15.358 20712 20712 D ResolverListAdapter: processSortedlist: ResolveInfo{88407c0 com.bsbportal.music/.activities.LauncherScreenActivity m=0x608000}
06-27 12:30:15.358 20712 20712 I ResolverListAdapter: Add DisplayResolveInfo component: ComponentInfo{com.bsbportal.music/com.bsbportal.music.activities.LauncherScreenActivity}, intent component: ComponentInfo{com.bsbportal.music/com.bsbportal.music.activities.LauncherScreenActivity}
06-27 12:30:15.358 20712 20712 D ResolverListAdapter: addResolveInfo: ResolveInfo{88407c0 com.bsbportal.music/.activities.LauncherScreenActivity m=0x608000}
06-27 12:30:15.358 20712 20712 D ResolverListAdapter: mDisplayList: 4
06-27 12:30:15.358  4070  4070 I GoogleInputMethodService: GoogleInputMethodService.onFinishInput():1984 
06-27 12:30:15.359  4070  4070 I Module  : DeviceLockedStatusModuleProvider$Module.updateDeviceLockedStatus():100 repeatCheckTimes = 0, locked = false
06-27 12:30:15.359  4070  4070 I GoogleInputMethodService: GoogleInputMethodService.onStartInput():1248 onStartInput(EditorInfo{EditorInfo{packageName=android, inputType=0, inputTypeString=NULL, enableLearning=false, autoCorrection=false, autoComplete=false, imeOptions=0, privateImeOptions=null, actionName=UNSPECIFIED, actionLabel=null, initialSelStart=-1, initialSelEnd=-1, initialCapsMode=0, label=null, fieldId=-1, fieldName=null, extras=null, hintText=null, hintLocales=[]}}, false)
06-27 12:30:15.360 20712 20712 D ResolverListAdapter: getItem: position 0 mDisplayList.size(): 4
06-27 12:30:15.360 20712 20712 D ResolverListAdapter: getItem: position 1 mDisplayList.size(): 4
06-27 12:30:15.360 20712 20712 D ResolverListAdapter: getItem: position 2 mDisplayList.size(): 4
06-27 12:30:15.360 20712 20712 D ResolverListAdapter: getItem: position 3 mDisplayList.size(): 4
06-27 12:30:15.360  4070  4070 I Module  : DeviceLockedStatusModuleProvider$Module.updateDeviceLockedStatus():100 repeatCheckTimes = 1, locked = false
06-27 12:30:15.361 20712 20712 D RAInjector: getView: position 0 info: com.android.internal.app.chooser.DisplayResolveInfo@c035231
06-27 12:30:15.361 20712 20712 D RAInjector: bindView: ComponentInfo{com.mxtech.videoplayer.ad/com.mxtech.videoplayer.ad.ActivityScreen}
06-27 12:30:15.361 20712 20712 D RAInjector: info.getDisplayLabel: MX Player hasDisplayIcon: false position: 0
06-27 12:30:15.361 20712 20812 D RAInjector: LoadIconTask::doInBackground ResolveInfo{6b87dfd com.mxtech.videoplayer.ad/.ActivityScreen m=0x608000}
06-27 12:30:15.361 20712 20712 D RAInjector: LoadIconTask::onPostExecute ResolveInfo{25dd506 com.mxtech.videoplayer.ad/.ActivityScreen m=0x608000}
06-27 12:30:15.362 20712 20712 I chatty  : uid=1000 system:ui identical 8 lines
06-27 12:30:15.362 20712 20712 D RAInjector: LoadIconTask::onPostExecute ResolveInfo{25dd506 com.mxtech.videoplayer.ad/.ActivityScreen m=0x608000}
06-27 12:30:15.362 20712 20712 D RAInjector: LoadIconTask::onPostExecute ResolveInfo{17fb7c7 com.mxtech.videoplayer.ad/.ActivityPipScreen m=0x608000}
06-27 12:30:15.362 20712 20712 D RAInjector: LoadIconTask::onPostExecute ResolveInfo{84a11f4 com.miui.player/.phone.ui.AudioPreview m=0x608000}
06-27 12:30:15.362 20712 20712 D RAInjector: LoadIconTask::onPostExecute ResolveInfo{fba2d1d com.bsbportal.music/.activities.LauncherScreenActivity m=0x608000}
06-27 12:30:15.363   879   879 I ANDR-PERF-LM: LMPerfGlue: perfmodule_submit_request() 132: perfmodule_submit_request()
06-27 12:30:15.363   879   879 I ANDR-PERF-LM: Core: getInstance() 84: LM getInstance
06-27 12:30:15.363   879   879 I ANDR-PERF-LM: WQ: push() 59: LMTriggerQ push() size=0
06-27 12:30:15.363   879   879 I ANDR-PERF-LM: WQ: push() 61: LMTriggerQ push() done size=1
06-27 12:30:15.363   879   984 I ANDR-PERF-LM: WQ: pop() 42: LMTriggerQ pop() done size=0
06-27 12:30:15.363   879   984 I ANDR-PERF-LM: Core: lmMain() 373: Waiting on trigger Queue
06-27 12:30:15.363   879   984 I ANDR-PERF-LM: WQ: pop() 31: LMTriggerQ pop() size=0
06-27 12:30:15.363   698   698 I Zygote  : Process 20519 exited due to signal 9 (Killed)
06-27 12:30:15.363   885 10843 I vendor.qti.hardware.servicetracker@1.2-service: killProcess is called for pid : 20519
06-27 12:30:15.363   885 10843 I vendor.qti.hardware.servicetracker@1.2-service: process with pid 20519 is service
06-27 12:30:15.363   885 10843 I vendor.qti.hardware.servicetracker@1.2-service: size of client connections for client: com.google.android.googlequicksearchbox:googleappafter removal is 4
06-27 12:30:15.363   885 10843 I vendor.qti.hardware.servicetracker@1.2-service: process with pid 20519 is client
06-27 12:30:15.363   885 10843 I vendor.qti.hardware.servicetracker@1.2-service: size of service connections for service: com.google.android.gms/.chimera.PersistentApiServiceafter removal is 16
06-27 12:30:15.363   885 10843 I vendor.qti.hardware.servicetracker@1.2-service: size of service connections for service: com.google.android.gms/.chimera.GmsBoundBrokerServiceafter removal is 5
06-27 12:30:15.363   885 10843 I vendor.qti.hardware.servicetracker@1.2-service: size of service connections for service: com.google.android.gms/.chimera.PersistentDirectBootAwareApiServiceafter removal is 21
06-27 12:30:15.363   885 10843 I vendor.qti.hardware.servicetracker@1.2-service: size of service connections for service: com.google.android.gms/.chimera.PersistentBoundBrokerServiceafter removal is 4
06-27 12:30:15.363   885 10843 I vendor.qti.hardware.servicetracker@1.2-service: removing client with pid 20519process namecom.google.android.googlequicksearchbox:googleapp
06-27 12:30:15.363   885 10843 I vendor.qti.hardware.servicetracker@1.2-service: destroyService is called for service : com.google.android.googlequicksearchbox/com.google.android.libraries.notifications.platform.entrypoints.firebase.FirebaseMessagingServiceImpl
--------- beginning of system
06-27 12:30:15.363  1919  8390 W ANRStateManager: clear state, but process isn't exist. hash=16666081 uid=10188 pid=20519 state=16
06-27 12:30:15.364  8346 11722 I com.xiaomi.xms: oneway function results will be dropped but finished with status UNKNOWN_TRANSACTION and parcel size 0
06-27 12:30:15.365  1919  2134 I libprocessgroup: Successfully killed process cgroup uid 10188 pid 20519 in 52ms
06-27 12:30:15.369 20712 20712 D RAInjector: getView: position 0 info: com.android.internal.app.chooser.DisplayResolveInfo@c035231
06-27 12:30:15.369 20712 20712 D RAInjector: bindView: ComponentInfo{com.mxtech.videoplayer.ad/com.mxtech.videoplayer.ad.ActivityScreen}
06-27 12:30:15.369 20712 20712 D RAInjector: info.getDisplayLabel: MX Player hasDisplayIcon: false position: 0
06-27 12:30:15.369 20712 20812 D RAInjector: LoadIconTask::doInBackground ResolveInfo{6b87dfd com.mxtech.videoplayer.ad/.ActivityScreen m=0x608000}
06-27 12:30:15.369 20712 20712 D RAInjector: getView: position 0 info: com.android.internal.app.chooser.DisplayResolveInfo@c035231
06-27 12:30:15.369 20712 20712 D RAInjector: bindView: ComponentInfo{com.mxtech.videoplayer.ad/com.mxtech.videoplayer.ad.ActivityScreen}
06-27 12:30:15.369 20712 20712 D RAInjector: info.getDisplayLabel: MX Player hasDisplayIcon: false position: 0
06-27 12:30:15.369 20712 20712 D RAInjector: getView: position 0 info: com.android.internal.app.chooser.DisplayResolveInfo@c035231
06-27 12:30:15.369 20712 20712 D RAInjector: bindView: ComponentInfo{com.mxtech.videoplayer.ad/com.mxtech.videoplayer.ad.ActivityScreen}
06-27 12:30:15.369 20712 20712 D RAInjector: info.getDisplayLabel: MX Player hasDisplayIcon: false position: 0
06-27 12:30:15.369 20712 20712 D RAInjector: getView: position 0 info: com.android.internal.app.chooser.DisplayResolveInfo@c035231
06-27 12:30:15.369 20712 20712 D RAInjector: bindView: ComponentInfo{com.mxtech.videoplayer.ad/com.mxtech.videoplayer.ad.ActivityScreen}
06-27 12:30:15.369 20712 20712 D RAInjector: info.getDisplayLabel: MX Player hasDisplayIcon: false position: 0
06-27 12:30:15.370 20712 21658 D RAInjector: LoadIconTask::doInBackground ResolveInfo{6b87dfd com.mxtech.videoplayer.ad/.ActivityScreen m=0x608000}
06-27 12:30:15.370 20712 20812 D RAInjector: LoadIconTask::doInBackground ResolveInfo{6b87dfd com.mxtech.videoplayer.ad/.ActivityScreen m=0x608000}
06-27 12:30:15.372 20712 21658 D RAInjector: LoadIconTask::doInBackground ResolveInfo{6b87dfd com.mxtech.videoplayer.ad/.ActivityScreen m=0x608000}
06-27 12:30:15.378 20712 20712 D RAInjector: getView: position 0 info: com.android.internal.app.chooser.DisplayResolveInfo@c035231
06-27 12:30:15.378 20712 20712 D RAInjector: bindView: ComponentInfo{com.mxtech.videoplayer.ad/com.mxtech.videoplayer.ad.ActivityScreen}
06-27 12:30:15.378 20712 20712 D RAInjector: info.getDisplayLabel: MX Player hasDisplayIcon: false position: 0
06-27 12:30:15.378 20712 21658 D RAInjector: LoadIconTask::doInBackground ResolveInfo{6b87dfd com.mxtech.videoplayer.ad/.ActivityScreen m=0x608000}
06-27 12:30:15.378 20712 20712 D RAInjector: getView: position 0 info: com.android.internal.app.chooser.DisplayResolveInfo@c035231
06-27 12:30:15.378 20712 20712 D RAInjector: bindView: ComponentInfo{com.mxtech.videoplayer.ad/com.mxtech.videoplayer.ad.ActivityScreen}
06-27 12:30:15.378 20712 20712 D RAInjector: info.getDisplayLabel: MX Player hasDisplayIcon: false position: 0
06-27 12:30:15.378 20712 20712 D RAInjector: getView: position 0 info: com.android.internal.app.chooser.DisplayResolveInfo@c035231
06-27 12:30:15.378 20712 20712 D RAInjector: bindView: ComponentInfo{com.mxtech.videoplayer.ad/com.mxtech.videoplayer.ad.ActivityScreen}
06-27 12:30:15.378 20712 20712 D RAInjector: info.getDisplayLabel: MX Player hasDisplayIcon: false position: 0
06-27 12:30:15.378 20712 20712 D RAInjector: getView: position 0 info: com.android.internal.app.chooser.DisplayResolveInfo@c035231
06-27 12:30:15.378 20712 20712 D RAInjector: bindView: ComponentInfo{com.mxtech.videoplayer.ad/com.mxtech.videoplayer.ad.ActivityScreen}
06-27 12:30:15.378 20712 20712 D RAInjector: info.getDisplayLabel: MX Player hasDisplayIcon: false position: 0
06-27 12:30:15.378 20712 20712 D RAInjector: getView: position 0 info: com.android.internal.app.chooser.DisplayResolveInfo@c035231
06-27 12:30:15.378 20712 20712 D RAInjector: bindView: ComponentInfo{com.mxtech.videoplayer.ad/com.mxtech.videoplayer.ad.ActivityScreen}
06-27 12:30:15.379 20712 20712 D RAInjector: info.getDisplayLabel: MX Player hasDisplayIcon: false position: 0
06-27 12:30:15.379 20712 20812 D RAInjector: LoadIconTask::doInBackground ResolveInfo{6b87dfd com.mxtech.videoplayer.ad/.ActivityScreen m=0x608000}
06-27 12:30:15.379 20712 20712 D RAInjector: getView: position 1 info: com.android.internal.app.chooser.DisplayResolveInfo@d88e0f0
06-27 12:30:15.379 20712 20712 D RAInjector: bindView: ComponentInfo{com.mxtech.videoplayer.ad/com.mxtech.videoplayer.ad.ActivityPipScreen}
06-27 12:30:15.379 20712 20712 D RAInjector: info.getDisplayLabel: MX Pop-up mode hasDisplayIcon: false position: 1
06-27 12:30:15.380 20712 21658 D RAInjector: LoadIconTask::doInBackground ResolveInfo{6b87dfd com.mxtech.videoplayer.ad/.ActivityScreen m=0x608000}
06-27 12:30:15.380 20712 20712 D RAInjector: getView: position 2 info: com.android.internal.app.chooser.DisplayResolveInfo@4f797ab
06-27 12:30:15.380 20712 20712 D RAInjector: bindView: ComponentInfo{com.miui.player/com.miui.player.phone.ui.AudioPreview}
06-27 12:30:15.380 20712 20712 D RAInjector: info.getDisplayLabel: Music hasDisplayIcon: false position: 2
06-27 12:30:15.381 20712 20812 D RAInjector: LoadIconTask::doInBackground ResolveInfo{6b87dfd com.mxtech.videoplayer.ad/.ActivityScreen m=0x608000}
06-27 12:30:15.381 20712 20712 D RAInjector: getView: position 3 info: com.android.internal.app.chooser.DisplayResolveInfo@d16ca52
06-27 12:30:15.381 20712 20712 D RAInjector: bindView: ComponentInfo{com.bsbportal.music/com.bsbportal.music.activities.LauncherScreenActivity}
06-27 12:30:15.381 20712 20712 D RAInjector: info.getDisplayLabel: Wynk Music hasDisplayIcon: false position: 3
06-27 12:30:15.381 20712 21658 D RAInjector: LoadIconTask::doInBackground ResolveInfo{6b87dfd com.mxtech.videoplayer.ad/.ActivityScreen m=0x608000}
06-27 12:30:15.382 20712 20812 D RAInjector: LoadIconTask::doInBackground ResolveInfo{19eeaf2 com.mxtech.videoplayer.ad/.ActivityPipScreen m=0x608000}
06-27 12:30:15.382 20712 21658 D RAInjector: LoadIconTask::doInBackground ResolveInfo{56bf543 com.miui.player/.phone.ui.AudioPreview m=0x608000}
06-27 12:30:15.383 20712 20812 D RAInjector: LoadIconTask::doInBackground ResolveInfo{88407c0 com.bsbportal.music/.activities.LauncherScreenActivity m=0x608000}
06-27 12:30:15.388 20712 20712 D RAInjector: getView: position 0 info: com.android.internal.app.chooser.DisplayResolveInfo@a3941db
06-27 12:30:15.388 20712 20712 D RAInjector: bindView: ComponentInfo{com.mxtech.videoplayer.ad/com.mxtech.videoplayer.ad.ActivityScreen}
06-27 12:30:15.388 20712 20712 D RAInjector: info.getDisplayLabel: MX Player hasDisplayIcon: true position: 0
06-27 12:30:15.388 20712 20712 D RAInjector: getView: position 0 info: com.android.internal.app.chooser.DisplayResolveInfo@a3941db
06-27 12:30:15.388 20712 20712 D RAInjector: bindView: ComponentInfo{com.mxtech.videoplayer.ad/com.mxtech.videoplayer.ad.ActivityScreen}
06-27 12:30:15.388 20712 20712 D RAInjector: info.getDisplayLabel: MX Player hasDisplayIcon: true position: 0
06-27 12:30:15.388 20712 20712 D RAInjector: getView: position 0 info: com.android.internal.app.chooser.DisplayResolveInfo@a3941db
06-27 12:30:15.388 20712 20712 D RAInjector: bindView: ComponentInfo{com.mxtech.videoplayer.ad/com.mxtech.videoplayer.ad.ActivityScreen}
06-27 12:30:15.388 20712 20712 D RAInjector: info.getDisplayLabel: MX Player hasDisplayIcon: true position: 0
06-27 12:30:15.388 20712 20712 D RAInjector: getView: position 0 info: com.android.internal.app.chooser.DisplayResolveInfo@a3941db
06-27 12:30:15.388 20712 20712 D RAInjector: bindView: ComponentInfo{com.mxtech.videoplayer.ad/com.mxtech.videoplayer.ad.ActivityScreen}
06-27 12:30:15.388 20712 20712 D RAInjector: info.getDisplayLabel: MX Player hasDisplayIcon: true position: 0
06-27 12:30:15.391 20712 20712 D RAInjector: getView: position 0 info: com.android.internal.app.chooser.DisplayResolveInfo@a3941db
06-27 12:30:15.391 20712 20712 D RAInjector: bindView: ComponentInfo{com.mxtech.videoplayer.ad/com.mxtech.videoplayer.ad.ActivityScreen}
06-27 12:30:15.391 20712 20712 D RAInjector: info.getDisplayLabel: MX Player hasDisplayIcon: true position: 0
06-27 12:30:15.391 20712 20712 D RAInjector: getView: position 0 info: com.android.internal.app.chooser.DisplayResolveInfo@a3941db
06-27 12:30:15.391 20712 20712 D RAInjector: bindView: ComponentInfo{com.mxtech.videoplayer.ad/com.mxtech.videoplayer.ad.ActivityScreen}
06-27 12:30:15.391 20712 20712 D RAInjector: info.getDisplayLabel: MX Player hasDisplayIcon: true position: 0
06-27 12:30:15.391 20712 20712 D RAInjector: getView: position 0 info: com.android.internal.app.chooser.DisplayResolveInfo@a3941db
06-27 12:30:15.391 20712 20712 D RAInjector: bindView: ComponentInfo{com.mxtech.videoplayer.ad/com.mxtech.videoplayer.ad.ActivityScreen}
06-27 12:30:15.391 20712 20712 D RAInjector: info.getDisplayLabel: MX Player hasDisplayIcon: true position: 0
06-27 12:30:15.391 20712 20712 D RAInjector: getView: position 0 info: com.android.internal.app.chooser.DisplayResolveInfo@a3941db
06-27 12:30:15.391 20712 20712 D RAInjector: bindView: ComponentInfo{com.mxtech.videoplayer.ad/com.mxtech.videoplayer.ad.ActivityScreen}
06-27 12:30:15.391 20712 20712 D RAInjector: info.getDisplayLabel: MX Player hasDisplayIcon: true position: 0
06-27 12:30:15.391 20712 20712 D RAInjector: getView: position 0 info: com.android.internal.app.chooser.DisplayResolveInfo@a3941db
06-27 12:30:15.391 20712 20712 D RAInjector: bindView: ComponentInfo{com.mxtech.videoplayer.ad/com.mxtech.videoplayer.ad.ActivityScreen}
06-27 12:30:15.391 20712 20712 D RAInjector: info.getDisplayLabel: MX Player hasDisplayIcon: true position: 0
06-27 12:30:15.391 20712 20712 D RAInjector: getView: position 1 info: com.android.internal.app.chooser.DisplayResolveInfo@d7cad42
06-27 12:30:15.392 20712 20712 D RAInjector: bindView: ComponentInfo{com.mxtech.videoplayer.ad/com.mxtech.videoplayer.ad.ActivityPipScreen}
06-27 12:30:15.392 20712 20712 D RAInjector: info.getDisplayLabel: MX Pop-up mode hasDisplayIcon: true position: 1
06-27 12:30:15.392  1919  8390 I ActivityTaskManager: START u0 {act=android.intent.action.VIEW dat=file:///sdcard/Music/sample.mp3 typ=audio/* flg=0x10000000 cmp=android/com.android.internal.app.ResolverActivity} from uid 2000
06-27 12:30:15.392 20712 20712 D RAInjector: getView: position 2 info: com.android.internal.app.chooser.DisplayResolveInfo@2f32b45
06-27 12:30:15.392 20712 20712 D RAInjector: bindView: ComponentInfo{com.miui.player/com.miui.player.phone.ui.AudioPreview}
06-27 12:30:15.392 20712 20712 D RAInjector: info.getDisplayLabel: Music hasDisplayIcon: true position: 2
06-27 12:30:15.392 20712 20712 D RAInjector: getView: position 3 info: com.android.internal.app.chooser.DisplayResolveInfo@bd9a54
06-27 12:30:15.392 20712 20712 D RAInjector: bindView: ComponentInfo{com.bsbportal.music/com.bsbportal.music.activities.LauncherScreenActivity}
06-27 12:30:15.392 20712 20712 D RAInjector: info.getDisplayLabel: Wynk Music hasDisplayIcon: true position: 3
06-27 12:30:15.392  1919  8390 D MiuiMultiWindowAdapter: MiuiMultiWindowAdapter::getFreeformBlackList::sSmallWindowBlackList = [com.miui.securitycenter, com.miui.weather2, com.miui.miservice, com.android.calendar, com.xiaomi.calendar, com.android.contacts, com.miui.mishare.connectivity, com.android.settings, com.android.printspooler, com.miui.backup, com.miui.huanji, com.miui.calculator, com.android.deskclock, com.android.thememanager, com.mfashiongallery.emag, com.miui.virtualsim, com.miui.smarttravel, com.mi.health, com.android.camera, com.lbe.security.miui, com.miui.cleanmaster, com.miui.newhome, com.miui.voiceassist, com.android.phone, com.miui.yellowpage, com.android.updater, com.miui.tsmclient, com.miui.securitycore, com.xiaomi.account, com.xiaomi.shop, com.mipay.wallet, com.xiaomi.youpin, com.xiaomi.hm.health, com.miui.bugreport, com.xiaomi.mibrain.speech, com.xiaomi.mimoji, com.xiaomi.scanner, com.duokan.phone.remotecontroller, com.miui.hybrid, com.android.incallui, com.miui.video, com.miui.videoplayer, com.miui.player, com.miui.fm, com.miui.packageinstaller, com.mi.android.globallauncher, com.google.android.dialer, com.google.android.apps.magazines, com.miui.compass, com.miui.greenguard, com.kiteguard, com.google.android.apps.prodcasts, com.google.ar.lens, com.xiangkan.android, com.android.bankabc, com.sohu.inputmethod.sogou, com.tencent.mtt, com.shyz.toutiao, com.netease.mc.mi, com.outfit7.talkingtomgoldrun.mi, com.doudz.mi, com.wepie.snake.new.mi, cn.jj, com.standddz002.mi, com.miHoYo.bh3.mi, com.qqgame.hlddz, com.happyelements.AndroidAnimal, com.minitech.miniworld.TMobile.mi, com.mfp.jelly.xiaomi, com.lilithgames.afk.mi, com.tencent.peng, com.teenpatti.hd.gold, blockpuzzle.jewelgames.jewelslegend, com.playgendary.tanks, com.chillingo.robberybobfree.android.row, com.episodeinteractive.android.catalog, com.playrix.township, com.ansangha.drdriving, com.google.android.youtube, com.gbits.atm.mi]
06-27 12:30:15.392   885 10843 I vendor.qti.hardware.servicetracker@1.2-service: Activity state is changed to : 0
06-27 12:30:15.392   885  2734 I vendor.qti.hardware.servicetracker@1.2-service: Activity state is changed to : 0
06-27 12:30:15.395 21686 21689 I cmd     : oneway function results will be dropped but finished with status OK and parcel size 4
06-27 12:30:15.403 20712 20712 D RAInjector: LoadIconTask::onPostExecute ResolveInfo{6b87dfd com.mxtech.videoplayer.ad/.ActivityScreen m=0x608000}
06-27 12:30:15.404 20712 20712 I chatty  : uid=1000 system:ui identical 8 lines
06-27 12:30:15.404 20712 20712 D RAInjector: LoadIconTask::onPostExecute ResolveInfo{6b87dfd com.mxtech.videoplayer.ad/.ActivityScreen m=0x608000}
06-27 12:30:15.404 20712 20712 D RAInjector: LoadIconTask::onPostExecute ResolveInfo{19eeaf2 com.mxtech.videoplayer.ad/.ActivityPipScreen m=0x608000}
06-27 12:30:15.404 20712 20712 D RAInjector: LoadIconTask::onPostExecute ResolveInfo{56bf543 com.miui.player/.phone.ui.AudioPreview m=0x608000}
06-27 12:30:15.404 20712 20712 D RAInjector: LoadIconTask::onPostExecute ResolveInfo{88407c0 com.bsbportal.music/.activities.LauncherScreenActivity m=0x608000}
06-27 12:30:15.405 21664 21664 I Perf    : Connecting to perf service.
06-27 12:30:15.405 20712 20712 D RAInjector: getView: position 0 info: com.android.internal.app.chooser.DisplayResolveInfo@c035231
06-27 12:30:15.405 20712 20712 D RAInjector: bindView: ComponentInfo{com.mxtech.videoplayer.ad/com.mxtech.videoplayer.ad.ActivityScreen}
06-27 12:30:15.405 20712 20712 D RAInjector: info.getDisplayLabel: MX Player hasDisplayIcon: true position: 0
06-27 12:30:15.406 20712 20712 D RAInjector: getView: position 0 info: com.android.internal.app.chooser.DisplayResolveInfo@c035231
06-27 12:30:15.406 20712 20712 D RAInjector: bindView: ComponentInfo{com.mxtech.videoplayer.ad/com.mxtech.videoplayer.ad.ActivityScreen}
06-27 12:30:15.406 20712 20712 D RAInjector: info.getDisplayLabel: MX Player hasDisplayIcon: true position: 0
06-27 12:30:15.406 20712 20712 D RAInjector: getView: position 0 info: com.android.internal.app.chooser.DisplayResolveInfo@c035231
06-27 12:30:15.406 20712 20712 D RAInjector: bindView: ComponentInfo{com.mxtech.videoplayer.ad/com.mxtech.videoplayer.ad.ActivityScreen}
06-27 12:30:15.406 20712 20712 D RAInjector: info.getDisplayLabel: MX Player hasDisplayIcon: true position: 0
06-27 12:30:15.406 20712 20712 D RAInjector: getView: position 0 info: com.android.internal.app.chooser.DisplayResolveInfo@c035231
06-27 12:30:15.406 20712 20712 D RAInjector: bindView: ComponentInfo{com.mxtech.videoplayer.ad/com.mxtech.videoplayer.ad.ActivityScreen}
06-27 12:30:15.406 20712 20712 D RAInjector: info.getDisplayLabel: MX Player hasDisplayIcon: true position: 0
06-27 12:30:15.408 20712 20712 D RAInjector: getView: position 0 info: com.android.internal.app.chooser.DisplayResolveInfo@c035231
06-27 12:30:15.408 20712 20712 D RAInjector: bindView: ComponentInfo{com.mxtech.videoplayer.ad/com.mxtech.videoplayer.ad.ActivityScreen}
06-27 12:30:15.408 20712 20712 D RAInjector: info.getDisplayLabel: MX Player hasDisplayIcon: true position: 0
06-27 12:30:15.408 20712 20712 D RAInjector: getView: position 0 info: com.android.internal.app.chooser.DisplayResolveInfo@c035231
06-27 12:30:15.408 20712 20712 D RAInjector: bindView: ComponentInfo{com.mxtech.videoplayer.ad/com.mxtech.videoplayer.ad.ActivityScreen}
06-27 12:30:15.408 20712 20712 D RAInjector: info.getDisplayLabel: MX Player hasDisplayIcon: true position: 0
06-27 12:30:15.408 20712 20712 D RAInjector: getView: position 0 info: com.android.internal.app.chooser.DisplayResolveInfo@c035231
06-27 12:30:15.408 20712 20712 D RAInjector: bindView: ComponentInfo{com.mxtech.videoplayer.ad/com.mxtech.videoplayer.ad.ActivityScreen}
06-27 12:30:15.408 20712 20712 D RAInjector: info.getDisplayLabel: MX Player hasDisplayIcon: true position: 0
06-27 12:30:15.408 20712 20712 D RAInjector: getView: position 0 info: com.android.internal.app.chooser.DisplayResolveInfo@c035231
06-27 12:30:15.408 20712 20712 D RAInjector: bindView: ComponentInfo{com.mxtech.videoplayer.ad/com.mxtech.videoplayer.ad.ActivityScreen}
06-27 12:30:15.408 20712 20712 D RAInjector: info.getDisplayLabel: MX Player hasDisplayIcon: true position: 0
06-27 12:30:15.409 20712 20712 D RAInjector: getView: position 0 info: com.android.internal.app.chooser.DisplayResolveInfo@c035231
06-27 12:30:15.409 20712 20712 D RAInjector: bindView: ComponentInfo{com.mxtech.videoplayer.ad/com.mxtech.videoplayer.ad.ActivityScreen}
06-27 12:30:15.409 20712 20712 D RAInjector: info.getDisplayLabel: MX Player hasDisplayIcon: true position: 0
06-27 12:30:15.409 20712 20712 D RAInjector: getView: position 1 info: com.android.internal.app.chooser.DisplayResolveInfo@d88e0f0
06-27 12:30:15.409 20712 20712 D RAInjector: bindView: ComponentInfo{com.mxtech.videoplayer.ad/com.mxtech.videoplayer.ad.ActivityPipScreen}
06-27 12:30:15.409 20712 20712 D RAInjector: info.getDisplayLabel: MX Pop-up mode hasDisplayIcon: true position: 1
06-27 12:30:15.409 20712 20712 D RAInjector: getView: position 2 info: com.android.internal.app.chooser.DisplayResolveInfo@4f797ab
06-27 12:30:15.409 20712 20712 D RAInjector: bindView: ComponentInfo{com.miui.player/com.miui.player.phone.ui.AudioPreview}
06-27 12:30:15.409 20712 20712 D RAInjector: info.getDisplayLabel: Music hasDisplayIcon: true position: 2
06-27 12:30:15.409 20712 20712 D RAInjector: getView: position 3 info: com.android.internal.app.chooser.DisplayResolveInfo@d16ca52
06-27 12:30:15.409 20712 20712 D RAInjector: bindView: ComponentInfo{com.bsbportal.music/com.bsbportal.music.activities.LauncherScreenActivity}
06-27 12:30:15.409 20712 20712 D RAInjector: info.getDisplayLabel: Wynk Music hasDisplayIcon: true position: 3
06-27 12:30:15.417 21664 21664 D NetworkSecurityConfig: No Network Security Config specified, using platform default
06-27 12:30:15.426 21664 21664 I ContentProviderMonitor: PerfMonitor installContentProviders : before publish content providers
06-27 12:30:15.417 21664 21664 D NetworkSecurityConfig: No Network Security Config specified, using platform default
06-27 12:30:15.435   879   879 I ANDR-PERF-LM: LMPerfGlue: perfmodule_submit_request() 132: perfmodule_submit_request()
06-27 12:30:15.435   879   879 I ANDR-PERF-LM: Core: getInstance() 84: LM getInstance
06-27 12:30:15.435   879   879 D ANDR-PERF-LM: Feature: lookup() 101: Feature Name = AppClassifier, total featuers = 3, featureFound = 1
06-27 12:30:15.435   879   879 D ANDR-PERF-LM: Feature: getData() 112: data.data = 0
06-27 12:30:15.435   879   879 I ANDR-PERF-LM: FeedbackAPI: getFeedback() 60: app:com.android.cellbroadcastreceiver feature:AppClassifier feedback = 0
06-27 12:30:15.436 21664 21664 D CellBroadcastReceiver: onReceive Intent { act=android.intent.action.SERVICE_STATE flg=0x1000010 cmp=com.android.cellbroadcastreceiver/.CellBroadcastReceiver (has extras) }
06-27 12:30:15.443  1919  7216 D CompatibilityInfo: mCompatibilityFlags - 0
06-27 12:30:15.443  1919  7216 D CompatibilityInfo: applicationDensity - 440
06-27 12:30:15.443  1919  7216 D CompatibilityInfo: applicationScale - 1.0
06-27 12:30:15.444  1919  7216 I ActivityManager: Killing 20207:com.linkedin.android/u0a255 (adj 985): empty #17
06-27 12:30:15.444  1919  7216 I Process : PerfMonitor : current process sending signal quiet. PID: 20207 SIG: 9
06-27 12:30:15.445  1919  2134 I Process : PerfMonitor : current process killing process group. PID: 20207
06-27 12:30:15.445   879   879 I ANDR-PERF-LM: LMPerfGlue: perfmodule_submit_request() 132: perfmodule_submit_request()
06-27 12:30:15.445   879   879 I ANDR-PERF-LM: Core: getInstance() 84: LM getInstance
06-27 12:30:15.445   879   879 I ANDR-PERF-LM: WQ: push() 59: LMTriggerQ push() size=0
06-27 12:30:15.445   879   879 I ANDR-PERF-LM: WQ: push() 61: LMTriggerQ push() done size=1
06-27 12:30:15.445   879   984 I ANDR-PERF-LM: WQ: pop() 42: LMTriggerQ pop() done size=0
06-27 12:30:15.445   879   984 I ANDR-PERF-LM: Core: lmMain() 373: Waiting on trigger Queue
06-27 12:30:15.445   879   984 I ANDR-PERF-LM: WQ: pop() 31: LMTriggerQ pop() size=0
06-27 12:30:15.445  1919  2385 I MiuiNetworkPolicy: updateUidState uid = 10216, uidState = 19
06-27 12:30:15.447  1919  7216 I ActivityTaskManager: START u0 {act=android.intent.action.CALL dat=tel:xxxxx flg=0x10000000 cmp=com.android.server.telecom/.components.UserCallActivity} from uid 2000
06-27 12:30:15.447  1919  7216 W ActivityTaskManager: Permission Denial: starting Intent { act=android.intent.action.CALL dat=tel:xxxxx flg=0x10000000 cmp=com.android.server.telecom/.components.UserCallActivity } from null (pid=21694, uid=2000) with revoked permission android.permission.CALL_PHONE
06-27 12:30:15.448 21694 21696 I cmd     : oneway function results will be dropped but finished with status OK and parcel size 4
06-27 12:30:15.452  1919  8390 D CompatibilityInfo: mCompatibilityFlags - 0
06-27 12:30:15.452  1919  8390 D CompatibilityInfo: applicationDensity - 440
06-27 12:30:15.452  1919  8390 D CompatibilityInfo: applicationScale - 1.0
06-27 12:30:15.454  1919  8390 D CompatibilityInfo: mCompatibilityFlags - 0
06-27 12:30:15.454  1919  8390 D CompatibilityInfo: applicationDensity - 440
06-27 12:30:15.454  1919  8390 D CompatibilityInfo: applicationScale - 1.0
06-27 12:30:15.457  1919  2385 I MiuiNetworkPolicy: updateUidState uid = 10203, uidState = 19
06-27 12:30:15.465  3125  8999 I AlarmManager: setExactAndAllowWhileIdle [name: GCM_HB_ALARM type: 2 triggerAtMillis: 3530276]
06-27 12:30:15.465   885  2734 I vendor.qti.hardware.servicetracker@1.2-service: bindService is called for service : com.google.android.gms/.chimera.PersistentDirectBootAwareApiService and for client com.google.android.gms.persistent
06-27 12:30:15.465   885  2734 I vendor.qti.hardware.servicetracker@1.2-service: total connections for service : com.google.android.gms/.chimera.PersistentDirectBootAwareApiServiceare :21
06-27 12:30:15.465   885  2734 I vendor.qti.hardware.servicetracker@1.2-service: total connections for client : com.google.android.gms.persistentare :9
06-27 12:30:15.472   698   698 D Zygote  : Forked child process 21698
06-27 12:30:15.474 21698 21698 W Zygote  : Unable to open libbeluga.so: dlopen failed: library "libbeluga.so" not found.
06-27 12:30:15.474  1919  2122 I ActivityManager: Start proc 21698:com.google.android.youtube/u0a203 for broadcast {com.google.android.youtube/com.google.firebase.iid.FirebaseInstanceIdReceiver} caller=com.google.android.gms
06-27 12:30:15.483 21698 21698 E android.youtub: Not starting debugger since process cannot load the jdwp agent.
06-27 12:30:15.489  1919  7216 D CompatibilityInfo: mCompatibilityFlags - 0
06-27 12:30:15.489  1919  7216 D CompatibilityInfo: applicationDensity - 440
06-27 12:30:15.489  1919  7216 D CompatibilityInfo: applicationScale - 1.0
06-27 12:30:15.491  1919  7216 D CompatibilityInfo: mCompatibilityFlags - 0
06-27 12:30:15.491  1919  7216 D CompatibilityInfo: applicationDensity - 440
06-27 12:30:15.491  1919  7216 D CompatibilityInfo: applicationScale - 1.0
06-27 12:30:15.491  1919  2385 I MiuiNetworkPolicy: updateUidState uid = 10203, uidState = 11
