--------- beginning of system
06-27 12:50:09.104  1919  8390 I ActivityTaskManager: START u0 {act=android.intent.action.VIEW dat=file:///sdcard/Music/sample.mp3 typ=audio/* flg=0x10000000 cmp=android/com.android.internal.app.ResolverActivity} from uid 2000
--------- beginning of main
06-27 12:50:09.105  1919  8390 D MiuiMultiWindowAdapter: MiuiMultiWindowAdapter::getFreeformBlackList::sSmallWindowBlackList = [com.miui.securitycenter, com.miui.weather2, com.miui.miservice, com.android.calendar, com.xiaomi.calendar, com.android.contacts, com.miui.mishare.connectivity, com.android.settings, com.android.printspooler, com.miui.backup, com.miui.huanji, com.miui.calculator, com.android.deskclock, com.android.thememanager, com.mfashiongallery.emag, com.miui.virtualsim, com.miui.smarttravel, com.mi.health, com.android.camera, com.lbe.security.miui, com.miui.cleanmaster, com.miui.newhome, com.miui.voiceassist, com.android.phone, com.miui.yellowpage, com.android.updater, com.miui.tsmclient, com.miui.securitycore, com.xiaomi.account, com.xiaomi.shop, com.mipay.wallet, com.xiaomi.youpin, com.xiaomi.hm.health, com.miui.bugreport, com.xiaomi.mibrain.speech, com.xiaomi.mimoji, com.xiaomi.scanner, com.duokan.phone.remotecontroller, com.miui.hybrid, com.android.incallui, com.miui.video, com.miui.videoplayer, com.miui.player, com.miui.fm, com.miui.packageinstaller, com.mi.android.globallauncher, com.google.android.dialer, com.google.android.apps.magazines, com.miui.compass, com.miui.greenguard, com.kiteguard, com.google.android.apps.prodcasts, com.google.ar.lens, com.xiangkan.android, com.android.bankabc, com.sohu.inputmethod.sogou, com.tencent.mtt, com.shyz.toutiao, com.netease.mc.mi, com.outfit7.talkingtomgoldrun.mi, com.doudz.mi, com.wepie.snake.new.mi, cn.jj, com.standddz002.mi, com.miHoYo.bh3.mi, com.qqgame.hlddz, com.happyelements.AndroidAnimal, com.minitech.miniworld.TMobile.mi, com.mfp.jelly.xiaomi, com.lilithgames.afk.mi, com.tencent.peng, com.teenpatti.hd.gold, blockpuzzle.jewelgames.jewelslegend, com.playgendary.tanks, com.chillingo.robberybobfree.android.row, com.episodeinteractive.android.catalog, com.playrix.township, com.ansangha.drdriving, com.google.android.youtube, com.gbits.atm.mi]
06-27 12:50:09.106   885   937 I vendor.qti.hardware.servicetracker@1.2-service: Activity state is changed to : 0
06-27 12:50:09.106   885   937 I vendor.qti.hardware.servicetracker@1.2-service: Activity state is changed to : 0
06-27 12:50:09.107   879   879 I ANDR-PERF-LM: LMPerfGlue: perfmodule_submit_request() 132: perfmodule_submit_request()
06-27 12:50:09.107   879   879 I ANDR-PERF-LM: Core: getInstance() 84: LM getInstance
06-27 12:50:09.107   879   879 I ANDR-PERF-LM: WQ: push() 59: LMTriggerQ push() size=0
06-27 12:50:09.107   879   879 I ANDR-PERF-LM: WQ: push() 61: LMTriggerQ push() done size=1
06-27 12:50:09.107   879   984 I ANDR-PERF-LM: WQ: pop() 42: LMTriggerQ pop() done size=0
06-27 12:50:09.107   879   984 I ANDR-PERF-LM: Core: lmMain() 381: Calling runAsync for AdaptLaunch
06-27 12:50:09.107   879   984 I ANDR-PERF-LM: Core: lmMain() 391: runAsync for AdaptLaunch returned
06-27 12:50:09.107   879   984 I ANDR-PERF-LM: Core: lmMain() 373: Waiting on trigger Queue
06-27 12:50:09.107   879   984 I ANDR-PERF-LM: WQ: pop() 31: LMTriggerQ pop() size=0
06-27 12:50:09.107   879   879 I ANDR-PERF-LM: LMPerfGlue: perfmodule_submit_request() 132: perfmodule_submit_request()
06-27 12:50:09.107   879   879 I ANDR-PERF-LM: Core: getInstance() 84: LM getInstance
06-27 12:50:09.107   879   879 I ANDR-PERF-LM: WQ: push() 59: LMTriggerQ push() size=0
06-27 12:50:09.107   879   879 I ANDR-PERF-LM: WQ: push() 61: LMTriggerQ push() done size=1
06-27 12:50:09.107   879   984 I ANDR-PERF-LM: WQ: pop() 42: LMTriggerQ pop() done size=0
06-27 12:50:09.108   879   984 I ANDR-PERF-LM: Core: lmMain() 381: Calling runAsync for AdaptLaunch
06-27 12:50:09.108   879   879 I ANDR-PERF-LM: LMPerfGlue: perfmodule_submit_request() 132: perfmodule_submit_request()
06-27 12:50:09.108   879   879 I ANDR-PERF-LM: Core: getInstance() 84: LM getInstance
06-27 12:50:09.108   879   879 D ANDR-PERF-LM: Feature: lookup() 101: Feature Name = AppClassifier, total featuers = 3, featureFound = 1
06-27 12:50:09.108   879   984 I ANDR-PERF-LM: MetaMeter: isValidAsync() 194: AsyncInfo: hintID = 4225
06-27 12:50:09.108   879   984 I ANDR-PERF-LM: hintType: 2
06-27 12:50:09.108   879   984 I ANDR-PERF-LM: isPrimary = 0
06-27 12:50:09.108   879   879 D ANDR-PERF-LM: Feature: getData() 112: data.data = 0
06-27 12:50:09.108   879   984 I ANDR-PERF-LM: MetaMeter: isValidAsync() 203: Invalid (hintID,hintType,appName,duration,appPID,appThreadTID) = (4225, 2,android,-1,1919,8390)
06-27 12:50:09.108   879   984 E ANDR-PERF-LM: MetaMeter: handleAsync() 164: AdaptLaunch Invalid Async
06-27 12:50:09.108   879   879 I ANDR-PERF-LM: FeedbackAPI: getFeedback() 60: app:android feature:AppClassifier feedback = 0
06-27 12:50:09.108   879   984 I ANDR-PERF-LM: Core: lmMain() 391: runAsync for AdaptLaunch returned
06-27 12:50:09.108   879   984 I ANDR-PERF-LM: Core: lmMain() 373: Waiting on trigger Queue
06-27 12:50:09.108   879   984 I ANDR-PERF-LM: WQ: pop() 31: LMTriggerQ pop() size=0
06-27 12:50:09.108   879   879 I ANDR-PERF-LM: LMPerfGlue: perfmodule_submit_request() 132: perfmodule_submit_request()
06-27 12:50:09.108   879   879 I ANDR-PERF-LM: Core: getInstance() 84: LM getInstance
06-27 12:50:09.108   879   879 I ANDR-PERF-LM: WQ: push() 59: LMTriggerQ push() size=0
06-27 12:50:09.108   879   879 I ANDR-PERF-LM: WQ: push() 61: LMTriggerQ push() done size=1
06-27 12:50:09.108   879   984 I ANDR-PERF-LM: WQ: pop() 42: LMTriggerQ pop() done size=0
06-27 12:50:09.108   879   984 I ANDR-PERF-LM: Core: lmMain() 381: Calling runAsync for AdaptLaunch
06-27 12:50:09.109  1919  8390 E ANDR-PERF-JNI: com_qualcomm_qtiperformance_native_perf_io_prefetch_start
06-27 12:50:09.109   879   984 I ANDR-PERF-LM: MetaMeter: isValidAsync() 194: AsyncInfo: hintID = 4225
06-27 12:50:09.109   879   984 I ANDR-PERF-LM: hintType: 3
06-27 12:50:09.109   879   984 I ANDR-PERF-LM: isPrimary = 0
06-27 12:50:09.109   879   984 I ANDR-PERF-LM: MetaMeter: isValidAsync() 203: Invalid (hintID,hintType,appName,duration,appPID,appThreadTID) = (4225, 3,android,-1,1919,8390)
06-27 12:50:09.109   879   984 E ANDR-PERF-LM: MetaMeter: handleAsync() 164: AdaptLaunch Invalid Async
06-27 12:50:09.109   879   984 I ANDR-PERF-LM: Core: lmMain() 391: runAsync for AdaptLaunch returned
06-27 12:50:09.109   879   984 I ANDR-PERF-LM: Core: lmMain() 373: Waiting on trigger Queue
06-27 12:50:09.109   879   984 I ANDR-PERF-LM: WQ: pop() 31: LMTriggerQ pop() size=0
06-27 12:50:09.114   879   879 I ANDR-PERF-LM: LMPerfGlue: perfmodule_submit_request() 132: perfmodule_submit_request()
06-27 12:50:09.114   879   879 I ANDR-PERF-LM: Core: getInstance() 84: LM getInstance
06-27 12:50:09.114   879   879 I ANDR-PERF-LM: WQ: push() 59: LMTriggerQ push() size=0
06-27 12:50:09.114   879   879 I ANDR-PERF-LM: WQ: push() 61: LMTriggerQ push() done size=1
06-27 12:50:09.114   879   984 I ANDR-PERF-LM: WQ: pop() 42: LMTriggerQ pop() done size=0
06-27 12:50:09.114   879   984 I ANDR-PERF-LM: Core: lmMain() 381: Calling runAsync for AdaptLaunch
06-27 12:50:09.114   879   984 I ANDR-PERF-LM: Core: lmMain() 391: runAsync for AdaptLaunch returned
06-27 12:50:09.114   879   984 I ANDR-PERF-LM: Core: lmMain() 373: Waiting on trigger Queue
06-27 12:50:09.114   879   984 I ANDR-PERF-LM: WQ: pop() 31: LMTriggerQ pop() size=0
06-27 12:50:09.114   879   879 I ANDR-PERF-LM: LMPerfGlue: perfmodule_submit_request() 132: perfmodule_submit_request()
06-27 12:50:09.114   879   879 I ANDR-PERF-LM: Core: getInstance() 84: LM getInstance
06-27 12:50:09.114   879   879 I ANDR-PERF-LM: WQ: push() 59: LMTriggerQ push() size=0
06-27 12:50:09.114   879   879 I ANDR-PERF-LM: WQ: push() 61: LMTriggerQ push() done size=1
06-27 12:50:09.114   879   984 I ANDR-PERF-LM: WQ: pop() 42: LMTriggerQ pop() done size=0
06-27 12:50:09.114   879   984 I ANDR-PERF-LM: Core: lmMain() 381: Calling runAsync for AdaptLaunch
06-27 12:50:09.114   879   984 I ANDR-PERF-LM: Core: lmMain() 391: runAsync for AdaptLaunch returned
06-27 12:50:09.114   879   984 I ANDR-PERF-LM: Core: lmMain() 373: Waiting on trigger Queue
06-27 12:50:09.114   879   984 I ANDR-PERF-LM: WQ: pop() 31: LMTriggerQ pop() size=0
06-27 12:50:09.117   876   907 E ANDR-IOP: io prefetch is disabled
06-27 12:50:09.117  1919  8390 D CompatibilityInfo: mCompatibilityFlags - 0
06-27 12:50:09.117  1919  8390 D CompatibilityInfo: applicationDensity - 440
06-27 12:50:09.118  1919  8390 D CompatibilityInfo: applicationScale - 1.0
06-27 12:50:09.118   879   879 I ANDR-PERF-LM: LMPerfGlue: perfmodule_submit_request() 132: perfmodule_submit_request()
06-27 12:50:09.118   879   879 I ANDR-PERF-LM: Core: getInstance() 84: LM getInstance
06-27 12:50:09.118   879   879 I ANDR-PERF-LM: WQ: push() 59: LMTriggerQ push() size=0
06-27 12:50:09.118   879   879 I ANDR-PERF-LM: WQ: push() 61: LMTriggerQ push() done size=1
06-27 12:50:09.118   879   984 I ANDR-PERF-LM: WQ: pop() 42: LMTriggerQ pop() done size=0
06-27 12:50:09.118   879   984 I ANDR-PERF-LM: Core: lmMain() 381: Calling runAsync for GameOptimization
06-27 12:50:09.118   879   984 D ANDR-PERF-LM: Feature: lookup() 101: Feature Name = AppClassifier, total featuers = 3, featureFound = 1
06-27 12:50:09.118   885 10843 I vendor.qti.hardware.servicetracker@1.2-service: Activity state is changed to : 2
06-27 12:50:09.119   879   984 D ANDR-PERF-LM: Feature: getData() 112: data.data = 0
06-27 12:50:09.119   879   984 I ANDR-PERF-LM: Core: lmMain() 391: runAsync for GameOptimization returned
06-27 12:50:09.119   879   984 I ANDR-PERF-LM: Core: lmMain() 373: Waiting on trigger Queue
06-27 12:50:09.119   879   984 I ANDR-PERF-LM: WQ: pop() 31: LMTriggerQ pop() size=0
06-27 12:50:09.119  1919  8390 I ActivityTaskManager: The Process system:ui Already Exists in BG. So sending its PID: 28683
06-27 12:50:09.120   879   879 I ANDR-PERF-LM: LMPerfGlue: perfmodule_submit_request() 132: perfmodule_submit_request()
06-27 12:50:09.120   879   879 I ANDR-PERF-LM: Core: getInstance() 84: LM getInstance
06-27 12:50:09.120   879   879 I ANDR-PERF-LM: WQ: push() 59: LMTriggerQ push() size=0
06-27 12:50:09.120   879   879 I ANDR-PERF-LM: WQ: push() 61: LMTriggerQ push() done size=1
06-27 12:50:09.120   879   984 I ANDR-PERF-LM: WQ: pop() 42: LMTriggerQ pop() done size=0
06-27 12:50:09.120   879   984 I ANDR-PERF-LM: Core: lmMain() 381: Calling runAsync for AdaptLaunch
06-27 12:50:09.120   879   984 I ANDR-PERF-LM: MetaMeter: isValidAsync() 194: AsyncInfo: hintID = 4225
06-27 12:50:09.120   879   984 I ANDR-PERF-LM: hintType: 102
06-27 12:50:09.120   879   984 I ANDR-PERF-LM: isPrimary = 0
06-27 12:50:09.120  1919  8390 W ActivityTaskManager: Tried to set launchTime (0) < mLastActivityLaunchTime (4006489)
06-27 12:50:09.120   879   984 I ANDR-PERF-LM: MetaMeter: isValidAsync() 203: Invalid (hintID,hintType,appName,duration,appPID,appThreadTID) = (4225, 102,system:ui,28683,1919,8390)
06-27 12:50:09.120   879   984 E ANDR-PERF-LM: MetaMeter: handleAsync() 164: AdaptLaunch Invalid Async
06-27 12:50:09.120   879   984 I ANDR-PERF-LM: Core: lmMain() 391: runAsync for AdaptLaunch returned
06-27 12:50:09.120   879   984 I ANDR-PERF-LM: Core: lmMain() 373: Waiting on trigger Queue
06-27 12:50:09.120   879   984 I ANDR-PERF-LM: WQ: pop() 31: LMTriggerQ pop() size=0
06-27 12:50:09.121  1919  8390 D CompatibilityInfo: mCompatibilityFlags - 0
06-27 12:50:09.121  1919  8390 D CompatibilityInfo: applicationDensity - 440
06-27 12:50:09.121  1919  8390 D CompatibilityInfo: applicationScale - 1.0
06-27 12:50:09.122   885 10843 I vendor.qti.hardware.servicetracker@1.2-service: Activity state is changed to : 2
06-27 12:50:09.122   885 10843 I vendor.qti.hardware.servicetracker@1.2-service: Activity state is changed to : 2
06-27 12:50:09.124  1919  8390 D ActivityTrigger: ActivityTrigger activityPauseTrigger 
06-27 12:50:09.124   879   879 I ANDR-PERF-LM: LMPerfGlue: perfmodule_submit_request() 132: perfmodule_submit_request()
06-27 12:50:09.124   879   879 I ANDR-PERF-LM: Core: getInstance() 84: LM getInstance
06-27 12:50:09.124   879   879 I ANDR-PERF-LM: WQ: push() 59: LMTriggerQ push() size=0
06-27 12:50:09.124   879   879 I ANDR-PERF-LM: WQ: push() 61: LMTriggerQ push() done size=1
06-27 12:50:09.124   879   984 I ANDR-PERF-LM: WQ: pop() 42: LMTriggerQ pop() done size=0
06-27 12:50:09.124   879   984 I ANDR-PERF-LM: Core: lmMain() 381: Calling runAsync for GameOptimization
06-27 12:50:09.124   879   984 D ANDR-PERF-LM: Feature: lookup() 101: Feature Name = AppClassifier, total featuers = 3, featureFound = 1
06-27 12:50:09.124   879   984 D ANDR-PERF-LM: Feature: getData() 112: data.data = 0
06-27 12:50:09.124   879   984 I ANDR-PERF-LM: Core: lmMain() 391: runAsync for GameOptimization returned
06-27 12:50:09.124   879   984 I ANDR-PERF-LM: Core: lmMain() 373: Waiting on trigger Queue
06-27 12:50:09.124   879   984 I ANDR-PERF-LM: WQ: pop() 31: LMTriggerQ pop() size=0
06-27 12:50:09.125   885   937 I vendor.qti.hardware.servicetracker@1.2-service: Activity state is changed to : 3
06-27 12:50:09.128  1919  8390 I Timeline: Timeline: App_transition_ready time:4013939
06-27 12:50:09.125   885   937 I vendor.qti.hardware.servicetracker@1.2-service: Activity state is changed to : 3
06-27 12:50:09.129 28737 28739 I cmd     : oneway function results will be dropped but finished with status OK and parcel size 4
06-27 12:50:09.134  8346  8389 D PMonitor:  onForegroundActivitiesChanged:pid = 28683,activity-uid=1000,foregroundActivities=true
06-27 12:50:09.135  8346  8389 D PMonitor:  onForegroundActivitiesChanged:pid = 2964,activity-uid=10080,foregroundActivities=false
06-27 12:50:09.159  7088 26109 I com.miui.daemo: oneway function results will be dropped but finished with status OK and parcel size 4
06-27 12:50:09.160  7088 26109 I com.miui.daemo: oneway function results will be dropped but finished with status OK and parcel size 4
06-27 12:50:09.328 28683 28683 D ResolverListAdapter: ResolverListAdapter: com.android.internal.app.ResolverListAdapter@58eee3e
06-27 12:50:09.363 14895 14895 W ThreadPoolForeg: type=1400 audit(0.0:4841): avc: denied { write } for name="traced_producer" dev="tmpfs" ino=39154 scontext=u:r:gmscore_app:s0:c512,c768 tcontext=u:object_r:traced_producer_socket:s0 tclass=sock_file permissive=0 app=com.google.android.gms
06-27 12:50:09.376 28683 28683 D MiShareTransmissionView: initScreenView is false
06-27 12:50:09.425 28683 28715 D ResolverListAdapter: on doInBackground!!!!
06-27 12:50:09.425 28683 28715 D AbstractResolverComp: Setting watchdog timer for 500ms
06-27 12:50:09.428 28683 28683 D ResolverListAdapter: getItem: position 0 mDisplayList.size(): 0
06-27 12:50:09.428 28683 28683 D ResolverListAdapter: getItem: position 1 mDisplayList.size(): 0
06-27 12:50:09.428 28683 28683 D ResolverListAdapter: getItem: position 2 mDisplayList.size(): 0
06-27 12:50:09.428 28683 28683 D ResolverListAdapter: getItem: position 3 mDisplayList.size(): 0
06-27 12:50:09.428   885   937 I vendor.qti.hardware.servicetracker@1.2-service: bindService is called for service : com.google.android.ext.services/android.ext.services.resolver.LRResolverRankerService and for client system:ui
06-27 12:50:09.428   885   937 I vendor.qti.hardware.servicetracker@1.2-service: total connections for service : com.google.android.ext.services/android.ext.services.resolver.LRResolverRankerServiceare :1
06-27 12:50:09.428   885   937 I vendor.qti.hardware.servicetracker@1.2-service: total connections for client : system:uiare :1
06-27 12:50:09.429  1919  2233 D CompatibilityInfo: mCompatibilityFlags - 0
06-27 12:50:09.429  1919  2233 D CompatibilityInfo: applicationDensity - 440
06-27 12:50:09.429  1919  2233 D CompatibilityInfo: applicationScale - 1.0
06-27 12:50:09.431   885   937 I vendor.qti.hardware.servicetracker@1.2-service: startService() is called for servicecom.google.android.ext.services/android.ext.services.resolver.LRResolverRankerService
06-27 12:50:09.529 28683 28683 D ResolverListAdapter: ResolverListAdapter: com.android.internal.app.ResolverListAdapter@fdf792b
06-27 12:50:09.625  1919  2106 W ActivityTaskManager: Activity top resumed state loss timeout for ActivityRecord{9311304 u0 android/com.android.internal.app.ResolverActivity t27381}
06-27 12:50:09.625  1919  2106 W ActivityTaskManager: Activity pause timeout for ActivityRecord{9311304 u0 android/com.android.internal.app.ResolverActivity t27381}
06-27 12:50:09.626   885   937 I vendor.qti.hardware.servicetracker@1.2-service: Activity state is changed to : 4
06-27 12:50:09.626   885   937 I vendor.qti.hardware.servicetracker@1.2-service: Activity state is changed to : 4
06-27 12:50:09.627   885 10843 I vendor.qti.hardware.servicetracker@1.2-service: Activity state is changed to : 5
06-27 12:50:09.627   885 10843 I vendor.qti.hardware.servicetracker@1.2-service: Activity state is changed to : 5
06-27 12:50:09.634 28683 28683 D ResolverListAdapter: ResolverListAdapter: com.android.internal.app.ResolverListAdapter@b53e188
06-27 12:50:09.688 28683 28683 W Activity: Slow Operation: Activity android/com.android.internal.app.ResolverActivity onCreate took 549ms
06-27 12:50:09.719  2964  2964 D RecentsImpl: mActivityStateObserver com.android.internal.app.ResolverActivity
06-27 12:50:09.719 28683 28683 W Looper  : PerfMonitor looperActivity : package=android/com.android.internal.app.ResolverActivity time=0ms latency=595ms running=1ms  procState=12 ClientTransaction{ callbacks=[android.app.servertransaction.TopResumedActivityChangeItem] } historyMsgCount=2 (msgIndex=1 wall=595ms seq=22 running=264ms runnable=25ms binder=333ms late=1ms h=android.app.ActivityThread$H w=159)
06-27 12:50:09.719 28683 28683 W Looper  : PerfMonitor looperActivity : package=android/com.android.internal.app.ResolverActivity time=0ms latency=594ms running=0ms  procState=12 ClientTransaction{ callbacks=[android.app.servertransaction.TopResumedActivityChangeItem] } historyMsgCount=3 (msgIndex=1 wall=595ms seq=22 running=264ms runnable=25ms binder=333ms late=1ms h=android.app.ActivityThread$H w=159)
06-27 12:50:09.721 28683 28683 W Looper  : PerfMonitor looperActivity : package=android/com.android.internal.app.ResolverActivity time=2ms latency=594ms running=1ms  procState=12 ClientTransaction{ lifecycleRequest=android.app.servertransaction.PauseActivityItem } historyMsgCount=4 (msgIndex=1 wall=595ms seq=22 running=264ms runnable=25ms binder=333ms late=1ms h=android.app.ActivityThread$H w=159)
06-27 12:50:09.724   885 10843 I vendor.qti.hardware.servicetracker@1.2-service: Activity state is changed to : 7
06-27 12:50:09.725   885 10843 I chatty  : uid=1000(system) HwBinder:885_4 identical 1 line
06-27 12:50:09.726   885 10843 I vendor.qti.hardware.servicetracker@1.2-service: Activity state is changed to : 7
06-27 12:50:09.726   885 10843 I vendor.qti.hardware.servicetracker@1.2-service: Activity state is changed to : 8
06-27 12:50:09.730  1919  8390 I Timeline: Timeline: App_transition_ready time:4014540
06-27 12:50:09.741  1919  2107 I Timeline: Timeline: App_transition_ready time:4014552
06-27 12:50:09.726   885 10843 I vendor.qti.hardware.servicetracker@1.2-service: Activity state is changed to : 8
06-27 12:50:09.750  8346  8383 D PMonitor:  onForegroundActivitiesChanged:pid = 28683,activity-uid=1000,foregroundActivities=false
06-27 12:50:09.751  8346  8383 D PMonitor:  onForegroundActivitiesChanged:pid = 2964,activity-uid=10080,foregroundActivities=true
06-27 12:50:09.751 28683 28683 D ResolverListAdapter: on PostExecute!!!!
06-27 12:50:09.751 28683 28683 D ResolverListAdapter: processSortedlist: ResolveInfo{401d4c0 com.mxtech.videoplayer.ad/.ActivityScreen m=0x608000}
06-27 12:50:09.751  9395 10041 I SCTaskStackListener: onTaskStackChanged! inSplit = false
06-27 12:50:09.752 28683 28683 I ResolverListAdapter: Add DisplayResolveInfo component: ComponentInfo{com.mxtech.videoplayer.ad/com.mxtech.videoplayer.ad.ActivityScreen}, intent component: ComponentInfo{com.mxtech.videoplayer.ad/com.mxtech.videoplayer.ad.ActivityScreen}
06-27 12:50:09.752 28683 28683 D ResolverListAdapter: addResolveInfo: ResolveInfo{401d4c0 com.mxtech.videoplayer.ad/.ActivityScreen m=0x608000}
06-27 12:50:09.752 28683 28683 D ResolverListAdapter: mDisplayList: 1
06-27 12:50:09.752 28683 28683 D ResolverListAdapter: processSortedlist: ResolveInfo{1a45f9 com.mxtech.videoplayer.ad/.ActivityPipScreen m=0x608000}
06-27 12:50:09.752 28683 28683 I ResolverListAdapter: Add DisplayResolveInfo component: ComponentInfo{com.mxtech.videoplayer.ad/com.mxtech.videoplayer.ad.ActivityPipScreen}, intent component: ComponentInfo{com.mxtech.videoplayer.ad/com.mxtech.videoplayer.ad.ActivityPipScreen}
06-27 12:50:09.752 28683 28683 D ResolverListAdapter: addResolveInfo: ResolveInfo{1a45f9 com.mxtech.videoplayer.ad/.ActivityPipScreen m=0x608000}
06-27 12:50:09.752 28683 28683 D ResolverListAdapter: mDisplayList: 2
06-27 12:50:09.752 28683 28683 D ResolverListAdapter: processSortedlist: ResolveInfo{417d93e com.miui.player/.phone.ui.AudioPreview m=0x608000}
06-27 12:50:09.752 28683 28683 I ResolverListAdapter: Add DisplayResolveInfo component: ComponentInfo{com.miui.player/com.miui.player.phone.ui.AudioPreview}, intent component: ComponentInfo{com.miui.player/com.miui.player.phone.ui.AudioPreview}
06-27 12:50:09.752 28683 28683 D ResolverListAdapter: addResolveInfo: ResolveInfo{417d93e com.miui.player/.phone.ui.AudioPreview m=0x608000}
06-27 12:50:09.753  2671  2671 D AppMiniWindowManager: topActivity updated in onTaskStackChanged
06-27 12:50:09.752 28683 28683 D ResolverListAdapter: mDisplayList: 3
06-27 12:50:09.754 28683 28683 D ResolverListAdapter: processSortedlist: ResolveInfo{64c939f com.bsbportal.music/.activities.LauncherScreenActivity m=0x608000}
06-27 12:50:09.754 28683 28683 I ResolverListAdapter: Add DisplayResolveInfo component: ComponentInfo{com.bsbportal.music/com.bsbportal.music.activities.LauncherScreenActivity}, intent component: ComponentInfo{com.bsbportal.music/com.bsbportal.music.activities.LauncherScreenActivity}
06-27 12:50:09.754  9395  9436 I SCTaskStackListener: onTaskStackChanged! inSplit = false
06-27 12:50:09.754 28683 28683 D ResolverListAdapter: addResolveInfo: ResolveInfo{64c939f com.bsbportal.music/.activities.LauncherScreenActivity m=0x608000}
06-27 12:50:09.754 28683 28683 D ResolverListAdapter: mDisplayList: 4
06-27 12:50:09.762 28683 28683 D ResolverListAdapter: getItem: position 0 mDisplayList.size(): 4
06-27 12:50:09.762 28683 28683 D ResolverListAdapter: getItem: position 1 mDisplayList.size(): 4
06-27 12:50:09.763 28683 28683 D ResolverListAdapter: getItem: position 2 mDisplayList.size(): 4
06-27 12:50:09.763 28683 28683 D ResolverListAdapter: getItem: position 3 mDisplayList.size(): 4
06-27 12:50:09.778  1919  7216 I Timeline: Timeline: App_transition_ready time:4014588
06-27 12:50:09.781  1919  7216 I Timeline: Timeline: App_transition_ready time:4014591
06-27 12:50:09.781  1919  7216 I Timeline: Timeline: App_transition_stopped time:4014592
06-27 12:50:09.786  2671  3038 D MiuiPhoneStatusBarPolicy: updateManagedProfile: secondSpace = false
06-27 12:50:09.793   885 10843 I vendor.qti.hardware.servicetracker@1.2-service: unbindService is called for service : com.google.android.ext.services/android.ext.services.resolver.LRResolverRankerService and for client system:ui
06-27 12:50:09.794   885 10843 I vendor.qti.hardware.servicetracker@1.2-service: size of service connections for service: com.google.android.ext.services/android.ext.services.resolver.LRResolverRankerServiceafter removal is 0
06-27 12:50:09.794   885 10843 I vendor.qti.hardware.servicetracker@1.2-service: size of client connections for client: system:uiafter removal is 0
06-27 12:50:09.794   885 10843 I vendor.qti.hardware.servicetracker@1.2-service: destroyService is called for service : com.google.android.ext.services/android.ext.services.resolver.LRResolverRankerService
06-27 12:50:09.803   885 10843 I vendor.qti.hardware.servicetracker@1.2-service: Activity state is changed to : 9
06-27 12:50:09.818 28683 28683 E ActivityThread: Activity com.android.internal.app.ResolverActivity has leaked IntentReceiver com.android.internal.app.ResolverActivity$1@6d67bd7 that was originally registered here. Are you missing a call to unregisterReceiver()?
06-27 12:50:09.818 28683 28683 E ActivityThread: android.app.IntentReceiverLeaked: Activity com.android.internal.app.ResolverActivity has leaked IntentReceiver com.android.internal.app.ResolverActivity$1@6d67bd7 that was originally registered here. Are you missing a call to unregisterReceiver()?
06-27 12:50:09.818 28683 28683 E ActivityThread: 	at android.app.LoadedApk$ReceiverDispatcher.<init>(LoadedApk.java:1607)
06-27 12:50:09.818 28683 28683 E ActivityThread: 	at android.app.LoadedApk.getReceiverDispatcher(LoadedApk.java:1378)
06-27 12:50:09.818 28683 28683 E ActivityThread: 	at android.app.ContextImpl.registerReceiverInternal(ContextImpl.java:1624)
06-27 12:50:09.818 28683 28683 E ActivityThread: 	at android.app.ContextImpl.registerReceiverAsUser(ContextImpl.java:1611)
06-27 12:50:09.818 28683 28683 E ActivityThread: 	at android.content.ContextWrapper.registerReceiverAsUser(ContextWrapper.java:720)
06-27 12:50:09.818 28683 28683 E ActivityThread: 	at com.android.internal.content.PackageMonitor.register(PackageMonitor.java:98)
06-27 12:50:09.818 28683 28683 E ActivityThread: 	at com.android.internal.content.PackageMonitor.register(PackageMonitor.java:86)
06-27 12:50:09.818 28683 28683 E ActivityThread: 	at com.android.internal.app.ResolverActivity.onCreate(ResolverActivity.java:523)
06-27 12:50:09.818 28683 28683 E ActivityThread: 	at com.android.internal.app.ResolverActivity.onCreate(ResolverActivity.java:380)
06-27 12:50:09.818 28683 28683 E ActivityThread: 	at android.app.Activity.performCreate(Activity.java:8127)
06-27 12:50:09.818 28683 28683 E ActivityThread: 	at android.app.Activity.performCreate(Activity.java:8098)
06-27 12:50:09.818 28683 28683 E ActivityThread: 	at android.app.Instrumentation.callActivityOnCreate(Instrumentation.java:1310)
06-27 12:50:09.818 28683 28683 E ActivityThread: 	at android.app.ActivityThread.performLaunchActivity(ActivityThread.java:3513)
06-27 12:50:09.818 28683 28683 E ActivityThread: 	at android.app.ActivityThread.handleLaunchActivity(ActivityThread.java:3700)
06-27 12:50:09.818 28683 28683 E ActivityThread: 	at android.app.servertransaction.LaunchActivityItem.execute(LaunchActivityItem.java:85)
06-27 12:50:09.818 28683 28683 E ActivityThread: 	at android.app.servertransaction.TransactionExecutor.executeCallbacks(TransactionExecutor.java:135)
06-27 12:50:09.818 28683 28683 E ActivityThread: 	at android.app.servertransaction.TransactionExecutor.execute(TransactionExecutor.java:95)
06-27 12:50:09.818 28683 28683 E ActivityThread: 	at android.app.ActivityThread$H.handleMessage(ActivityThread.java:2136)
06-27 12:50:09.818 28683 28683 E ActivityThread: 	at android.os.Handler.dispatchMessage(Handler.java:106)
06-27 12:50:09.818 28683 28683 E ActivityThread: 	at android.os.Looper.loop(Looper.java:236)
06-27 12:50:09.818 28683 28683 E ActivityThread: 	at android.app.ActivityThread.main(ActivityThread.java:8061)
06-27 12:50:09.818 28683 28683 E ActivityThread: 	at java.lang.reflect.Method.invoke(Native Method)
06-27 12:50:09.818 28683 28683 E ActivityThread: 	at com.android.internal.os.RuntimeInit$MethodAndArgsCaller.run(RuntimeInit.java:656)
06-27 12:50:09.818 28683 28683 E ActivityThread: 	at com.android.internal.os.ZygoteInit.main(ZygoteInit.java:967)
06-27 12:50:09.820 28683 28683 E ActivityThread: Activity com.android.internal.app.ResolverActivity has leaked IntentReceiver com.android.internal.app.ResolverActivity$5@ebc36fd that was originally registered here. Are you missing a call to unregisterReceiver()?
06-27 12:50:09.820 28683 28683 E ActivityThread: android.app.IntentReceiverLeaked: Activity com.android.internal.app.ResolverActivity has leaked IntentReceiver com.android.internal.app.ResolverActivity$5@ebc36fd that was originally registered here. Are you missing a call to unregisterReceiver()?
06-27 12:50:09.820 28683 28683 E ActivityThread: 	at android.app.LoadedApk$ReceiverDispatcher.<init>(LoadedApk.java:1607)
06-27 12:50:09.820 28683 28683 E ActivityThread: 	at android.app.LoadedApk.getReceiverDispatcher(LoadedApk.java:1378)
06-27 12:50:09.820 28683 28683 E ActivityThread: 	at android.app.ContextImpl.registerReceiverInternal(ContextImpl.java:1624)
06-27 12:50:09.820 28683 28683 E ActivityThread: 	at android.app.ContextImpl.registerReceiverAsUser(ContextImpl.java:1611)
06-27 12:50:09.820 28683 28683 E ActivityThread: 	at android.content.ContextWrapper.registerReceiverAsUser(ContextWrapper.java:720)
06-27 12:50:09.820 28683 28683 E ActivityThread: 	at com.android.internal.app.ResolverActivity.registerWorkProfileStateReceiver(ResolverActivity.java:1087)
06-27 12:50:09.820 28683 28683 E ActivityThread: 	at com.android.internal.app.ResolverActivity.onStart(ResolverActivity.java:1068)
06-27 12:50:09.820 28683 28683 E ActivityThread: 	at android.app.Instrumentation.callActivityOnStart(Instrumentation.java:1436)
06-27 12:50:09.820 28683 28683 E ActivityThread: 	at android.app.Activity.performStart(Activity.java:8158)
06-27 12:50:09.820 28683 28683 E ActivityThread: 	at android.app.ActivityThread.handleStartActivity(ActivityThread.java:3566)
06-27 12:50:09.820 28683 28683 E ActivityThread: 	at android.app.servertransaction.TransactionExecutor.performLifecycleSequence(TransactionExecutor.java:221)
06-27 12:50:09.820 28683 28683 E ActivityThread: 	at android.app.servertransaction.TransactionExecutor.cycleToPath(TransactionExecutor.java:201)
06-27 12:50:09.820 28683 28683 E ActivityThread: 	at android.app.servertransaction.TransactionExecutor.executeLifecycleState(TransactionExecutor.java:173)
06-27 12:50:09.820 28683 28683 E ActivityThread: 	at android.app.servertransaction.TransactionExecutor.execute(TransactionExecutor.java:97)
06-27 12:50:09.820 28683 28683 E ActivityThread: 	at android.app.ActivityThread$H.handleMessage(ActivityThread.java:2136)
06-27 12:50:09.820 28683 28683 E ActivityThread: 	at android.os.Handler.dispatchMessage(Handler.java:106)
06-27 12:50:09.820 28683 28683 E ActivityThread: 	at android.os.Looper.loop(Looper.java:236)
06-27 12:50:09.820 28683 28683 E ActivityThread: 	at android.app.ActivityThread.main(ActivityThread.java:8061)
06-27 12:50:09.820 28683 28683 E ActivityThread: 	at java.lang.reflect.Method.invoke(Native Method)
06-27 12:50:09.820 28683 28683 E ActivityThread: 	at com.android.internal.os.RuntimeInit$MethodAndArgsCaller.run(RuntimeInit.java:656)
06-27 12:50:09.820 28683 28683 E ActivityThread: 	at com.android.internal.os.ZygoteInit.main(ZygoteInit.java:967)
06-27 12:50:09.803   885 10843 I vendor.qti.hardware.servicetracker@1.2-service: Activity state is changed to : 9
06-27 12:50:10.813  2841  2841 D QtiCarrierConfigHelper: WARNING, no carrier configs on phone Id: 0
06-27 12:50:10.815  2671  2671 D KeyguardUpdateMonitor: received broadcast android.intent.action.BATTERY_CHANGED
06-27 12:50:10.816  2671  2671 D BatteryController: onReceive: Intent = Intent { act=android.intent.action.BATTERY_CHANGED flg=0x60000010 (has extras) } action = android.intent.action.BATTERY_CHANGED
06-27 12:50:10.816  9395  9395 I PowerSaveService: onReceive: android.intent.action.BATTERY_CHANGED
06-27 12:50:10.818  9739  9968 D PowerCheckerService: onBatteryChanged, mBatteryLevel = 39, status = 2, level = 39, plug = 2, scale = 100
06-27 12:50:10.819  9395  9395 I PowerNoticeUI: handleBatteryChanged oldPlugType 2 mPlugType 2 oldBatteryLevel 39 mBatteryLevel 39 temperature 255
06-27 12:50:10.819  9395  9395 I ChargerBatteryIntelligenceReceiver: onBatteryChanged temperature：25,plugType:2
06-27 12:50:10.820  9395  9395 I PowerFeatureUtils: getVendorName:qcom
06-27 12:50:10.823  2881  2881 D DeviceStatisticsService: chargerType=2 batteryLevel=39 totalBatteryCapacity=2215300
06-27 12:50:11.237  1919  2233 I ActivityTaskManager: START u0 {act=android.intent.action.CALL dat=tel:xxxxxxxxxx flg=0x10000000 cmp=com.android.server.telecom/.components.UserCallActivity} from uid 2000
06-27 12:50:11.238  1919  2233 W ActivityTaskManager: Permission Denial: starting Intent { act=android.intent.action.CALL dat=tel:xxxxxxxxxx flg=0x10000000 cmp=com.android.server.telecom/.components.UserCallActivity } from null (pid=28748, uid=2000) with revoked permission android.permission.CALL_PHONE
06-27 12:50:11.239 28748 28750 I cmd     : oneway function results will be dropped but finished with status OK and parcel size 4
06-27 12:50:11.772   885 10843 I vendor.qti.hardware.servicetracker@1.2-service: unbindService is called for service : com.google.android.gms/.measurement.service.MeasurementBrokerService and for client com.miui.securitycenter.remote
06-27 12:50:11.773   885 10843 I vendor.qti.hardware.servicetracker@1.2-service: size of service connections for service: com.google.android.gms/.measurement.service.MeasurementBrokerServiceafter removal is 0
06-27 12:50:11.773   885 10843 I vendor.qti.hardware.servicetracker@1.2-service: size of client connections for client: com.miui.securitycenter.remoteafter removal is 4
06-27 12:50:11.775   885 10843 I vendor.qti.hardware.servicetracker@1.2-service: destroyService is called for service : com.google.android.gms/.measurement.service.MeasurementBrokerService
06-27 12:50:11.775  3799  3799 D BoundBrokerSvc: onUnbind: Intent { act=com.google.android.gms.measurement.START pkg=com.google.android.gms }
06-27 12:50:11.782  1919  2385 I MiuiNetworkPolicy: updateUidState uid = 99005, uidState = 6
06-27 12:50:11.782  1919  2385 I MiuiNetworkPolicy: updateUidState uid = 10183, uidState = 5
06-27 12:50:11.782  9235  9448 I BtGatt.ScanManager: msg.what = 6
06-27 12:50:12.956  2841  2841 D QtiCarrierConfigHelper: WARNING, no carrier configs on phone Id: 0
06-27 12:50:12.956  2671  2671 D KeyguardUpdateMonitor: received broadcast android.intent.action.BATTERY_CHANGED
06-27 12:50:12.957  2671  2671 D BatteryController: onReceive: Intent = Intent { act=android.intent.action.BATTERY_CHANGED flg=0x60000010 (has extras) } action = android.intent.action.BATTERY_CHANGED
06-27 12:50:12.958  9395  9395 I PowerSaveService: onReceive: android.intent.action.BATTERY_CHANGED
06-27 12:50:12.962  9739  9968 D PowerCheckerService: onBatteryChanged, mBatteryLevel = 39, status = 2, level = 39, plug = 2, scale = 100
06-27 12:50:12.963  9395  9395 I PowerNoticeUI: handleBatteryChanged oldPlugType 2 mPlugType 2 oldBatteryLevel 39 mBatteryLevel 39 temperature 255
06-27 12:50:12.964  9395  9395 I ChargerBatteryIntelligenceReceiver: onBatteryChanged temperature：25,plugType:2
06-27 12:50:12.964  9395  9395 I PowerFeatureUtils: getVendorName:qcom
06-27 12:50:12.965  2881  2881 D DeviceStatisticsService: chargerType=2 batteryLevel=39 totalBatteryCapacity=2216500
06-27 12:50:13.360  1919  8335 I ActivityTaskManager: START u0 {act=android.intent.action.CALL dat=tel:xxxxxxxxxx flg=0x10000000 cmp=com.android.server.telecom/.components.UserCallActivity} from uid 2000
06-27 12:50:13.361  1919  8335 W ActivityTaskManager: Permission Denial: starting Intent { act=android.intent.action.CALL dat=tel:xxxxxxxxxx flg=0x10000000 cmp=com.android.server.telecom/.components.UserCallActivity } from null (pid=28754, uid=2000) with revoked permission android.permission.CALL_PHONE
06-27 12:50:13.362 28754 28756 I cmd     : oneway function results will be dropped but finished with status OK and parcel size 4
06-27 12:50:15.481  1919  8335 I ActivityTaskManager: START u0 {act=android.intent.action.CALL dat=tel:xxxxxxxxxx flg=0x10000000 cmp=com.android.server.telecom/.components.UserCallActivity} from uid 2000
06-27 12:50:15.482  1919  8335 W ActivityTaskManager: Permission Denial: starting Intent { act=android.intent.action.CALL dat=tel:xxxxxxxxxx flg=0x10000000 cmp=com.android.server.telecom/.components.UserCallActivity } from null (pid=28759, uid=2000) with revoked permission android.permission.CALL_PHONE
06-27 12:50:15.483 28759 28761 I cmd     : oneway function results will be dropped but finished with status OK and parcel size 4
