06-27 12:50:35.045   905   905 E DisplayFeatureHal: setFeatureEnable param error caseId: 31 modeId: 0 cookie: 255
06-27 12:50:35.045   905   992 D DisplayFeatureHal: set mode:47 ppMode:51 over done.... status:1 ret 0
06-27 12:50:35.046   969   969 D CompositionEngine: updateFodFlag FOD Add hbm_overlay
06-27 12:50:35.047   905   992 D DisplayFeatureHal: Query DisplayPostproc service
06-27 12:50:35.047  2625  3452 D KeyguardWallpaperRenderer: onDrawFrame
06-27 12:50:35.051   811  2303 I Dpps    : AddNewDppsClient():431 New DPPS client accepted, client fd = 30, poll idx 2
06-27 12:50:35.051   811  2303 I Dpps    : HandleDppsClientEvent():921 Incoming message on client fd 30: 'ad:on;1'
06-27 12:50:35.052   811  2337 I SDM     : DisplayBuiltIn::ControlPartialUpdate: partial update is not applicable for display id = 28
06-27 12:50:35.053   811  2337 I Dpps    : ParseFile():82 Loading AD calib file /vendor/etc/sdr_config.cfg
06-27 12:50:35.054   811  2337 I Dpps    : ParseFile():92 Config File Version: 1.0 
06-27 12:50:35.054   811  2337 I Dpps    : ParseFile():131 Parsing Init parameters
06-27 12:50:35.057   969   969 D CompositionEngine: updateFodFlag FOD Add hbm_overlay
06-27 12:50:35.058   811  2337 I Dpps    : ParseFile():205 Parsing Cfg parameters
06-27 12:50:35.060  2671  2671 D KeyguardViewMediator: handleNotifyScreenTurnedOn
06-27 12:50:35.060  2671  2671 D MiuiGxzwManager: onScreenTurnedOn
06-27 12:50:35.060  2671  2671 D MiuiGxzwOverlayView: onScreenTurnedOn
06-27 12:50:35.060  2671  2671 D MiuiGxzwViewIcon: onScreenTurnedOn
06-27 12:50:35.061   811  2337 I Dpps    : ParseFile():82 Loading AD calib file /vendor/etc/hdr_config.cfg
06-27 12:50:35.061  2671  3648 D NdkImageReader: acquireImageLocked: Producer buffer usage: 333, doesn't cover all usage bits AImageReader configured: 100003
06-27 12:50:35.061   811  2337 I Dpps    : ParseFile():92 Config File Version: 1.0 
06-27 12:50:35.061   811  2337 I Dpps    : ParseFile():131 Parsing Init parameters
06-27 12:50:35.061  9395  9435 I BatteryHistoryLoadMgr: lastIncreasingIntervalStartIndex=0
06-27 12:50:35.061  9395  9435 W BatteryHistoryLoadMgr: get firstHistoryInfo time: 154243687
06-27 12:50:35.061  9395  9435 D BatteryHistoryLoadMgr: getHistoryInfo end
06-27 12:50:35.062  9395  9435 I PowerUtils: Device name:raphaelin
06-27 12:50:35.062  9395  9435 W PowerUtils: should not use this capacity value 4000
06-27 12:50:35.062  9395  9435 I PowerUtils: Device name:raphaelin
06-27 12:50:35.062  9395  9435 W PowerUtils: should not use this capacity value 4000
06-27 12:50:35.062  2625  3452 D KeyguardWallpaperRenderer: onDrawFrame
06-27 12:50:35.062   969  3556 E SurfaceFlinger: xiaomi-debug fod fod_ui_ready:1
06-27 12:50:35.063  9395  9435 I PowerUtils: Device name:raphaelin
06-27 12:50:35.063  9395  9435 W PowerUtils: should not use this capacity value 4000
06-27 12:50:35.063  9395  9435 I PowerUtils: Device name:raphaelin
06-27 12:50:35.063  9395  9435 W PowerUtils: should not use this capacity value 4000
06-27 12:50:35.064  9395  9435 I PowerFeatureUtils: getVendorName:qcom
06-27 12:50:35.064  9395  9435 I BatteryChargeTimeHelper: Left charge time, 0.6 4h1s500ms
06-27 12:50:35.064  9395  9435 I PowerUtils: Device name:raphaelin
06-27 12:50:35.064  9395  9435 W PowerUtils: should not use this capacity value 4000
06-27 12:50:35.064  2671  7681 W BpBinder: PerfMonitor binderTransact :  time=204ms interface=android.content.IContentProvider code=21
06-27 12:50:35.065   811  2337 I Dpps    : ParseFile():205 Parsing Cfg parameters
06-27 12:50:35.068   811  2303 I Dpps    : HandleDppsClientEvent():903 Client connection 30 has closed
06-27 12:50:35.068   811  2303 I Dpps    : RemoveServerClient():297 closed fd 30 poll_idx 2
06-27 12:50:35.068   905   992 D DisplayFeatureHal: HandleDisplayState exit
06-27 12:50:35.068   905   992 D DisplayFeatureHal: writeDCBacklight setting backlight to 584
06-27 12:50:35.069   905   992 D DisplayFeatureHal: successfully write 584 into /sys/class/backlight/panel0-backlight/brightness
06-27 12:50:35.070   899  1840 D libsensor-B2SNotifier: Backlight2SlpiNotifier brightness = 584
06-27 12:50:35.086  2671  2799 D NetworkController.MobileSignalController(2): onDataActivity: direction=4
06-27 12:50:35.087  2671  2799 D NetworkController.MobileSignalController(2): onDataActivity: direction=4
06-27 12:50:35.087  2914  2914 D DynamicSarService: PhoneStateListener.onDataActivity: direction=4
06-27 12:50:35.087  2914  2914 D DynamicSarService: modem state change,messageType: 128 state: 4
06-27 12:50:35.087  2914  2914 D DynamicSarService: PhoneStateListener.onDataActivity: direction=4
06-27 12:50:35.087  2914  2914 D DynamicSarService: modem state change,messageType: 128 state: 4
06-27 12:50:35.095  2625  3452 D KeyguardWallpaperRenderer: onDrawFrame
06-27 12:50:35.097  2671  3648 D NdkImageReader: acquireImageLocked: Producer buffer usage: 333, doesn't cover all usage bits AImageReader configured: 100003
06-27 12:50:35.098  2671  2671 I KeyguardIndicationInjector: handleChargeTextAnimation: false;powerPluggedIn=true
06-27 12:50:35.098  2671  2671 D KeyguardIndication:  switchIndication:Charging 40%
06-27 12:50:35.114  2625  3452 D KeyguardWallpaperRenderer: onDrawFrame
06-27 12:50:35.128  2625  3452 D KeyguardWallpaperRenderer: onDrawFrame
06-27 12:50:35.132  2671  3648 D NdkImageReader: acquireImageLocked: Producer buffer usage: 333, doesn't cover all usage bits AImageReader configured: 100003
06-27 12:50:35.144  2625  3452 D KeyguardWallpaperRenderer: onDrawFrame
06-27 12:50:35.146  2671  3197 W RenderInspector: DequeueBuffer time out on NotificationShade, count=2, avg=60 ms, max=100 ms.
06-27 12:50:35.148  2671  3648 D NdkImageReader: acquireImageLocked: Producer buffer usage: 333, doesn't cover all usage bits AImageReader configured: 100003
06-27 12:50:35.153  4070 29017 I DeviceStatusMonitor: DeviceStatusMonitor.handleBroadcast():123 onReceive() : Action = android.intent.action.SCREEN_ON
06-27 12:50:35.153  4070 29017 I DeviceStatusMonitor: DeviceStatusMonitor.updateCountryInfo():139 updateCountryInfo(), notifyAnyway = false
06-27 12:50:35.161  2625  3452 D KeyguardWallpaperRenderer: onDrawFrame
06-27 12:50:35.165   841   886 I sensors-hal: batch:180, android.sensor.proximity/15, period=200000000, max_latency=0
06-27 12:50:35.165   841   886 I sensors-hal: batch:189, android.sensor.proximity/15, period=200000000, max_latency=0 request completed
06-27 12:50:35.180  2625  3452 D KeyguardWallpaperRenderer: onDrawFrame
06-27 12:50:35.181   969   969 D CompositionEngine: updateFodFlag FOD Add hbm_overlay
06-27 12:50:35.194  2625  3452 D KeyguardWallpaperRenderer: onDrawFrame
06-27 12:50:35.195  2671  3648 D NdkImageReader: acquireImageLocked: Producer buffer usage: 333, doesn't cover all usage bits AImageReader configured: 100003
06-27 12:50:35.197   969   969 D CompositionEngine: updateFodFlag FOD Add hbm_overlay
06-27 12:50:35.198  2671  2671 D StatusBar: disable<e i a s B H R c s > disable2<q i n >
06-27 12:50:35.206  2625  2682 D HomeWallpaperRenderer: OFFSET  x: 0.0  y: 0.0
06-27 12:50:35.210  2625  3452 D KeyguardWallpaperRenderer: OFFSET  x: 0.0  y: 0.0
06-27 12:50:35.211  2625  3452 D KeyguardWallpaperRenderer: onDrawFrame
06-27 12:50:35.212  2671  3648 D NdkImageReader: acquireImageLocked: Producer buffer usage: 333, doesn't cover all usage bits AImageReader configured: 100003
06-27 12:50:35.213   969   969 D CompositionEngine: updateFodFlag FOD Add hbm_overlay
06-27 12:50:35.213  3125  8779 I NearbyDiscovery: (REDACTED) FastPairHandler: Received action %s
06-27 12:50:35.213  3125  8779 I NearbyDiscovery: (REDACTED) FastPairScanner: isScreenOn=%s, isLocationEnabled=%s, disableLocationRequirement=%s, isDiscoveryScanningEnabled=%s, during24GhzWifiWarmingUpPeriod=%s
06-27 12:50:35.214  3125  8779 D BluetoothAdapter: isLeEnabled(): BLE_ON
06-27 12:50:35.214  3125  8779 I NearbyDiscovery: (REDACTED) FastPairScanner: eventType=%s, intReq=%s, scanning=%s, scanAllowed=%s, bleEnabled=%s, lockScanRate=%s, startScanningByLowPowerMode=%s
06-27 12:50:35.214  3125  8779 I NearbyDiscovery: FastPairController: onSystemStateChanged: skip due to flag disabled [CONTEXT service_id=265 ]
06-27 12:50:35.214  8426  8426 D BroadcastExecutor: BroadcastExecutor : 2
06-27 12:50:35.215  8426  8426 D BroadcastExecutor: BroadcastExecutor : 2
06-27 12:50:35.216  8426  8426 W AD-PLUGIN-PushAdManager: pushRealTimeRequest mode mismatching
06-27 12:50:35.217  8247  8247 D BroadcastExecutor: BroadcastExecutor : 2
06-27 12:50:35.218  8247  8247 D BroadcastExecutor: BroadcastExecutor : 2
06-27 12:50:35.218  9395  9616 I TrafficManageService: onReceive: android.intent.action.SCREEN_ON
06-27 12:50:35.219  9395  9395 I PowerSaveService: onReceive: android.intent.action.SCREEN_ON
06-27 12:50:35.220  9395  9626 D PowerNoticeUI: ScreenOnEvent
06-27 12:50:35.222  1919  2121 D CompatibilityInfo: mCompatibilityFlags - 0
06-27 12:50:35.222  1919  2121 D CompatibilityInfo: applicationDensity - 440
06-27 12:50:35.222  1919  2121 D CompatibilityInfo: applicationScale - 1.0
06-27 12:50:35.223  1919  2385 I MiuiNetworkPolicy: updateUidState uid = 10184, uidState = 11
06-27 12:50:35.227  2625  3452 D KeyguardWallpaperRenderer: onDrawFrame
06-27 12:50:35.230  2671  2671 D StatusBar: disable<e i a s B H R c s > disable2<q i n >
06-27 12:50:35.231  9739  9968 D PowerCheckerService: foreground, uid = 1000, app = android
06-27 12:50:35.232   885   937 I vendor.qti.hardware.servicetracker@1.2-service: bindService is called for service : com.google.android.gms/.chimera.PersistentDirectBootAwareApiService and for client com.google.android.apps.wellbeing
06-27 12:50:35.232   885   937 I vendor.qti.hardware.servicetracker@1.2-service: total connections for service : com.google.android.gms/.chimera.PersistentDirectBootAwareApiServiceare :14
06-27 12:50:35.232   885   937 I vendor.qti.hardware.servicetracker@1.2-service: total connections for client : com.google.android.apps.wellbeingare :2
06-27 12:50:35.237 14641 14641 D MiShare:MiShareService: onReceive action=android.intent.action.SCREEN_ON
06-27 12:50:35.238  7112  7112 D PASRDozeReceiver: Received Intent Intent { act=android.intent.action.SCREEN_ON flg=0x50200010 }
06-27 12:50:35.239  7112  7112 D PASRDozeReceiver: Sent intent Successfully
06-27 12:50:35.239  7112  7112 D PASRService: PASRService started
06-27 12:50:35.239  7112  7112 D PASRService: OnStart, Intent: android.intent.action.SCREEN_ON
06-27 12:50:35.239  7112  7112 D PASRService: State is now: -1
06-27 12:50:35.240  2881  2881 D DeviceStatisticsService: Send device is interactive
06-27 12:50:35.244  2625  3452 D KeyguardWallpaperRenderer: onDrawFrame
06-27 12:50:35.245   969   969 D CompositionEngine: updateFodFlag FOD Add hbm_overlay
06-27 12:50:35.246  1919  2385 I MiuiNetworkPolicy: updateUidState uid = 10246, uidState = 11
06-27 12:50:35.247  1919  2385 I MiuiNetworkPolicy: updateUidState uid = 10239, uidState = 11
06-27 12:50:35.247  1919  2385 I MiuiNetworkPolicy: updateUidState uid = 99012, uidState = 11
06-27 12:50:35.247  1919  2385 I MiuiNetworkPolicy: updateUidState uid = 10246, uidState = 19
06-27 12:50:35.248 28352 28352 D BroadcastExecutor: BroadcastExecutor : 2
06-27 12:50:35.250  1919  2138 D Process : audio-opt: audio thread tid = 28047 could not get bg policy.
06-27 12:50:35.251 28352 28352 D BroadcastExecutor: BroadcastExecutor : 2
06-27 12:50:35.252  1919  2385 I MiuiNetworkPolicy: updateUidState uid = 99012, uidState = 19
06-27 12:50:35.252  1919  2385 I MiuiNetworkPolicy: updateUidState uid = 10239, uidState = 19
06-27 12:50:35.254 16777 27668 W NsdServiceInfo: Key lengths > 9 are discouraged: commonData
06-27 12:50:35.260  2625  3452 D KeyguardWallpaperRenderer: onDrawFrame
06-27 12:50:35.262   969   969 D CompositionEngine: updateFodFlag FOD Add hbm_overlay
06-27 12:50:35.263  2671  3648 D NdkImageReader: acquireImageLocked: Producer buffer usage: 333, doesn't cover all usage bits AImageReader configured: 100003
06-27 12:50:35.265  2671  2671 D KeyguardUpdateMonitor: handleTimeUpdate
06-27 12:50:35.265  2671  2671 D KeyguardIndication:  switchIndication:Charging 40%
06-27 12:50:35.276   885   937 I vendor.qti.hardware.servicetracker@1.2-service: bindService is called for service : com.google.android.gms/.chimera.PersistentApiService and for client com.google.android.apps.wellbeing
06-27 12:50:35.276   885   937 I vendor.qti.hardware.servicetracker@1.2-service: total connections for service : com.google.android.gms/.chimera.PersistentApiServiceare :10
06-27 12:50:35.276   885   937 I vendor.qti.hardware.servicetracker@1.2-service: total connections for client : com.google.android.apps.wellbeingare :2
06-27 12:50:35.277  2625  3452 D KeyguardWallpaperRenderer: onDrawFrame
06-27 12:50:35.279   969   969 D CompositionEngine: updateFodFlag FOD Add hbm_overlay
06-27 12:50:35.280  2671  3648 D NdkImageReader: acquireImageLocked: Producer buffer usage: 333, doesn't cover all usage bits AImageReader configured: 100003
06-27 12:50:35.294  2625  3452 D KeyguardWallpaperRenderer: onDrawFrame
06-27 12:50:35.310  2625  3452 D KeyguardWallpaperRenderer: onDrawFrame
06-27 12:50:35.311   969   969 D CompositionEngine: updateFodFlag FOD Add hbm_overlay
06-27 12:50:35.319  1919  2385 I MiuiNetworkPolicy: updateUidState uid = 10184, uidState = 19
06-27 12:50:35.329  2625  3452 D KeyguardWallpaperRenderer: onDrawFrame
06-27 12:50:35.337   969   969 D CompositionEngine: updateFodFlag FOD Add hbm_overlay
06-27 12:50:35.337  9395  9395 I PowerSaveService: onReceive: android.intent.action.BATTERY_CHANGED
06-27 12:50:35.339  9395  9395 I PowerNoticeUI: handleBatteryChanged oldPlugType 2 mPlugType 2 oldBatteryLevel 40 mBatteryLevel 40 temperature 255
06-27 12:50:35.339  9395  9395 I ChargerBatteryIntelligenceReceiver: onBatteryChanged temperature：25,plugType:2
06-27 12:50:35.339  9395  9395 I PowerFeatureUtils: getVendorName:qcom
06-27 12:50:35.340  2671  3648 D NdkImageReader: acquireImageLocked: Producer buffer usage: 333, doesn't cover all usage bits AImageReader configured: 100003
06-27 12:50:35.341  2841  2841 D QtiCarrierConfigHelper: WARNING, no carrier configs on phone Id: 0
06-27 12:50:35.343  9739  9968 D PowerCheckerService: onBatteryChanged, mBatteryLevel = 40, status = 2, level = 40, plug = 2, scale = 100
06-27 12:50:35.343  2625  3452 D KeyguardWallpaperRenderer: onDrawFrame
06-27 12:50:35.346  2881  2881 D DeviceStatisticsService: chargerType=2 batteryLevel=40 totalBatteryCapacity=2167000
06-27 12:50:35.347  2671  3648 D NdkImageReader: acquireImageLocked: Producer buffer usage: 333, doesn't cover all usage bits AImageReader configured: 100003
06-27 12:50:35.360  2625  3452 D KeyguardWallpaperRenderer: onDrawFrame
06-27 12:50:35.361   969   969 D CompositionEngine: updateFodFlag FOD Add hbm_overlay
06-27 12:50:35.362  2671  2671 D KeyguardUpdateMonitor: received broadcast android.intent.action.BATTERY_CHANGED
06-27 12:50:35.363  2671  2671 D BatteryController: onReceive: Intent = Intent { act=android.intent.action.BATTERY_CHANGED flg=0x60000010 (has extras) } action = android.intent.action.BATTERY_CHANGED
06-27 12:50:35.377  2625  3452 D KeyguardWallpaperRenderer: onDrawFrame
06-27 12:50:35.378   969   969 D CompositionEngine: updateFodFlag FOD Add hbm_overlay
06-27 12:50:35.381  2671  3648 D NdkImageReader: acquireImageLocked: Producer buffer usage: 333, doesn't cover all usage bits AImageReader configured: 100003
06-27 12:50:35.385  2671  2671 E adTracker: Value test_channel of type java.lang.String cannot be converted to JSONObject
06-27 12:50:35.393  2625  3452 D KeyguardWallpaperRenderer: onDrawFrame
06-27 12:50:35.395  2671  3648 D NdkImageReader: acquireImageLocked: Producer buffer usage: 333, doesn't cover all usage bits AImageReader configured: 100003
06-27 12:50:35.396   969   969 D CompositionEngine: updateFodFlag FOD Add hbm_overlay
06-27 12:50:35.410  2625  3452 D KeyguardWallpaperRenderer: onDrawFrame
06-27 12:50:35.412   969   969 D CompositionEngine: updateFodFlag FOD Add hbm_overlay
06-27 12:50:35.426  2625  3452 D KeyguardWallpaperRenderer: onDrawFrame
06-27 12:50:35.429  2671  3648 D NdkImageReader: acquireImageLocked: Producer buffer usage: 333, doesn't cover all usage bits AImageReader configured: 100003
06-27 12:50:35.434   969   969 D CompositionEngine: updateFodFlag FOD Add hbm_overlay
06-27 12:50:35.443  2625  3452 D KeyguardWallpaperRenderer: onDrawFrame
06-27 12:50:35.449   969   969 D CompositionEngine: updateFodFlag FOD Add hbm_overlay
06-27 12:50:35.450  2671  3648 D NdkImageReader: acquireImageLocked: Producer buffer usage: 333, doesn't cover all usage bits AImageReader configured: 100003
06-27 12:50:35.460  2625  3452 D KeyguardWallpaperRenderer: onDrawFrame
06-27 12:50:35.476  2625  3452 D KeyguardWallpaperRenderer: onDrawFrame
06-27 12:50:35.478   969   969 D CompositionEngine: updateFodFlag FOD Add hbm_overlay
06-27 12:50:35.481  2671  3648 D NdkImageReader: acquireImageLocked: Producer buffer usage: 333, doesn't cover all usage bits AImageReader configured: 100003
06-27 12:50:35.494  2625  3452 D KeyguardWallpaperRenderer: onDrawFrame
06-27 12:50:35.496   969   969 D CompositionEngine: updateFodFlag FOD Add hbm_overlay
06-27 12:50:35.510  2625  3452 D KeyguardWallpaperRenderer: onDrawFrame
06-27 12:50:35.512   969   969 D CompositionEngine: updateFodFlag FOD Add hbm_overlay
06-27 12:50:35.517  2671  3648 D NdkImageReader: acquireImageLocked: Producer buffer usage: 333, doesn't cover all usage bits AImageReader configured: 100003
06-27 12:50:35.526  2625  3452 D KeyguardWallpaperRenderer: onDrawFrame
06-27 12:50:35.528  2671  3648 D NdkImageReader: acquireImageLocked: Producer buffer usage: 333, doesn't cover all usage bits AImageReader configured: 100003
06-27 12:50:35.543  2625  3452 D KeyguardWallpaperRenderer: onDrawFrame
06-27 12:50:35.557  2671  3648 D NdkImageReader: acquireImageLocked: Producer buffer usage: 333, doesn't cover all usage bits AImageReader configured: 100003
06-27 12:50:35.560  2625  3452 D KeyguardWallpaperRenderer: onDrawFrame
06-27 12:50:35.578  2625  3452 D KeyguardWallpaperRenderer: onDrawFrame
06-27 12:50:35.578  2671  3648 D NdkImageReader: acquireImageLocked: Producer buffer usage: 333, doesn't cover all usage bits AImageReader configured: 100003
06-27 12:50:35.593  2625  3452 D KeyguardWallpaperRenderer: onDrawFrame
06-27 12:50:35.609  2625  3452 D KeyguardWallpaperRenderer: onDrawFrame
06-27 12:50:35.611  2671  3648 D NdkImageReader: acquireImageLocked: Producer buffer usage: 333, doesn't cover all usage bits AImageReader configured: 100003
06-27 12:50:35.626  2625  3452 D KeyguardWallpaperRenderer: onDrawFrame
06-27 12:50:35.643  2625  3452 D KeyguardWallpaperRenderer: onDrawFrame
06-27 12:50:35.647  2671  3648 D NdkImageReader: acquireImageLocked: Producer buffer usage: 333, doesn't cover all usage bits AImageReader configured: 100003
06-27 12:50:35.660  2625  3452 D KeyguardWallpaperRenderer: onDrawFrame
06-27 12:50:35.668  2671  3648 D NdkImageReader: acquireImageLocked: Producer buffer usage: 333, doesn't cover all usage bits AImageReader configured: 100003
06-27 12:50:35.675  2625  3452 D KeyguardWallpaperRenderer: onDrawFrame
06-27 12:50:35.692  2625  3452 D KeyguardWallpaperRenderer: onDrawFrame
06-27 12:50:35.694  2671  3648 D NdkImageReader: acquireImageLocked: Producer buffer usage: 333, doesn't cover all usage bits AImageReader configured: 100003
06-27 12:50:35.697  2625  3452 D ImageGLWallpaper:  scissor: Rect(0, 0 - 1080, 2340) displayPoint: Point(1080, 2340) isScrollWithScreen: false
06-27 12:50:35.697  2625  3452 D ImageGLWallpaper:  heightDiffRatio 0.0
06-27 12:50:35.697  2625  3452 D ImageGLWallpaper:  widthDiffRatio 0.0
06-27 12:50:35.697  2625  3452 D ImageGLWallpaper:  mCurrentTexCoordinate [0.0, 1.0, 1.0, 1.0, 1.0, 0.0, 1.0, 0.0, 0.0, 0.0, 0.0, 1.0]
06-27 12:50:35.697  2625  3452 D KeyguardWallpaperRenderer: onDrawFrame
06-27 12:50:35.711  2671  3648 D NdkImageReader: acquireImageLocked: Producer buffer usage: 333, doesn't cover all usage bits AImageReader configured: 100003
06-27 12:50:35.713  2625  3452 D MiuiKeyguardPictorialWallpaper: 　scheduleFinishRendering
06-27 12:50:35.763  2671  3648 D NdkImageReader: acquireImageLocked: Producer buffer usage: 333, doesn't cover all usage bits AImageReader configured: 100003
06-27 12:50:35.816  1919  8333 I ActivityTaskManager: START u0 {act=android.intent.action.CALL dat=tel:xxxxx flg=0x10000000 cmp=com.android.server.telecom/.components.UserCallActivity} from uid 2000
06-27 12:50:35.816  1919  8333 W ActivityTaskManager: Permission Denial: starting Intent { act=android.intent.action.CALL dat=tel:xxxxx flg=0x10000000 cmp=com.android.server.telecom/.components.UserCallActivity } from null (pid=29032, uid=2000) with revoked permission android.permission.CALL_PHONE
06-27 12:50:35.777  2671  3648 D NdkImageReader: acquireImageLocked: Producer buffer usage: 333, doesn't cover all usage bits AImageReader configured: 100003
06-27 12:50:35.817 29032 29034 I cmd     : oneway function results will be dropped but finished with status OK and parcel size 4
06-27 12:50:35.925 16777 27668 W Settings: Setting device_provisioned has moved from android.provider.Settings.Secure to android.provider.Settings.Global.
06-27 12:50:35.926 16777 27668 W IDM-MiConnectReport: report failure -1024 0
06-27 12:50:35.926 16777 27668 E IDM-stat: MiotReportManager: not available becase: is_enable_disable_build: true
06-27 12:50:35.959   794  9843 I vendor.qti.bluetooth@1.0-ibs_handler: DeviceSleep: TX Awake, Sending SLEEP_IND
06-27 12:50:35.960   794  9843 D vendor.qti.bluetooth@1.0-ibs_handler: SerialClockVote: vote for UART CLK OFF
06-27 12:50:36.110   794  9478 D vendor.qti.bluetooth@1.0-wake_lock: Release wakelock is released 
06-27 12:50:36.313  3125  3125 W ThreadPoolForeg: type=1400 audit(0.0:4981): avc: denied { write } for name="traced_producer" dev="tmpfs" ino=39154 scontext=u:r:gmscore_app:s0:c512,c768 tcontext=u:object_r:traced_producer_socket:s0 tclass=sock_file permissive=0 app=com.google.android.gms
06-27 12:50:36.760   885   937 I vendor.qti.hardware.servicetracker@1.2-service: unbindService is called for service : com.google.android.gms/.chimera.PersistentDirectBootAwareApiService and for client com.google.android.gms
06-27 12:50:36.845  2671  2671 V KeyguardStatusView: Enable transport text marquee
06-27 12:50:37.261  7063  8059 I bbha    : (REDACTED) getHotwordActive::active query: %s, watch: %s, devices connected: %s
06-27 12:50:37.927  1919  8333 I ActivityTaskManager: START u0 {act=android.intent.action.CALL dat=tel:xxxxx flg=0x10000000 cmp=com.android.server.telecom/.components.UserCallActivity} from uid 2000
06-27 12:50:37.928  1919  8333 W ActivityTaskManager: Permission Denial: starting Intent { act=android.intent.action.CALL dat=tel:xxxxx flg=0x10000000 cmp=com.android.server.telecom/.components.UserCallActivity } from null (pid=29040, uid=2000) with revoked permission android.permission.CALL_PHONE
06-27 12:50:37.930 29040 29042 I cmd     : oneway function results will be dropped but finished with status OK and parcel size 4
