06-27 12:30:04.550 21004 21038 E NotesProvider: callingPackageName is com.miui.securitycenter
06-27 12:30:04.550 21004 21038 D SignatureValidator: rom sign:release-keys
06-27 12:30:04.560   905   992 D DisplayFeatureHal: pcc gabb coeff 0 1.000000
06-27 12:30:04.560   905   992 D DisplayFeatureHal: pcc gabb coeff 1 0.000000
06-27 12:30:04.560   905   992 D DisplayFeatureHal: pcc gabb coeff 2 0.000000
06-27 12:30:04.560   905   992 D DisplayFeatureHal: pcc gabb coeff 3 0.000000
06-27 12:30:04.560   905   992 D DisplayFeatureHal: pcc gabb coeff 4 1.000000
06-27 12:30:04.560   905   992 D DisplayFeatureHal: pcc gabb coeff 5 0.000000
06-27 12:30:04.560   905   992 D DisplayFeatureHal: pcc gabb coeff 6 0.000000
06-27 12:30:04.560   905   992 D DisplayFeatureHal: pcc gabb coeff 7 0.000000
06-27 12:30:04.560   905   992 D DisplayFeatureHal: pcc gabb coeff 8 1.000000
06-27 12:30:04.561 20959 21047 E LB      : fail to open file: Permission denied
06-27 12:30:04.562 20657 20692 D WM-SystemJobScheduler: Scheduling work ID 208da2b6-2d42-4549-9bc3-ceb0f0386f9fJob ID 29520
06-27 12:30:04.567   905   992 D DisplayFeatureHal: HandleACNormal exit ret -1
06-27 12:30:04.567   905   992 D DisplayFeatureHal: isStartSensorControl ret 1
06-27 12:30:04.567 21004 21004 D AutoDensity: autodensity debugEnable = 
06-27 12:30:04.567   879   879 I ANDR-PERF-LM: LMPerfGlue: perfmodule_submit_request() 132: perfmodule_submit_request()
06-27 12:30:04.567   879   879 I ANDR-PERF-LM: Core: getInstance() 84: LM getInstance
06-27 12:30:04.567   879   879 I ANDR-PERF-LM: WQ: push() 59: LMTriggerQ push() size=0
06-27 12:30:04.567   879   879 I ANDR-PERF-LM: WQ: push() 61: LMTriggerQ push() done size=1
06-27 12:30:04.567 20959 21151 V RecordDataFlow: localFiles size => 1, localFilesWithSha1 size => 1
06-27 12:30:04.567   879   984 I ANDR-PERF-LM: WQ: pop() 42: LMTriggerQ pop() done size=0
06-27 12:30:04.567   879   984 I ANDR-PERF-LM: Core: lmMain() 373: Waiting on trigger Queue
06-27 12:30:04.567   879   984 I ANDR-PERF-LM: WQ: pop() 31: LMTriggerQ pop() size=0
06-27 12:30:04.568  1919  2107 I Timeline: Timeline: Activity_windows_visible id: ActivityRecord{bbcaefb u0 com.android.soundrecorder/.SoundRecorder t27377} time:2809378
06-27 12:30:04.570  1919  2119 D ArtManagerInternalImpl: /data/misc/iorapd/com.android.soundrecorder/1100/com.android.soundrecorder.SoundRecorder/compiled_traces/compiled_trace.pb doesn't exist
06-27 12:30:04.572  1919  2119 I ActivityTaskManager: Displayed com.android.soundrecorder/.SoundRecorder: +761ms
06-27 12:30:04.572   879   879 I ANDR-PERF-LM: LMPerfGlue: perfmodule_submit_request() 132: perfmodule_submit_request()
06-27 12:30:04.573   879   879 I ANDR-PERF-LM: Core: getInstance() 84: LM getInstance
06-27 12:30:04.573   879   879 D ANDR-PERF-LM: Feature: lookup() 101: Feature Name = AppClassifier, total featuers = 3, featureFound = 1
06-27 12:30:04.573   879   879 D ANDR-PERF-LM: Feature: getData() 112: data.data = 1
06-27 12:30:04.573   879   879 I ANDR-PERF-LM: FeedbackAPI: getFeedback() 60: app:com.android.soundrecorder feature:AppClassifier feedback = 1
06-27 12:30:04.573 20959 21151 I RecorderProvider: no call records to delete
06-27 12:30:04.573 20959 21151 I RecorderProvider: provider delete db record:0
06-27 12:30:04.573 20959 21151 I SoundRecorder:RecordsDBHelper: delete local db file record count:0
06-27 12:30:04.573 20959 21151 V RecordDataFlow: syncFileListWithDB ----- end
06-27 12:30:04.575 20746 21107 W QPLConfig: failed to load config
06-27 12:30:04.575 20746 21107 W QPLConfig: java.io.FileNotFoundException: /data/user/0/com.instagram.android/app_qpl/qpl_sampling_config_v2.null: open failed: ENOENT (No such file or directory)
06-27 12:30:04.575 20746 21107 W QPLConfig: 	at libcore.io.IoBridge.open(IoBridge.java:492)
06-27 12:30:04.575 20746 21107 W QPLConfig: 	at java.io.FileInputStream.<init>(FileInputStream.java:160)
06-27 12:30:04.575 20746 21107 W QPLConfig: 	at X.2bl.A00(:37)
06-27 12:30:04.575 20746 21107 W QPLConfig: 	at X.2cq.A00(:4)
06-27 12:30:04.575 20746 21107 W QPLConfig: 	at X.2cs.run(:27)
06-27 12:30:04.575 20746 21107 W QPLConfig: 	at X.3jl.run(:2)
06-27 12:30:04.575 20746 21107 W QPLConfig: 	at X.3ld.run(:25)
06-27 12:30:04.575 20746 21107 W QPLConfig: 	at X.3lh.run(:43)
06-27 12:30:04.575 20746 21107 W QPLConfig: 	at X.3ld.run(:25)
06-27 12:30:04.575 20746 21107 W QPLConfig: 	at java.util.concurrent.ThreadPoolExecutor.runWorker(ThreadPoolExecutor.java:1167)
06-27 12:30:04.575 20746 21107 W QPLConfig: 	at java.util.concurrent.ThreadPoolExecutor$Worker.run(ThreadPoolExecutor.java:641)
06-27 12:30:04.575 20746 21107 W QPLConfig: 	at X.3jz.run(:99)
06-27 12:30:04.575 20746 21107 W QPLConfig: 	at java.lang.Thread.run(Thread.java:923)
06-27 12:30:04.575 20746 21107 W QPLConfig: 	at X.3kv.run(:8)
06-27 12:30:04.575 20746 21107 W QPLConfig: Caused by: android.system.ErrnoException: open failed: ENOENT (No such file or directory)
06-27 12:30:04.575 20746 21107 W QPLConfig: 	at libcore.io.Linux.open(Native Method)
06-27 12:30:04.575 20746 21107 W QPLConfig: 	at libcore.io.ForwardingOs.open(ForwardingOs.java:166)
06-27 12:30:04.575 20746 21107 W QPLConfig: 	at libcore.io.BlockGuardOs.open(BlockGuardOs.java:254)
06-27 12:30:04.575 20746 21107 W QPLConfig: 	at libcore.io.ForwardingOs.open(ForwardingOs.java:166)
06-27 12:30:04.575 20746 21107 W QPLConfig: 	at android.app.ActivityThread$AndroidOs.open(ActivityThread.java:7934)
06-27 12:30:04.575 20746 21107 W QPLConfig: 	at libcore.io.IoBridge.open(IoBridge.java:478)
06-27 12:30:04.575 20746 21107 W QPLConfig: 	... 13 more
06-27 12:30:04.575 20746 21161 W LibevQuicAsyncUDPSocket.h: setTosOrTrafficClass not implemented in LibevQuicAsyncUDPSocket
06-27 12:30:04.582 21004 21004 I MiuiPenEngineManager: getInstance =null
06-27 12:30:04.582 21004 21004 I MiuiPenEngineManager: initSkin
06-27 12:30:04.586 20959 20959 V SoundRecorder:SoundRecorder: onServiceConnected name = ComponentInfo{com.android.soundrecorder/com.android.soundrecorder.RecorderService}
06-27 12:30:04.594 20878 20878 D CAM_ApplicationInit: <application init> consume time:243
06-27 12:30:04.601 20878 20878 D CAM_Camera2CompatAdapterCommon: E: init()
06-27 12:30:04.601 20878 20878 D CAM_Camera2CompatAdapterCommon: E: reset()
06-27 12:30:04.601 20878 20878 D CAM_Camera2CompatAdapterCommon: X: reset()
06-27 12:30:04.601 20878 20878 I CameraManagerGlobal: Connecting to camera service
06-27 12:30:04.605  1369  7230 W ServiceManager: Permission failure: android.permission.CAMERA_OPEN_CLOSE_LISTENER from uid=10108 pid=20878
06-27 12:30:04.606 20657 20692 D WM-SystemJobScheduler: Scheduling work ID 4d0188ab-aa2e-4a9b-9ff6-37f45d82214dJob ID 29469
06-27 12:30:04.606 20878 20878 D CAM_Camera2CompatAdapterCommon: All available camera ids: [0, 1, 20, 21, 60, 61, 62, 63, 100, 101, 120]
06-27 12:30:04.611 20657 20696 W adws    : (REDACTED) isEligible(): Absent status for permission %s. Calling ensureCachedSettingsLoaded().
06-27 12:30:04.611 20657 20696 W adws    : (REDACTED) Absent status for permission %s. Calling ensureCachedSettingsLoaded().
06-27 12:30:04.612  1919  2106 I ActivityManager: Killing 17396:com.google.android.apps.photos/u0a252 (adj 985): empty #17
06-27 12:30:04.612  1919  2106 I Process : PerfMonitor : current process sending signal quiet. PID: 17396 SIG: 9
06-27 12:30:04.613  1919  2134 I Process : PerfMonitor : current process killing process group. PID: 17396
06-27 12:30:04.613   879   879 I ANDR-PERF-LM: LMPerfGlue: perfmodule_submit_request() 132: perfmodule_submit_request()
06-27 12:30:04.613   879   879 I ANDR-PERF-LM: Core: getInstance() 84: LM getInstance
06-27 12:30:04.613   879   879 I ANDR-PERF-LM: WQ: push() 59: LMTriggerQ push() size=0
06-27 12:30:04.613   879   879 I ANDR-PERF-LM: WQ: push() 61: LMTriggerQ push() done size=1
06-27 12:30:04.613   879   984 I ANDR-PERF-LM: WQ: pop() 42: LMTriggerQ pop() done size=0
06-27 12:30:04.613   879   984 I ANDR-PERF-LM: Core: lmMain() 373: Waiting on trigger Queue
06-27 12:30:04.613   879   984 I ANDR-PERF-LM: WQ: pop() 31: LMTriggerQ pop() size=0
06-27 12:30:04.615 20657 20696 W adws    : (REDACTED) isEligible(): Absent status for permission %s. Calling ensureCachedSettingsLoaded().
06-27 12:30:04.620 20657 20696 W adws    : (REDACTED) Absent status for permission %s. Calling ensureCachedSettingsLoaded().
06-27 12:30:04.626   885  2734 I vendor.qti.hardware.servicetracker@1.2-service: bindService is called for service : com.google.android.gms/.chimera.PersistentApiService and for client com.google.android.googlequicksearchbox:search
06-27 12:30:04.626   885  2734 I vendor.qti.hardware.servicetracker@1.2-service: total connections for service : com.google.android.gms/.chimera.PersistentApiServiceare :17
06-27 12:30:04.626   885  2734 I vendor.qti.hardware.servicetracker@1.2-service: total connections for client : com.google.android.googlequicksearchbox:searchare :6
06-27 12:30:04.630   879   879 I ANDR-PERF-LM: LMPerfGlue: perfmodule_submit_request() 132: perfmodule_submit_request()
06-27 12:30:04.630   879   879 I ANDR-PERF-LM: Core: getInstance() 84: LM getInstance
06-27 12:30:04.630   879   879 D ANDR-PERF-LM: Feature: lookup() 101: Feature Name = AppClassifier, total featuers = 3, featureFound = 1
06-27 12:30:04.630   879   879 D ANDR-PERF-LM: Feature: getData() 112: data.data = 1
06-27 12:30:04.630   879   879 I ANDR-PERF-LM: FeedbackAPI: getFeedback() 60: app:com.miui.notes feature:AppClassifier feedback = 1
06-27 12:30:04.631  3125  4356 I FacsCacheGmsModule: (REDACTED) Receiving API connection to FACS API from package '%s'...
06-27 12:30:04.632 21004 21175 D DatabaseSP: DatabaseSharedPreferences create com.miui.notes.preference.DatabaseSharedPreferences@8d97423
06-27 12:30:04.634  3125  4356 I FacsCacheGmsModule: API connection successful!
06-27 12:30:04.636   885  2734 I vendor.qti.hardware.servicetracker@1.2-service: bindService is called for service : com.google.android.gms/.chimera.GmsInternalApiService and for client com.google.android.gms.persistent
06-27 12:30:04.636   885  2734 I vendor.qti.hardware.servicetracker@1.2-service: total connections for service : com.google.android.gms/.chimera.GmsInternalApiServiceare :1
06-27 12:30:04.636   885  2734 I vendor.qti.hardware.servicetracker@1.2-service: total connections for client : com.google.android.gms.persistentare :9
06-27 12:30:04.636  1919  8334 D CompatibilityInfo: mCompatibilityFlags - 0
06-27 12:30:04.636  1919  8334 D CompatibilityInfo: applicationDensity - 440
06-27 12:30:04.636  1919  8334 D CompatibilityInfo: applicationScale - 1.0
06-27 12:30:04.637   885  2734 I vendor.qti.hardware.servicetracker@1.2-service: startService() is called for servicecom.google.android.gms/.chimera.GmsInternalApiService
06-27 12:30:04.638 20657 20696 W adws    : (REDACTED) isEligible(): Absent status for permission %s. Calling ensureCachedSettingsLoaded().
06-27 12:30:04.639 20657 20696 W adws    : (REDACTED) Absent status for permission %s. Calling ensureCachedSettingsLoaded().
06-27 12:30:04.640 20657 20692 D WM-SystemJobScheduler: Scheduling work ID deea7df7-64ba-42f0-ac87-0d25a4816f99Job ID 29514
06-27 12:30:04.641 21004 21177 D DatabaseSP: loadFromDatabase
06-27 12:30:04.642 21004 21177 D NotesProvider: query: context=com.miui.notes.NoteApp@75cccbb
06-27 12:30:04.644 21004 21175 D NoteStore: isGdprPermissionGranted
06-27 12:30:04.649  3799  3799 D BoundBrokerSvc: onBind: Intent { act=com.google.android.gms.facs.internal.service.START dat=chimera-action: cmp=com.google.android.gms/.chimera.GmsInternalApiService }
06-27 12:30:04.649  3799  3799 D BoundBrokerSvc: Loading bound service for intent: Intent { act=com.google.android.gms.facs.internal.service.START dat=chimera-action: cmp=com.google.android.gms/.chimera.GmsInternalApiService }
06-27 12:30:04.655  3799 15253 I FacsCacheGmsModule: Receiving API connection to internal FACS API...
06-27 12:30:04.657  3799 15253 I FacsCacheGmsModule: API connection successful!
06-27 12:30:04.668  1919  2478 D SlaveWifiManager: getWifiSlaveConnectionInfo
06-27 12:30:04.670  1919  2478 I chatty  : uid=1000(system) ConnectivitySer identical 83 lines
06-27 12:30:04.670  1919  2478 D SlaveWifiManager: getWifiSlaveConnectionInfo
06-27 12:30:04.670  1919  2402 D UntrustedWifiNetworkFactory: got request NetworkRequest [ TRACK_DEFAULT id=179, [ Capabilities: INTERNET&NOT_RESTRICTED&TRUSTED Uid: 10264 AdministratorUids: [] RequestorUid: 10264 RequestorPackageName: com.instagram.android] ] with score 60 and providerId 6
06-27 12:30:04.670  1919  2402 D WifiNetworkFactory: got request NetworkRequest [ TRACK_DEFAULT id=179, [ Capabilities: INTERNET&NOT_RESTRICTED&TRUSTED Uid: 10264 AdministratorUids: [] RequestorUid: 10264 RequestorPackageName: com.instagram.android] ] with score 60 and providerId 6
06-27 12:30:04.670  1919  2402 D WifiSlaveNetworkFactory: got request NetworkRequest [ TRACK_DEFAULT id=179, [ Capabilities: INTERNET&NOT_RESTRICTED&TRUSTED Uid: 10264 AdministratorUids: [] RequestorUid: 10264 RequestorPackageName: com.instagram.android] ] with score 60 and providerId 6
06-27 12:30:04.670  1919  2402 D UntrustedWifiNetworkFactory: got request NetworkRequest [ TRACK_DEFAULT id=179, [ Capabilities: INTERNET&NOT_RESTRICTED&TRUSTED Uid: 10264 AdministratorUids: [] RequestorUid: 10264 RequestorPackageName: com.instagram.android] ] with score 60 and providerId 6
06-27 12:30:04.670  1919  2574 D Ethernet: got request NetworkRequest [ TRACK_DEFAULT id=179, [ Capabilities: INTERNET&NOT_RESTRICTED&TRUSTED Uid: 10264 AdministratorUids: [] RequestorUid: 10264 RequestorPackageName: com.instagram.android] ] with score 60 and providerId 6
06-27 12:30:04.670  2914  2914 D PhoneSwitcherNetworkRequstListener: got request NetworkRequest [ TRACK_DEFAULT id=179, [ Capabilities: INTERNET&NOT_RESTRICTED&TRUSTED Uid: 10264 AdministratorUids: [] RequestorUid: 10264 RequestorPackageName: com.instagram.android] ] with score 60 and providerId 6
06-27 12:30:04.670  1919  2571 D WIFI_AWARE_FACTORY: got request NetworkRequest [ TRACK_DEFAULT id=179, [ Capabilities: INTERNET&NOT_RESTRICTED&TRUSTED Uid: 10264 AdministratorUids: [] RequestorUid: 10264 RequestorPackageName: com.instagram.android] ] with score 60 and providerId 6
06-27 12:30:04.701 20657 20692 D WM-SystemJobScheduler: Scheduling work ID 91aebb0c-1a3c-419b-869e-0ca1445415f6Job ID 29359
06-27 12:30:04.725 20746 20746 W FrscLanguagePackLoader: Loading FRSC strings for locale (en)
06-27 12:30:04.732   879   879 I ANDR-PERF-LM: LMPerfGlue: perfmodule_submit_request() 132: perfmodule_submit_request()
06-27 12:30:04.732   879   879 I ANDR-PERF-LM: Core: getInstance() 84: LM getInstance
06-27 12:30:04.732   879   879 I ANDR-PERF-LM: WQ: push() 59: LMTriggerQ push() size=0
06-27 12:30:04.732   879   879 I ANDR-PERF-LM: WQ: push() 61: LMTriggerQ push() done size=1
06-27 12:30:04.732   879   984 I ANDR-PERF-LM: WQ: pop() 42: LMTriggerQ pop() done size=0
06-27 12:30:04.732   879   984 I ANDR-PERF-LM: Core: lmMain() 373: Waiting on trigger Queue
06-27 12:30:04.732   879   984 I ANDR-PERF-LM: WQ: pop() 31: LMTriggerQ pop() size=0
06-27 12:30:04.732   698   698 I Zygote  : Process 17396 exited due to signal 9 (Killed)
06-27 12:30:04.733   885  2734 I vendor.qti.hardware.servicetracker@1.2-service: killProcess is called for pid : 17396
06-27 12:30:04.733   885  2734 I vendor.qti.hardware.servicetracker@1.2-service: process with pid 17396 is client
06-27 12:30:04.733   885  2734 I vendor.qti.hardware.servicetracker@1.2-service: size of service connections for service: com.google.android.gms/.chimera.PersistentApiServiceafter removal is 16
06-27 12:30:04.733   885  2734 I vendor.qti.hardware.servicetracker@1.2-service: removing client with pid 17396process namecom.google.android.apps.photos
06-27 12:30:04.733 20746 21185 W MDCLLight: Failed to load class from parent: androidx.datastore.preferences.protobuf.Extension
06-27 12:30:04.733 20746 21185 W MDCLLight: java.lang.ClassNotFoundException: androidx.datastore.preferences.protobuf.Extension
06-27 12:30:04.733 20746 21185 W MDCLLight: 	at java.lang.Class.classForName(Native Method)
06-27 12:30:04.733 20746 21185 W MDCLLight: 	at java.lang.BootClassLoader.findClass(ClassLoader.java:1358)
06-27 12:30:04.733 20746 21185 W MDCLLight: 	at java.lang.BootClassLoader.loadClass(ClassLoader.java:1418)
06-27 12:30:04.733 20746 21185 W MDCLLight: 	at java.lang.ClassLoader.loadClass(ClassLoader.java:312)
06-27 12:30:04.733 20746 21185 W MDCLLight: 	at com.facebook.common.dextricks.MultiDexClassLoaderLight.loadFromParent(:4)
06-27 12:30:04.733 20746 21185 W MDCLLight: 	at com.facebook.common.dextricks.MultiDexClassLoaderLight.loadClass(:38)
06-27 12:30:04.733 20746 21185 W MDCLLight: 	at java.lang.ClassLoader.loadClass(ClassLoader.java:367)
06-27 12:30:04.733 20746 21185 W MDCLLight: 	at java.lang.ClassLoader.loadClass(ClassLoader.java:312)
06-27 12:30:04.733 20746 21185 W MDCLLight: 	at java.lang.Class.classForName(Native Method)
06-27 12:30:04.733 20746 21185 W MDCLLight: 	at java.lang.Class.forName(Class.java:454)
06-27 12:30:04.733 20746 21185 W MDCLLight: 	at java.lang.Class.forName(Class.java:379)
06-27 12:30:04.733 20746 21185 W MDCLLight: 	at X.6aW.<clinit>(:2)
06-27 12:30:04.733 20746 21185 W MDCLLight: 	at androidx.datastore.core.SingleProcessDataStore.A04(:85)
06-27 12:30:04.733 20746 21185 W MDCLLight: 	at androidx.datastore.core.SingleProcessDataStore.A05(:93)
06-27 12:30:04.733 20746 21185 W MDCLLight: 	at androidx.datastore.core.SingleProcessDataStore.A01(:132)
06-27 12:30:04.733 20746 21185 W MDCLLight: 	at androidx.datastore.core.SingleProcessDataStore.A03(:66)
06-27 12:30:04.733 20746 21185 W MDCLLight: 	at X.8CQ.invokeSuspend(:3286)
06-27 12:30:04.733 20746 21185 W MDCLLight: 	at X.8CQ.invoke(:10)
06-27 12:30:04.733 20746 21185 W MDCLLight: 	at X.8CQ.invokeSuspend(:3584)
06-27 12:30:04.733 20746 21185 W MDCLLight: 	at X.03r.resumeWith(:15)
06-27 12:30:04.733 20746 21185 W MDCLLight: 	at X.0Ay.run(:84)
06-27 12:30:04.733 20746 21185 W MDCLLight: 	at X.5jk.run(:3)
06-27 12:30:04.733 20746 21185 W MDCLLight: 	at X.5xs.run(:2)
06-27 12:30:04.733 20746 21185 W MDCLLight: 	at X.4A0.A01(:0)
06-27 12:30:04.733 20746 21185 W MDCLLight: 	at X.5xt.run(:79)
06-27 12:30:04.733 20746 21185 W MDCLLight: Caused by: java.lang.NoClassDefFoundError: Class not found using the boot class loader; no stack trace available
06-27 12:30:04.733 20746 21185 W MDCLLight: tryFallbackLoadDex: fallbackLoader is null, unable to fallback load dex for androidx.datastore.preferences.protobuf.Extension
06-27 12:30:04.733 20746 21185 E MDCLLight: Fallback load dex failed for androidx.datastore.preferences.protobuf.Extension
06-27 12:30:04.733  8346  8389 I com.xiaomi.xms: oneway function results will be dropped but finished with status UNKNOWN_TRANSACTION and parcel size 0
06-27 12:30:04.733  1919  8366 W ANRStateManager: clear state, but process isn't exist. hash=245623325 uid=10252 pid=17396 state=16
06-27 12:30:04.734  1919  2385 I MiuiNetworkPolicy: removeUidState uid = 10252
06-27 12:30:04.734 20746 21185 W MDCLLight: Failed to load class from parent: androidx.datastore.preferences.protobuf.ExtensionRegistry
06-27 12:30:04.734 20746 21185 W MDCLLight: java.lang.ClassNotFoundException: androidx.datastore.preferences.protobuf.ExtensionRegistry
06-27 12:30:04.734 20746 21185 W MDCLLight: 	at java.lang.Class.classForName(Native Method)
06-27 12:30:04.734 20746 21185 W MDCLLight: 	at java.lang.BootClassLoader.findClass(ClassLoader.java:1358)
06-27 12:30:04.734 20746 21185 W MDCLLight: 	at java.lang.BootClassLoader.loadClass(ClassLoader.java:1418)
06-27 12:30:04.734 20746 21185 W MDCLLight: 	at java.lang.ClassLoader.loadClass(ClassLoader.java:312)
06-27 12:30:04.734 20746 21185 W MDCLLight: 	at com.facebook.common.dextricks.MultiDexClassLoaderLight.loadFromParent(:4)
06-27 12:30:04.734 20746 21185 W MDCLLight: 	at com.facebook.common.dextricks.MultiDexClassLoaderLight.loadClass(:38)
06-27 12:30:04.734 20746 21185 W MDCLLight: 	at java.lang.ClassLoader.loadClass(ClassLoader.java:367)
06-27 12:30:04.734 20746 21185 W MDCLLight: 	at java.lang.ClassLoader.loadClass(ClassLoader.java:312)
06-27 12:30:04.734 20746 21185 W MDCLLight: 	at java.lang.Class.classForName(Native Method)
06-27 12:30:04.734 20746 21185 W MDCLLight: 	at java.lang.Class.forName(Class.java:454)
06-27 12:30:04.734 20746 21185 W MDCLLight: 	at java.lang.Class.forName(Class.java:379)
06-27 12:30:04.734 20746 21185 W MDCLLight: 	at X.6aa.<clinit>(:2)
06-27 12:30:04.734 20746 21185 W MDCLLight: 	at androidx.datastore.core.SingleProcessDataStore.A04(:96)
06-27 12:30:04.734 20746 21185 W MDCLLight: 	at androidx.datastore.core.SingleProcessDataStore.A05(:93)
06-27 12:30:04.734 20746 21185 W MDCLLight: 	at androidx.datastore.core.SingleProcessDataStore.A01(:132)
06-27 12:30:04.734 20746 21185 W MDCLLight: 	at androidx.datastore.core.SingleProcessDataStore.A03(:66)
06-27 12:30:04.734 20746 21185 W MDCLLight: 	at X.8CQ.invokeSuspend(:3286)
06-27 12:30:04.734 20746 21185 W MDCLLight: 	at X.8CQ.invoke(:10)
06-27 12:30:04.734 20746 21185 W MDCLLight: 	at X.8CQ.invokeSuspend(:3584)
06-27 12:30:04.734 20746 21185 W MDCLLight: 	at X.03r.resumeWith(:15)
06-27 12:30:04.734 20746 21185 W MDCLLight: 	at X.0Ay.run(:84)
06-27 12:30:04.734 20746 21185 W MDCLLight: 	at X.5jk.run(:3)
06-27 12:30:04.734 20746 21185 W MDCLLight: 	at X.5xs.run(:2)
06-27 12:30:04.734 20746 21185 W MDCLLight: 	at X.4A0.A01(:0)
06-27 12:30:04.734 20746 21185 W MDCLLight: 	at X.5xt.run(:79)
06-27 12:30:04.734 20746 21185 W MDCLLight: Caused by: java.lang.NoClassDefFoundError: Class not found using the boot class loader; no stack trace available
06-27 12:30:04.734 20746 21185 W MDCLLight: tryFallbackLoadDex: fallbackLoader is null, unable to fallback load dex for androidx.datastore.preferences.protobuf.ExtensionRegistry
06-27 12:30:04.735 20746 21185 E MDCLLight: Fallback load dex failed for androidx.datastore.preferences.protobuf.ExtensionRegistry
06-27 12:30:04.737  1919  2134 I libprocessgroup: Successfully killed process cgroup uid 10252 pid 17396 in 124ms
06-27 12:30:04.743 21004 21179 D NotesProvider: query: context=com.miui.notes.NoteApp@75cccbb
06-27 12:30:04.744 21004 21180 D NotesProvider: query: context=com.miui.notes.NoteApp@75cccbb
06-27 12:30:04.744 21004 21175 E ActivityThread: Failed to find provider info for com.miui.personalassistant.widget.external
06-27 12:30:04.749 21004 21175 I NoteWidgetProvider: Unknown authority com.miui.personalassistant.widget.external
06-27 12:30:04.756 21004 21175 W System.err: java.lang.IllegalArgumentException: Unknown authority com.miui.personalassistant.widget.external
06-27 12:30:04.758 20657 20692 D WM-SystemJobScheduler: Scheduling work ID a43f91bf-029a-47c4-91d6-dc1bd1b830ffJob ID 29518
06-27 12:30:04.759 21004 21175 W System.err: 	at android.content.ContentResolver.call(ContentResolver.java:2430)
06-27 12:30:04.759 21004 21175 W System.err: 	at android.content.ContentResolver.call(ContentResolver.java:2413)
06-27 12:30:04.759 21004 21175 W System.err: 	at com.miui.common.tool.UIUtils.setMiuiWidgetSupported(UIUtils.java:678)
06-27 12:30:04.759 21004 21175 W System.err: 	at com.miui.notes.NoteApp.lambda$initializeInUiProcess$0$com-miui-notes-NoteApp(NoteApp.java:203)
06-27 12:30:04.759 21004 21175 W System.err: 	at com.miui.notes.NoteApp$$ExternalSyntheticLambda0.run(Unknown Source:2)
06-27 12:30:04.759 21004 21175 W System.err: 	at android.os.AsyncTask$SerialExecutor$1.run(AsyncTask.java:305)
06-27 12:30:04.759 21004 21175 W System.err: 	at java.util.concurrent.ThreadPoolExecutor.runWorker(ThreadPoolExecutor.java:1167)
06-27 12:30:04.759 21004 21175 W System.err: 	at java.util.concurrent.ThreadPoolExecutor$Worker.run(ThreadPoolExecutor.java:641)
06-27 12:30:04.759 21004 21175 W System.err: 	at java.lang.Thread.run(Thread.java:923)
06-27 12:30:04.759 21004 21175 I NoteWidgetProvider: isMiuiWidgetSupported:false
06-27 12:30:04.775 20657 20692 D WM-SystemJobScheduler: Scheduling work ID 2f4d20d1-653a-4440-a548-3743a981accdJob ID 29525
06-27 12:30:04.784 20746 20746 D CACHE_HINTS: Entering madvise file
06-27 12:30:04.785 20746 20746 D CACHE_HINTS: MADVISE_RAND file 0x7c46d39000 10035199 /data/data/com.instagram.android/app_restricks/layouts.bin
06-27 12:30:04.786 20746 21185 W MDCLLight: Failed to load class from parent: androidx.datastore.preferences.protobuf.DescriptorMessageInfoFactory
06-27 12:30:04.786 20746 21185 W MDCLLight: java.lang.ClassNotFoundException: androidx.datastore.preferences.protobuf.DescriptorMessageInfoFactory
06-27 12:30:04.786 20746 21185 W MDCLLight: 	at java.lang.Class.classForName(Native Method)
06-27 12:30:04.786 20746 21185 W MDCLLight: 	at java.lang.BootClassLoader.findClass(ClassLoader.java:1358)
06-27 12:30:04.786 20746 21185 W MDCLLight: 	at java.lang.BootClassLoader.loadClass(ClassLoader.java:1418)
06-27 12:30:04.786 20746 21185 W MDCLLight: 	at java.lang.ClassLoader.loadClass(ClassLoader.java:312)
06-27 12:30:04.786 20746 21185 W MDCLLight: 	at com.facebook.common.dextricks.MultiDexClassLoaderLight.loadFromParent(:4)
06-27 12:30:04.786 20746 21185 W MDCLLight: 	at com.facebook.common.dextricks.MultiDexClassLoaderLight.loadClass(:38)
06-27 12:30:04.786 20746 21185 W MDCLLight: 	at java.lang.ClassLoader.loadClass(ClassLoader.java:367)
06-27 12:30:04.786 20746 21185 W MDCLLight: 	at java.lang.ClassLoader.loadClass(ClassLoader.java:312)
06-27 12:30:04.786 20746 21185 W MDCLLight: 	at java.lang.Class.classForName(Native Method)
06-27 12:30:04.786 20746 21185 W MDCLLight: 	at java.lang.Class.forName(Class.java:454)
06-27 12:30:04.786 20746 21185 W MDCLLight: 	at java.lang.Class.forName(Class.java:379)
06-27 12:30:04.786 20746 21185 W MDCLLight: 	at X.6ac.<init>(:4)
06-27 12:30:04.786 20746 21185 W MDCLLight: 	at X.6ab.<init>(:12)
06-27 12:30:04.786 20746 21185 W MDCLLight: 	at X.6ab.<clinit>(:2)
06-27 12:30:04.786 20746 21185 W MDCLLight: 	at androidx.datastore.core.SingleProcessDataStore.A04(:132)
06-27 12:30:04.786 20746 21185 W MDCLLight: 	at androidx.datastore.core.SingleProcessDataStore.A05(:93)
06-27 12:30:04.786 20746 21185 W MDCLLight: 	at androidx.datastore.core.SingleProcessDataStore.A01(:132)
06-27 12:30:04.786 20746 21185 W MDCLLight: 	at androidx.datastore.core.SingleProcessDataStore.A03(:66)
06-27 12:30:04.786 20746 21185 W MDCLLight: 	at X.8CQ.invokeSuspend(:3286)
06-27 12:30:04.786 20746 21185 W MDCLLight: 	at X.8CQ.invoke(:10)
06-27 12:30:04.786 20746 21185 W MDCLLight: 	at X.8CQ.invokeSuspend(:3584)
06-27 12:30:04.786 20746 21185 W MDCLLight: 	at X.03r.resumeWith(:15)
06-27 12:30:04.786 20746 21185 W MDCLLight: 	at X.0Ay.run(:84)
06-27 12:30:04.786 20746 21185 W MDCLLight: 	at X.5jk.run(:3)
06-27 12:30:04.786 20746 21185 W MDCLLight: 	at X.5xs.run(:2)
06-27 12:30:04.786 20746 21185 W MDCLLight: 	at X.4A0.A01(:0)
06-27 12:30:04.786 20746 21185 W MDCLLight: 	at X.5xt.run(:79)
06-27 12:30:04.786 20746 21185 W MDCLLight: Caused by: java.lang.NoClassDefFoundError: Class not found using the boot class loader; no stack trace available
06-27 12:30:04.786 20746 21185 W MDCLLight: tryFallbackLoadDex: fallbackLoader is null, unable to fallback load dex for androidx.datastore.preferences.protobuf.DescriptorMessageInfoFactory
06-27 12:30:04.786 20746 21185 E MDCLLight: Fallback load dex failed for androidx.datastore.preferences.protobuf.DescriptorMessageInfoFactory
06-27 12:30:04.788 20746 21185 W MDCLLight: Failed to load class from parent: androidx.datastore.preferences.protobuf.GeneratedMessageV3
06-27 12:30:04.788 20746 21185 W MDCLLight: java.lang.ClassNotFoundException: androidx.datastore.preferences.protobuf.GeneratedMessageV3
06-27 12:30:04.788 20746 21185 W MDCLLight: 	at java.lang.Class.classForName(Native Method)
06-27 12:30:04.788 20746 21185 W MDCLLight: 	at java.lang.BootClassLoader.findClass(ClassLoader.java:1358)
06-27 12:30:04.788 20746 21185 W MDCLLight: 	at java.lang.BootClassLoader.loadClass(ClassLoader.java:1418)
06-27 12:30:04.788 20746 21185 W MDCLLight: 	at java.lang.ClassLoader.loadClass(ClassLoader.java:312)
06-27 12:30:04.788 20746 21185 W MDCLLight: 	at com.facebook.common.dextricks.MultiDexClassLoaderLight.loadFromParent(:4)
06-27 12:30:04.788 20746 21185 W MDCLLight: 	at com.facebook.common.dextricks.MultiDexClassLoaderLight.loadClass(:38)
06-27 12:30:04.788 20746 21185 W MDCLLight: 	at java.lang.ClassLoader.loadClass(ClassLoader.java:367)
06-27 12:30:04.788 20746 21185 W MDCLLight: 	at java.lang.ClassLoader.loadClass(ClassLoader.java:312)
06-27 12:30:04.788 20746 21185 W MDCLLight: 	at java.lang.Class.classForName(Native Method)
06-27 12:30:04.788 20746 21185 W MDCLLight: 	at java.lang.Class.forName(Class.java:454)
06-27 12:30:04.788 20746 21185 W MDCLLight: 	at java.lang.Class.forName(Class.java:379)
06-27 12:30:04.788 20746 21185 W MDCLLight: 	at X.6at.<clinit>(:2)
06-27 12:30:04.788 20746 21185 W MDCLLight: 	at X.6ab.A00(:21)
06-27 12:30:04.788 20746 21185 W MDCLLight: 	at androidx.datastore.core.SingleProcessDataStore.A04(:138)
06-27 12:30:04.788 20746 21185 W MDCLLight: 	at androidx.datastore.core.SingleProcessDataStore.A05(:93)
06-27 12:30:04.788 20746 21185 W MDCLLight: 	at androidx.datastore.core.SingleProcessDataStore.A01(:132)
06-27 12:30:04.788 20746 21185 W MDCLLight: 	at androidx.datastore.core.SingleProcessDataStore.A03(:66)
06-27 12:30:04.788 20746 21185 W MDCLLight: 	at X.8CQ.invokeSuspend(:3286)
06-27 12:30:04.788 20746 21185 W MDCLLight: 	at X.8CQ.invoke(:10)
06-27 12:30:04.788 20746 21185 W MDCLLight: 	at X.8CQ.invokeSuspend(:3584)
06-27 12:30:04.788 20746 21185 W MDCLLight: 	at X.03r.resumeWith(:15)
06-27 12:30:04.788 20746 21185 W MDCLLight: 	at X.0Ay.run(:84)
06-27 12:30:04.788 20746 21185 W MDCLLight: 	at X.5jk.run(:3)
06-27 12:30:04.788 20746 21185 W MDCLLight: 	at X.5xs.run(:2)
06-27 12:30:04.788 20746 21185 W MDCLLight: 	at X.4A0.A01(:0)
06-27 12:30:04.788 20746 21185 W MDCLLight: 	at X.5xt.run(:79)
06-27 12:30:04.788 20746 21185 W MDCLLight: Caused by: java.lang.NoClassDefFoundError: Class not found using the boot class loader; no stack trace available
06-27 12:30:04.788 20746 21185 W MDCLLight: tryFallbackLoadDex: fallbackLoader is null, unable to fallback load dex for androidx.datastore.preferences.protobuf.GeneratedMessageV3
06-27 12:30:04.788 20746 21185 E MDCLLight: Fallback load dex failed for androidx.datastore.preferences.protobuf.GeneratedMessageV3
06-27 12:30:04.789 20746 21185 W MDCLLight: Failed to load class from parent: androidx.datastore.preferences.protobuf.UnknownFieldSetSchema
06-27 12:30:04.789 20746 21185 W MDCLLight: java.lang.ClassNotFoundException: androidx.datastore.preferences.protobuf.UnknownFieldSetSchema
06-27 12:30:04.789 20746 21185 W MDCLLight: 	at java.lang.Class.classForName(Native Method)
06-27 12:30:04.789 20746 21185 W MDCLLight: 	at java.lang.BootClassLoader.findClass(ClassLoader.java:1358)
06-27 12:30:04.789 20746 21185 W MDCLLight: 	at java.lang.BootClassLoader.loadClass(ClassLoader.java:1418)
06-27 12:30:04.789 20746 21185 W MDCLLight: 	at java.lang.ClassLoader.loadClass(ClassLoader.java:312)
06-27 12:30:04.789 20746 21185 W MDCLLight: 	at com.facebook.common.dextricks.MultiDexClassLoaderLight.loadFromParent(:4)
06-27 12:30:04.789 20746 21185 W MDCLLight: 	at com.facebook.common.dextricks.MultiDexClassLoaderLight.loadClass(:38)
06-27 12:30:04.789 20746 21185 W MDCLLight: 	at java.lang.ClassLoader.loadClass(ClassLoader.java:367)
06-27 12:30:04.789 20746 21185 W MDCLLight: 	at java.lang.ClassLoader.loadClass(ClassLoader.java:312)
06-27 12:30:04.789 20746 21185 W MDCLLight: 	at java.lang.Class.classForName(Native Method)
06-27 12:30:04.789 20746 21185 W MDCLLight: 	at java.lang.Class.forName(Class.java:454)
06-27 12:30:04.789 20746 21185 W MDCLLight: 	at java.lang.Class.forName(Class.java:379)
06-27 12:30:04.789 20746 21185 W MDCLLight: 	at X.6at.<clinit>(:14)
06-27 12:30:04.789 20746 21185 W MDCLLight: 	at X.6ab.A00(:21)
06-27 12:30:04.789 20746 21185 W MDCLLight: 	at androidx.datastore.core.SingleProcessDataStore.A04(:138)
06-27 12:30:04.789 20746 21185 W MDCLLight: 	at androidx.datastore.core.SingleProcessDataStore.A05(:93)
06-27 12:30:04.789 20746 21185 W MDCLLight: 	at androidx.datastore.core.SingleProcessDataStore.A01(:132)
06-27 12:30:04.789 20746 21185 W MDCLLight: 	at androidx.datastore.core.SingleProcessDataStore.A03(:66)
06-27 12:30:04.789 20746 21185 W MDCLLight: 	at X.8CQ.invokeSuspend(:3286)
06-27 12:30:04.789 20746 21185 W MDCLLight: 	at X.8CQ.invoke(:10)
06-27 12:30:04.789 20746 21185 W MDCLLight: 	at X.8CQ.invokeSuspend(:3584)
06-27 12:30:04.789 20746 21185 W MDCLLight: 	at X.03r.resumeWith(:15)
06-27 12:30:04.789 20746 21185 W MDCLLight: 	at X.0Ay.run(:84)
06-27 12:30:04.789 20746 21185 W MDCLLight: 	at X.5jk.run(:3)
06-27 12:30:04.789 20746 21185 W MDCLLight: 	at X.5xs.run(:2)
06-27 12:30:04.789 20746 21185 W MDCLLight: 	at X.4A0.A01(:0)
06-27 12:30:04.789 20746 21185 W MDCLLight: 	at X.5xt.run(:79)
06-27 12:30:04.789 20746 21185 W MDCLLight: Caused by: java.lang.NoClassDefFoundError: Class not found using the boot class loader; no stack trace available
06-27 12:30:04.789 20746 21185 W MDCLLight: tryFallbackLoadDex: fallbackLoader is null, unable to fallback load dex for androidx.datastore.preferences.protobuf.UnknownFieldSetSchema
06-27 12:30:04.789 20746 21185 E MDCLLight: Fallback load dex failed for androidx.datastore.preferences.protobuf.UnknownFieldSetSchema
06-27 12:30:04.791 20746 21185 W MDCLLight: Failed to load class from parent: androidx.datastore.preferences.protobuf.UnknownFieldSetSchema
06-27 12:30:04.791 20746 21185 W MDCLLight: java.lang.ClassNotFoundException: androidx.datastore.preferences.protobuf.UnknownFieldSetSchema
06-27 12:30:04.791 20746 21185 W MDCLLight: 	at java.lang.Class.classForName(Native Method)
06-27 12:30:04.791 20746 21185 W MDCLLight: 	at java.lang.BootClassLoader.findClass(ClassLoader.java:1358)
06-27 12:30:04.791 20746 21185 W MDCLLight: 	at java.lang.BootClassLoader.loadClass(ClassLoader.java:1418)
06-27 12:30:04.791 20746 21185 W MDCLLight: 	at java.lang.ClassLoader.loadClass(ClassLoader.java:312)
06-27 12:30:04.791 20746 21185 W MDCLLight: 	at com.facebook.common.dextricks.MultiDexClassLoaderLight.loadFromParent(:4)
06-27 12:30:04.791 20746 21185 W MDCLLight: 	at com.facebook.common.dextricks.MultiDexClassLoaderLight.loadClass(:38)
06-27 12:30:04.791 20746 21185 W MDCLLight: 	at java.lang.ClassLoader.loadClass(ClassLoader.java:367)
06-27 12:30:04.791 20746 21185 W MDCLLight: 	at java.lang.ClassLoader.loadClass(ClassLoader.java:312)
06-27 12:30:04.791 20746 21185 W MDCLLight: 	at java.lang.Class.classForName(Native Method)
06-27 12:30:04.791 20746 21185 W MDCLLight: 	at java.lang.Class.forName(Class.java:454)
06-27 12:30:04.791 20746 21185 W MDCLLight: 	at java.lang.Class.forName(Class.java:379)
06-27 12:30:04.791 20746 21185 W MDCLLight: 	at X.6at.<clinit>(:51)
06-27 12:30:04.791 20746 21185 W MDCLLight: 	at X.6ab.A00(:21)
06-27 12:30:04.791 20746 21185 W MDCLLight: 	at androidx.datastore.core.SingleProcessDataStore.A04(:138)
06-27 12:30:04.791 20746 21185 W MDCLLight: 	at androidx.datastore.core.SingleProcessDataStore.A05(:93)
06-27 12:30:04.791 20746 21185 W MDCLLight: 	at androidx.datastore.core.SingleProcessDataStore.A01(:132)
06-27 12:30:04.791 20746 21185 W MDCLLight: 	at androidx.datastore.core.SingleProcessDataStore.A03(:66)
06-27 12:30:04.791 20746 21185 W MDCLLight: 	at X.8CQ.invokeSuspend(:3286)
06-27 12:30:04.791 20746 21185 W MDCLLight: 	at X.8CQ.invoke(:10)
06-27 12:30:04.791 20746 21185 W MDCLLight: 	at X.8CQ.invokeSuspend(:3584)
06-27 12:30:04.791 20746 21185 W MDCLLight: 	at X.03r.resumeWith(:15)
06-27 12:30:04.791 20746 21185 W MDCLLight: 	at X.0Ay.run(:84)
06-27 12:30:04.791 20746 21185 W MDCLLight: 	at X.5jk.run(:3)
06-27 12:30:04.791 20746 21185 W MDCLLight: 	at X.5xs.run(:2)
06-27 12:30:04.791 20746 21185 W MDCLLight: 	at X.4A0.A01(:0)
06-27 12:30:04.791 20746 21185 W MDCLLight: 	at X.5xt.run(:79)
06-27 12:30:04.791 20746 21185 W MDCLLight: Caused by: java.lang.NoClassDefFoundError: Class not found using the boot class loader; no stack trace available
06-27 12:30:04.791 20746 21185 W MDCLLight: tryFallbackLoadDex: fallbackLoader is null, unable to fallback load dex for androidx.datastore.preferences.protobuf.UnknownFieldSetSchema
06-27 12:30:04.791 20746 21185 E MDCLLight: Fallback load dex failed for androidx.datastore.preferences.protobuf.UnknownFieldSetSchema
06-27 12:30:04.793 20746 21185 W MDCLLight: Failed to load class from parent: org.robolectric.Robolectric
06-27 12:30:04.793 20746 21185 W MDCLLight: java.lang.ClassNotFoundException: org.robolectric.Robolectric
06-27 12:30:04.793 20746 21185 W MDCLLight: 	at java.lang.Class.classForName(Native Method)
06-27 12:30:04.793 20746 21185 W MDCLLight: 	at java.lang.BootClassLoader.findClass(ClassLoader.java:1358)
06-27 12:30:04.793 20746 21185 W MDCLLight: 	at java.lang.BootClassLoader.loadClass(ClassLoader.java:1418)
06-27 12:30:04.793 20746 21185 W MDCLLight: 	at java.lang.ClassLoader.loadClass(ClassLoader.java:312)
06-27 12:30:04.793 20746 21185 W MDCLLight: 	at com.facebook.common.dextricks.MultiDexClassLoaderLight.loadFromParent(:4)
06-27 12:30:04.793 20746 21185 W MDCLLight: 	at com.facebook.common.dextricks.MultiDexClassLoaderLight.loadClass(:38)
06-27 12:30:04.793 20746 21185 W MDCLLight: 	at java.lang.ClassLoader.loadClass(ClassLoader.java:367)
06-27 12:30:04.793 20746 21185 W MDCLLight: 	at java.lang.ClassLoader.loadClass(ClassLoader.java:312)
06-27 12:30:04.793 20746 21185 W MDCLLight: 	at java.lang.Class.classForName(Native Method)
06-27 12:30:04.793 20746 21185 W MDCLLight: 	at java.lang.Class.forName(Class.java:454)
06-27 12:30:04.793 20746 21185 W MDCLLight: 	at java.lang.Class.forName(Class.java:379)
06-27 12:30:04.793 20746 21185 W MDCLLight: 	at X.6cf.<clinit>(:14)
06-27 12:30:04.793 20746 21185 W MDCLLight: 	at X.6bs.<clinit>(:9)
06-27 12:30:04.793 20746 21185 W MDCLLight: 	at X.6bq.<clinit>(:87)
06-27 12:30:04.793 20746 21185 W MDCLLight: 	at X.6bp.<clinit>(:0)
06-27 12:30:04.793 20746 21185 W MDCLLight: 	at X.6bo.<clinit>(:0)
06-27 12:30:04.793 20746 21185 W MDCLLight: 	at X.6Az.A03(:20)
06-27 12:30:04.793 20746 21185 W MDCLLight: 	at X.6ah.DeJ(:77)
06-27 12:30:04.793 20746 21185 W MDCLLight: 	at X.6ap.DeJ(:14)
06-27 12:30:04.793 20746 21185 W MDCLLight: 	at X.6ab.A00(:51)
06-27 12:30:04.793 20746 21185 W MDCLLight: 	at androidx.datastore.core.SingleProcessDataStore.A04(:138)
06-27 12:30:04.793 20746 21185 W MDCLLight: 	at androidx.datastore.core.SingleProcessDataStore.A05(:93)
06-27 12:30:04.793 20746 21185 W MDCLLight: 	at androidx.datastore.core.SingleProcessDataStore.A01(:132)
06-27 12:30:04.793 20746 21185 W MDCLLight: 	at androidx.datastore.core.SingleProcessDataStore.A03(:66)
06-27 12:30:04.793 20746 21185 W MDCLLight: 	at X.8CQ.invokeSuspend(:3286)
06-27 12:30:04.793 20746 21185 W MDCLLight: 	at X.8CQ.invoke(:10)
06-27 12:30:04.793 20746 21185 W MDCLLight: 	at X.8CQ.invokeSuspend(:3584)
06-27 12:30:04.793 20746 21185 W MDCLLight: 	at X.03r.resumeWith(:15)
06-27 12:30:04.793 20746 21185 W MDCLLight: 	at X.0Ay.run(:84)
06-27 12:30:04.793 20746 21185 W MDCLLight: 	at X.5jk.run(:3)
06-27 12:30:04.793 20746 21185 W MDCLLight: 	at X.5xs.run(:2)
06-27 12:30:04.793 20746 21185 W MDCLLight: 	at X.4A0.A01(:0)
06-27 12:30:04.793 20746 21185 W MDCLLight: 	at X.5xt.run(:79)
06-27 12:30:04.793 20746 21185 W MDCLLight: Caused by: java.lang.NoClassDefFoundError: Class not found using the boot class loader; no stack trace available
06-27 12:30:04.793 20746 21185 W MDCLLight: tryFallbackLoadDex: fallbackLoader is null, unable to fallback load dex for org.robolectric.Robolectric
06-27 12:30:04.793 20746 21185 E MDCLLight: Fallback load dex failed for org.robolectric.Robolectric
06-27 12:30:04.809 20657 20692 D WM-GreedyScheduler: Ignoring {WorkSpec: 32a49cb0-3b59-4b5f-9de3-fcd359152d26}. Requires device idle.
06-27 12:30:04.809 20657 20692 D WM-GreedyScheduler: Ignoring {WorkSpec: 73375f7f-abd7-4ade-a114-eb0a42b86240}. Requires device idle.
06-27 12:30:04.809 20657 20692 D WM-GreedyScheduler: Ignoring {WorkSpec: 943e86fd-0ce6-47f6-bcfd-fd2207d8de8c}. Requires device idle.
06-27 12:30:04.809 20657 20692 D WM-GreedyScheduler: Ignoring {WorkSpec: 383f2cce-8a1b-41bb-996b-fae2f366a822}. Requires device idle.
06-27 12:30:04.809 20657 20692 D WM-GreedyScheduler: Ignoring {WorkSpec: 7bf75014-dac4-4692-921d-87c780783e46}. Requires device idle.
06-27 12:30:04.809 20657 20692 D WM-GreedyScheduler: Ignoring {WorkSpec: 4a3d6e2c-53f1-4822-a667-d1c0383146dc}. Requires device idle.
06-27 12:30:04.810 20657 20692 D WM-GreedyScheduler: Ignoring {WorkSpec: dc56bcab-4939-4018-9f7d-fa62a26d3658}. Requires device idle.
06-27 12:30:04.810 20657 20692 D WM-GreedyScheduler: Ignoring {WorkSpec: a91abaf4-98a5-4d9a-8ac1-bfdee4bf2845}. Requires device idle.
06-27 12:30:04.810 20657 20692 D WM-GreedyScheduler: Ignoring {WorkSpec: 8172c353-d6a0-408f-8095-e8ae123ec7e3}. Requires device idle.
06-27 12:30:04.831 20746 21192 W FrscLanguagePackLoader: FRSC English strings buffer size - (limit : 1004792, capacity : 1004792)
06-27 12:30:04.843   841   841 I sensors-hal: batch:180, android.sensor.accelerometer/58, period=200000000, max_latency=0
06-27 12:30:04.843   841   841 I sensors-hal: batch:189, android.sensor.accelerometer/58, period=200000000, max_latency=0 request completed
06-27 12:30:04.847 20746 21185 W MDCLLight: Failed to load class from parent: androidx.datastore.preferences.protobuf.NewInstanceSchemaFull
06-27 12:30:04.847 20746 21185 W MDCLLight: java.lang.ClassNotFoundException: androidx.datastore.preferences.protobuf.NewInstanceSchemaFull
06-27 12:30:04.847 20746 21185 W MDCLLight: 	at java.lang.Class.classForName(Native Method)
06-27 12:30:04.847 20746 21185 W MDCLLight: 	at java.lang.BootClassLoader.findClass(ClassLoader.java:1358)
06-27 12:30:04.847 20746 21185 W MDCLLight: 	at java.lang.BootClassLoader.loadClass(ClassLoader.java:1418)
06-27 12:30:04.847 20746 21185 W MDCLLight: 	at java.lang.ClassLoader.loadClass(ClassLoader.java:312)
06-27 12:30:04.847 20746 21185 W MDCLLight: 	at com.facebook.common.dextricks.MultiDexClassLoaderLight.loadFromParent(:4)
06-27 12:30:04.847 20746 21185 W MDCLLight: 	at com.facebook.common.dextricks.MultiDexClassLoaderLight.loadClass(:38)
06-27 12:30:04.847 20746 21185 W MDCLLight: 	at java.lang.ClassLoader.loadClass(ClassLoader.java:367)
06-27 12:30:04.847 20746 21185 W MDCLLight: 	at java.lang.ClassLoader.loadClass(ClassLoader.java:312)
06-27 12:30:04.847 20746 21185 W MDCLLight: 	at java.lang.Class.classForName(Native Method)
06-27 12:30:04.847 20746 21185 W MDCLLight: 	at java.lang.Class.forName(Class.java:454)
06-27 12:30:04.847 20746 21185 W MDCLLight: 	at java.lang.Class.forName(Class.java:379)
06-27 12:30:04.847 20746 21185 W MDCLLight: 	at X.6dt.<clinit>(:3)
06-27 12:30:04.847 20746 21185 W MDCLLight: 	at X.6ab.A00(:124)
06-27 12:30:04.847 20746 21185 W MDCLLight: 	at androidx.datastore.core.SingleProcessDataStore.A04(:138)
06-27 12:30:04.847 20746 21185 W MDCLLight: 	at androidx.datastore.core.SingleProcessDataStore.A05(:93)
06-27 12:30:04.847 20746 21185 W MDCLLight: 	at androidx.datastore.core.SingleProcessDataStore.A01(:132)
06-27 12:30:04.847 20746 21185 W MDCLLight: 	at androidx.datastore.core.SingleProcessDataStore.A03(:66)
06-27 12:30:04.847 20746 21185 W MDCLLight: 	at X.8CQ.invokeSuspend(:3286)
06-27 12:30:04.847 20746 21185 W MDCLLight: 	at X.8CQ.invoke(:10)
06-27 12:30:04.847 20746 21185 W MDCLLight: 	at X.8CQ.invokeSuspend(:3584)
06-27 12:30:04.847 20746 21185 W MDCLLight: 	at X.03r.resumeWith(:15)
06-27 12:30:04.847 20746 21185 W MDCLLight: 	at X.0Ay.run(:84)
06-27 12:30:04.847 20746 21185 W MDCLLight: 	at X.5jk.run(:3)
06-27 12:30:04.847 20746 21185 W MDCLLight: 	at X.5xs.run(:2)
06-27 12:30:04.847 20746 21185 W MDCLLight: 	at X.4A0.A01(:0)
06-27 12:30:04.847 20746 21185 W MDCLLight: 	at X.5xt.run(:79)
06-27 12:30:04.847 20746 21185 W MDCLLight: Caused by: java.lang.NoClassDefFoundError: Class not found using the boot class loader; no stack trace available
06-27 12:30:04.847 20746 21185 W MDCLLight: tryFallbackLoadDex: fallbackLoader is null, unable to fallback load dex for androidx.datastore.preferences.protobuf.NewInstanceSchemaFull
06-27 12:30:04.847 20746 21185 E MDCLLight: Fallback load dex failed for androidx.datastore.preferences.protobuf.NewInstanceSchemaFull
06-27 12:30:04.849 20746 21185 W MDCLLight: Failed to load class from parent: androidx.datastore.preferences.protobuf.ExtensionSchemaFull
06-27 12:30:04.849 20746 21185 W MDCLLight: java.lang.ClassNotFoundException: androidx.datastore.preferences.protobuf.ExtensionSchemaFull
06-27 12:30:04.849 20746 21185 W MDCLLight: 	at java.lang.Class.classForName(Native Method)
06-27 12:30:04.849 20746 21185 W MDCLLight: 	at java.lang.BootClassLoader.findClass(ClassLoader.java:1358)
06-27 12:30:04.849 20746 21185 W MDCLLight: 	at java.lang.BootClassLoader.loadClass(ClassLoader.java:1418)
06-27 12:30:04.849 20746 21185 W MDCLLight: 	at java.lang.ClassLoader.loadClass(ClassLoader.java:312)
06-27 12:30:04.849 20746 21185 W MDCLLight: 	at com.facebook.common.dextricks.MultiDexClassLoaderLight.loadFromParent(:4)
06-27 12:30:04.849 20746 21185 W MDCLLight: 	at com.facebook.common.dextricks.MultiDexClassLoaderLight.loadClass(:38)
06-27 12:30:04.849 20746 21185 W MDCLLight: 	at java.lang.ClassLoader.loadClass(ClassLoader.java:367)
06-27 12:30:04.849 20746 21185 W MDCLLight: 	at java.lang.ClassLoader.loadClass(ClassLoader.java:312)
06-27 12:30:04.849 20746 21185 W MDCLLight: 	at java.lang.Class.classForName(Native Method)
06-27 12:30:04.849 20746 21185 W MDCLLight: 	at java.lang.Class.forName(Class.java:454)
06-27 12:30:04.849 20746 21185 W MDCLLight: 	at java.lang.Class.forName(Class.java:379)
06-27 12:30:04.849 20746 21185 W MDCLLight: 	at X.6ei.<clinit>(:10)
06-27 12:30:04.849 20746 21185 W MDCLLight: 	at X.6ab.A00(:132)
06-27 12:30:04.849 20746 21185 W MDCLLight: 	at androidx.datastore.core.SingleProcessDataStore.A04(:138)
06-27 12:30:04.849 20746 21185 W MDCLLight: 	at androidx.datastore.core.SingleProcessDataStore.A05(:93)
06-27 12:30:04.849 20746 21185 W MDCLLight: 	at androidx.datastore.core.SingleProcessDataStore.A01(:132)
06-27 12:30:04.849 20746 21185 W MDCLLight: 	at androidx.datastore.core.SingleProcessDataStore.A03(:66)
06-27 12:30:04.849 20746 21185 W MDCLLight: 	at X.8CQ.invokeSuspend(:3286)
06-27 12:30:04.849 20746 21185 W MDCLLight: 	at X.8CQ.invoke(:10)
06-27 12:30:04.849 20746 21185 W MDCLLight: 	at X.8CQ.invokeSuspend(:3584)
06-27 12:30:04.849 20746 21185 W MDCLLight: 	at X.03r.resumeWith(:15)
06-27 12:30:04.849 20746 21185 W MDCLLight: 	at X.0Ay.run(:84)
06-27 12:30:04.849 20746 21185 W MDCLLight: 	at X.5jk.run(:3)
06-27 12:30:04.849 20746 21185 W MDCLLight: 	at X.5xs.run(:2)
06-27 12:30:04.849 20746 21185 W MDCLLight: 	at X.4A0.A01(:0)
06-27 12:30:04.849 20746 21185 W MDCLLight: 	at X.5xt.run(:79)
06-27 12:30:04.849 20746 21185 W MDCLLight: Caused by: java.lang.NoClassDefFoundError: Class not found using the boot class loader; no stack trace available
06-27 12:30:04.849 20746 21185 W MDCLLight: tryFallbackLoadDex: fallbackLoader is null, unable to fallback load dex for androidx.datastore.preferences.protobuf.ExtensionSchemaFull
06-27 12:30:04.849 20746 21185 E MDCLLight: Fallback load dex failed for androidx.datastore.preferences.protobuf.ExtensionSchemaFull
06-27 12:30:04.849  7088  9694 W PSIUtils: MEMORY_FULL|37764354|2809660082793
06-27 12:30:04.850 20746 21185 W MDCLLight: Failed to load class from parent: androidx.datastore.preferences.protobuf.MapFieldSchemaFull
06-27 12:30:04.850 20746 21185 W MDCLLight: java.lang.ClassNotFoundException: androidx.datastore.preferences.protobuf.MapFieldSchemaFull
06-27 12:30:04.850 20746 21185 W MDCLLight: 	at java.lang.Class.classForName(Native Method)
06-27 12:30:04.850 20746 21185 W MDCLLight: 	at java.lang.BootClassLoader.findClass(ClassLoader.java:1358)
06-27 12:30:04.850 20746 21185 W MDCLLight: 	at java.lang.BootClassLoader.loadClass(ClassLoader.java:1418)
06-27 12:30:04.850 20746 21185 W MDCLLight: 	at java.lang.ClassLoader.loadClass(ClassLoader.java:312)
06-27 12:30:04.850 20746 21185 W MDCLLight: 	at com.facebook.common.dextricks.MultiDexClassLoaderLight.loadFromParent(:4)
06-27 12:30:04.850 20746 21185 W MDCLLight: 	at com.facebook.common.dextricks.MultiDexClassLoaderLight.loadClass(:38)
06-27 12:30:04.850 20746 21185 W MDCLLight: 	at java.lang.ClassLoader.loadClass(ClassLoader.java:367)
06-27 12:30:04.850 20746 21185 W MDCLLight: 	at java.lang.ClassLoader.loadClass(ClassLoader.java:312)
06-27 12:30:04.850 20746 21185 W MDCLLight: 	at java.lang.Class.classForName(Native Method)
06-27 12:30:04.850 20746 21185 W MDCLLight: 	at java.lang.Class.forName(Class.java:454)
06-27 12:30:04.850 20746 21185 W MDCLLight: 	at java.lang.Class.forName(Class.java:379)
06-27 12:30:04.850 20746 21185 W MDCLLight: 	at X.6fg.<clinit>(:3)
06-27 12:30:04.850 20746 21185 W MDCLLight: 	at X.6ab.A00(:134)
06-27 12:30:04.850 20746 21185 W MDCLLight: 	at androidx.datastore.core.SingleProcessDataStore.A04(:138)
06-27 12:30:04.850 20746 21185 W MDCLLight: 	at androidx.datastore.core.SingleProcessDataStore.A05(:93)
06-27 12:30:04.850 20746 21185 W MDCLLight: 	at androidx.datastore.core.SingleProcessDataStore.A01(:132)
06-27 12:30:04.850 20746 21185 W MDCLLight: 	at androidx.datastore.core.SingleProcessDataStore.A03(:66)
06-27 12:30:04.850 20746 21185 W MDCLLight: 	at X.8CQ.invokeSuspend(:3286)
06-27 12:30:04.850 20746 21185 W MDCLLight: 	at X.8CQ.invoke(:10)
06-27 12:30:04.850 20746 21185 W MDCLLight: 	at X.8CQ.invokeSuspend(:3584)
06-27 12:30:04.850 20746 21185 W MDCLLight: 	at X.03r.resumeWith(:15)
06-27 12:30:04.850 20746 21185 W MDCLLight: 	at X.0Ay.run(:84)
06-27 12:30:04.850 20746 21185 W MDCLLight: 	at X.5jk.run(:3)
06-27 12:30:04.850 20746 21185 W MDCLLight: 	at X.5xs.run(:2)
06-27 12:30:04.850 20746 21185 W MDCLLight: 	at X.4A0.A01(:0)
