06-27 12:35:07.931   691 26460 D QC-time-services: Daemon:Received base = 13, unit = 1, operation = 1,value = 0
06-27 12:35:07.931   691 26460 D QC-time-services: Daemon:genoff_opr: Base = 13, val = 0, operation = 1
06-27 12:35:07.931   691 26460 D QC-time-services: Daemon: genoff get for 13
06-27 12:35:07.931   691 26460 D QC-time-services: Daemon:Value read from QTimer mseconds = 3115706
06-27 12:35:07.931   691 26460 D QC-time-services: Daemon:Value read from RTC mseconds on boot = 16820321000
06-27 12:35:07.931   691 26460 D QC-time-services: Daemon:Value read from QTimer mseconds = 3115706
06-27 12:35:07.931   691 26460 D QC-time-services: Daemon:Value read from generic offset = 1734184476166
06-27 12:35:07.931   691 26460 D QC-time-services: Daemon:Delta read on boot mseconds = 16820315161
06-27 12:35:07.931   691 26460 D QC-time-services: Daemon:Final Time = 1751007907033
06-27 12:35:07.931   601   623 D DrmLibTime: QSEE Time Listener: Time GenOff - seconds: 1751007907
06-27 12:35:07.931   601   623 D DrmLibTime: time_getutcsec returns 0, sec = 1751007907; nsec = 0
06-27 12:35:07.931   601   623 D DrmLibTime: time_getutcsec finished! 
06-27 12:35:07.931   601   623 D DrmLibTime: iotcl_continue_command finished! and return 0 
06-27 12:35:07.931   601   623 D DrmLibTime: before calling ioctl to read the next time_cmd
06-27 12:35:07.932   691   965 E QC-time-services: Daemon: Time-services: Waiting to acceptconnection
06-27 12:35:07.935  3125 26448 E NetworkScheduler.TED: Unable to bind to task service: ComponentInfo{com.google.android.gms/com.google.android.gms.udc.service.UdcContextInitService}
06-27 12:35:07.935  3125 26338 I NetworkScheduler.Stats: (REDACTED) Task %s/%s finished executing. cause:%s result: %s elapsed_millis: %s uptime_millis: %s exec_start_elapsed_seconds: %s
06-27 12:35:07.935   885 10843 I vendor.qti.hardware.servicetracker@1.2-service: bindService is called for service : com.google.android.gms/.chimera.GmsApiService and for client com.google.android.gms
06-27 12:35:07.935  3125 26448 W NetworkScheduler.TED: Couldn't unbind from the task service in remote user
06-27 12:35:07.935   885 10843 I vendor.qti.hardware.servicetracker@1.2-service: total connections for service : com.google.android.gms/.chimera.GmsApiServiceare :4
06-27 12:35:07.935   885 10843 I vendor.qti.hardware.servicetracker@1.2-service: total connections for client : com.google.android.gmsare :9
06-27 12:35:07.943  3125 26338 I NetworkScheduler.Stats: (REDACTED) Task %s/%s finished executing. cause:%s result: %s elapsed_millis: %s uptime_millis: %s exec_start_elapsed_seconds: %s
06-27 12:35:07.989  1424  1424 I keystore: del USRPKEY_unstable.c7202ece89390c490b1b94d5b71225e1.-4445182685052190290 10183
06-27 12:35:07.990  1424  1424 I keystore: del USRPKEY_unstable.c7202ece89390c490b1b94d5b71225e1.4905076866376247439 10183
06-27 12:35:07.991  1424  1424 I keystore: del USRCERT_unstable.c7202ece89390c490b1b94d5b71225e1.-4445182685052190290 10183
06-27 12:35:07.991  1424  1424 I keystore: del USRCERT_unstable.c7202ece89390c490b1b94d5b71225e1.4905076866376247439 10183
06-27 12:35:07.992  1424  1424 I keystore: del CACERT_unstable.c7202ece89390c490b1b94d5b71225e1.-4445182685052190290 10183
06-27 12:35:07.994  1424  1424 I keystore: del CACERT_unstable.c7202ece89390c490b1b94d5b71225e1.4905076866376247439 10183
06-27 12:35:08.026 14895 14915 E libc    : Access denied finding property "persist.adb.tls_server.enable"
06-27 12:35:08.028 14895 14915 I AdrenoGLES-0: QUALCOMM build                   : 42297a4, I9e9b240040
06-27 12:35:08.028 14895 14915 I AdrenoGLES-0: Build Date                       : 03/19/21
06-27 12:35:08.028 14895 14915 I AdrenoGLES-0: OpenGL ES Shader Compiler Version: EV031.32.02.07
06-27 12:35:08.028 14895 14915 I AdrenoGLES-0: Local Branch                     : 
06-27 12:35:08.028 14895 14915 I AdrenoGLES-0: Remote Branch                    : refs/tags/AU_LINUX_ANDROID_LA.UM.9.1.R1.11.00.00.604.070
06-27 12:35:08.028 14895 14915 I AdrenoGLES-0: Remote Branch                    : NONE
06-27 12:35:08.028 14895 14915 I AdrenoGLES-0: Reconstruct Branch               : NOTHING
06-27 12:35:08.028 14895 14915 I AdrenoGLES-0: Build Config                     : S P 10.0.6 AArch64
06-27 12:35:08.028 14895 14915 I AdrenoGLES-0: Driver Path                      : /vendor/lib64/egl/libGLESv2_adreno.so
06-27 12:35:08.013 14895 14895 W Binder:14895_1: type=1400 audit(0.0:3956): avc: denied { read } for name="u:object_r:system_adbd_prop:s0" dev="tmpfs" ino=17598 scontext=u:r:gmscore_app:s0:c512,c768 tcontext=u:object_r:system_adbd_prop:s0 tclass=file permissive=0 app=com.google.android.gms
06-27 12:35:08.033 14895 14915 I AdrenoGLES-0: PFP: 0x016ee190, ME: 0x00000000
06-27 12:35:08.084   885 10843 I vendor.qti.hardware.servicetracker@1.2-service: unbindService is called for service : com.google.android.gms/.pay.gcmtask.PayGcmTaskService and for client com.google.android.gms.persistent
06-27 12:35:08.084   885 10843 I vendor.qti.hardware.servicetracker@1.2-service: size of service connections for service: com.google.android.gms/.pay.gcmtask.PayGcmTaskServiceafter removal is 0
06-27 12:35:08.084   885 10843 I vendor.qti.hardware.servicetracker@1.2-service: size of client connections for client: com.google.android.gms.persistentafter removal is 9
06-27 12:35:08.085   885 10843 I vendor.qti.hardware.servicetracker@1.2-service: destroyService is called for service : com.google.android.gms/.pay.gcmtask.PayGcmTaskService
06-27 12:35:08.085  3125 26448 I NetworkScheduler.Stats: (REDACTED) Task %s/%s finished executing. cause:%s result: %s elapsed_millis: %s uptime_millis: %s exec_start_elapsed_seconds: %s
06-27 12:35:08.125  1919  7655 D CompatibilityInfo: mCompatibilityFlags - 0
06-27 12:35:08.125  1919  7655 D CompatibilityInfo: applicationDensity - 440
06-27 12:35:08.125  1919  7655 D CompatibilityInfo: applicationScale - 1.0
06-27 12:35:08.125   885   937 I vendor.qti.hardware.servicetracker@1.2-service: bindService is called for service : com.google.android.gms/.pay.gcmtask.PayGcmTaskService and for client com.google.android.gms.persistent
06-27 12:35:08.125   885   937 I vendor.qti.hardware.servicetracker@1.2-service: total connections for service : com.google.android.gms/.pay.gcmtask.PayGcmTaskServiceare :1
06-27 12:35:08.125   885   937 I vendor.qti.hardware.servicetracker@1.2-service: total connections for client : com.google.android.gms.persistentare :10
06-27 12:35:08.125   885   937 I vendor.qti.hardware.servicetracker@1.2-service: startService() is called for servicecom.google.android.gms/.pay.gcmtask.PayGcmTaskService
06-27 12:35:08.146  3125 26448 E NetworkScheduler.TED: Unable to bind to task service: ComponentInfo{com.google.android.gms/com.google.android.gms.auth.account.be.legacy.AuthCronService}
06-27 12:35:08.146  3125 26448 W NetworkScheduler.TED: Couldn't unbind from the task service in remote user
06-27 12:35:08.176  3125 26338 I NetworkScheduler.Stats: (REDACTED) Task %s/%s finished executing. cause:%s result: %s elapsed_millis: %s uptime_millis: %s exec_start_elapsed_seconds: %s
06-27 12:35:08.177  3125 26338 I NetworkScheduler.Stats: (REDACTED) Task %s/%s started execution. cause:%s exec_start_elapsed_seconds: %s
06-27 12:35:08.180  3125 26448 E NetworkScheduler.TED: Unable to bind to task service: ComponentInfo{com.google.android.gms/com.google.android.gms.autofill.events.AutofillGcmTaskService}
06-27 12:35:08.180  3125 26448 W NetworkScheduler.TED: Couldn't unbind from the task service in remote user
06-27 12:35:08.184  3125 26338 I NetworkScheduler.Stats: (REDACTED) Task %s/%s finished executing. cause:%s result: %s elapsed_millis: %s uptime_millis: %s exec_start_elapsed_seconds: %s
06-27 12:35:08.195   885 10843 I vendor.qti.hardware.servicetracker@1.2-service: unbindService is called for service : com.google.android.gms/.pay.gcmtask.PayGcmTaskService and for client com.google.android.gms.persistent
06-27 12:35:08.195   885 10843 I vendor.qti.hardware.servicetracker@1.2-service: size of service connections for service: com.google.android.gms/.pay.gcmtask.PayGcmTaskServiceafter removal is 0
06-27 12:35:08.195   885 10843 I vendor.qti.hardware.servicetracker@1.2-service: size of client connections for client: com.google.android.gms.persistentafter removal is 9
06-27 12:35:08.195   885 10843 I vendor.qti.hardware.servicetracker@1.2-service: destroyService is called for service : com.google.android.gms/.pay.gcmtask.PayGcmTaskService
06-27 12:35:08.196  3125 26338 I NetworkScheduler.Stats: (REDACTED) Task %s/%s finished executing. cause:%s result: %s elapsed_millis: %s uptime_millis: %s exec_start_elapsed_seconds: %s
06-27 12:35:08.208  3799  3827 I gle.android.gm: Compiler allocated 4361KB to compile int m54.beue.c(java.lang.Object, byte[], int, int, int, m54.beqr)
06-27 12:35:08.210   885 10843 I vendor.qti.hardware.servicetracker@1.2-service: bindService is called for service : com.google.android.gms/.pay.gcmtask.PayGcmTaskService and for client com.google.android.gms.persistent
06-27 12:35:08.210   885 10843 I vendor.qti.hardware.servicetracker@1.2-service: total connections for service : com.google.android.gms/.pay.gcmtask.PayGcmTaskServiceare :1
06-27 12:35:08.210   885 10843 I vendor.qti.hardware.servicetracker@1.2-service: total connections for client : com.google.android.gms.persistentare :10
06-27 12:35:08.210  1919  3239 D CompatibilityInfo: mCompatibilityFlags - 0
06-27 12:35:08.210  1919  3239 D CompatibilityInfo: applicationDensity - 440
06-27 12:35:08.210  1919  3239 D CompatibilityInfo: applicationScale - 1.0
06-27 12:35:08.210   885 10843 I vendor.qti.hardware.servicetracker@1.2-service: startService() is called for servicecom.google.android.gms/.pay.gcmtask.PayGcmTaskService
06-27 12:35:08.220  3125 26338 I NetworkScheduler.Stats: (REDACTED) Task %s/%s started execution. cause:%s exec_start_elapsed_seconds: %s
06-27 12:35:08.221   885 10843 I vendor.qti.hardware.servicetracker@1.2-service: bindService is called for service : com.google.android.gms/.chimera.PersistentApiService and for client com.google.android.gms
06-27 12:35:08.221   885 10843 I vendor.qti.hardware.servicetracker@1.2-service: total connections for service : com.google.android.gms/.chimera.PersistentApiServiceare :9
06-27 12:35:08.221   885 10843 I vendor.qti.hardware.servicetracker@1.2-service: total connections for client : com.google.android.gmsare :9
06-27 12:35:08.223  3125 26448 E NetworkScheduler.TED: Unable to bind to task service: ComponentInfo{com.google.android.gms/com.google.android.gms.fonts.update.UpdateSchedulerService}
06-27 12:35:08.223  3125 26448 W NetworkScheduler.TED: Couldn't unbind from the task service in remote user
06-27 12:35:08.231  3125 26338 I NetworkScheduler.Stats: (REDACTED) Task %s/%s finished executing. cause:%s result: %s elapsed_millis: %s uptime_millis: %s exec_start_elapsed_seconds: %s
06-27 12:35:08.241 14895 14978 I AdrenoGLES-0: QUALCOMM build                   : 42297a4, I9e9b240040
06-27 12:35:08.241 14895 14978 I AdrenoGLES-0: Build Date                       : 03/19/21
06-27 12:35:08.241 14895 14978 I AdrenoGLES-0: OpenGL ES Shader Compiler Version: EV031.32.02.07
06-27 12:35:08.241 14895 14978 I AdrenoGLES-0: Local Branch                     : 
06-27 12:35:08.241 14895 14978 I AdrenoGLES-0: Remote Branch                    : refs/tags/AU_LINUX_ANDROID_LA.UM.9.1.R1.11.00.00.604.070
06-27 12:35:08.241 14895 14978 I AdrenoGLES-0: Remote Branch                    : NONE
06-27 12:35:08.241 14895 14978 I AdrenoGLES-0: Reconstruct Branch               : NOTHING
06-27 12:35:08.241 14895 14978 I AdrenoGLES-0: Build Config                     : S P 10.0.6 AArch64
06-27 12:35:08.241 14895 14978 I AdrenoGLES-0: Driver Path                      : /vendor/lib64/egl/libGLESv2_adreno.so
06-27 12:35:08.246 14895 14978 I AdrenoGLES-0: PFP: 0x016ee190, ME: 0x00000000
06-27 12:35:08.247   885 10843 I vendor.qti.hardware.servicetracker@1.2-service: unbindService is called for service : com.google.android.gms/.pay.gcmtask.PayGcmTaskService and for client com.google.android.gms.persistent
06-27 12:35:08.247   885 10843 I vendor.qti.hardware.servicetracker@1.2-service: size of service connections for service: com.google.android.gms/.pay.gcmtask.PayGcmTaskServiceafter removal is 0
06-27 12:35:08.247   885 10843 I vendor.qti.hardware.servicetracker@1.2-service: size of client connections for client: com.google.android.gms.persistentafter removal is 9
06-27 12:35:08.247   885 10843 I vendor.qti.hardware.servicetracker@1.2-service: destroyService is called for service : com.google.android.gms/.pay.gcmtask.PayGcmTaskService
06-27 12:35:08.248  3125 26338 I NetworkScheduler.Stats: (REDACTED) Task %s/%s finished executing. cause:%s result: %s elapsed_millis: %s uptime_millis: %s exec_start_elapsed_seconds: %s
06-27 12:35:08.270  3799  8196 W BpBinder: PerfMonitor binderTransact :  time=794ms interface=com.google.android.gms.droidguard.internal.IDroidGuardHandle code=5
06-27 12:35:08.273   885 10843 I vendor.qti.hardware.servicetracker@1.2-service: bindService is called for service : com.google.android.gms/.pay.gcmtask.PayGcmTaskService and for client com.google.android.gms.persistent
06-27 12:35:08.273   885 10843 I vendor.qti.hardware.servicetracker@1.2-service: total connections for service : com.google.android.gms/.pay.gcmtask.PayGcmTaskServiceare :1
06-27 12:35:08.273   885 10843 I vendor.qti.hardware.servicetracker@1.2-service: total connections for client : com.google.android.gms.persistentare :10
06-27 12:35:08.273  1919  8366 D CompatibilityInfo: mCompatibilityFlags - 0
06-27 12:35:08.273  1919  8366 D CompatibilityInfo: applicationDensity - 440
06-27 12:35:08.273  1919  8366 D CompatibilityInfo: applicationScale - 1.0
06-27 12:35:08.274   885 10843 I vendor.qti.hardware.servicetracker@1.2-service: startService() is called for servicecom.google.android.gms/.pay.gcmtask.PayGcmTaskService
06-27 12:35:08.277   841   886 I sensors-hal: activate:147, android.sensor.rotation_vector/14 en=0
06-27 12:35:08.279   841   886 I sensors-hal: activate:158, android.sensor.rotation_vector/14 en=0 completed
06-27 12:35:08.280   841   886 I sensors-hal: batch:180, android.sensor.linear_acceleration/42, period=200000000, max_latency=0
06-27 12:35:08.283   841   886 I sensors-hal: batch:189, android.sensor.linear_acceleration/42, period=200000000, max_latency=0 request completed
06-27 12:35:08.285  3125 26338 E NetworkScheduler.TED: Unable to bind to task service: ComponentInfo{com.google.android.gms/com.google.android.gms.clearcut.uploader.QosUploaderService}
06-27 12:35:08.285  3125 26338 W NetworkScheduler.TED: Couldn't unbind from the task service in remote user
06-27 12:35:08.303  3125 26448 I NetworkScheduler.Stats: (REDACTED) Task %s/%s finished executing. cause:%s result: %s elapsed_millis: %s uptime_millis: %s exec_start_elapsed_seconds: %s
06-27 12:35:08.304  3125 26448 I NetworkScheduler.Stats: (REDACTED) Task %s/%s started execution. cause:%s exec_start_elapsed_seconds: %s
06-27 12:35:08.375   885 10843 I vendor.qti.hardware.servicetracker@1.2-service: bindService is called for service : com.google.android.gms/.chimera.PersistentApiService and for client com.google.android.gms
06-27 12:35:08.375   885 10843 I vendor.qti.hardware.servicetracker@1.2-service: total connections for service : com.google.android.gms/.chimera.PersistentApiServiceare :9
06-27 12:35:08.375   885 10843 I vendor.qti.hardware.servicetracker@1.2-service: total connections for client : com.google.android.gmsare :9
06-27 12:35:08.377  3125 17403 I FacsCacheGmsModule: (REDACTED) Receiving API connection to FACS API from package '%s'...
06-27 12:35:08.378  3125 17403 I FacsCacheGmsModule: API connection successful!
06-27 12:35:08.381   885 10843 I vendor.qti.hardware.servicetracker@1.2-service: bindService is called for service : com.google.android.gms/.chimera.GmsInternalApiService and for client com.google.android.gms.persistent
06-27 12:35:08.381   885 10843 I vendor.qti.hardware.servicetracker@1.2-service: total connections for service : com.google.android.gms/.chimera.GmsInternalApiServiceare :1
06-27 12:35:08.381   885 10843 I vendor.qti.hardware.servicetracker@1.2-service: total connections for client : com.google.android.gms.persistentare :11
06-27 12:35:08.382  1919  7140 D CompatibilityInfo: mCompatibilityFlags - 0
06-27 12:35:08.382  1919  7140 D CompatibilityInfo: applicationDensity - 440
06-27 12:35:08.382  1919  7140 D CompatibilityInfo: applicationScale - 1.0
06-27 12:35:08.382   885 10843 I vendor.qti.hardware.servicetracker@1.2-service: startService() is called for servicecom.google.android.gms/.chimera.GmsInternalApiService
06-27 12:35:08.384  3799  3799 D BoundBrokerSvc: onBind: Intent { act=com.google.android.gms.facs.internal.service.START dat=chimera-action: cmp=com.google.android.gms/.chimera.GmsInternalApiService }
06-27 12:35:08.384  3799  3799 D BoundBrokerSvc: Loading bound service for intent: Intent { act=com.google.android.gms.facs.internal.service.START dat=chimera-action: cmp=com.google.android.gms/.chimera.GmsInternalApiService }
06-27 12:35:08.387  3799 25383 I FacsCacheGmsModule: Receiving API connection to internal FACS API...
06-27 12:35:08.388  3799 25383 I FacsCacheGmsModule: API connection successful!
06-27 12:35:08.388   885 10843 I vendor.qti.hardware.servicetracker@1.2-service: bindService is called for service : com.google.android.gms/.chimera.GmsBoundBrokerService and for client com.google.android.gms
06-27 12:35:08.388   885 10843 I vendor.qti.hardware.servicetracker@1.2-service: total connections for service : com.google.android.gms/.chimera.GmsBoundBrokerServiceare :1
06-27 12:35:08.388   885 10843 I vendor.qti.hardware.servicetracker@1.2-service: total connections for client : com.google.android.gmsare :10
06-27 12:35:08.389  1919  7185 D CompatibilityInfo: mCompatibilityFlags - 0
06-27 12:35:08.389  1919  7185 D CompatibilityInfo: applicationDensity - 440
06-27 12:35:08.389  1919  7185 D CompatibilityInfo: applicationScale - 1.0
06-27 12:35:08.389   885 10843 I vendor.qti.hardware.servicetracker@1.2-service: startService() is called for servicecom.google.android.gms/.chimera.GmsBoundBrokerService
06-27 12:35:08.392  3799  3799 D BoundBrokerSvc: onBind: Intent { act=com.google.android.gms.audit.service.START dat=chimera-action: cmp=com.google.android.gms/.chimera.GmsBoundBrokerService }
06-27 12:35:08.392  3799  3799 D BoundBrokerSvc: Loading bound service for intent: Intent { act=com.google.android.gms.audit.service.START dat=chimera-action: cmp=com.google.android.gms/.chimera.GmsBoundBrokerService }
06-27 12:35:08.397  3799 25247 I Pay     : Suppressing StorageKeyException as Keystore encryption is enabled. [CONTEXT service_id=198 ]
06-27 12:35:08.397  3799 25247 I Pay     : m54.ajbi: No storage key available
06-27 12:35:08.397  3799 25247 I Pay     : 	at m54.ajbj.b(:com.google.android.gms.optional_pay@252331025@25.23.31 (100400-0):140)
06-27 12:35:08.397  3799 25247 I Pay     : 	at m54.ajas.a(:com.google.android.gms.optional_pay@252331025@25.23.31 (100400-0):4)
06-27 12:35:08.397  3799 25247 I Pay     : 	at m54.yuw.b(:com.google.android.gms.optional_pay@252331025@25.23.31 (100400-0):3)
06-27 12:35:08.397  3799 25247 I Pay     : 	at m54.yvi.a(:com.google.android.gms.optional_pay@252331025@25.23.31 (100400-0):13)
06-27 12:35:08.397  3799 25247 I Pay     : 	at m54.yvl.a(:com.google.android.gms.optional_pay@252331025@25.23.31 (100400-0):722)
06-27 12:35:08.397  3799 25247 I Pay     : 	at com.google.android.gms.pay.gcmtask.PayGcmTaskChimeraService.a(:com.google.android.gms.optional_pay@252331025@25.23.31 (100400-0):65)
06-27 12:35:08.397  3799 25247 I Pay     : 	at m54.tsg.call(:com.google.android.gms.optional_pay@252331025@25.23.31 (100400-0):30)
06-27 12:35:08.397  3799 25247 I Pay     : 	at java.util.concurrent.FutureTask.run(FutureTask.java:266)
06-27 12:35:08.397  3799 25247 I Pay     : 	at m54.mgq.c(:com.google.android.gms.optional_pay@252331025@25.23.31 (100400-0):50)
06-27 12:35:08.397  3799 25247 I Pay     : 	at m54.mgq.run(:com.google.android.gms.optional_pay@252331025@25.23.31 (100400-0):70)
06-27 12:35:08.397  3799 25247 I Pay     : 	at java.util.concurrent.ThreadPoolExecutor.runWorker(ThreadPoolExecutor.java:1167)
06-27 12:35:08.397  3799 25247 I Pay     : 	at java.util.concurrent.ThreadPoolExecutor$Worker.run(ThreadPoolExecutor.java:641)
06-27 12:35:08.397  3799 25247 I Pay     : 	at awpl.run(:com.google.android.gms@252331022@25.23.31 (150400-769856126):8)
06-27 12:35:08.397  3799 25247 I Pay     : 	at java.lang.Thread.run(Thread.java:923)
06-27 12:35:08.404   885 10843 I vendor.qti.hardware.servicetracker@1.2-service: bindService is called for service : com.google.android.gms/.chimera.PersistentDirectBootAwareApiService and for client com.google.android.gms
06-27 12:35:08.404   885 10843 I vendor.qti.hardware.servicetracker@1.2-service: total connections for service : com.google.android.gms/.chimera.PersistentDirectBootAwareApiServiceare :15
06-27 12:35:08.404   885 10843 I vendor.qti.hardware.servicetracker@1.2-service: total connections for client : com.google.android.gmsare :10
06-27 12:35:08.405   885 10843 I vendor.qti.hardware.servicetracker@1.2-service: unbindService is called for service : com.google.android.gms/.pay.gcmtask.PayGcmTaskService and for client com.google.android.gms.persistent
06-27 12:35:08.405   885 10843 I vendor.qti.hardware.servicetracker@1.2-service: size of service connections for service: com.google.android.gms/.pay.gcmtask.PayGcmTaskServiceafter removal is 0
06-27 12:35:08.405   885 10843 I vendor.qti.hardware.servicetracker@1.2-service: size of client connections for client: com.google.android.gms.persistentafter removal is 10
06-27 12:35:08.405   885 10843 I vendor.qti.hardware.servicetracker@1.2-service: destroyService is called for service : com.google.android.gms/.pay.gcmtask.PayGcmTaskService
06-27 12:35:08.407  1919  2385 I MiuiNetworkPolicy: updateUidState uid = 99005, uidState = 5
06-27 12:35:08.407  3125 26338 I NetworkScheduler.Stats: (REDACTED) Task %s/%s finished executing. cause:%s result: %s elapsed_millis: %s uptime_millis: %s exec_start_elapsed_seconds: %s
06-27 12:35:08.408 14895 14978 E libc    : Access denied finding property "persist.adb.tls_server.enable"
06-27 12:35:08.393 14895 14895 W lowpool[1]: type=1400 audit(0.0:3957): avc: denied { read } for name="u:object_r:system_adbd_prop:s0" dev="tmpfs" ino=17598 scontext=u:r:gmscore_app:s0:c512,c768 tcontext=u:object_r:system_adbd_prop:s0 tclass=file permissive=0 app=com.google.android.gms
06-27 12:35:08.445   885 10843 I vendor.qti.hardware.servicetracker@1.2-service: bindService is called for service : com.google.android.gms/.pay.gcmtask.PayGcmTaskService and for client com.google.android.gms.persistent
06-27 12:35:08.445   885 10843 I vendor.qti.hardware.servicetracker@1.2-service: total connections for service : com.google.android.gms/.pay.gcmtask.PayGcmTaskServiceare :1
06-27 12:35:08.445  1919  7185 D CompatibilityInfo: mCompatibilityFlags - 0
06-27 12:35:08.445  1919  7185 D CompatibilityInfo: applicationDensity - 440
06-27 12:35:08.445   885 10843 I vendor.qti.hardware.servicetracker@1.2-service: total connections for client : com.google.android.gms.persistentare :11
06-27 12:35:08.445  1919  7185 D CompatibilityInfo: applicationScale - 1.0
06-27 12:35:08.445   885 10843 I vendor.qti.hardware.servicetracker@1.2-service: startService() is called for servicecom.google.android.gms/.pay.gcmtask.PayGcmTaskService
06-27 12:35:08.459  3125 26464 I NetworkScheduler.Stats: (REDACTED) Task %s/%s started execution. cause:%s exec_start_elapsed_seconds: %s
06-27 12:35:08.474  3799  3957 I Pay     : [SeTosMigration] walletJpEligibility is not enabled [CONTEXT service_id=198 ]
06-27 12:35:08.487  3799  3957 I Pay     : (REDACTED) Wallet install state %s
06-27 12:35:08.487   885 10843 I vendor.qti.hardware.servicetracker@1.2-service: bindService is called for service : com.google.android.gms/.chimera.PersistentDirectBootAwareApiService and for client com.google.android.gms
06-27 12:35:08.487   885 10843 I vendor.qti.hardware.servicetracker@1.2-service: total connections for service : com.google.android.gms/.chimera.PersistentDirectBootAwareApiServiceare :15
06-27 12:35:08.487   885 10843 I vendor.qti.hardware.servicetracker@1.2-service: total connections for client : com.google.android.gmsare :10
06-27 12:35:08.488  3799  3957 I Pay     : Migration flag not enabled. [CONTEXT service_id=198 ]
06-27 12:35:08.490  3125 26448 I NetworkScheduler.Stats: (REDACTED) Task %s/%s finished executing. cause:%s result: %s elapsed_millis: %s uptime_millis: %s exec_start_elapsed_seconds: %s
06-27 12:35:08.491   885 10843 I vendor.qti.hardware.servicetracker@1.2-service: unbindService is called for service : com.google.android.gms/.pay.gcmtask.PayGcmTaskService and for client com.google.android.gms.persistent
06-27 12:35:08.491   885 10843 I vendor.qti.hardware.servicetracker@1.2-service: size of service connections for service: com.google.android.gms/.pay.gcmtask.PayGcmTaskServiceafter removal is 0
06-27 12:35:08.491   885 10843 I vendor.qti.hardware.servicetracker@1.2-service: size of client connections for client: com.google.android.gms.persistentafter removal is 10
06-27 12:35:08.491   885 10843 I vendor.qti.hardware.servicetracker@1.2-service: destroyService is called for service : com.google.android.gms/.pay.gcmtask.PayGcmTaskService
06-27 12:35:08.529   885 10843 I vendor.qti.hardware.servicetracker@1.2-service: bindService is called for service : com.google.android.gms/.pay.gcmtask.PayGcmTaskService and for client com.google.android.gms.persistent
06-27 12:35:08.529   885 10843 I vendor.qti.hardware.servicetracker@1.2-service: total connections for service : com.google.android.gms/.pay.gcmtask.PayGcmTaskServiceare :1
06-27 12:35:08.530   885 10843 I vendor.qti.hardware.servicetracker@1.2-service: total connections for client : com.google.android.gms.persistentare :11
06-27 12:35:08.530  1919  7185 D CompatibilityInfo: mCompatibilityFlags - 0
06-27 12:35:08.530  1919  7185 D CompatibilityInfo: applicationDensity - 440
06-27 12:35:08.530  1919  7185 D CompatibilityInfo: applicationScale - 1.0
06-27 12:35:08.531   885 10843 I vendor.qti.hardware.servicetracker@1.2-service: startService() is called for servicecom.google.android.gms/.pay.gcmtask.PayGcmTaskService
06-27 12:35:08.533  2914  2962 V MmsSmsUtils: checkPrivateMsgWhiteList time is 0
06-27 12:35:08.534  2914  2962 V MmsSmsUtils: allowReadNotificationSms time is 1
06-27 12:35:08.541  3125 26448 I NetworkScheduler.Stats: (REDACTED) Task %s/%s started execution. cause:%s exec_start_elapsed_seconds: %s
06-27 12:35:08.556  3799 25956 I Pay     : Device does not support HCE. [CONTEXT service_id=198 ]
06-27 12:35:08.578  2914  2955 V MmsSmsUtils: checkPrivateMsgWhiteList time is 0
06-27 12:35:08.579  2914  2955 V MmsSmsUtils: allowReadNotificationSms time is 1
06-27 12:35:08.584   885 10843 I vendor.qti.hardware.servicetracker@1.2-service: unbindService is called for service : com.google.android.gms/.pay.gcmtask.PayGcmTaskService and for client com.google.android.gms.persistent
06-27 12:35:08.584   885 10843 I vendor.qti.hardware.servicetracker@1.2-service: size of service connections for service: com.google.android.gms/.pay.gcmtask.PayGcmTaskServiceafter removal is 0
06-27 12:35:08.584   885 10843 I vendor.qti.hardware.servicetracker@1.2-service: size of client connections for client: com.google.android.gms.persistentafter removal is 10
06-27 12:35:08.585  3125 26464 I NetworkScheduler.Stats: (REDACTED) Task %s/%s finished executing. cause:%s result: %s elapsed_millis: %s uptime_millis: %s exec_start_elapsed_seconds: %s
06-27 12:35:08.585   885 10843 I vendor.qti.hardware.servicetracker@1.2-service: destroyService is called for service : com.google.android.gms/.pay.gcmtask.PayGcmTaskService
06-27 12:35:08.606   698   698 D Zygote  : Forked child process 26466
06-27 12:35:08.608 26466 26466 W Zygote  : Unable to open libbeluga.so: dlopen failed: library "libbeluga.so" not found.
06-27 12:35:08.608  1919  2122 I ActivityManager: Start proc 26466:android.process.acore/u0a83 for content provider {com.android.providers.contacts/com.android.providers.contacts.CallLogProvider} caller=com.google.android.gms
06-27 12:35:08.620 26466 26466 E d.process.acor: Not starting debugger since process cannot load the jdwp agent.
06-27 12:35:08.623  1919  8366 D CompatibilityInfo: mCompatibilityFlags - 0
06-27 12:35:08.623  1919  8366 D CompatibilityInfo: applicationDensity - 440
06-27 12:35:08.623  1919  8366 D CompatibilityInfo: applicationScale - 1.0
06-27 12:35:08.623   885 10843 I vendor.qti.hardware.servicetracker@1.2-service: bindService is called for service : com.google.android.gms/.pay.gcmtask.PayGcmTaskService and for client com.google.android.gms.persistent
06-27 12:35:08.623   885 10843 I vendor.qti.hardware.servicetracker@1.2-service: total connections for service : com.google.android.gms/.pay.gcmtask.PayGcmTaskServiceare :1
06-27 12:35:08.623   885 10843 I vendor.qti.hardware.servicetracker@1.2-service: total connections for client : com.google.android.gms.persistentare :11
06-27 12:35:08.624   885 10843 I vendor.qti.hardware.servicetracker@1.2-service: startService() is called for servicecom.google.android.gms/.pay.gcmtask.PayGcmTaskService
06-27 12:35:08.631  3125 26338 I NetworkScheduler.Stats: (REDACTED) Task %s/%s started execution. cause:%s exec_start_elapsed_seconds: %s
06-27 12:35:08.637   885 10843 I vendor.qti.hardware.servicetracker@1.2-service: unbindService is called for service : com.google.android.gms/.pay.gcmtask.PayGcmTaskService and for client com.google.android.gms.persistent
06-27 12:35:08.637   885 10843 I vendor.qti.hardware.servicetracker@1.2-service: size of service connections for service: com.google.android.gms/.pay.gcmtask.PayGcmTaskServiceafter removal is 0
06-27 12:35:08.637   885 10843 I vendor.qti.hardware.servicetracker@1.2-service: size of client connections for client: com.google.android.gms.persistentafter removal is 10
06-27 12:35:08.638   885 10843 I vendor.qti.hardware.servicetracker@1.2-service: destroyService is called for service : com.google.android.gms/.pay.gcmtask.PayGcmTaskService
06-27 12:35:08.638  3125 26464 I NetworkScheduler.Stats: (REDACTED) Task %s/%s finished executing. cause:%s result: %s elapsed_millis: %s uptime_millis: %s exec_start_elapsed_seconds: %s
06-27 12:35:08.639  1919  2385 I MiuiNetworkPolicy: updateUidState uid = 10083, uidState = 19
06-27 12:35:08.643  1919  3239 D CompatibilityInfo: mCompatibilityFlags - 0
06-27 12:35:08.643  1919  3239 D CompatibilityInfo: applicationDensity - 440
06-27 12:35:08.643  1919  3239 D CompatibilityInfo: applicationScale - 1.0
06-27 12:35:08.648  1919  2385 I MiuiNetworkPolicy: updateUidState uid = 10083, uidState = 5
06-27 12:35:08.670  1919  7140 D CompatibilityInfo: mCompatibilityFlags - 0
06-27 12:35:08.670  1919  7140 D CompatibilityInfo: applicationDensity - 440
06-27 12:35:08.670  1919  7140 D CompatibilityInfo: applicationScale - 1.0
06-27 12:35:08.670   885 10843 I vendor.qti.hardware.servicetracker@1.2-service: bindService is called for service : com.google.android.gms/.clearcut.uploader.QosUploaderService and for client com.google.android.gms.persistent
06-27 12:35:08.670   885 10843 I vendor.qti.hardware.servicetracker@1.2-service: total connections for service : com.google.android.gms/.clearcut.uploader.QosUploaderServiceare :1
06-27 12:35:08.670   885 10843 I vendor.qti.hardware.servicetracker@1.2-service: total connections for client : com.google.android.gms.persistentare :11
06-27 12:35:08.670   885 10843 I vendor.qti.hardware.servicetracker@1.2-service: startService() is called for servicecom.google.android.gms/.clearcut.uploader.QosUploaderService
06-27 12:35:08.673  3125 26338 I NetworkScheduler.Stats: (REDACTED) Task %s/%s started execution. cause:%s exec_start_elapsed_seconds: %s
06-27 12:35:08.676   885 10843 I vendor.qti.hardware.servicetracker@1.2-service: bindService is called for service : com.google.android.gms/.chimera.PersistentDirectBootAwareApiService and for client com.google.android.gms.persistent
06-27 12:35:08.676   885 10843 I vendor.qti.hardware.servicetracker@1.2-service: total connections for service : com.google.android.gms/.chimera.PersistentDirectBootAwareApiServiceare :15
06-27 12:35:08.676   885 10843 I vendor.qti.hardware.servicetracker@1.2-service: total connections for client : com.google.android.gms.persistentare :11
06-27 12:35:08.692 26466 26466 I Perf    : Connecting to perf service.
06-27 12:35:08.700  9395  9616 D TrafficManageService: onReceive: intent.action = com.android.server.action.NETWORK_STATS_UPDATED
