06-27 10:47:55.698   780   828 I libPowerHal: [setGPUFreq] Soft min/max = (0, 0); Hard min/max = (42, 0)
06-27 10:47:55.698   780   828 I libPowerHal: [setGPUFreq] final min/max = (0, 0)
06-27 10:47:55.698   780   828 I libPowerHal: INTERACTION: set gpu opp level: 0
06-27 10:47:55.698   780   828 I libPowerHal: INTERACTION: set gpu opp level max: 0
06-27 10:47:55.698   744   744 E PQ_HDR  : DpAsyncBlitStream:: thie platform unsupport compress format
06-27 10:47:55.698   744   744 E PQ_HDR  : DpAsyncBlitStream:: thie platform unsupport compress format
06-27 10:47:55.698   744   744 E PQ_HDR  : DpAsyncBlitStream:: thie platform unsupport compress format
06-27 10:47:55.698   744   744 E PQ_HDR  : DpAsyncBlitStream:: thie platform unsupport compress format
06-27 10:47:55.702   780   828 I libPowerHal: [perfLockAcq] idx:3 hdl:6811 hint:53 pid:780 tid:780 duration:80 lock_user:mtkpower@1.0-se => ret_hdl:6811
06-27 10:47:55.702   780   828 I libPowerHal: [setClusterFreq] INTERACTION set cpufreq[0] min:2000000 max:-1 cpufreq[1] min:2400000 max:-1 
06-27 10:47:55.702   780   828 I libPowerHal: [setGPUFreq] INTERACTION user set gpu freq min:0, max:-1
06-27 10:47:55.702   780   828 I libPowerHal: INTERACTION: set gpu opp level max: 0
06-27 10:47:55.702   780   828 I libPowerHal: [setGPUFreq] Soft min/max = (0, 0); Hard min/max = (42, 0)
06-27 10:47:55.703   780   828 I libPowerHal: [setGPUFreq] final min/max = (0, 0)
06-27 10:47:55.703   780   828 I libPowerHal: INTERACTION: set gpu opp level: 0
06-27 10:47:55.703   780   828 I libPowerHal: INTERACTION: set gpu opp level max: 0
06-27 10:47:55.704   780   828 I mtkpower@impl: [powerd_req] TIMER_MSG_PERF_LOCK_TIMEOUT hdl:6797
06-27 10:47:55.704   780   828 I libPowerHal: [perfLockRel] hdl:6797, idx:5
06-27 10:47:55.704   780   828 I libPowerHal: [unsetGPUFreq] current min:0, max:0; scn_gpu_min:0, scn_gpu_max:-1; scn_gpu_min(HL):-1, scn_gpu_max(HL):-1
06-27 10:47:55.705   780   828 I libPowerHal: [setGPUFreq] Soft min/max = (0, 0); Hard min/max = (42, 0)
06-27 10:47:55.705   780   828 I libPowerHal: [setGPUFreq] final min/max = (0, 0)
06-27 10:47:55.705   780   828 I libPowerHal: INTERACTION: set gpu opp level: 0
06-27 10:47:55.706   780   828 I libPowerHal: INTERACTION: set gpu opp level max: 0
06-27 10:47:55.706   780   828 I libPowerHal: [perfLockRel] hdl:6763, idx:7
06-27 10:47:55.706   780   828 I libPowerHal: [PD] MTKPOWER_HINT_APP_TOUCH update cmd:3408b00 param:0
06-27 10:47:55.707   780   828 I libPowerHal: [perfLockAcq] idx:4 hdl:6812 hint:53 pid:780 tid:780 duration:1992 lock_user:mtkpower@1.0-se => ret_hdl:6812
06-27 10:47:55.707   780   828 I libPowerHal: [setClusterFreq] INTERACTION set cpufreq[0] min:2000000 max:-1 cpufreq[1] min:2400000 max:-1 
06-27 10:47:55.707   780   828 I libPowerHal: [setGPUFreq] INTERACTION user set gpu freq min:0, max:-1
06-27 10:47:55.707   780   828 I libPowerHal: INTERACTION: set gpu opp level max: 0
06-27 10:47:55.707   780   828 I libPowerHal: [setGPUFreq] Soft min/max = (0, 0); Hard min/max = (42, 0)
06-27 10:47:55.707   780   828 I libPowerHal: [setGPUFreq] final min/max = (0, 0)
06-27 10:47:55.707   780   828 I libPowerHal: INTERACTION: set gpu opp level: 0
06-27 10:47:55.708   780   828 I libPowerHal: INTERACTION: set gpu opp level max: 0
06-27 10:47:55.708   780   828 I mtkpower@impl: [powerd_req] TIMER_MSG_PERF_LOCK_TIMEOUT hdl:6798
06-27 10:47:55.708   780   828 I libPowerHal: [perfLockRel] hdl:6798, idx:8
06-27 10:47:55.708   780   828 I libPowerHal: [unsetGPUFreq] current min:0, max:0; scn_gpu_min:0, scn_gpu_max:-1; scn_gpu_min(HL):-1, scn_gpu_max(HL):-1
06-27 10:47:55.708   780   828 I libPowerHal: [setGPUFreq] Soft min/max = (0, 0); Hard min/max = (42, 0)
06-27 10:47:55.708   780   828 I libPowerHal: [setGPUFreq] final min/max = (0, 0)
06-27 10:47:55.709   780   828 I libPowerHal: INTERACTION: set gpu opp level: 0
06-27 10:47:55.709   780   828 I libPowerHal: INTERACTION: set gpu opp level max: 0
06-27 10:47:55.710   744   744 E PQ_HDR  : DpAsyncBlitStream:: thie platform unsupport compress format
06-27 10:47:55.710   744   744 E PQ_HDR  : DpAsyncBlitStream:: thie platform unsupport compress format
06-27 10:47:55.710   744   744 E PQ_HDR  : DpAsyncBlitStream:: thie platform unsupport compress format
06-27 10:47:55.710   744   744 E PQ_HDR  : DpAsyncBlitStream:: thie platform unsupport compress format
06-27 10:47:55.715   780   828 I mtkpower@impl: [powerd_req] TIMER_MSG_PERF_LOCK_TIMEOUT hdl:6799
06-27 10:47:55.715   780   828 I libPowerHal: [perfLockRel] hdl:6799, idx:9
06-27 10:47:55.715   780   828 I libPowerHal: [unsetGPUFreq] current min:0, max:0; scn_gpu_min:0, scn_gpu_max:-1; scn_gpu_min(HL):-1, scn_gpu_max(HL):-1
06-27 10:47:55.716   780   828 I libPowerHal: [setGPUFreq] Soft min/max = (0, 0); Hard min/max = (42, 0)
06-27 10:47:55.716   780   828 I libPowerHal: [setGPUFreq] final min/max = (0, 0)
06-27 10:47:55.716   780   828 I libPowerHal: INTERACTION: set gpu opp level: 0
06-27 10:47:55.716   780   828 I libPowerHal: INTERACTION: set gpu opp level max: 0
06-27 10:47:55.720   780   828 I mtkpower@impl: [powerd_req] TIMER_MSG_PERF_LOCK_TIMEOUT hdl:6800
06-27 10:47:55.720   780   828 I libPowerHal: [perfLockRel] hdl:6800, idx:10
06-27 10:47:55.720   780   828 I libPowerHal: [unsetGPUFreq] current min:0, max:0; scn_gpu_min:0, scn_gpu_max:-1; scn_gpu_min(HL):-1, scn_gpu_max(HL):-1
06-27 10:47:55.720   780   828 I libPowerHal: [setGPUFreq] Soft min/max = (0, 0); Hard min/max = (42, 0)
06-27 10:47:55.720   780   828 I libPowerHal: [setGPUFreq] final min/max = (0, 0)
06-27 10:47:55.720   780   828 I libPowerHal: INTERACTION: set gpu opp level: 0
06-27 10:47:55.720   780   828 I libPowerHal: INTERACTION: set gpu opp level max: 0
06-27 10:47:55.720   744   744 E PQ_HDR  : DpAsyncBlitStream:: thie platform unsupport compress format
06-27 10:47:55.720   744   744 E PQ_HDR  : DpAsyncBlitStream:: thie platform unsupport compress format
06-27 10:47:55.720   744   744 E PQ_HDR  : DpAsyncBlitStream:: thie platform unsupport compress format
06-27 10:47:55.721   744   744 E PQ_HDR  : DpAsyncBlitStream:: thie platform unsupport compress format
06-27 10:47:55.726   780   828 I mtkpower@impl: [powerd_req] TIMER_MSG_PERF_LOCK_TIMEOUT hdl:6801
06-27 10:47:55.726   780   828 I libPowerHal: [perfLockRel] hdl:6801, idx:11
06-27 10:47:55.726   780   828 I libPowerHal: [unsetGPUFreq] current min:0, max:0; scn_gpu_min:0, scn_gpu_max:-1; scn_gpu_min(HL):-1, scn_gpu_max(HL):-1
06-27 10:47:55.726   780   828 I libPowerHal: [setGPUFreq] Soft min/max = (0, 0); Hard min/max = (42, 0)
06-27 10:47:55.726   780   828 I libPowerHal: [setGPUFreq] final min/max = (0, 0)
06-27 10:47:55.726   780   828 I libPowerHal: INTERACTION: set gpu opp level: 0
06-27 10:47:55.726   780   828 I libPowerHal: INTERACTION: set gpu opp level max: 0
06-27 10:47:55.730   744   744 E PQ_HDR  : DpAsyncBlitStream:: thie platform unsupport compress format
06-27 10:47:55.730   744   744 E PQ_HDR  : DpAsyncBlitStream:: thie platform unsupport compress format
06-27 10:47:55.730   744   744 E PQ_HDR  : DpAsyncBlitStream:: thie platform unsupport compress format
06-27 10:47:55.730   744   744 E PQ_HDR  : DpAsyncBlitStream:: thie platform unsupport compress format
06-27 10:47:55.731   780   828 I mtkpower@impl: [powerd_req] TIMER_MSG_PERF_LOCK_TIMEOUT hdl:6802
06-27 10:47:55.731   780   828 I libPowerHal: [perfLockRel] hdl:6802, idx:1
06-27 10:47:55.731   780   828 I libPowerHal: [unsetGPUFreq] current min:0, max:0; scn_gpu_min:0, scn_gpu_max:-1; scn_gpu_min(HL):-1, scn_gpu_max(HL):-1
06-27 10:47:55.731   780   828 I libPowerHal: [setGPUFreq] Soft min/max = (0, 0); Hard min/max = (42, 0)
06-27 10:47:55.731   780   828 I libPowerHal: [setGPUFreq] final min/max = (0, 0)
06-27 10:47:55.731   780   828 I libPowerHal: INTERACTION: set gpu opp level: 0
06-27 10:47:55.731   780   828 I libPowerHal: INTERACTION: set gpu opp level max: 0
06-27 10:47:55.738   780   828 I mtkpower@impl: [powerd_req] TIMER_MSG_PERF_LOCK_TIMEOUT hdl:6803
06-27 10:47:55.738   780   828 I libPowerHal: [perfLockRel] hdl:6803, idx:12
06-27 10:47:55.738   780   828 I libPowerHal: [unsetGPUFreq] current min:0, max:0; scn_gpu_min:0, scn_gpu_max:-1; scn_gpu_min(HL):-1, scn_gpu_max(HL):-1
06-27 10:47:55.738   780   828 I libPowerHal: [setGPUFreq] Soft min/max = (0, 0); Hard min/max = (42, 0)
06-27 10:47:55.738   780   828 I libPowerHal: [setGPUFreq] final min/max = (0, 0)
06-27 10:47:55.738   780   828 I libPowerHal: INTERACTION: set gpu opp level: 0
06-27 10:47:55.738   780   828 I libPowerHal: INTERACTION: set gpu opp level max: 0
06-27 10:47:55.741   744   744 E PQ_HDR  : DpAsyncBlitStream:: thie platform unsupport compress format
06-27 10:47:55.741   744   744 E PQ_HDR  : DpAsyncBlitStream:: thie platform unsupport compress format
06-27 10:47:55.741   744   744 E PQ_HDR  : DpAsyncBlitStream:: thie platform unsupport compress format
06-27 10:47:55.741   744   744 E PQ_HDR  : DpAsyncBlitStream:: thie platform unsupport compress format
06-27 10:47:55.742   780   828 I mtkpower@impl: [powerd_req] TIMER_MSG_PERF_LOCK_TIMEOUT hdl:6804
06-27 10:47:55.742   780   828 I libPowerHal: [perfLockRel] hdl:6804, idx:13
06-27 10:47:55.742   780   828 I libPowerHal: [unsetGPUFreq] current min:0, max:0; scn_gpu_min:0, scn_gpu_max:-1; scn_gpu_min(HL):-1, scn_gpu_max(HL):-1
06-27 10:47:55.742   780   828 I libPowerHal: [setGPUFreq] Soft min/max = (0, 0); Hard min/max = (42, 0)
06-27 10:47:55.742   780   828 I libPowerHal: [setGPUFreq] final min/max = (0, 0)
06-27 10:47:55.742   780   828 I libPowerHal: INTERACTION: set gpu opp level: 0
06-27 10:47:55.742   780   828 I libPowerHal: INTERACTION: set gpu opp level max: 0
06-27 10:47:55.747  1621  1621 W FrameTracker: Missing HWUI jank callback for vsyncId: 849049, CUJ=J<NOTIFICATION_SHADE_SCROLL_FLING>
06-27 10:47:55.748  1621  1621 W FrameTracker: Missing HWUI jank callback for vsyncId: 849078, CUJ=J<NOTIFICATION_SHADE_SCROLL_FLING>
06-27 10:47:55.748  1621  1621 W FrameTracker: Missing HWUI jank callback for vsyncId: 849165, CUJ=J<NOTIFICATION_SHADE_SCROLL_FLING>
06-27 10:47:55.748  1621  1621 W FrameTracker: Missing HWUI jank callback for vsyncId: 849194, CUJ=J<NOTIFICATION_SHADE_SCROLL_FLING>
06-27 10:47:55.748  1621  1621 W FrameTracker: Missing HWUI jank callback for vsyncId: 849252, CUJ=J<NOTIFICATION_SHADE_SCROLL_FLING>
06-27 10:47:55.749   780   828 I mtkpower@impl: [powerd_req] TIMER_MSG_PERF_LOCK_TIMEOUT hdl:6805
06-27 10:47:55.749   780   828 I libPowerHal: [perfLockRel] hdl:6805, idx:14
06-27 10:47:55.749   780   828 I libPowerHal: [unsetGPUFreq] current min:0, max:0; scn_gpu_min:0, scn_gpu_max:-1; scn_gpu_min(HL):-1, scn_gpu_max(HL):-1
06-27 10:47:55.749   780   828 I libPowerHal: [setGPUFreq] Soft min/max = (0, 0); Hard min/max = (42, 0)
06-27 10:47:55.749   780   828 I libPowerHal: [setGPUFreq] final min/max = (0, 0)
06-27 10:47:55.749   780   828 I libPowerHal: INTERACTION: set gpu opp level: 0
06-27 10:47:55.750   780   828 I libPowerHal: INTERACTION: set gpu opp level max: 0
06-27 10:47:55.752   744   744 E PQ_HDR  : DpAsyncBlitStream:: thie platform unsupport compress format
06-27 10:47:55.752   744   744 E PQ_HDR  : DpAsyncBlitStream:: thie platform unsupport compress format
06-27 10:47:55.752   744   744 E PQ_HDR  : DpAsyncBlitStream:: thie platform unsupport compress format
06-27 10:47:55.752   744   744 E PQ_HDR  : DpAsyncBlitStream:: thie platform unsupport compress format
06-27 10:47:55.754   780   828 I mtkpower@impl: [powerd_req] TIMER_MSG_PERF_LOCK_TIMEOUT hdl:6806
06-27 10:47:55.754   780   828 I libPowerHal: [perfLockRel] hdl:6806, idx:15
06-27 10:47:55.754   780   828 I libPowerHal: [unsetGPUFreq] current min:0, max:0; scn_gpu_min:0, scn_gpu_max:-1; scn_gpu_min(HL):-1, scn_gpu_max(HL):-1
06-27 10:47:55.754   780   828 I libPowerHal: [setGPUFreq] Soft min/max = (0, 0); Hard min/max = (42, 0)
06-27 10:47:55.754   780   828 I libPowerHal: [setGPUFreq] final min/max = (0, 0)
06-27 10:47:55.754   780   828 I libPowerHal: INTERACTION: set gpu opp level: 0
06-27 10:47:55.754   780   828 I libPowerHal: INTERACTION: set gpu opp level max: 0
06-27 10:47:55.760   780   828 I mtkpower@impl: [powerd_req] TIMER_MSG_PERF_LOCK_TIMEOUT hdl:6807
06-27 10:47:55.760   780   828 I libPowerHal: [perfLockRel] hdl:6807, idx:16
06-27 10:47:55.760   780   828 I libPowerHal: [unsetGPUFreq] current min:0, max:0; scn_gpu_min:0, scn_gpu_max:-1; scn_gpu_min(HL):-1, scn_gpu_max(HL):-1
06-27 10:47:55.760   780   828 I libPowerHal: [setGPUFreq] Soft min/max = (0, 0); Hard min/max = (42, 0)
06-27 10:47:55.760   780   828 I libPowerHal: [setGPUFreq] final min/max = (0, 0)
06-27 10:47:55.760   780   828 I libPowerHal: INTERACTION: set gpu opp level: 0
06-27 10:47:55.760   780   828 I libPowerHal: INTERACTION: set gpu opp level max: 0
06-27 10:47:55.763   744   744 E PQ_HDR  : DpAsyncBlitStream:: thie platform unsupport compress format
06-27 10:47:55.763   744   744 E PQ_HDR  : DpAsyncBlitStream:: thie platform unsupport compress format
06-27 10:47:55.763   744   744 E PQ_HDR  : DpAsyncBlitStream:: thie platform unsupport compress format
06-27 10:47:55.763   744   744 E PQ_HDR  : DpAsyncBlitStream:: thie platform unsupport compress format
06-27 10:47:55.765   780   828 I mtkpower@impl: [powerd_req] TIMER_MSG_PERF_LOCK_TIMEOUT hdl:6808
06-27 10:47:55.765   780   828 I libPowerHal: [perfLockRel] hdl:6808, idx:17
06-27 10:47:55.765   780   828 I libPowerHal: [unsetGPUFreq] current min:0, max:0; scn_gpu_min:0, scn_gpu_max:-1; scn_gpu_min(HL):-1, scn_gpu_max(HL):-1
06-27 10:47:55.765   780   828 I libPowerHal: [setGPUFreq] Soft min/max = (0, 0); Hard min/max = (42, 0)
06-27 10:47:55.765   780   828 I libPowerHal: [setGPUFreq] final min/max = (0, 0)
06-27 10:47:55.765   780   828 I libPowerHal: INTERACTION: set gpu opp level: 0
06-27 10:47:55.765   780   828 I libPowerHal: INTERACTION: set gpu opp level max: 0
06-27 10:47:55.769   780   828 I mtkpower@impl: [powerd_req] TIMER_MSG_PERF_LOCK_TIMEOUT hdl:6809
06-27 10:47:55.770   780   828 I libPowerHal: [perfLockRel] hdl:6809, idx:0
06-27 10:47:55.770   780   828 I libPowerHal: [unsetGPUFreq] current min:0, max:0; scn_gpu_min:0, scn_gpu_max:-1; scn_gpu_min(HL):-1, scn_gpu_max(HL):-1
06-27 10:47:55.770   780   828 I libPowerHal: [setGPUFreq] Soft min/max = (0, 0); Hard min/max = (42, 0)
06-27 10:47:55.770   780   828 I libPowerHal: [setGPUFreq] final min/max = (0, 0)
06-27 10:47:55.770   780   828 I libPowerHal: INTERACTION: set gpu opp level: 0
06-27 10:47:55.770   780   828 I libPowerHal: INTERACTION: set gpu opp level max: 0
06-27 10:47:55.771   747   787 E HfLooper: dst->data[5.000000,35.000000,9740.000000]
06-27 10:47:55.775   744   744 E PQ_HDR  : DpAsyncBlitStream:: thie platform unsupport compress format
06-27 10:47:55.775   744   744 E PQ_HDR  : DpAsyncBlitStream:: thie platform unsupport compress format
06-27 10:47:55.775   744   744 E PQ_HDR  : DpAsyncBlitStream:: thie platform unsupport compress format
06-27 10:47:55.775   744   744 E PQ_HDR  : DpAsyncBlitStream:: thie platform unsupport compress format
06-27 10:47:55.775   780   828 I mtkpower@impl: [powerd_req] TIMER_MSG_PERF_LOCK_TIMEOUT hdl:6810
06-27 10:47:55.775   780   828 I libPowerHal: [perfLockRel] hdl:6810, idx:2
06-27 10:47:55.775   780   828 I libPowerHal: [unsetGPUFreq] current min:0, max:0; scn_gpu_min:0, scn_gpu_max:-1; scn_gpu_min(HL):-1, scn_gpu_max(HL):-1
06-27 10:47:55.775   780   828 I libPowerHal: [setGPUFreq] Soft min/max = (0, 0); Hard min/max = (42, 0)
06-27 10:47:55.775   780   828 I libPowerHal: [setGPUFreq] final min/max = (0, 0)
06-27 10:47:55.775   780   828 I libPowerHal: INTERACTION: set gpu opp level: 0
06-27 10:47:55.776   780   828 I libPowerHal: INTERACTION: set gpu opp level max: 0
06-27 10:47:55.783   780   828 I mtkpower@impl: [powerd_req] TIMER_MSG_PERF_LOCK_TIMEOUT hdl:6811
06-27 10:47:55.783   780   828 I libPowerHal: [perfLockRel] hdl:6811, idx:3
06-27 10:47:55.783   780   828 I libPowerHal: [unsetGPUFreq] current min:0, max:0; scn_gpu_min:0, scn_gpu_max:-1; scn_gpu_min(HL):-1, scn_gpu_max(HL):-1
06-27 10:47:55.783   780   828 I libPowerHal: [setGPUFreq] Soft min/max = (0, 0); Hard min/max = (42, 0)
06-27 10:47:55.783   780   828 I libPowerHal: [setGPUFreq] final min/max = (0, 0)
06-27 10:47:55.783   780   828 I libPowerHal: INTERACTION: set gpu opp level: 0
06-27 10:47:55.783   780   828 I libPowerHal: INTERACTION: set gpu opp level max: 0
06-27 10:47:55.785   744   744 E PQ_HDR  : DpAsyncBlitStream:: thie platform unsupport compress format
06-27 10:47:55.785   744   744 E PQ_HDR  : DpAsyncBlitStream:: thie platform unsupport compress format
06-27 10:47:55.785   744   744 E PQ_HDR  : DpAsyncBlitStream:: thie platform unsupport compress format
06-27 10:47:55.785   744   744 E PQ_HDR  : DpAsyncBlitStream:: thie platform unsupport compress format
06-27 10:47:55.796   744   744 E PQ_HDR  : DpAsyncBlitStream:: thie platform unsupport compress format
06-27 10:47:55.796   744   744 E PQ_HDR  : DpAsyncBlitStream:: thie platform unsupport compress format
06-27 10:47:55.796   744   744 E PQ_HDR  : DpAsyncBlitStream:: thie platform unsupport compress format
06-27 10:47:55.796   744   744 E PQ_HDR  : DpAsyncBlitStream:: thie platform unsupport compress format
06-27 10:47:55.807   744   744 E PQ_HDR  : DpAsyncBlitStream:: thie platform unsupport compress format
06-27 10:47:55.807   744   744 E PQ_HDR  : DpAsyncBlitStream:: thie platform unsupport compress format
06-27 10:47:55.807   744   744 E PQ_HDR  : DpAsyncBlitStream:: thie platform unsupport compress format
06-27 10:47:55.807   744   744 E PQ_HDR  : DpAsyncBlitStream:: thie platform unsupport compress format
06-27 10:47:55.818   744   744 E PQ_HDR  : DpAsyncBlitStream:: thie platform unsupport compress format
06-27 10:47:55.818   744   744 E PQ_HDR  : DpAsyncBlitStream:: thie platform unsupport compress format
06-27 10:47:55.818   744   744 E PQ_HDR  : DpAsyncBlitStream:: thie platform unsupport compress format
06-27 10:47:55.818   744   744 E PQ_HDR  : DpAsyncBlitStream:: thie platform unsupport compress format
06-27 10:47:55.829   744   744 E PQ_HDR  : DpAsyncBlitStream:: thie platform unsupport compress format
06-27 10:47:55.829   744   744 E PQ_HDR  : DpAsyncBlitStream:: thie platform unsupport compress format
06-27 10:47:55.829   744   744 E PQ_HDR  : DpAsyncBlitStream:: thie platform unsupport compress format
06-27 10:47:55.829   744   744 E PQ_HDR  : DpAsyncBlitStream:: thie platform unsupport compress format
06-27 10:47:55.840   744   744 E PQ_HDR  : DpAsyncBlitStream:: thie platform unsupport compress format
06-27 10:47:55.840   744   744 E PQ_HDR  : DpAsyncBlitStream:: thie platform unsupport compress format
06-27 10:47:55.840   744   744 E PQ_HDR  : DpAsyncBlitStream:: thie platform unsupport compress format
06-27 10:47:55.840   744   744 E PQ_HDR  : DpAsyncBlitStream:: thie platform unsupport compress format
06-27 10:47:55.851   744   744 E PQ_HDR  : DpAsyncBlitStream:: thie platform unsupport compress format
06-27 10:47:55.851   744   744 E PQ_HDR  : DpAsyncBlitStream:: thie platform unsupport compress format
06-27 10:47:55.851   744   744 E PQ_HDR  : DpAsyncBlitStream:: thie platform unsupport compress format
06-27 10:47:55.851   744   744 E PQ_HDR  : DpAsyncBlitStream:: thie platform unsupport compress format
06-27 10:47:55.862   744   744 E PQ_HDR  : DpAsyncBlitStream:: thie platform unsupport compress format
06-27 10:47:55.862   744   744 E PQ_HDR  : DpAsyncBlitStream:: thie platform unsupport compress format
06-27 10:47:55.862   744   744 E PQ_HDR  : DpAsyncBlitStream:: thie platform unsupport compress format
06-27 10:47:55.862   744   744 E PQ_HDR  : DpAsyncBlitStream:: thie platform unsupport compress format
06-27 10:47:55.871   747   787 E HfLooper: dst->data[5.000000,40.000000,9721.000000]
06-27 10:47:55.873   744   744 E PQ_HDR  : DpAsyncBlitStream:: thie platform unsupport compress format
06-27 10:47:55.873   744   744 E PQ_HDR  : DpAsyncBlitStream:: thie platform unsupport compress format
06-27 10:47:55.873   744   744 E PQ_HDR  : DpAsyncBlitStream:: thie platform unsupport compress format
06-27 10:47:55.874   744   744 E PQ_HDR  : DpAsyncBlitStream:: thie platform unsupport compress format
06-27 10:47:55.884   744   744 E PQ_HDR  : DpAsyncBlitStream:: thie platform unsupport compress format
06-27 10:47:55.884   744   744 E PQ_HDR  : DpAsyncBlitStream:: thie platform unsupport compress format
06-27 10:47:55.884   744   744 E PQ_HDR  : DpAsyncBlitStream:: thie platform unsupport compress format
06-27 10:47:55.884   744   744 E PQ_HDR  : DpAsyncBlitStream:: thie platform unsupport compress format
06-27 10:47:55.895   744   744 E PQ_HDR  : DpAsyncBlitStream:: thie platform unsupport compress format
06-27 10:47:55.896   744   744 E PQ_HDR  : DpAsyncBlitStream:: thie platform unsupport compress format
06-27 10:47:55.896   744   744 E PQ_HDR  : DpAsyncBlitStream:: thie platform unsupport compress format
06-27 10:47:55.896   744   744 E PQ_HDR  : DpAsyncBlitStream:: thie platform unsupport compress format
06-27 10:47:55.901 12372 12372 W BpBinder: Linking to death on android.gui.ISurfaceComposer but there are no threads (yet?) listening to incoming transactions. See ProcessState::startThreadPool and ProcessState::setThreadPoolMaxThreadCount. Generally you should setup the binder threadpool before other initialization steps.
06-27 10:47:55.902 12372 12372 W ProcessState: Extra binder thread started, but 0 threads requested. Do not use *startThreadPool when zero threads are requested.
06-27 10:47:55.906   744   744 E PQ_HDR  : DpAsyncBlitStream:: thie platform unsupport compress format
06-27 10:47:55.906   744   744 E PQ_HDR  : DpAsyncBlitStream:: thie platform unsupport compress format
06-27 10:47:55.906   744   744 E PQ_HDR  : DpAsyncBlitStream:: thie platform unsupport compress format
06-27 10:47:55.906   744   744 E PQ_HDR  : DpAsyncBlitStream:: thie platform unsupport compress format
06-27 10:47:55.918   744   744 E PQ_HDR  : DpAsyncBlitStream:: thie platform unsupport compress format
06-27 10:47:55.918   744   744 E PQ_HDR  : DpAsyncBlitStream:: thie platform unsupport compress format
06-27 10:47:55.918   744   744 E PQ_HDR  : DpAsyncBlitStream:: thie platform unsupport compress format
06-27 10:47:55.918   744   744 E PQ_HDR  : DpAsyncBlitStream:: thie platform unsupport compress format
06-27 10:47:55.926 12372 12372 I DMABUFHEAPS: Using DMA-BUF heap named: mtk_mm
06-27 10:47:55.926 12372 12372 I DMABUFHEAPS: Using DMA-BUF heap named: mtk_mm-uncached
06-27 10:47:55.926 12372 12372 I DMABUFHEAPS: Using DMA-BUF heap named: mtk_svp_region-aligned
06-27 10:47:55.926 12372 12372 I DMABUFHEAPS: Using DMA-BUF heap named: mtk_prot_region-aligned
06-27 10:47:55.926 12372 12372 I DMABUFHEAPS: Using DMA-BUF heap named: mtk_2d_fr_region
06-27 10:47:55.926 12372 12372 I DMABUFHEAPS: Using DMA-BUF heap named: mtk_wfd_region-aligned
06-27 10:47:55.929   744   744 E PQ_HDR  : DpAsyncBlitStream:: thie platform unsupport compress format
06-27 10:47:55.929   744   744 E PQ_HDR  : DpAsyncBlitStream:: thie platform unsupport compress format
06-27 10:47:55.929   744   744 E PQ_HDR  : DpAsyncBlitStream:: thie platform unsupport compress format
06-27 10:47:55.929   744   744 E PQ_HDR  : DpAsyncBlitStream:: thie platform unsupport compress format
06-27 10:47:55.939   744   744 E PQ_HDR  : DpAsyncBlitStream:: thie platform unsupport compress format
06-27 10:47:55.939   744   744 E PQ_HDR  : DpAsyncBlitStream:: thie platform unsupport compress format
06-27 10:47:55.939   744   744 E PQ_HDR  : DpAsyncBlitStream:: thie platform unsupport compress format
06-27 10:47:55.939   744   744 E PQ_HDR  : DpAsyncBlitStream:: thie platform unsupport compress format
06-27 10:47:55.950   744   744 E PQ_HDR  : DpAsyncBlitStream:: thie platform unsupport compress format
06-27 10:47:55.950   744   744 E PQ_HDR  : DpAsyncBlitStream:: thie platform unsupport compress format
06-27 10:47:55.950   744   744 E PQ_HDR  : DpAsyncBlitStream:: thie platform unsupport compress format
06-27 10:47:55.950   744   744 E PQ_HDR  : DpAsyncBlitStream:: thie platform unsupport compress format
06-27 10:47:55.961   744   744 E PQ_HDR  : DpAsyncBlitStream:: thie platform unsupport compress format
06-27 10:47:55.961   744   744 E PQ_HDR  : DpAsyncBlitStream:: thie platform unsupport compress format
06-27 10:47:55.961   744   744 E PQ_HDR  : DpAsyncBlitStream:: thie platform unsupport compress format
06-27 10:47:55.961   744   744 E PQ_HDR  : DpAsyncBlitStream:: thie platform unsupport compress format
06-27 10:47:55.971   747   787 E HfLooper: dst->data[5.000000,50.000000,9743.000000]
06-27 10:47:55.972   744   744 E PQ_HDR  : DpAsyncBlitStream:: thie platform unsupport compress format
06-27 10:47:55.972   744   744 E PQ_HDR  : DpAsyncBlitStream:: thie platform unsupport compress format
06-27 10:47:55.972   744   744 E PQ_HDR  : DpAsyncBlitStream:: thie platform unsupport compress format
06-27 10:47:55.972   744   744 E PQ_HDR  : DpAsyncBlitStream:: thie platform unsupport compress format
06-27 10:47:55.983   744   744 E PQ_HDR  : DpAsyncBlitStream:: thie platform unsupport compress format
06-27 10:47:55.984   744   744 E PQ_HDR  : DpAsyncBlitStream:: thie platform unsupport compress format
06-27 10:47:55.984   744   744 E PQ_HDR  : DpAsyncBlitStream:: thie platform unsupport compress format
06-27 10:47:55.984   744   744 E PQ_HDR  : DpAsyncBlitStream:: thie platform unsupport compress format
06-27 10:47:55.994   744   744 E PQ_HDR  : DpAsyncBlitStream:: thie platform unsupport compress format
06-27 10:47:55.994   744   744 E PQ_HDR  : DpAsyncBlitStream:: thie platform unsupport compress format
06-27 10:47:55.994   744   744 E PQ_HDR  : DpAsyncBlitStream:: thie platform unsupport compress format
06-27 10:47:55.994   744   744 E PQ_HDR  : DpAsyncBlitStream:: thie platform unsupport compress format
06-27 10:47:56.005   744   744 E PQ_HDR  : DpAsyncBlitStream:: thie platform unsupport compress format
06-27 10:47:56.006   744   744 E PQ_HDR  : DpAsyncBlitStream:: thie platform unsupport compress format
06-27 10:47:56.006   744   744 E PQ_HDR  : DpAsyncBlitStream:: thie platform unsupport compress format
06-27 10:47:56.006   744   744 E PQ_HDR  : DpAsyncBlitStream:: thie platform unsupport compress format
06-27 10:47:56.015   772   829 I libPerfCtl: xgfGetFPS pid:1357 fps:-1
06-27 10:47:56.016   772   829 I libPerfCtl: xgfGetFPS pid:1621 fps:-1
06-27 10:47:56.016   772   829 I libPerfCtl: xgfGetFPS pid:1911 fps:-1
06-27 10:47:56.016   744   744 E PQ_HDR  : DpAsyncBlitStream:: thie platform unsupport compress format
06-27 10:47:56.017   744   744 E PQ_HDR  : DpAsyncBlitStream:: thie platform unsupport compress format
06-27 10:47:56.017   744   744 E PQ_HDR  : DpAsyncBlitStream:: thie platform unsupport compress format
06-27 10:47:56.017   744   744 E PQ_HDR  : DpAsyncBlitStream:: thie platform unsupport compress format
06-27 10:47:56.028   744   744 E PQ_HDR  : DpAsyncBlitStream:: thie platform unsupport compress format
06-27 10:47:56.028   744   744 E PQ_HDR  : DpAsyncBlitStream:: thie platform unsupport compress format
06-27 10:47:56.028   744   744 E PQ_HDR  : DpAsyncBlitStream:: thie platform unsupport compress format
06-27 10:47:56.028   744   744 E PQ_HDR  : DpAsyncBlitStream:: thie platform unsupport compress format
06-27 10:47:56.039   744   744 E PQ_HDR  : DpAsyncBlitStream:: thie platform unsupport compress format
06-27 10:47:56.039   744   744 E PQ_HDR  : DpAsyncBlitStream:: thie platform unsupport compress format
06-27 10:47:56.039   744   744 E PQ_HDR  : DpAsyncBlitStream:: thie platform unsupport compress format
06-27 10:47:56.039   744   744 E PQ_HDR  : DpAsyncBlitStream:: thie platform unsupport compress format
06-27 10:47:56.050   744   744 E PQ_HDR  : DpAsyncBlitStream:: thie platform unsupport compress format
06-27 10:47:56.050   744   744 E PQ_HDR  : DpAsyncBlitStream:: thie platform unsupport compress format
06-27 10:47:56.050   744   744 E PQ_HDR  : DpAsyncBlitStream:: thie platform unsupport compress format
06-27 10:47:56.050   744   744 E PQ_HDR  : DpAsyncBlitStream:: thie platform unsupport compress format
06-27 10:47:56.061   744   744 E PQ_HDR  : DpAsyncBlitStream:: thie platform unsupport compress format
06-27 10:47:56.061   744   744 E PQ_HDR  : DpAsyncBlitStream:: thie platform unsupport compress format
06-27 10:47:56.061   744   744 E PQ_HDR  : DpAsyncBlitStream:: thie platform unsupport compress format
06-27 10:47:56.061   744   744 E PQ_HDR  : DpAsyncBlitStream:: thie platform unsupport compress format
06-27 10:47:56.071   747   787 E HfLooper: dst->data[5.000000,40.000000,9728.000000]
06-27 10:47:56.072   744   744 E PQ_HDR  : DpAsyncBlitStream:: thie platform unsupport compress format
06-27 10:47:56.072   744   744 E PQ_HDR  : DpAsyncBlitStream:: thie platform unsupport compress format
06-27 10:47:56.072   744   744 E PQ_HDR  : DpAsyncBlitStream:: thie platform unsupport compress format
06-27 10:47:56.072   744   744 E PQ_HDR  : DpAsyncBlitStream:: thie platform unsupport compress format
06-27 10:47:56.083   744   744 E PQ_HDR  : DpAsyncBlitStream:: thie platform unsupport compress format
06-27 10:47:56.083   744   744 E PQ_HDR  : DpAsyncBlitStream:: thie platform unsupport compress format
06-27 10:47:56.083   744   744 E PQ_HDR  : DpAsyncBlitStream:: thie platform unsupport compress format
06-27 10:47:56.083   744   744 E PQ_HDR  : DpAsyncBlitStream:: thie platform unsupport compress format
06-27 10:47:56.094   744   744 E PQ_HDR  : DpAsyncBlitStream:: thie platform unsupport compress format
06-27 10:47:56.094   744   744 E PQ_HDR  : DpAsyncBlitStream:: thie platform unsupport compress format
06-27 10:47:56.094   744   744 E PQ_HDR  : DpAsyncBlitStream:: thie platform unsupport compress format
06-27 10:47:56.094   744   744 E PQ_HDR  : DpAsyncBlitStream:: thie platform unsupport compress format
06-27 10:47:56.105   744   744 E PQ_HDR  : DpAsyncBlitStream:: thie platform unsupport compress format
06-27 10:47:56.105   744   744 E PQ_HDR  : DpAsyncBlitStream:: thie platform unsupport compress format
06-27 10:47:56.105   744   744 E PQ_HDR  : DpAsyncBlitStream:: thie platform unsupport compress format
06-27 10:47:56.105   744   744 E PQ_HDR  : DpAsyncBlitStream:: thie platform unsupport compress format
06-27 10:47:56.116   744   744 E PQ_HDR  : DpAsyncBlitStream:: thie platform unsupport compress format
06-27 10:47:56.116   744   744 E PQ_HDR  : DpAsyncBlitStream:: thie platform unsupport compress format
06-27 10:47:56.116   744   744 E PQ_HDR  : DpAsyncBlitStream:: thie platform unsupport compress format
06-27 10:47:56.116   744   744 E PQ_HDR  : DpAsyncBlitStream:: thie platform unsupport compress format
06-27 10:47:56.127   744   744 E PQ_HDR  : DpAsyncBlitStream:: thie platform unsupport compress format
06-27 10:47:56.127   744   744 E PQ_HDR  : DpAsyncBlitStream:: thie platform unsupport compress format
06-27 10:47:56.127   744   744 E PQ_HDR  : DpAsyncBlitStream:: thie platform unsupport compress format
06-27 10:47:56.127   744   744 E PQ_HDR  : DpAsyncBlitStream:: thie platform unsupport compress format
06-27 10:47:56.138   744   744 E PQ_HDR  : DpAsyncBlitStream:: thie platform unsupport compress format
06-27 10:47:56.138   744   744 E PQ_HDR  : DpAsyncBlitStream:: thie platform unsupport compress format
06-27 10:47:56.138   744   744 E PQ_HDR  : DpAsyncBlitStream:: thie platform unsupport compress format
06-27 10:47:56.138   744   744 E PQ_HDR  : DpAsyncBlitStream:: thie platform unsupport compress format
06-27 10:47:56.140  1357  3356 I ActivityManager: Broadcasting: Intent { act=android.intent.action.MEDIA_SCANNER_SCAN_FILE dat=file:///... flg=0x400000 }
06-27 10:47:56.141  1357  3356 I ActivityManager: Enqueued broadcast Intent { act=android.intent.action.MEDIA_SCANNER_SCAN_FILE dat=file:///... flg=0x400000 }: 0
06-27 10:47:56.144  1357  6590 W JobInfo : Job 'com.android.providers.media.module/com.android.providers.media.MediaService#-300' has a deadline with no functional constraints. The deadline won't improve job execution latency. Consider removing the deadline.
06-27 10:47:56.149   744   744 E PQ_HDR  : DpAsyncBlitStream:: thie platform unsupport compress format
06-27 10:47:56.149   744   744 E PQ_HDR  : DpAsyncBlitStream:: thie platform unsupport compress format
06-27 10:47:56.149   744   744 E PQ_HDR  : DpAsyncBlitStream:: thie platform unsupport compress format
06-27 10:47:56.149   744   744 E PQ_HDR  : DpAsyncBlitStream:: thie platform unsupport compress format
06-27 10:47:56.149  1357  1377 I ActivityManager: Broadcast completed: result=0
06-27 10:47:56.151  2301  2516 I MediaProvider: Begin Intent { act=android.intent.action.MEDIA_SCANNER_SCAN_FILE dat=file:///... flg=0x1400010 cmp=com.android.providers.media.module/com.android.providers.media.MediaService }
06-27 10:47:56.158  2301  2516 I MediaProvider: End Intent { act=android.intent.action.MEDIA_SCANNER_SCAN_FILE dat=file:///... flg=0x1400010 cmp=com.android.providers.media.module/com.android.providers.media.MediaService }
06-27 10:47:56.161   744   744 E PQ_HDR  : DpAsyncBlitStream:: thie platform unsupport compress format
06-27 10:47:56.161   744   744 E PQ_HDR  : DpAsyncBlitStream:: thie platform unsupport compress format
06-27 10:47:56.161   744   744 E PQ_HDR  : DpAsyncBlitStream:: thie platform unsupport compress format
06-27 10:47:56.161   744   744 E PQ_HDR  : DpAsyncBlitStream:: thie platform unsupport compress format
06-27 10:47:56.163 12372 12372 W RefBase : RefBase: Explicit destruction, weak count = 0 (in 0x7dfe1d6848). Use sp<> to manage this object.
06-27 10:47:56.171   747   787 E HfLooper: dst->data[5.000000,38.000000,9736.000000]
06-27 10:47:56.171   744   744 E PQ_HDR  : DpAsyncBlitStream:: thie platform unsupport compress format
06-27 10:47:56.171   744   744 E PQ_HDR  : DpAsyncBlitStream:: thie platform unsupport compress format
06-27 10:47:56.171   744   744 E PQ_HDR  : DpAsyncBlitStream:: thie platform unsupport compress format
06-27 10:47:56.171   744   744 E PQ_HDR  : DpAsyncBlitStream:: thie platform unsupport compress format
06-27 10:47:56.182   744   744 E PQ_HDR  : DpAsyncBlitStream:: thie platform unsupport compress format
06-27 10:47:56.182   744   744 E PQ_HDR  : DpAsyncBlitStream:: thie platform unsupport compress format
06-27 10:47:56.182   744   744 E PQ_HDR  : DpAsyncBlitStream:: thie platform unsupport compress format
06-27 10:47:56.182   744   744 E PQ_HDR  : DpAsyncBlitStream:: thie platform unsupport compress format
06-27 10:47:56.193   744   744 E PQ_HDR  : DpAsyncBlitStream:: thie platform unsupport compress format
06-27 10:47:56.193   744   744 E PQ_HDR  : DpAsyncBlitStream:: thie platform unsupport compress format
06-27 10:47:56.193   744   744 E PQ_HDR  : DpAsyncBlitStream:: thie platform unsupport compress format
06-27 10:47:56.193   744   744 E PQ_HDR  : DpAsyncBlitStream:: thie platform unsupport compress format
06-27 10:47:56.204   744   744 E PQ_HDR  : DpAsyncBlitStream:: thie platform unsupport compress format
06-27 10:47:56.204   744   744 E PQ_HDR  : DpAsyncBlitStream:: thie platform unsupport compress format
06-27 10:47:56.204   744   744 E PQ_HDR  : DpAsyncBlitStream:: thie platform unsupport compress format
06-27 10:47:56.204   744   744 E PQ_HDR  : DpAsyncBlitStream:: thie platform unsupport compress format
06-27 10:47:56.215   744   744 E PQ_HDR  : DpAsyncBlitStream:: thie platform unsupport compress format
06-27 10:47:56.215   744   744 E PQ_HDR  : DpAsyncBlitStream:: thie platform unsupport compress format
06-27 10:47:56.215   744   744 E PQ_HDR  : DpAsyncBlitStream:: thie platform unsupport compress format
06-27 10:47:56.215   744   744 E PQ_HDR  : DpAsyncBlitStream:: thie platform unsupport compress format
06-27 10:47:56.226   744   744 E PQ_HDR  : DpAsyncBlitStream:: thie platform unsupport compress format
06-27 10:47:56.226   744   744 E PQ_HDR  : DpAsyncBlitStream:: thie platform unsupport compress format
06-27 10:47:56.226   744   744 E PQ_HDR  : DpAsyncBlitStream:: thie platform unsupport compress format
06-27 10:47:56.226   744   744 E PQ_HDR  : DpAsyncBlitStream:: thie platform unsupport compress format
06-27 10:47:56.237   744   744 E PQ_HDR  : DpAsyncBlitStream:: thie platform unsupport compress format
06-27 10:47:56.237   744   744 E PQ_HDR  : DpAsyncBlitStream:: thie platform unsupport compress format
06-27 10:47:56.237   744   744 E PQ_HDR  : DpAsyncBlitStream:: thie platform unsupport compress format
06-27 10:47:56.237   744   744 E PQ_HDR  : DpAsyncBlitStream:: thie platform unsupport compress format
06-27 10:47:56.248   744   744 E PQ_HDR  : DpAsyncBlitStream:: thie platform unsupport compress format
06-27 10:47:56.248   744   744 E PQ_HDR  : DpAsyncBlitStream:: thie platform unsupport compress format
06-27 10:47:56.248   744   744 E PQ_HDR  : DpAsyncBlitStream:: thie platform unsupport compress format
06-27 10:47:56.248   744   744 E PQ_HDR  : DpAsyncBlitStream:: thie platform unsupport compress format
06-27 10:47:56.259   744   744 E PQ_HDR  : DpAsyncBlitStream:: thie platform unsupport compress format
06-27 10:47:56.259   744   744 E PQ_HDR  : DpAsyncBlitStream:: thie platform unsupport compress format
06-27 10:47:56.259   744   744 E PQ_HDR  : DpAsyncBlitStream:: thie platform unsupport compress format
06-27 10:47:56.259   744   744 E PQ_HDR  : DpAsyncBlitStream:: thie platform unsupport compress format
06-27 10:47:56.270   744   744 E PQ_HDR  : DpAsyncBlitStream:: thie platform unsupport compress format
06-27 10:47:56.270   744   744 E PQ_HDR  : DpAsyncBlitStream:: thie platform unsupport compress format
06-27 10:47:56.270   744   744 E PQ_HDR  : DpAsyncBlitStream:: thie platform unsupport compress format
06-27 10:47:56.270   744   744 E PQ_HDR  : DpAsyncBlitStream:: thie platform unsupport compress format
06-27 10:47:56.271   747   787 E HfLooper: dst->data[5.000000,35.000000,9762.000000]
06-27 10:47:56.281   744   744 E PQ_HDR  : DpAsyncBlitStream:: thie platform unsupport compress format
06-27 10:47:56.281   744   744 E PQ_HDR  : DpAsyncBlitStream:: thie platform unsupport compress format
06-27 10:47:56.281   744   744 E PQ_HDR  : DpAsyncBlitStream:: thie platform unsupport compress format
06-27 10:47:56.281   744   744 E PQ_HDR  : DpAsyncBlitStream:: thie platform unsupport compress format
06-27 10:47:56.293   744   744 E PQ_HDR  : DpAsyncBlitStream:: thie platform unsupport compress format
06-27 10:47:56.293   744   744 E PQ_HDR  : DpAsyncBlitStream:: thie platform unsupport compress format
06-27 10:47:56.293   744   744 E PQ_HDR  : DpAsyncBlitStream:: thie platform unsupport compress format
06-27 10:47:56.293   744   744 E PQ_HDR  : DpAsyncBlitStream:: thie platform unsupport compress format
06-27 10:47:56.304   744   744 E PQ_HDR  : DpAsyncBlitStream:: thie platform unsupport compress format
06-27 10:47:56.304   744   744 E PQ_HDR  : DpAsyncBlitStream:: thie platform unsupport compress format
06-27 10:47:56.304   744   744 E PQ_HDR  : DpAsyncBlitStream:: thie platform unsupport compress format
06-27 10:47:56.304   744   744 E PQ_HDR  : DpAsyncBlitStream:: thie platform unsupport compress format
06-27 10:47:56.308  1097  1163 D AAL     : onBacklightChanged: 575/1023 -> 587/1023(phy:587/4095)
06-27 10:47:56.309  1097  1163 D AAL     : 06-27 10:47:56.264 BL= 539,ESS= 256, 06-27 10:47:56.275 BL= 551,ESS= 256, 06-27 10:47:56.286 BL= 563,ESS= 256, 06-27 10:47:56.298 BL= 575,ESS= 256, 06-27 10:47:56.309 BL= 587,ESS= 256, 
