06-27 10:33:34.729   780   828 I libPowerHal: INTERACTION: set gpu opp level max: 0
06-27 10:33:34.730  1621  1621 I FalsingManager: {belief=0.2919542910736407 confidence=1.0}
06-27 10:33:34.731  1621  1621 W WindowOnBackDispatcher: sendCancelIfRunning: isInProgress=false callback=com.android.systemui.back.domain.interactor.BackActionInteractor$callback$2@cbd3cc
06-27 10:33:34.732   744   744 E PQ_HDR  : DpAsyncBlitStream:: thie platform unsupport compress format
06-27 10:33:34.732   744   744 E PQ_HDR  : DpAsyncBlitStream:: thie platform unsupport compress format
06-27 10:33:34.732   744   744 E PQ_HDR  : DpAsyncBlitStream:: thie platform unsupport compress format
06-27 10:33:34.732   744   744 E PQ_HDR  : DpAsyncBlitStream:: thie platform unsupport compress format
06-27 10:33:34.732   744   744 E PQ_HDR  : DpAsyncBlitStream:: thie platform unsupport compress format
06-27 10:33:34.734   780   828 I mtkpower@impl: [powerd_req] TIMER_MSG_PERF_LOCK_TIMEOUT hdl:6519
06-27 10:33:34.734   780   828 I libPowerHal: [perfLockRel] hdl:6519, idx:4
06-27 10:33:34.734   780   828 I libPowerHal: [unsetGPUFreq] current min:0, max:0; scn_gpu_min:0, scn_gpu_max:-1; scn_gpu_min(HL):-1, scn_gpu_max(HL):-1
06-27 10:33:34.734   780   828 I libPowerHal: [setGPUFreq] Soft min/max = (0, 0); Hard min/max = (42, 0)
06-27 10:33:34.734   780   828 I libPowerHal: [setGPUFreq] final min/max = (0, 0)
06-27 10:33:34.734   780   828 I libPowerHal: INTERACTION: set gpu opp level: 0
06-27 10:33:34.734   780   828 I libPowerHal: INTERACTION: set gpu opp level max: 0
06-27 10:33:34.735   744  1200 I hwcomposer: [DRMDEV] create blob id of color transform[success] mode=0 f=0 mat=2048    0    0    0   0 2048    0    0   0    0 2048    0   0    0    0 2048  
06-27 10:33:34.740   780   828 I mtkpower@impl: [powerd_req] TIMER_MSG_PERF_LOCK_TIMEOUT hdl:6520
06-27 10:33:34.740   780   828 I libPowerHal: [perfLockRel] hdl:6520, idx:5
06-27 10:33:34.740   780   828 I libPowerHal: [unsetGPUFreq] current min:0, max:0; scn_gpu_min:0, scn_gpu_max:-1; scn_gpu_min(HL):-1, scn_gpu_max(HL):-1
06-27 10:33:34.740   780   828 I libPowerHal: [setGPUFreq] Soft min/max = (0, 0); Hard min/max = (42, 0)
06-27 10:33:34.740   780   828 I libPowerHal: [setGPUFreq] final min/max = (0, 0)
06-27 10:33:34.740   780   828 I libPowerHal: INTERACTION: set gpu opp level: 0
06-27 10:33:34.740   780   828 I libPowerHal: INTERACTION: set gpu opp level max: 0
06-27 10:33:34.743   744   744 E PQ_HDR  : DpAsyncBlitStream:: thie platform unsupport compress format
06-27 10:33:34.743   744   744 E PQ_HDR  : DpAsyncBlitStream:: thie platform unsupport compress format
06-27 10:33:34.743   744   744 E PQ_HDR  : DpAsyncBlitStream:: thie platform unsupport compress format
06-27 10:33:34.743   744   744 E PQ_HDR  : DpAsyncBlitStream:: thie platform unsupport compress format
06-27 10:33:34.743   744   744 E PQ_HDR  : DpAsyncBlitStream:: thie platform unsupport compress format
06-27 10:33:34.744  1357  1593 W WindowManager: finishDrawingWindow: Window{1763544 u0 com.android.launcher3/com.android.launcher3.uioverrides.QuickstepLauncher} mDrawState=DRAW_PENDING
06-27 10:33:34.744   780   828 I mtkpower@impl: [powerd_req] TIMER_MSG_PERF_LOCK_TIMEOUT hdl:6521
06-27 10:33:34.744   780   828 I libPowerHal: [perfLockRel] hdl:6521, idx:7
06-27 10:33:34.744   780   828 I libPowerHal: [unsetGPUFreq] current min:0, max:0; scn_gpu_min:0, scn_gpu_max:-1; scn_gpu_min(HL):-1, scn_gpu_max(HL):-1
06-27 10:33:34.744  1357  1593 I WindowManager: finishDrawing of relaunch: Window{1763544 u0 com.android.launcher3/com.android.launcher3.uioverrides.QuickstepLauncher} 209ms
06-27 10:33:34.744   780   828 I libPowerHal: [setGPUFreq] Soft min/max = (0, 0); Hard min/max = (42, 0)
06-27 10:33:34.744   780   828 I libPowerHal: [setGPUFreq] final min/max = (0, 0)
06-27 10:33:34.744   780   828 I libPowerHal: INTERACTION: set gpu opp level: 0
06-27 10:33:34.744   780   828 I libPowerHal: INTERACTION: set gpu opp level max: 0
06-27 10:33:34.746   806  1727 I BufferQueueDebug: [Transition Root: DefaultTaskDisplayArea#1082](this:0xb400006fb2828380,id:-1,api:0,p:-1,c:-1) BufferQueue core=(806:/system/bin/surfaceflinger)
06-27 10:33:34.748  1621  1621 I KeyguardTransitionRepository: FINISHED transition: TransitionStep(from=LOCKSCREEN, to=GONE, value=1.0, transitionState=FINISHED, ownerName=FromLockscreenTransitionInteractor)
06-27 10:33:34.750  1357  1593 I PowerHalWrapper: amsBoostStop AMS_BOOST_PACK_SWITCH:true, AMS_BOOST_ACT_SWITCH:false, AMS_BOOST_PROCESS_CREATE:false, AMS_BOOST_PROCESS_CREATE_FOR_GAME:false, AMS_BOOST_HOT_LAUNCH:false 
06-27 10:33:34.750   780   802 I mtkpower@impl: [mtkPowerHint] hint:22, hold:500, ext:30, ext_hold:1500
06-27 10:33:34.750   806  1727 I BufferQueueDebug: [Surface(name=Task=1)/@0x5400344_transition-leash#1083](this:0xb400006fb280e970,id:-1,api:0,p:-1,c:-1) BufferQueue core=(806:/system/bin/surfaceflinger)
06-27 10:33:34.751   780   828 I mtkpower@impl: [powerd_req] TIMER_MSG_PERF_LOCK_TIMEOUT hdl:6522
06-27 10:33:34.751   780   828 I libPowerHal: [perfLockRel] hdl:6522, idx:8
06-27 10:33:34.751   780   828 I libPowerHal: [unsetGPUFreq] current min:0, max:0; scn_gpu_min:0, scn_gpu_max:-1; scn_gpu_min(HL):-1, scn_gpu_max(HL):-1
06-27 10:33:34.751   780   828 I libPowerHal: [setGPUFreq] Soft min/max = (0, 0); Hard min/max = (42, 0)
06-27 10:33:34.751   780   828 I libPowerHal: [setGPUFreq] final min/max = (0, 0)
06-27 10:33:34.751   780   828 I libPowerHal: INTERACTION: set gpu opp level: 0
06-27 10:33:34.751   780   828 I libPowerHal: INTERACTION: set gpu opp level max: 0
06-27 10:33:34.752   780   828 I libPowerHal: [perfLockAcq] idx:3 hdl:6533 hint:22 pid:780 tid:780 duration:500 lock_user:mtkpower@1.0-se => ret_hdl:6533
06-27 10:33:34.752   780   828 I libPowerHal: [setClusterFreq] MTKPOWER_HINT_PACK_SWITCH set cpufreq[0] min:2000000 max:-1 cpufreq[1] min:2400000 max:-1 
06-27 10:33:34.753   890   890 I FPSGO   : fpsgo_boost_sched_rate_ns:0
06-27 10:33:34.753   890   890 I mtkpower_client: perf_lock_acq, hdl:0, dur:0, num:12, tid:890
06-27 10:33:34.753   806   806 I BufferQueueProducer: [StatusBar#91](this:0xb400006fb27fd810,id:-1,api:0,p:-1,c:806) queueBuffer: fps=4.27 dur=1403.60 max=893.90 min=10.95
06-27 10:33:34.753   780   828 I libPowerHal: [perfLockRel] hdl:6497, idx:15
06-27 10:33:34.754   806  1261 I BufferQueueDebug: [9a8b2e0 ActivityRecordInputSink com.android.launcher3/.uioverrides.QuickstepLauncher#1084](this:0xb400006fb28478b0,id:-1,api:0,p:-1,c:-1) BufferQueue core=(806:/system/bin/surfaceflinger)
06-27 10:33:34.754   744   744 E PQ_HDR  : DpAsyncBlitStream:: thie platform unsupport compress format
06-27 10:33:34.754   744   744 E PQ_HDR  : DpAsyncBlitStream:: thie platform unsupport compress format
06-27 10:33:34.754   744   744 E PQ_HDR  : DpAsyncBlitStream:: thie platform unsupport compress format
06-27 10:33:34.754   780   828 I libPowerHal: [perfLockAcq] idx:4 hdl:6534 hint:30 pid:780 tid:780 duration:1500 lock_user:mtkpower@1.0-se => ret_hdl:6534
06-27 10:33:34.754   744   744 E PQ_HDR  : DpAsyncBlitStream:: thie platform unsupport compress format
06-27 10:33:34.754   744   744 E PQ_HDR  : DpAsyncBlitStream:: thie platform unsupport compress format
06-27 10:33:34.754   780   828 I libPowerHal: [PE] MTKPOWER_HINT_EXT_LAUNCH update cmd:2020000, param:31
06-27 10:33:34.755   890   890 I mtkpower_client: ret_hdl:6535
06-27 10:33:34.755   890   890 I FPSGO   : perfLockAcq hdl:6535
06-27 10:33:34.755   780   828 I mtkpower@impl: [powerd_req] TIMER_MSG_PERF_LOCK_TIMEOUT hdl:6523
06-27 10:33:34.755   780   828 I libPowerHal: [perfLockRel] hdl:6523, idx:1
06-27 10:33:34.755   780   828 I libPowerHal: [unsetGPUFreq] current min:0, max:0; scn_gpu_min:0, scn_gpu_max:-1; scn_gpu_min(HL):-1, scn_gpu_max(HL):-1
06-27 10:33:34.755   780   828 I libPowerHal: [setGPUFreq] Soft min/max = (0, 0); Hard min/max = (42, 0)
06-27 10:33:34.755   780   828 I libPowerHal: [setGPUFreq] final min/max = (0, 0)
06-27 10:33:34.755   780   828 I libPowerHal: INTERACTION: set gpu opp level: 0
06-27 10:33:34.755   780   828 I libPowerHal: INTERACTION: set gpu opp level max: 0
06-27 10:33:34.756   780   828 I libPowerHal: cmdSetting - unknown cmd:1438500, scmd:(null) ,param_1:0
06-27 10:33:34.756   780   828 I libPowerHal: cmdSetting - unknown cmd:1438800, scmd:(null) ,param_1:0
06-27 10:33:34.756   780   828 I libPowerHal: [perfLockAcq] idx:5 hdl:6535 hint:-1 pid:890 tid:890 duration:0 lock_user:fpsgo => ret_hdl:6535
06-27 10:33:34.756   780   828 I libPowerHal: [PE] fpsgo update cmd:1438300, param:0
06-27 10:33:34.756   780   828 I libPowerHal: [PE] fpsgo update cmd:1438400, param:0
06-27 10:33:34.756   780   828 I libPowerHal: [PE] fpsgo update cmd:1438600, param:0
06-27 10:33:34.756   780   828 I libPowerHal: [PE] fpsgo update cmd:1438700, param:0
06-27 10:33:34.758  1357  1593 W UserManagerService: Requested status bar icon for non-badged user 0
06-27 10:33:34.760   747   787 E HfLooper: dst->data[13.000000,0.000000,0.000000]
06-27 10:33:34.760  1621  1702 E FromLockscreenTransitionInteractor: Ignoring startTransition: This interactor asked to transition from LOCKSCREEN -> GONE, but we last transitioned to GONE, not LOCKSCREEN. This should never happen - check currentTransitionInfoInternal or use filterRelevantKeyguardState before starting transitions.
06-27 10:33:34.762   780   828 I mtkpower@impl: [powerd_req] TIMER_MSG_PERF_LOCK_TIMEOUT hdl:6524
06-27 10:33:34.762   780   828 I libPowerHal: [perfLockRel] hdl:6524, idx:9
06-27 10:33:34.762   780   828 I libPowerHal: [unsetGPUFreq] current min:0, max:0; scn_gpu_min:0, scn_gpu_max:-1; scn_gpu_min(HL):-1, scn_gpu_max(HL):-1
06-27 10:33:34.762   780   828 I libPowerHal: [setGPUFreq] Soft min/max = (0, 0); Hard min/max = (42, 0)
06-27 10:33:34.762   780   828 I libPowerHal: [setGPUFreq] final min/max = (0, 0)
06-27 10:33:34.762   780   828 I libPowerHal: INTERACTION: set gpu opp level: 0
06-27 10:33:34.762   780   828 I libPowerHal: INTERACTION: set gpu opp level max: 0
06-27 10:33:34.765   744   744 E PQ_HDR  : DpAsyncBlitStream:: thie platform unsupport compress format
06-27 10:33:34.765   744   744 E PQ_HDR  : DpAsyncBlitStream:: thie platform unsupport compress format
06-27 10:33:34.765   744   744 E PQ_HDR  : DpAsyncBlitStream:: thie platform unsupport compress format
06-27 10:33:34.765   744   744 E PQ_HDR  : DpAsyncBlitStream:: thie platform unsupport compress format
06-27 10:33:34.765   744   744 E PQ_HDR  : DpAsyncBlitStream:: thie platform unsupport compress format
06-27 10:33:34.766  1357  1357 E ScreenIntentReceiver: notifyChange failed
06-27 10:33:34.767   780   828 I mtkpower@impl: [powerd_req] TIMER_MSG_PERF_LOCK_TIMEOUT hdl:6525
06-27 10:33:34.767   780   828 I libPowerHal: [perfLockRel] hdl:6525, idx:10
06-27 10:33:34.767   780   828 I libPowerHal: [unsetGPUFreq] current min:0, max:0; scn_gpu_min:0, scn_gpu_max:-1; scn_gpu_min(HL):-1, scn_gpu_max(HL):-1
06-27 10:33:34.767   780   828 I libPowerHal: [setGPUFreq] Soft min/max = (0, 0); Hard min/max = (42, 0)
06-27 10:33:34.767   780   828 I libPowerHal: [setGPUFreq] final min/max = (0, 0)
06-27 10:33:34.767   780   828 I libPowerHal: INTERACTION: set gpu opp level: 0
06-27 10:33:34.767   780   828 I libPowerHal: INTERACTION: set gpu opp level max: 0
06-27 10:33:34.768  1357  7777 W UserManagerService: Requested status bar icon for non-badged user 0
06-27 10:33:34.770   747   747 I OriginChannel: activate: [8,0]
06-27 10:33:34.772  1357  1593 I WifiService: getConnectionInfo uid=10092
06-27 10:33:34.773   780   828 I mtkpower@impl: [powerd_req] TIMER_MSG_PERF_LOCK_TIMEOUT hdl:6526
06-27 10:33:34.773   780   828 I libPowerHal: [perfLockRel] hdl:6526, idx:11
06-27 10:33:34.773   780   828 I libPowerHal: [unsetGPUFreq] current min:0, max:0; scn_gpu_min:0, scn_gpu_max:-1; scn_gpu_min(HL):-1, scn_gpu_max(HL):-1
06-27 10:33:34.773   780   828 I libPowerHal: [setGPUFreq] Soft min/max = (0, 0); Hard min/max = (42, 0)
06-27 10:33:34.773   780   828 I libPowerHal: [setGPUFreq] final min/max = (0, 0)
06-27 10:33:34.773   780   828 I libPowerHal: INTERACTION: set gpu opp level: 0
06-27 10:33:34.773   780   828 I libPowerHal: INTERACTION: set gpu opp level max: 0
06-27 10:33:34.774   806   886 I SurfaceFlinger: onHandleDestroyed: name=b0e7ff6 com.android.launcher3/com.android.launcher3.uioverrides.QuickstepLauncher#312, layerId=312, parentId=0
06-27 10:33:34.775   737  2376 W AudioALSAStreamOut: setParameters(), still have param.size() = 1, remain param = "MixerThreadSleep="
06-27 10:33:34.775  1357  3356 W AS.PlaybackActivityMon: No piid assigned for invalid/internal port id 75
06-27 10:33:34.776   806   806 I BufferQueueDebug: [b0e7ff6 com.android.launcher3/com.android.launcher3.uioverrides.QuickstepLauncher#312](this:0xb400006fb27ef440,id:-1,api:0,p:-1,c:806) onDestructor()
06-27 10:33:34.776   806   806 I SurfaceFlinger: onHandleDestroyed: name=Transition Root: DefaultTaskDisplayArea#1082, layerId=1082, parentId=0
06-27 10:33:34.776   737   791 W AudioALSAStreamOut: setParameters(), still have param.size() = 1, remain param = "NoAudioTrack=0"
06-27 10:33:34.777   744   744 E PQ_HDR  : DpAsyncBlitStream:: thie platform unsupport compress format
06-27 10:33:34.777   744   744 E PQ_HDR  : DpAsyncBlitStream:: thie platform unsupport compress format
06-27 10:33:34.777   744   744 E PQ_HDR  : DpAsyncBlitStream:: thie platform unsupport compress format
06-27 10:33:34.777   744   744 E PQ_HDR  : DpAsyncBlitStream:: thie platform unsupport compress format
06-27 10:33:34.777   744   744 E PQ_HDR  : DpAsyncBlitStream:: thie platform unsupport compress format
06-27 10:33:34.777   744   744 E PQ_HDR  : DpAsyncBlitStream:: thie platform unsupport compress format
06-27 10:33:34.777   737  3352 D AudioALSAStreamOut: write(), flag 0x4, usePolicyDevice: 1, output_devices: 0x2 -> latest policyDevice 0x2 (ori policyDevice 0x2)
06-27 10:33:34.777   737  3352 D AudioALSAStreamManager: +syncSharedOutDevice(), originDevice/routingSharedOutDevice: 0x2/0x2, mAudioMode: 0
06-27 10:33:34.777   790   880 V AudioPolicyInterfaceImpl: releaseOutput()
06-27 10:33:34.777   737  3352 D AudioIEMsController: routing(+), cur out 0x0 in 0x0, hs 0, bt 0, usb 0, device 0x2, mask 0x1, on 0
06-27 10:33:34.777   737  3352 D AudioIEMsController: routing(-), cur out 0x0 in 0x0
06-27 10:33:34.777   790   880 V AudioPolicyService: AudioCommandThread() adding release output portId 74
06-27 10:33:34.777   737  3352 D AudioMTKGainController: setNormalVolume(), mSceneIndex = 0, stream 1, devices 0x2, index 8, mode 0x0, gainDevice 0x2
06-27 10:33:34.777   737  3352 D AudioMTKGainController: setSpeakerGain(), gain = 10, spkAnaType = 3
06-27 10:33:34.778   780   828 I mtkpower@impl: [powerd_req] TIMER_MSG_PERF_LOCK_TIMEOUT hdl:6527
06-27 10:33:34.778   780   828 I libPowerHal: [perfLockRel] hdl:6527, idx:12
06-27 10:33:34.778   780   828 I libPowerHal: [unsetGPUFreq] current min:0, max:0; scn_gpu_min:0, scn_gpu_max:-1; scn_gpu_min(HL):-1, scn_gpu_max(HL):-1
06-27 10:33:34.778   780   828 I libPowerHal: [setGPUFreq] Soft min/max = (0, 0); Hard min/max = (42, 0)
06-27 10:33:34.778   780   828 I libPowerHal: [setGPUFreq] final min/max = (0, 0)
06-27 10:33:34.778   780   828 I libPowerHal: INTERACTION: set gpu opp level: 0
06-27 10:33:34.778   737  3352 D AudioALSAStreamOut: open(), flags 4
06-27 10:33:34.778   737  3352 D AudioALSAStreamManager: +createPlaybackHandler(), mAudioMode = 0, output_devices = 0x2, isMixerOut = 0, isBypassAurisys = 0, flag = 4, isIEMsSource = 0, isIEMsOn = 0
06-27 10:33:34.778   737  3352 D AudioALSAStreamManager: needEnableVoip(), output_devices = 0x2, flags: 0x4, mAvailableOutputFlags: 0x1c00f, enable: 0
06-27 10:33:34.778   780   828 I libPowerHal: INTERACTION: set gpu opp level max: 0
06-27 10:33:34.778   737  3352 D AudioSpeechEnhanceInfo: IsAPDMNRTuningEnable(), 0
06-27 10:33:34.778   737  3352 D AudioALSAPlaybackHandlerMixer: open(+), source flag 4, mDevice = 0x2, buffer_size 2048, sample_rate 48000
06-27 10:33:34.778   790  1058 V AudioPolicyService: AudioCommandThread() processing release output portId 74
06-27 10:33:34.778   790  1058 V AudioPolicyInterfaceImpl: doReleaseOutput from tid 1058
06-27 10:33:34.778   737  3352 D AudioALSAPlaybackHandlerBase: CreateAurisysLibManager, ph type: 11, voip: 0, mAurisysScenario: 1
06-27 10:33:34.778   790  1058 D APM_AudioPolicyManager: [MTK_APM_Output]releaseOutput() 29 portId 74
06-27 10:33:34.778   737  3352 D aurisys_utility: input dev: 0x80000004, fmt = 0x3, fs: 48000, max fs: 48000, ch: 2, max ch: 2, ch maks: 0x3, hw_info_mask: 0x0; output dev: 0x2, fmt = 0x3, fs: 48000, max fs: 48000, ch: 2, max ch: 2, ch maks: 0x3, hw_info_mask: 0x0; task_scene: 2, audio_mode: 0, stream_type: 1, output_flags: 0x4, input_source: 0, input_flags: 0x0; network_info: 0, enhancement_feature_mask: 0x0
06-27 10:33:34.778   737  3352 D AudioUtility: setupCustomInfoStr(), custom_info = "SetAudioCustomScene=;", (scene = , vol_level = -1, bt_codec = -1, gameChatMode = -1)
06-27 10:33:34.778   737  3352 D aurisys_utility: lib, working fs: 48000, fmt: 0x3, frame = 0, b_interleave = 1, num_ul_ref_buf_array = 0, num_dl_ref_buf_array = 0
06-27 10:33:34.778   737  3352 D aurisys_utility: dl in[type:2], ch: 2, ch_mask: 0x3, buf fs: 48000, buf content fs: 48000, fmt: 0x3; dl out[type:3], ch: 2, ch_mask: 0x3, buf fs: 48000, buf content fs: 48000, fmt: 0x3
06-27 10:33:34.778   737  3352 D android.hardware.audio.service.mediatek: get_custom_info_value(), cusom_info = SetAudioCustomScene=;, key= SetAudioCustomScene, ret = 0, ptr = 0x7258b67410, value_str = , max_value_str_leng = 20
06-27 10:33:34.778   737  3352 D AudioCompFltCustParam: audioHierarchicalParamEnable [1]
06-27 10:33:34.778   737  3352 D AudioCompFltCustParam: getPlaybackPostProcessParameterFromXML Type/Name [5]/[PlaybackDRC]
06-27 10:33:34.778   737  3352 D AudioCompFltCustParam: Load from scene Scene,Default,Volume type,Music
06-27 10:33:34.779   737  3352 D AudioCompFltCustParam: audioHierarchicalParamEnable [1]
06-27 10:33:34.779   737  3352 D AudioCompFltCustParam: getPlaybackPostProcessParameterFromXML Type/Name [0]/[PlaybackACF]
06-27 10:33:34.779   737  3352 D AudioCompFltCustParam: Load from scene Scene,Default,Volume type,Music,Profile,Speaker
06-27 10:33:34.779   737  3352 D AudioCompFltCustParam: audioHierarchicalParamEnable [1]
06-27 10:33:34.779   737  3352 D AudioCompFltCustParam: getPlaybackPostProcessParameterFromXML Type/Name [6]/[PlaybackDRC]
06-27 10:33:34.779   737  3352 D AudioCompFltCustParam: Load from scene Scene,Default,Volume type,Ring
06-27 10:33:34.779   737  3352 D AudioCompFltCustParam: audioHierarchicalParamEnable [1]
06-27 10:33:34.779   737  3352 D AudioCompFltCustParam: getPlaybackPostProcessParameterFromXML Type/Name [8]/[PlaybackACF]
06-27 10:33:34.779   737  3352 D AudioCompFltCustParam: Load from scene Scene,Default,Volume type,Music,Profile,Speaker
06-27 10:33:34.779   737  3352 D aurisys_lib_handler: aurisys_arsi_parsing_param_file(), gProductInfo "platform=MT6835,device=m197,model=SM-A066B", file_path "/vendor/etc/audio_param", enhancement_mode 0, param_buf_size 2528, data_size 2528, custom_info SetAudioCustomScene=;
06-27 10:33:34.779   737  3352 D aurisys_lib_handler: aurisys_arsi_create_handler(), lib_name mtk_bessound, 0xb4000074096a2200, memory_size 72724, arsi_handler 0xb40000750c1f83e0, retval 0x0
06-27 10:33:34.779   737  3352 D aurisys_lib_handler: aurisys_arsi_create_handler(), arsi_query_process_unit_bytes, ul 0, dl 2048, retval 0
06-27 10:33:34.779   790   880 D audioserver: logFgsApiEnd: FGS Logger Transaction failed, -129
06-27 10:33:34.779   737  3352 D aurisys_lib_manager: DL Lib, lib_name mtk_bessound, 0xb4000074096a2200, sample_rate: 48000 => 48000, num_channels: 2 => 2, audio_format: 0x3 => 0x3, interleave: 1 => 1, frame: 0 => 0
06-27 10:33:34.779   737  3352 D aurisys_lib_manager: DL out, sample_rate: 48000 => 48000, num_channels: 2 => 2, audio_format: 0x3 => 0x3, interleave: 1 => 1, frame: 0 => 0
06-27 10:33:34.779   737  3352 D audio_sw_mixer: sw_mixer_source_attach(), MIXER_PLAYBACK  , name T_FAST       order 1 sz 2048 fmt 3 ch 2 rate 48000 latency_us 5333
06-27 10:33:34.779   737  3352 D AudioUtility: chooseTargetSampleRate() hiFiState 1 isDeviceSupportHiFi 0 sampleRate 48000 targetSampleRate 48000, isUltra96k 0
06-27 10:33:34.779   737  3352 D AudioALSAStreamManager: +createPlaybackHandler(), mAudioMode = 0, output_devices = 0x2, isMixerOut = 1, isBypassAurisys = 1, flag = 4, isIEMsSource = 0, isIEMsOn = 0
06-27 10:33:34.779   737  3352 D AudioALSAStreamManager: needEnableVoip(), output_devices = 0x2, flags: 0x4, mAvailableOutputFlags: 0x1c00f, enable: 0
06-27 10:33:34.779   737  3352 D AudioSpeechEnhanceInfo: IsAPDMNRTuningEnable(), 0
06-27 10:33:34.779   737  3352 D AudioALSAPlaybackHandlerNormal: +open(), flag = 4, source output_devices = 0x2, audio_format = 3, buffer_size = 2048, sample_rate = 48000
06-27 10:33:34.779   737  3352 D AudioALSAPlaybackHandlerBase: initLogFlag() mlog_flag[2]
06-27 10:33:34.779   737  3352 D AudioALSADeviceParser: compare pcm success = 0, stringpair = Playback_1
06-27 10:33:34.780   737  3352 D AudioALSADeviceConfigManager: ApplyDeviceTurnonSequenceByName() DeviceName = PLAYBACK1_TO_ADDA_DL descriptor->DeviceStatusCounte = 0, Ctlsize=4
06-27 10:33:34.783   737  3352 D AudioUtility: chooseTargetSampleRate() hiFiState 1 isDeviceSupportHiFi 0 sampleRate 48000 targetSampleRate 48000, isUltra96k 0
06-27 10:33:34.783   737  3352 D AudioALSAPlaybackHandlerBase: transferAudioFormatToPcmFormat(), audio_format(0x4) => pcm_format(0x3)
06-27 10:33:34.783   737  3352 D AudioALSAPlaybackHandlerNormal: open(), flag = 4, mConfig: channels = 2, sample_rate(target) = 48000, period_size = 256, period_count = 4, format = 3, avail_min = 256, start_threshold = 1024
06-27 10:33:34.783   780   828 I mtkpower@impl: [powerd_req] TIMER_MSG_PERF_LOCK_TIMEOUT hdl:6528
06-27 10:33:34.784   780   828 I libPowerHal: [perfLockRel] hdl:6528, idx:13
06-27 10:33:34.784   780   828 I libPowerHal: [unsetGPUFreq] current min:0, max:0; scn_gpu_min:0, scn_gpu_max:-1; scn_gpu_min(HL):-1, scn_gpu_max(HL):-1
06-27 10:33:34.784   780   828 I libPowerHal: [setGPUFreq] Soft min/max = (0, 0); Hard min/max = (42, 0)
06-27 10:33:34.784   780   828 I libPowerHal: [setGPUFreq] final min/max = (0, 0)
06-27 10:33:34.784   780   828 I libPowerHal: INTERACTION: set gpu opp level: 0
06-27 10:33:34.784   780   828 I libPowerHal: INTERACTION: set gpu opp level max: 0
06-27 10:33:34.785   737  3352 D AudioALSAPlaybackHandlerBase: openPcmDriverWithFlag(), pcm device = 0 flag = 0x8 mPcm = 0xb4000074196a0290
06-27 10:33:34.785   737  3352 D AudioALSAPlaybackHandlerBase: CreateAurisysLibManager, ph type: 7, voip: 0, mAurisysScenario: 9
06-27 10:33:34.785   737  3352 D aurisys_utility: input dev: 0x80000004, fmt = 0x3, fs: 48000, max fs: 48000, ch: 2, max ch: 2, ch maks: 0x3, hw_info_mask: 0x0; output dev: 0x2, fmt = 0x3, fs: 48000, max fs: 48000, ch: 2, max ch: 2, ch maks: 0x3, hw_info_mask: 0x0; task_scene: 9, audio_mode: 0, stream_type: 1, output_flags: 0x4, input_source: 0, input_flags: 0x0; network_info: 0, enhancement_feature_mask: 0x0
06-27 10:33:34.785   737  3352 D AudioUtility: setupCustomInfoStr(), custom_info = "SetAudioCustomScene=;", (scene = , vol_level = -1, bt_codec = -1, gameChatMode = -1)
06-27 10:33:34.786   737  3352 D aurisys_utility: lib, working fs: 48000, fmt: 0x3, frame = 0, b_interleave = 1, num_ul_ref_buf_array = 0, num_dl_ref_buf_array = 0
06-27 10:33:34.786   737  3352 D aurisys_utility: dl in[type:2], ch: 2, ch_mask: 0x3, buf fs: 48000, buf content fs: 48000, fmt: 0x3; dl out[type:3], ch: 2, ch_mask: 0x3, buf fs: 48000, buf content fs: 48000, fmt: 0x3
06-27 10:33:34.786   737  3352 I [Awinic]: aw_skt_arsi_query_param_buf_size_by_custom_info:reserve2 [0] cust_scene[0] ---> aw_scene[0]
06-27 10:33:34.786   737  3352 I [Awinic]: find [Music] scene_block with id 0
06-27 10:33:34.786   737  3352 I [Awinic]: aw_skt_arsi_query_param_buf_size_by_custom_info:aw_scene[Music] params len is 16416
06-27 10:33:34.786   737  3352 I [Awinic]: aw_skt_arsi_parsing_param_file_by_custom_info:stream_type [1] 
06-27 10:33:34.786   737  3352 I [Awinic]: aw_skt_arsi_parsing_param_file_by_custom_info:reserve2 [0] cust_scene[0] ---> aw_scene[0]
06-27 10:33:34.786   737  3352 I [Awinic]: find [Music] scene_block with id 0
06-27 10:33:34.786   737  3352 I [Awinic]: aw_skt_arsi_parsing_param_file_by_custom_info:load aw_scene[Music] params done
06-27 10:33:34.786   737  3352 D aurisys_lib_handler: aurisys_arsi_parsing_param_file(), gProductInfo "platform=MT6835,device=m197,model=SM-A066B", file_path "/vendor/etc", enhancement_mode 0, param_buf_size 16416, data_size 16416, custom_info SetAudioCustomScene=;
06-27 10:33:34.786   737  3352 I [Awinic]: SKTune_v6.1.9.1
06-27 10:33:34.786   737  3352 D [Awinic]: spin init done!
06-27 10:33:34.786   737  3352 D [Awinic]: init Done !
06-27 10:33:34.786   806   806 I BufferQueueDebug: [Transition Root: DefaultTaskDisplayArea#1082](this:0xb400006fb2828380,id:-1,api:0,p:-1,c:806) onDestructor()
06-27 10:33:34.787   737  3352 I [Awinic]: local_cfg->fade_out_deg_num = 0
06-27 10:33:34.787   737  3352 I [Awinic]: local_cfg->mute_in_num = 0
06-27 10:33:34.787   737  3352 I [Awinic]: local_cfg->fade_in_deg_num = 0
06-27 10:33:34.787   737  3352 E [Awinic]: unsupport filter order 0 !, set to aw_biquad_df2t_universal_process
06-27 10:33:34.787   737  3352 I [Awinic]: Origin cfg->cali_Re: -98000ohm, set param->cali_Re: 6199mohm!
06-27 10:33:34.787   737  3352 I [Awinic]: Origin cfg->cali_Re: -98000ohm, set param->cali_Re: 6199mohm!
06-27 10:33:34.787   737  3352 D [Awinic]: set parameter done!
06-27 10:33:34.787   737  3352 D [Awinic]: fade in out backup_params done!
06-27 10:33:34.787   744   744 E PQ_HDR  : DpAsyncBlitStream:: thie platform unsupport compress format
06-27 10:33:34.787   744   744 E PQ_HDR  : DpAsyncBlitStream:: thie platform unsupport compress format
06-27 10:33:34.787   744   744 E PQ_HDR  : DpAsyncBlitStream:: thie platform unsupport compress format
06-27 10:33:34.787   744   744 E PQ_HDR  : DpAsyncBlitStream:: thie platform unsupport compress format
06-27 10:33:34.787   744   744 E PQ_HDR  : DpAsyncBlitStream:: thie platform unsupport compress format
06-27 10:33:34.787   744   744 E PQ_HDR  : DpAsyncBlitStream:: thie platform unsupport compress format
06-27 10:33:34.788   737  3352 I [Awinic]: aw_vmax_kctl_dev_init: Awinic dev[1]'s monitor switch kcontrol is not accessible!
06-27 10:33:34.788   737  3352 I [Awinic]: Awinic monitor disable
06-27 10:33:34.788   737  3352 D aurisys_lib_handler: aurisys_arsi_create_handler(), lib_name smartpa_aw88xxx, 0xb40000740969f290, memory_size 603440, arsi_handler 0xb400007258bfaad0, retval 0x0
06-27 10:33:34.788   737  3352 D aurisys_lib_handler: aurisys_arsi_create_handler(), arsi_query_process_unit_bytes, ul 0, dl 0, retval 0
06-27 10:33:34.788   737  3352 D aurisys_lib_manager: DL Lib, lib_name smartpa_aw88xxx, 0xb40000740969f290, sample_rate: 48000 => 48000, num_channels: 2 => 2, audio_format: 0x3 => 0x3, interleave: 1 => 1, frame: 0 => 0
06-27 10:33:34.788   737  3352 D aurisys_lib_manager: DL out, sample_rate: 48000 => 48000, num_channels: 2 => 2, audio_format: 0x3 => 0x4, interleave: 1 => 1, frame: 0 => 0
06-27 10:33:34.788   737  3352 D AudioALSAHardwareResourceManager: +startOutputDevice(), new_devices = 0x2, mOutputDevices = 0x0, mStartOutputDevicesCount = 0 SampleRate = 48000
06-27 10:33:34.788   737  3352 D AudioALSADeviceConfigManager: ApplyDeviceTurnonSequenceByName() DeviceName = speaker_output descriptor->DeviceStatusCounte = 0, Ctlsize=6
06-27 10:33:34.788   780   828 I mtkpower@impl: [powerd_req] TIMER_MSG_PERF_LOCK_TIMEOUT hdl:6529
06-27 10:33:34.788   780   828 I libPowerHal: [perfLockRel] hdl:6529, idx:14
06-27 10:33:34.789   780   828 I libPowerHal: [unsetGPUFreq] current min:0, max:0; scn_gpu_min:0, scn_gpu_max:-1; scn_gpu_min(HL):-1, scn_gpu_max(HL):-1
06-27 10:33:34.789   780   828 I libPowerHal: [setGPUFreq] Soft min/max = (0, 0); Hard min/max = (42, 0)
06-27 10:33:34.789   780   828 I libPowerHal: [setGPUFreq] final min/max = (0, 0)
06-27 10:33:34.789   780   828 I libPowerHal: INTERACTION: set gpu opp level: 0
06-27 10:33:34.789   737  3352 D AudioALSADeviceConfigManager: num_values is 1, And the value is as bellow
06-27 10:33:34.789   737  3352 D AudioALSADeviceConfigManager: String values[0]:10
06-27 10:33:34.789   780   828 I libPowerHal: INTERACTION: set gpu opp level max: 0
06-27 10:33:34.789   737  3352 D AudioALSADeviceConfigManager: ApplyDeviceTurnonSequenceByName() DeviceName = ext_speaker_output descriptor->DeviceStatusCounte = 0, Ctlsize=2
