06-27 12:50:41.946   969  1239 D SurfaceFlinger: brightness=844; alpha=0.581543 mode=2, doze_state:0
06-27 12:50:41.946   969  1239 D SurfaceFlinger: set FOD HBM alpha = 0.581543
06-27 12:50:41.946   969  1239 D SurfaceFlinger: getHBMOverlayAlpha backlight=844, mFodSystemBacklight=272, mBrightnessBackup=844
06-27 12:50:41.946   905   992 D DisplayFeatureHal: writeDCBacklight setting backlight to 423
06-27 12:50:41.947   899  1840 D libsensor-B2SNotifier: Backlight2SlpiNotifier brightness = 421
06-27 12:50:41.958   899  1840 D libsensor-B2SNotifier: Backlight2SlpiNotifier brightness = 423
06-27 12:50:41.958   905   992 D DisplayFeatureHal: successfully write 423 into /sys/class/backlight/panel0-backlight/brightness
06-27 12:50:41.962   969   969 D CompositionEngine: updateFodFlag FOD Add hbm_overlay
06-27 12:50:41.962   969  1239 D SurfaceFlinger: getHBMOverlayAlpha backlight=796, mFodSystemBacklight=272, mBrightnessBackup=796
06-27 12:50:41.962   969  1239 D SurfaceFlinger: brightness=796; alpha=0.592285 mode=2, doze_state:0
06-27 12:50:41.962   905   993 D DisplayFeatureHal: set brightness to 397, virtual brightness 796
06-27 12:50:41.962   969  1239 D SurfaceFlinger: set FOD HBM alpha = 0.592285
06-27 12:50:41.962   969  1239 D SurfaceFlinger: getHBMOverlayAlpha backlight=796, mFodSystemBacklight=272, mBrightnessBackup=796
06-27 12:50:41.963   905   992 D DisplayFeatureHal: writeDCBacklight setting backlight to 399
06-27 12:50:41.963   899  1840 D libsensor-B2SNotifier: Backlight2SlpiNotifier brightness = 397
06-27 12:50:41.974   905   992 D DisplayFeatureHal: successfully write 399 into /sys/class/backlight/panel0-backlight/brightness
06-27 12:50:41.975   899  1840 D libsensor-B2SNotifier: Backlight2SlpiNotifier brightness = 399
06-27 12:50:41.978   969   969 D CompositionEngine: updateFodFlag FOD Add hbm_overlay
06-27 12:50:41.979   969  1239 D SurfaceFlinger: getHBMOverlayAlpha backlight=749, mFodSystemBacklight=272, mBrightnessBackup=749
06-27 12:50:41.979   969  1239 D SurfaceFlinger: brightness=749; alpha=0.603516 mode=2, doze_state:0
06-27 12:50:41.979   905   993 D DisplayFeatureHal: set brightness to 374, virtual brightness 749
06-27 12:50:41.979   969  1239 D SurfaceFlinger: set FOD HBM alpha = 0.603516
06-27 12:50:41.979   969  1239 D SurfaceFlinger: getHBMOverlayAlpha backlight=749, mFodSystemBacklight=272, mBrightnessBackup=749
06-27 12:50:41.979   905   992 D DisplayFeatureHal: writeDCBacklight setting backlight to 376
06-27 12:50:41.991   899  1840 D libsensor-B2SNotifier: Backlight2SlpiNotifier brightness = 376
06-27 12:50:41.991   905   992 D DisplayFeatureHal: successfully write 376 into /sys/class/backlight/panel0-backlight/brightness
06-27 12:50:41.995   969   969 D CompositionEngine: updateFodFlag FOD Add hbm_overlay
06-27 12:50:41.996   899  1840 D libsensor-B2SNotifier: Backlight2SlpiNotifier brightness = 350
06-27 12:50:41.996   969  1239 D SurfaceFlinger: getHBMOverlayAlpha backlight=701, mFodSystemBacklight=272, mBrightnessBackup=701
06-27 12:50:41.996   905   993 D DisplayFeatureHal: set brightness to 350, virtual brightness 701
06-27 12:50:41.996   969  1239 D SurfaceFlinger: brightness=701; alpha=0.615234 mode=2, doze_state:0
06-27 12:50:41.996   969  1239 D SurfaceFlinger: set FOD HBM alpha = 0.615234
06-27 12:50:41.996   969  1239 D SurfaceFlinger: getHBMOverlayAlpha backlight=701, mFodSystemBacklight=272, mBrightnessBackup=701
06-27 12:50:41.996   905   992 D DisplayFeatureHal: writeDCBacklight setting backlight to 352
06-27 12:50:42.008   899  1840 D libsensor-B2SNotifier: Backlight2SlpiNotifier brightness = 352
06-27 12:50:42.008   905   992 D DisplayFeatureHal: successfully write 352 into /sys/class/backlight/panel0-backlight/brightness
06-27 12:50:42.011   969   969 D CompositionEngine: updateFodFlag FOD Add hbm_overlay
06-27 12:50:42.012   969  1239 D SurfaceFlinger: getHBMOverlayAlpha backlight=653, mFodSystemBacklight=272, mBrightnessBackup=653
06-27 12:50:42.012   905   993 D DisplayFeatureHal: set brightness to 326, virtual brightness 653
06-27 12:50:42.012   969  1239 D SurfaceFlinger: brightness=653; alpha=0.627441 mode=2, doze_state:0
06-27 12:50:42.012   969  1239 D SurfaceFlinger: set FOD HBM alpha = 0.627441
06-27 12:50:42.012   969  1239 D SurfaceFlinger: getHBMOverlayAlpha backlight=653, mFodSystemBacklight=272, mBrightnessBackup=653
06-27 12:50:42.012   905   992 D DisplayFeatureHal: writeDCBacklight setting backlight to 328
06-27 12:50:42.013   899  1840 D libsensor-B2SNotifier: Backlight2SlpiNotifier brightness = 326
06-27 12:50:42.024   905   992 D DisplayFeatureHal: successfully write 328 into /sys/class/backlight/panel0-backlight/brightness
06-27 12:50:42.024   899  1840 D libsensor-B2SNotifier: Backlight2SlpiNotifier brightness = 328
06-27 12:50:42.028   969   969 D CompositionEngine: updateFodFlag FOD Add hbm_overlay
06-27 12:50:42.028   969  1239 D SurfaceFlinger: getHBMOverlayAlpha backlight=605, mFodSystemBacklight=272, mBrightnessBackup=605
06-27 12:50:42.028   905   993 D DisplayFeatureHal: set brightness to 302, virtual brightness 605
06-27 12:50:42.028   969  1239 D SurfaceFlinger: brightness=605; alpha=0.640137 mode=2, doze_state:0
06-27 12:50:42.028   969  1239 D SurfaceFlinger: set FOD HBM alpha = 0.640137
06-27 12:50:42.028   969  1239 D SurfaceFlinger: getHBMOverlayAlpha backlight=605, mFodSystemBacklight=272, mBrightnessBackup=605
06-27 12:50:42.028   905   992 D DisplayFeatureHal: writeDCBacklight setting backlight to 304
06-27 12:50:42.028   969  1239 D SurfaceFlinger: Force skip idle timer[true]
06-27 12:50:42.041   899  1840 D libsensor-B2SNotifier: Backlight2SlpiNotifier brightness = 304
06-27 12:50:42.041   905   992 D DisplayFeatureHal: successfully write 304 into /sys/class/backlight/panel0-backlight/brightness
06-27 12:50:42.044   969   969 D CompositionEngine: updateFodFlag FOD Add hbm_overlay
06-27 12:50:42.045   899  1840 D libsensor-B2SNotifier: Backlight2SlpiNotifier brightness = 304
06-27 12:50:42.045   969  1239 D SurfaceFlinger: getHBMOverlayAlpha backlight=557, mFodSystemBacklight=272, mBrightnessBackup=557
06-27 12:50:42.045   969  1239 D SurfaceFlinger: brightness=557; alpha=0.653320 mode=2, doze_state:0
06-27 12:50:42.045   969  1239 D SurfaceFlinger: set FOD HBM alpha = 0.653320
06-27 12:50:42.045   969  1239 D SurfaceFlinger: getHBMOverlayAlpha backlight=557, mFodSystemBacklight=272, mBrightnessBackup=557
06-27 12:50:42.045   905   993 D DisplayFeatureHal: set brightness to 278, virtual brightness 557
06-27 12:50:42.046   905   992 D DisplayFeatureHal: writeDCBacklight setting backlight to 280
06-27 12:50:42.057   905   992 D DisplayFeatureHal: successfully write 280 into /sys/class/backlight/panel0-backlight/brightness
06-27 12:50:42.057   899  1840 D libsensor-B2SNotifier: Backlight2SlpiNotifier brightness = 280
06-27 12:50:42.061   969   969 D CompositionEngine: updateFodFlag FOD Add hbm_overlay
06-27 12:50:42.062   969  1239 D SurfaceFlinger: getHBMOverlayAlpha backlight=509, mFodSystemBacklight=272, mBrightnessBackup=509
06-27 12:50:42.062   905   993 D DisplayFeatureHal: set brightness to 254, virtual brightness 509
06-27 12:50:42.062   969  1239 D SurfaceFlinger: brightness=509; alpha=0.667480 mode=2, doze_state:0
06-27 12:50:42.062   969  1239 D SurfaceFlinger: set FOD HBM alpha = 0.667480
06-27 12:50:42.062   969  1239 D SurfaceFlinger: getHBMOverlayAlpha backlight=509, mFodSystemBacklight=272, mBrightnessBackup=509
06-27 12:50:42.062   905   992 D DisplayFeatureHal: writeDCBacklight setting backlight to 256
06-27 12:50:42.074   905   992 D DisplayFeatureHal: successfully write 256 into /sys/class/backlight/panel0-backlight/brightness
06-27 12:50:42.074   899  1840 D libsensor-B2SNotifier: Backlight2SlpiNotifier brightness = 256
06-27 12:50:42.078   969   969 D CompositionEngine: updateFodFlag FOD Add hbm_overlay
06-27 12:50:42.078   969  1239 D SurfaceFlinger: getHBMOverlayAlpha backlight=461, mFodSystemBacklight=272, mBrightnessBackup=461
06-27 12:50:42.078   905   993 D DisplayFeatureHal: set brightness to 230, virtual brightness 461
06-27 12:50:42.078   969  1239 D SurfaceFlinger: brightness=461; alpha=0.682129 mode=2, doze_state:0
06-27 12:50:42.078   969  1239 D SurfaceFlinger: set FOD HBM alpha = 0.682129
06-27 12:50:42.078   969  1239 D SurfaceFlinger: getHBMOverlayAlpha backlight=461, mFodSystemBacklight=272, mBrightnessBackup=461
06-27 12:50:42.078   905   992 D DisplayFeatureHal: writeDCBacklight setting backlight to 232
06-27 12:50:42.091   905   992 D DisplayFeatureHal: successfully write 232 into /sys/class/backlight/panel0-backlight/brightness
06-27 12:50:42.091   899  1840 D libsensor-B2SNotifier: Backlight2SlpiNotifier brightness = 232
06-27 12:50:42.094   969   969 D CompositionEngine: updateFodFlag FOD Add hbm_overlay
06-27 12:50:42.095   969  1239 D SurfaceFlinger: getHBMOverlayAlpha backlight=413, mFodSystemBacklight=272, mBrightnessBackup=413
06-27 12:50:42.095   905   993 D DisplayFeatureHal: set brightness to 206, virtual brightness 413
06-27 12:50:42.095   969  1239 D SurfaceFlinger: brightness=413; alpha=0.697266 mode=2, doze_state:0
06-27 12:50:42.095   969  1239 D SurfaceFlinger: set FOD HBM alpha = 0.697266
06-27 12:50:42.095   969  1239 D SurfaceFlinger: getHBMOverlayAlpha backlight=413, mFodSystemBacklight=272, mBrightnessBackup=413
06-27 12:50:42.095   905   992 D DisplayFeatureHal: writeDCBacklight setting backlight to 208
06-27 12:50:42.107   899  1840 D libsensor-B2SNotifier: Backlight2SlpiNotifier brightness = 208
06-27 12:50:42.107   905   992 D DisplayFeatureHal: successfully write 208 into /sys/class/backlight/panel0-backlight/brightness
06-27 12:50:42.111   969   969 D CompositionEngine: updateFodFlag FOD Add hbm_overlay
06-27 12:50:42.111   969  1239 D SurfaceFlinger: getHBMOverlayAlpha backlight=365, mFodSystemBacklight=272, mBrightnessBackup=365
06-27 12:50:42.111   969  1239 D SurfaceFlinger: brightness=365; alpha=0.704590 mode=2, doze_state:0
06-27 12:50:42.111   905   993 D DisplayFeatureHal: set brightness to 182, virtual brightness 365
06-27 12:50:42.111   969  1239 D SurfaceFlinger: set FOD HBM alpha = 0.704590
06-27 12:50:42.111   969  1239 D SurfaceFlinger: getHBMOverlayAlpha backlight=365, mFodSystemBacklight=272, mBrightnessBackup=365
06-27 12:50:42.111   905   992 D DisplayFeatureHal: writeDCBacklight setting backlight to 184
06-27 12:50:42.112   899  1840 D libsensor-B2SNotifier: Backlight2SlpiNotifier brightness = 184
06-27 12:50:42.124   905   992 D DisplayFeatureHal: successfully write 184 into /sys/class/backlight/panel0-backlight/brightness
06-27 12:50:42.124   899  1840 D libsensor-B2SNotifier: Backlight2SlpiNotifier brightness = 184
06-27 12:50:42.127   969   969 D CompositionEngine: updateFodFlag FOD Add hbm_overlay
06-27 12:50:42.128   969  1239 D SurfaceFlinger: getHBMOverlayAlpha backlight=317, mFodSystemBacklight=272, mBrightnessBackup=317
06-27 12:50:42.128   905   993 D DisplayFeatureHal: set brightness to 158, virtual brightness 317
06-27 12:50:42.128   969  1239 D SurfaceFlinger: brightness=317; alpha=0.722168 mode=2, doze_state:0
06-27 12:50:42.128   969  1239 D SurfaceFlinger: set FOD HBM alpha = 0.722168
06-27 12:50:42.128   969  1239 D SurfaceFlinger: getHBMOverlayAlpha backlight=317, mFodSystemBacklight=272, mBrightnessBackup=317
06-27 12:50:42.128   905   992 D DisplayFeatureHal: writeDCBacklight setting backlight to 160
06-27 12:50:42.140   905   992 D DisplayFeatureHal: successfully write 160 into /sys/class/backlight/panel0-backlight/brightness
06-27 12:50:42.140   899  1840 D libsensor-B2SNotifier: Backlight2SlpiNotifier brightness = 160
06-27 12:50:42.144   969   969 D CompositionEngine: updateFodFlag FOD Add hbm_overlay
06-27 12:50:42.145   969  1239 D SurfaceFlinger: getHBMOverlayAlpha backlight=269, mFodSystemBacklight=272, mBrightnessBackup=269
06-27 12:50:42.145   905   993 D DisplayFeatureHal: set brightness to 136, virtual brightness 269
06-27 12:50:42.145   969  1239 D SurfaceFlinger: brightness=269; alpha=0.744141 mode=2, doze_state:0
06-27 12:50:42.145   969  1239 D SurfaceFlinger: set FOD HBM alpha = 0.744141
06-27 12:50:42.145   905   992 D DisplayFeatureHal: writeDCBacklight setting backlight to 136
06-27 12:50:42.145   969  1239 D SurfaceFlinger: getHBMOverlayAlpha backlight=269, mFodSystemBacklight=272, mBrightnessBackup=269
06-27 12:50:42.157   905   992 D DisplayFeatureHal: successfully write 136 into /sys/class/backlight/panel0-backlight/brightness
06-27 12:50:42.157   899  1840 D libsensor-B2SNotifier: Backlight2SlpiNotifier brightness = 136
06-27 12:50:42.160   969   969 D CompositionEngine: updateFodFlag FOD Add hbm_overlay
06-27 12:50:42.161   969  1239 D SurfaceFlinger: getHBMOverlayAlpha backlight=221, mFodSystemBacklight=272, mBrightnessBackup=221
06-27 12:50:42.161   905   993 D DisplayFeatureHal: set brightness to 120, virtual brightness 221
06-27 12:50:42.161   969  1239 D SurfaceFlinger: brightness=221; alpha=0.768555 mode=2, doze_state:0
06-27 12:50:42.161   969  1239 D SurfaceFlinger: set FOD HBM alpha = 0.768555
06-27 12:50:42.161   969  1239 D SurfaceFlinger: getHBMOverlayAlpha backlight=221, mFodSystemBacklight=272, mBrightnessBackup=221
06-27 12:50:42.161   905   992 D DisplayFeatureHal: writeDCBacklight setting backlight to 112
06-27 12:50:42.173   905   992 D DisplayFeatureHal: successfully write 112 into /sys/class/backlight/panel0-backlight/brightness
06-27 12:50:42.173   899  1840 D libsensor-B2SNotifier: Backlight2SlpiNotifier brightness = 112
06-27 12:50:42.177   969   969 D CompositionEngine: updateFodFlag FOD Add hbm_overlay
06-27 12:50:42.178   969  1239 D SurfaceFlinger: getHBMOverlayAlpha backlight=173, mFodSystemBacklight=272, mBrightnessBackup=173
06-27 12:50:42.178   905   993 D DisplayFeatureHal: set brightness to 107, virtual brightness 173
06-27 12:50:42.178   969  1239 D SurfaceFlinger: brightness=173; alpha=0.806641 mode=2, doze_state:0
06-27 12:50:42.178   969  1239 D SurfaceFlinger: set FOD HBM alpha = 0.806641
06-27 12:50:42.178   969  1239 D SurfaceFlinger: getHBMOverlayAlpha backlight=173, mFodSystemBacklight=272, mBrightnessBackup=173
06-27 12:50:42.178   905   992 D DisplayFeatureHal: writeDCBacklight setting backlight to 88
06-27 12:50:42.190   905   992 D DisplayFeatureHal: successfully write 88 into /sys/class/backlight/panel0-backlight/brightness
06-27 12:50:42.190   899  1840 D libsensor-B2SNotifier: Backlight2SlpiNotifier brightness = 88
06-27 12:50:42.194   969   969 D CompositionEngine: updateFodFlag FOD Add hbm_overlay
06-27 12:50:42.194   969  1239 D SurfaceFlinger: getHBMOverlayAlpha backlight=126, mFodSystemBacklight=272, mBrightnessBackup=126
06-27 12:50:42.194   905   993 D DisplayFeatureHal: set brightness to 86, virtual brightness 126
06-27 12:50:42.194   969  1239 D SurfaceFlinger: brightness=126; alpha=0.844238 mode=2, doze_state:0
06-27 12:50:42.194   969  1239 D SurfaceFlinger: set FOD HBM alpha = 0.844238
06-27 12:50:42.194   969  1239 D SurfaceFlinger: getHBMOverlayAlpha backlight=126, mFodSystemBacklight=272, mBrightnessBackup=126
06-27 12:50:42.194   905   992 D DisplayFeatureHal: writeDCBacklight setting backlight to 65
06-27 12:50:42.206   905   992 D DisplayFeatureHal: successfully write 65 into /sys/class/backlight/panel0-backlight/brightness
06-27 12:50:42.206   899  1840 D libsensor-B2SNotifier: Backlight2SlpiNotifier brightness = 65
06-27 12:50:42.210   969   969 D CompositionEngine: updateFodFlag FOD Add hbm_overlay
06-27 12:50:42.211   969  1239 D SurfaceFlinger: getHBMOverlayAlpha backlight=78, mFodSystemBacklight=272, mBrightnessBackup=78
06-27 12:50:42.211   905   993 D DisplayFeatureHal: set brightness to 66, virtual brightness 78
06-27 12:50:42.211   969  1239 D SurfaceFlinger: brightness=78; alpha=0.882812 mode=2, doze_state:0
06-27 12:50:42.211   969  1239 D SurfaceFlinger: set FOD HBM alpha = 0.882812
06-27 12:50:42.211   969  1239 D SurfaceFlinger: getHBMOverlayAlpha backlight=78, mFodSystemBacklight=272, mBrightnessBackup=78
06-27 12:50:42.211   905   992 D DisplayFeatureHal: writeDCBacklight setting backlight to 41
06-27 12:50:42.223   905   992 D DisplayFeatureHal: successfully write 41 into /sys/class/backlight/panel0-backlight/brightness
06-27 12:50:42.223   899  1840 D libsensor-B2SNotifier: Backlight2SlpiNotifier brightness = 41
06-27 12:50:42.227   969   969 D CompositionEngine: updateFodFlag FOD Add hbm_overlay
06-27 12:50:42.228   969  1239 D SurfaceFlinger: getHBMOverlayAlpha backlight=30, mFodSystemBacklight=272, mBrightnessBackup=30
06-27 12:50:42.228   905   993 D DisplayFeatureHal: set brightness to 53, virtual brightness 30
06-27 12:50:42.228   969  1239 D SurfaceFlinger: brightness=30; alpha=0.914062 mode=2, doze_state:0
06-27 12:50:42.228   969  1239 D SurfaceFlinger: set FOD HBM alpha = 0.914062
06-27 12:50:42.228   969  1239 D SurfaceFlinger: getHBMOverlayAlpha backlight=30, mFodSystemBacklight=272, mBrightnessBackup=30
06-27 12:50:42.228   905   992 D DisplayFeatureHal: writeDCBacklight setting backlight to 17
06-27 12:50:42.240   905   992 D DisplayFeatureHal: successfully write 17 into /sys/class/backlight/panel0-backlight/brightness
06-27 12:50:42.240   899  1840 D libsensor-B2SNotifier: Backlight2SlpiNotifier brightness = 17
06-27 12:50:42.243   969   969 D CompositionEngine: updateFodFlag FOD Add hbm_overlay
06-27 12:50:42.244   969  1239 D SurfaceFlinger: getHBMOverlayAlpha backlight=13, mFodSystemBacklight=272, mBrightnessBackup=13
06-27 12:50:42.244   969  1239 D SurfaceFlinger: brightness=13; alpha=0.927734 mode=2, doze_state:0
06-27 12:50:42.244   969  1239 D SurfaceFlinger: set FOD HBM alpha = 0.927734
06-27 12:50:42.244   969  1239 D SurfaceFlinger: getHBMOverlayAlpha backlight=13, mFodSystemBacklight=272, mBrightnessBackup=13
06-27 12:50:42.244   905   993 D DisplayFeatureHal: set brightness to 51, virtual brightness 13
06-27 12:50:42.244   905   992 D DisplayFeatureHal: writeDCBacklight setting backlight to 8
06-27 12:50:42.256   905   992 D DisplayFeatureHal: successfully write 8 into /sys/class/backlight/panel0-backlight/brightness
06-27 12:50:42.256   899  1840 D libsensor-B2SNotifier: Backlight2SlpiNotifier brightness = 8
06-27 12:50:42.260   969   969 D CompositionEngine: updateFodFlag FOD Add hbm_overlay
06-27 12:50:43.316  1919  3247 I ActivityTaskManager: START u0 {act=android.intent.action.CALL dat=tel:xxxxxxxxxx flg=0x10000000 cmp=com.android.server.telecom/.components.UserCallActivity} from uid 2000
06-27 12:50:43.317  1919  3247 W ActivityTaskManager: Permission Denial: starting Intent { act=android.intent.action.CALL dat=tel:xxxxxxxxxx flg=0x10000000 cmp=com.android.server.telecom/.components.UserCallActivity } from null (pid=29123, uid=2000) with revoked permission android.permission.CALL_PHONE
06-27 12:50:43.318 29123 29125 I cmd     : oneway function results will be dropped but finished with status OK and parcel size 4
06-27 12:50:43.536  2841  2841 D QtiCarrierConfigHelper: WARNING, no carrier configs on phone Id: 0
06-27 12:50:43.538  2671  2671 D KeyguardUpdateMonitor: received broadcast android.intent.action.BATTERY_CHANGED
06-27 12:50:43.539  2671  2671 D BatteryController: onReceive: Intent = Intent { act=android.intent.action.BATTERY_CHANGED flg=0x60000010 (has extras) } action = android.intent.action.BATTERY_CHANGED
06-27 12:50:43.539  9395  9395 I PowerSaveService: onReceive: android.intent.action.BATTERY_CHANGED
06-27 12:50:43.542  9739  9968 D PowerCheckerService: onBatteryChanged, mBatteryLevel = 40, status = 2, level = 40, plug = 2, scale = 100
06-27 12:50:43.543  9395  9395 I PowerNoticeUI: handleBatteryChanged oldPlugType 2 mPlugType 2 oldBatteryLevel 40 mBatteryLevel 40 temperature 255
06-27 12:50:43.544  9395  9395 I ChargerBatteryIntelligenceReceiver: onBatteryChanged temperature25,plugType:2
06-27 12:50:43.544  9395  9395 I PowerFeatureUtils: getVendorName:qcom
06-27 12:50:43.545  2881  2881 D DeviceStatisticsService: chargerType=2 batteryLevel=40 totalBatteryCapacity=2168700
06-27 12:50:44.834  1919  2207 I PowerManagerService: Going to sleep due to timeout (uid 1000)...
06-27 12:50:44.845  1919  1919 I WindowManager: Started going to sleep... (why=OFF_BECAUSE_OF_TIMEOUT)
06-27 12:50:44.846  2671 11137 D KeyguardViewMediator: onStartedGoingToSleep(3)
06-27 12:50:44.849  2671 11137 D KeyguardViewMediator: notifyStartedGoingToSleep
06-27 12:50:44.849  2671  2671 D MiuiFaceManager: inernational:true supportR:[ALL] nowR:IN
06-27 12:50:44.850  2671  2671 D MiuiFaceManager: inernational:true supportR:[ALL] nowR:IN
06-27 12:50:44.851  2625  2646 D MiuiKeyguardWallpaperRemoteService: onKeyguardGoingAway goingAway = false  isFastUnlock  = false
06-27 12:50:44.852  2671  2671 D MiuiFaceManager: inernational:true supportR:[ALL] nowR:IN
06-27 12:50:44.852  2671  2671 D MiuiFaceManager: inernational:true supportR:[ALL] nowR:IN
06-27 12:50:44.853   969   969 D SurfaceFlinger: ColorFade Changed hasColorFade=1
06-27 12:50:44.853   969   969 D CompositionEngine: updateFodFlag FOD Add hbm_overlay
06-27 12:50:44.855  2671  2671 D MiuiFaceManager: inernational:true supportR:[ALL] nowR:IN
06-27 12:50:44.857  2671  2671 I chatty  : uid=1000(system) com.android.systemui identical 2 lines
06-27 12:50:44.857  2671  2671 D MiuiFaceManager: inernational:true supportR:[ALL] nowR:IN
06-27 12:50:44.857  2671  2671 D KeyguardViewMediator: handleNotifyStartedGoingToSleep
06-27 12:50:44.860  2671  2671 D BlurLayerHolder: unregister android.view.ViewRootImpl@c72cda7
06-27 12:50:44.861   969  3372 I BpBinder: onLastStrongRef automatically unlinking death recipients: <uncached descriptor>
06-27 12:50:44.862  2671  2671 D MiuiGxzwManager: onStartedGoingToSleep
06-27 12:50:44.862  2671  2671 D MiuiGxzwOverlayView: onStartedGoingToSleep
06-27 12:50:44.862  2671  2671 D MiuiGxzwViewIcon: onStartedGoingToSleep
06-27 12:50:44.862  2671  2671 I MiuiGxzwManager: startDozing
06-27 12:50:44.862  2671  2671 D MiuiGxzwOverlayView: startDozing
06-27 12:50:44.862  2671  2671 D MiuiGxzwViewIcon: startDozing
06-27 12:50:44.862  2671  3198 I MiuiGxzwFrameAnimation: clean
06-27 12:50:44.863  2671  2671 I MiuiGxzwViewIcon: scheduleSetIconTransparen
06-27 12:50:44.866  2671  2671 I MiuiGxzwViewIcon: setGxzwIconTransparent
06-27 12:50:44.869  2671  2671 I MiuiGxzwOverlayView: upldate overlay view alpha: 0.0
06-27 12:50:44.870  2671  2671 I MiuiGxzwViewIcon: turnOffScreen
06-27 12:50:44.870  3385  3404 W MiuiAodService: onGxzwIconChanged: true
06-27 12:50:44.870  2671  2671 I MiuiGxzwViewIcon: unscheduleSetIconTransparen
06-27 12:50:44.871  3385  3404 E MiuiAodService: fireAodState: false
06-27 12:50:44.871  2671  2671 I MiuiChargeController: dismissChargeAnimation: dismiss_for_screen_off
06-27 12:50:44.871  2671  2671 I vol.MiuiVolumeDialogImp-plugin: dismissH mShowing:false dialog showing:false reason:2
06-27 12:50:44.871  2625  2646 D MiuiKeyguardWallpaperRemoteService: onStartedGoingToSleep
06-27 12:50:44.873  2625  3452 D ImageGLWallpaper:  scissor: Rect(0, 0 - 1080, 2340) displayPoint: Point(1080, 2340) isScrollWithScreen: false
06-27 12:50:44.873  2625  3452 D ImageGLWallpaper:  heightDiffRatio 0.0
06-27 12:50:44.873  2625  3452 D ImageGLWallpaper:  widthDiffRatio 0.0
06-27 12:50:44.873  2625  3452 D ImageGLWallpaper:  mCurrentTexCoordinate [0.0, 1.0, 1.0, 1.0, 1.0, 0.0, 1.0, 0.0, 0.0, 0.0, 0.0, 1.0]
06-27 12:50:44.875  2625  3452 D KeyguardWallpaperRenderer: onDrawFrame
06-27 12:50:44.877   969  1057 D Layer   : setAlpha hbm_overlay (alpha==0)
06-27 12:50:44.880  2625  3452 D KeyguardWallpaperRenderer: onDrawFrame
06-27 12:50:44.881   969   969 D SurfaceFlinger: there are is hbm or aod layer,set MiuiPaperContrastOverlay alpha 1
06-27 12:50:44.881   969   969 D SurfaceFlinger: HbmOverlay Changed hasHbmOverlay=0
06-27 12:50:44.897  2625  3452 D KeyguardWallpaperRenderer: onDrawFrame
06-27 12:50:44.897   969  3556 E SurfaceFlinger: xiaomi-debug fod fod_ui_ready:0
06-27 12:50:44.899   969   969 D CompositionEngine: updateFodFlag layer[ColorFade#0] ColorFade
06-27 12:50:44.914  2625  3452 D KeyguardWallpaperRenderer: onDrawFrame
06-27 12:50:44.917   969   969 D CompositionEngine: updateFodFlag layer[ColorFade#0] ColorFade
06-27 12:50:44.931  2625  3452 D KeyguardWallpaperRenderer: onDrawFrame
06-27 12:50:45.079  2625  3452 I chatty  : uid=10131(com.miui.miwallpaper) MiuiKeyguardPic identical 9 lines
06-27 12:50:45.097  2625  3452 D KeyguardWallpaperRenderer: onDrawFrame
06-27 12:50:45.101  2625  3452 D ImageGLWallpaper:  scissor: Rect(0, 0 - 1080, 2340) displayPoint: Point(1080, 2340) isScrollWithScreen: false
06-27 12:50:45.101  2625  3452 D ImageGLWallpaper:  heightDiffRatio 0.0
06-27 12:50:45.101  2625  3452 D ImageGLWallpaper:  widthDiffRatio 0.0
06-27 12:50:45.101  2625  3452 D ImageGLWallpaper:  mCurrentTexCoordinate [0.0, 1.0, 1.0, 1.0, 1.0, 0.0, 1.0, 0.0, 0.0, 0.0, 0.0, 1.0]
06-27 12:50:45.101  2625  3452 D KeyguardWallpaperRenderer: onDrawFrame
06-27 12:50:45.114  2625  3452 D MiuiKeyguardPictorialWallpaper: scheduleFinishRendering
06-27 12:50:45.182  1919  2207 I DisplayPowerController: Blocking screen off
06-27 12:50:45.183  1919  2207 I DisplayPowerController: Unblocked screen off after 0 ms
06-27 12:50:45.185  1919  2207 I WindowManager: Screen turned off...
06-27 12:50:45.187  1919  2207 W ActivityManager: Unable to start service Intent { act=miui.action.CAMERA_EMPTY_SERVICE pkg=com.android.camera } U=0: not found
06-27 12:50:45.187  2671 11137 D KeyguardViewMediator: notifyScreenTurnedOff
06-27 12:50:45.188  2671  2671 D KeyguardViewMediator: handleNotifyScreenTurnedOff
06-27 12:50:45.189  2625  2646 D MiuiKeyguardWallpaperRemoteService: onScreenTurnedOff
06-27 12:50:45.193  2671  2671 D StatusBar: disable<e i a s B H R c s > disable2<q i n >
06-27 12:50:45.193  2671  2671 D QS      : setListening true
06-27 12:50:45.193  2671  2671 D StatusBar: disable<e i a s B H R c s > disable2<q i n >
06-27 12:50:45.194   905   993 I DisplayFeatureHal: threadFuncBacklight: set brightness to 0
06-27 12:50:45.194   905   993 D DisplayFeatureHal: set brightness to 0, virtual brightness 0
06-27 12:50:45.194   905   992 E DisplayFeatureHal: processDCBacklight skip setting dc because DislayState 1, brightness 0, HBM status 0, FodBacklight status 0, mSysNonZeroBl 51, mInteracted_bl 51
06-27 12:50:45.197   899  1840 D libsensor-B2SNotifier: Backlight2SlpiNotifier brightness = 0
06-27 12:50:45.198  1919  2207 I AutomaticBrightnessControllerInjector: setLightSensorEnabled: true
06-27 12:50:45.198  1919  2207 I AutomaticBrightnessControllerInjector: getLatestData res: 41.2
06-27 12:50:45.204   656   663 E android.system.suspend@1.0-service: Error opening kernel wakelock stats for: wakeup38: Permission denied
06-27 12:50:45.193   656   656 W Binder:656_2: type=1400 audit(0.0:4983): avc: denied { open } for path="/sys/devices/virtual/misc/msm_qcelp/wakeup38" dev="sysfs" ino=79600 scontext=u:r:system_suspend:s0 tcontext=u:object_r:sysfs:s0 tclass=dir permissive=0
06-27 12:50:45.205   656   663 E android.system.suspend@1.0-service: Error opening kernel wakelock stats for: wakeup28: Permission denied
06-27 12:50:45.205   656   663 E android.system.suspend@1.0-service: Error opening kernel wakelock stats for: wakeup18: Permission denied
06-27 12:50:45.193   656   656 W Binder:656_2: type=1400 audit(0.0:4984): avc: denied { open } for path="/sys/devices/virtual/misc/msm_alac/wakeup28" dev="sysfs" ino=79228 scontext=u:r:system_suspend:s0 tcontext=u:object_r:sysfs:s0 tclass=dir permissive=0
06-27 12:50:45.193   656   656 W Binder:656_2: type=1400 audit(0.0:4985): avc: denied { read } for name="wakeup18" dev="sysfs" ino=73893 scontext=u:r:system_suspend:s0 tcontext=u:object_r:vendor_sysfs_battery_supply:s0 tclass=dir permissive=0
06-27 12:50:45.205   656   663 E android.system.suspend@1.0-service: Error opening kernel wakelock stats for: wakeup36: Permission denied
06-27 12:50:45.193   656   656 W Binder:656_2: type=1400 audit(0.0:4986): avc: denied { open } for path="/sys/devices/virtual/misc/msm_mp3/wakeup36" dev="sysfs" ino=79528 scontext=u:r:system_suspend:s0 tcontext=u:object_r:sysfs:s0 tclass=dir permissive=0
06-27 12:50:45.206   656   663 E android.system.suspend@1.0-service: Error opening kernel wakelock stats for: wakeup26: Permission denied
06-27 12:50:45.193   656   656 W Binder:656_2: type=1400 audit(0.0:4987): avc: denied { open } for path="/sys/devices/platform/soc/soc:gpio_keys/wakeup/wakeup26" dev="sysfs" ino=76208 scontext=u:r:system_suspend:s0 tcontext=u:object_r:sysfs:s0 tclass=dir permissive=0
06-27 12:50:45.206   656   663 E android.system.suspend@1.0-service: Error opening kernel wakelock stats for: wakeup16: Permission denied
06-27 12:50:45.193   656   656 W Binder:656_2: type=1400 audit(0.0:4988): avc: denied { open } for path="/sys/devices/platform/soc/c440000.qcom,spmi/spmi-0/spmi0-02/c440000.qcom,spmi:qcom,pm8150b@2:qcom,qpnp-smb5/wakeup/wakeup16" dev="sysfs" ino=73764 scontext=u:r:system_suspend:s0 tcontext=u:object_r:sysfs:s0 tclass=dir permissive=0
06-27 12:50:45.207   656   663 E android.system.suspend@1.0-service: Error opening kernel wakelock stats for: wakeup34: Permission denied
06-27 12:50:45.193   656   656 W Binder:656_2: type=1400 audit(0.0:4989): avc: denied { open } for path="/sys/devices/virtual/misc/msm_g711alaw/wakeup34" dev="sysfs" ino=79444 scontext=u:r:system_suspend:s0 tcontext=u:object_r:sysfs:s0 tclass=dir permissive=0
06-27 12:50:45.207   656   663 E android.system.suspend@1.0-service: Error opening kernel wakelock stats for: wakeup24: Permission denied
06-27 12:50:45.193   656   656 W Binder:656_2: type=1400 audit(0.0:4990): avc: denied { read } for name="wakeup24" dev="sysfs" ino=75053 scontext=u:r:system_suspend:s0 tcontext=u:object_r:vendor_sysfs_usbpd_device:s0 tclass=dir permissive=0
06-27 12:50:45.207   656   663 E android.system.suspend@1.0-service: Error opening kernel wakelock stats for: wakeup9: Permission denied
06-27 12:50:45.208   656   663 E android.system.suspend@1.0-service: Error opening kernel wakelock stats for: wakeup14: Permission denied
06-27 12:50:45.208   656   663 E android.system.suspend@1.0-service: Error opening kernel wakelock stats for: wakeup32: Permission denied
06-27 12:50:45.209   656   663 E android.system.suspend@1.0-service: Error opening kernel wakelock stats for: wakeup22: Permission denied
06-27 12:50:45.209   656   663 E android.system.suspend@1.0-service: Error opening kernel wakelock stats for: wakeup12: Permission denied
06-27 12:50:45.209   656   663 E android.system.suspend@1.0-service: Error opening kernel wakelock stats for: wakeup40: Permission denied
06-27 12:50:45.209   656   663 E android.system.suspend@1.0-service: Error opening kernel wakelock stats for: wakeup30: Permission denied
06-27 12:50:45.210   656   663 E android.system.suspend@1.0-service: Error opening kernel wakelock stats for: wakeup20: Permission denied
06-27 12:50:45.210   656   663 E android.system.suspend@1.0-service: Error opening kernel wakelock stats for: wakeup10: Permission denied
06-27 12:50:45.210   656   663 E android.system.suspend@1.0-service: Error opening kernel wakelock stats for: wakeup39: Permission denied
06-27 12:50:45.210   656   663 E android.system.suspend@1.0-service: Error opening kernel wakelock stats for: wakeup29: Permission denied
06-27 12:50:45.210   656   663 E android.system.suspend@1.0-service: Error opening kernel wakelock stats for: wakeup19: Permission denied
06-27 12:50:45.211   656   663 E android.system.suspend@1.0-service: Error opening kernel wakelock stats for: wakeup37: Permission denied
06-27 12:50:45.211   656   663 E android.system.suspend@1.0-service: Error opening kernel wakelock stats for: wakeup27: Permission denied
06-27 12:50:45.211   656   663 E android.system.suspend@1.0-service: Error opening kernel wakelock stats for: wakeup35: Permission denied
06-27 12:50:45.212   656   663 E android.system.suspend@1.0-service: Error opening kernel wakelock stats for: wakeup25: Permission denied
06-27 12:50:45.212   656   663 E android.system.suspend@1.0-service: Error opening kernel wakelock stats for: wakeup43: Permission denied
06-27 12:50:45.212   656   663 E android.system.suspend@1.0-service: Error opening kernel wakelock stats for: wakeup33: Permission denied
06-27 12:50:45.212   656   663 E android.system.suspend@1.0-service: Error opening kernel wakelock stats for: wakeup23: Permission denied
06-27 12:50:45.212   656   663 E android.system.suspend@1.0-service: Error opening kernel wakelock stats for: wakeup13: Permission denied
06-27 12:50:45.213   656   663 E android.system.suspend@1.0-service: Error opening kernel wakelock stats for: wakeup31: Permission denied
06-27 12:50:45.213   656   663 E android.system.suspend@1.0-service: Error opening kernel wakelock stats for: wakeup21: Permission denied
06-27 12:50:45.213   656   663 E android.system.suspend@1.0-service: Error opening kernel wakelock stats for: wakeup11: Permission denied
06-27 12:50:45.215   841   841 I sensors-hal: batch:180, android.sensor.light/50, period=200000000, max_latency=0
06-27 12:50:45.215   841   841 I sensors-hal: batch:189, android.sensor.light/50, period=200000000, max_latency=0 request completed
06-27 12:50:45.216  1919  2207 I AutomaticBrightnessControllerInjector: setProximitySensorEnabled disable
06-27 12:50:45.216   841   841 I sensors-hal: activate:147, android.sensor.proximity/15 en=0
06-27 12:50:45.217   841   841 I sensors-hal: activate:158, android.sensor.proximity/15 en=0 completed
06-27 12:50:45.217  1919  2207 I AutomaticBrightnessControllerInjector: setAccSensorEnabled disable
06-27 12:50:45.217   841   841 I sensors-hal: activate:147, android.sensor.accelerometer/58 en=0
06-27 12:50:45.218   841   841 I sensors-hal: activate:158, android.sensor.accelerometer/58 en=0 completed
06-27 12:50:45.218  1919  2207 I AutomaticBrightnessTouchHelper: touch pointer listener has unregistered!
06-27 12:50:45.219   969  3276 D SurfaceFlinger: mFodSystemBacklight=1166
06-27 12:50:45.219   969   969 D SurfaceFlinger: Setting power mode 0 on display 19260674575326081
06-27 12:50:45.220  1919  2106 I DisplayManagerService: Display device changed state: "Built-in Screen", OFF
06-27 12:50:45.220   811 27616 I SDM     : DisplayBase::SetDisplayState: Set state = 0, display 28-0, teardown = 0
06-27 12:50:45.224  2671  3198 D MiuiGxzwAnimView: onDisplayChanged: oldState = 2, newState = 1
06-27 12:50:45.225  2671  3245 D ScreenDecorations: updateOrientation: false
06-27 12:50:45.225  3125  3125 I NearbyDiscovery: (REDACTED) FastPairDisplayObserver: %s -> %s
06-27 12:50:45.227  3125  8779 I NearbyDiscovery: (REDACTED) FastPairScanner: isScreenOn=%s, isLocationEnabled=%s, disableLocationRequirement=%s, isDiscoveryScanningEnabled=%s, during24GhzWifiWarmingUpPeriod=%s
06-27 12:50:45.227  3125  8779 D BluetoothAdapter: isLeEnabled(): BLE_ON
06-27 12:50:45.227  3125  8779 I NearbyDiscovery: (REDACTED) FastPairScanner: eventType=%s, intReq=%s, scanning=%s, scanAllowed=%s, bleEnabled=%s, lockScanRate=%s, startScanningByLowPowerMode=%s
06-27 12:50:45.228  3125  8779 I NearbyDiscovery: (REDACTED) FastPairScanner: Stopping scan, %s
06-27 12:50:45.228  3125  8779 D BluetoothAdapter: isLeEnabled(): BLE_ON
06-27 12:50:45.228  9235  9578 D BtGatt.GattService: stopScan() - queue size =1
06-27 12:50:45.230  9235  9262 D BtGatt.GattService: unregisterScanner() - scannerId=4
06-27 12:50:45.230  9235  9448 I BtGatt.ScanManager: msg.what = 1
06-27 12:50:45.230  9235  9448 D BtGatt.ScanManager: stop scan
06-27 12:50:45.230  9235  9837 V bt_stack: [VERBOSE1:gatt_api.cc(1002)] GATT_Deregister gatt_if=4
06-27 12:50:45.230  9235  9837 V bt_stack: [VERBOSE1:connection_manager.cc(161)] on_app_deregistered : app_id 0x04
06-27 12:50:45.231   794   794 D vendor.qti.bluetooth@1.0-ibs_handler: SerialClockVote: vote for UART CLK ON
06-27 12:50:45.232   794   794 D vendor.qti.bluetooth@1.0-wake_lock: Acquire wakelock is acquired 
06-27 12:50:45.232   794   794 I vendor.qti.bluetooth@1.0-ibs_handler: DeviceWakeUp: Writing IBS_WAKE_IND
06-27 12:50:45.235   794  9833 I vendor.qti.bluetooth@1.0-ibs_handler: ProcessIbsCmd: Received IBS_WAKE_ACK: 0xFC
06-27 12:50:45.236   794  9833 I vendor.qti.bluetooth@1.0-ibs_handler: ProcessIbsCmd: Received IBS_WAKE_IND: 0xFD
06-27 12:50:45.236   794  9833 I vendor.qti.bluetooth@1.0-ibs_handler: ProcessIbsCmd: Writing IBS_WAKE_ACK
06-27 12:50:45.237  9235  9344 D BtGatt.GattService: onScanFilterParamsConfigured() - clientIf=4, status=0, action=1, availableSpace=15
06-27 12:50:45.237  9235  9344 D BtGatt.ScanManager: callback done for scannerId - 4 status - 0
06-27 12:50:45.238  3125  3928 I NearbyPresence: (REDACTED) %s verified [==] new request %s equals to the old request
06-27 12:50:45.240  9235  9344 D BtGatt.GattService: onScanFilterParamsConfigured() - clientIf=4, status=0, action=1, availableSpace=16
06-27 12:50:45.240  9235  9344 D BtGatt.ScanManager: callback done for scannerId - 4 status - 0
06-27 12:50:45.240  9235  9448 D BtGatt.ScanManager: configureRegularScanParams() - queue=0
06-27 12:50:45.240  9235  9448 D BtGatt.ScanManager: configureRegularScanParams() - ScanSetting LE 1M Scan mode=-2147483648ScanSetting LE Coded Scan mode=-2147483648 mLastConfiguredScanSettingLE1M=1 mLastConfiguredScanSettingLECoded=-2147483648scanPhy=1
06-27 12:50:45.240  9235  9448 D BtGatt.ScanManager: configureRegularScanParams() - queue emtpy, scan stopped
06-27 12:50:45.240  9235  9448 D BtGatt.ScanManager: configureRegularScanParams() - queue emtpy, scan stopped
06-27 12:50:45.240  9235  9448 I BtGatt.ScanManager: msg.what = 8
06-27 12:50:45.240  9235  9448 I BtGatt.ScanManager: msg.what = 4
06-27 12:50:45.280   794  9833 I vendor.qti.bluetooth@1.0-ibs_handler: ProcessIbsCmd: Received IBS_SLEEP_IND: 0xFE
06-27 12:50:45.400  3570  3574 E DisplayCount: Received Idle power 0
06-27 12:50:45.401  1081  1213 I mi_thermald: generic_set_level: set generic device battery to 0
06-27 12:50:45.402   841   886 I sensors-hal: batch:180, android.sensor.light/50, period=200000000, max_latency=0
06-27 12:50:45.402   841   886 I sensors-hal: batch:189, android.sensor.light/50, period=200000000, max_latency=0 request completed
06-27 12:50:45.402   905   992 D DisplayFeatureHal: HandleDisplayState enter state 0, last state 1
06-27 12:50:45.402   905   992 D DisplayFeatureHal: onSuspend enter
06-27 12:50:45.403   905   992 D DisplayFeatureHal: Query DisplayPostproc service
06-27 12:50:45.403   969   969 D SurfaceFlinger: FOD postPowerModeFOD 0
06-27 12:50:45.403   969   969 D SurfaceFlinger: getHBMOverlayAlpha backlight=272, mFodSystemBacklight=272, mBrightnessBackup=13
06-27 12:50:45.403   969   969 D SurfaceFlinger: brightness=0; alpha=0.743164 mode=0, doze_state:0
06-27 12:50:45.403   969   969 D SurfaceFlinger: Finished setting power mode 0 on display 19260674575326081
06-27 12:50:45.403  1919  2586 D SurfaceControl: Excessive delay in setPowerMode()
06-27 12:50:45.404   839   839 I QTI PowerHAL: Power setMode: 7 to: 0
06-27 12:50:45.405   879   879 I ANDR-PERF-LM: LMPerfGlue: perfmodule_submit_request() 132: perfmodule_submit_request()
06-27 12:50:45.405   879   879 I ANDR-PERF-LM: Core: getInstance() 84: LM getInstance
06-27 12:50:45.405   879   879 I ANDR-PERF-LM: WQ: push() 59: LMTriggerQ push() size=7
06-27 12:50:45.405   879   879 I ANDR-PERF-LM: WQ: push() 61: LMTriggerQ push() done size=8
06-27 12:50:45.405   839   839 I QTI PowerHAL: Got set_interactive hint on= 0, count= 32
06-27 12:50:45.405   839   839 E QTI PowerHAL: Error opening /sys/kernel/hbtp/display_pwr: No such file or directory
06-27 12:50:45.406   811  2303 I Dpps    : AddNewDppsClient():431 New DPPS client accepted, client fd = 24, poll idx 2
06-27 12:50:45.406   811  2303 I Dpps    : HandleDppsClientEvent():921 Incoming message on client fd 24: 'ad:off'
06-27 12:50:45.406  1919  2207 I DreamManagerService: Entering dreamland.
06-27 12:50:45.406   811  2337 I SDM     : DisplayBuiltIn::ControlPartialUpdate: partial update is not applicable for display id = 28
06-27 12:50:45.407   811  2303 I Dpps    : HandleDppsClientEvent():903 Client connection 24 has closed
06-27 12:50:45.407   811  2303 I Dpps    : RemoveServerClient():297 closed fd 24 poll_idx 2
06-27 12:50:45.407   905   992 D DisplayFeatureHal: HandleDisplayState exit
06-27 12:50:45.407   905   992 D DisplayFeatureHal: isStartSensorControl ret 0
06-27 12:50:45.408  1919  2207 I PowerManagerService: Dozing...
06-27 12:50:45.410  1919  2121 W BroadcastQueue: Background execution not allowed: receiving Intent { act=android.intent.action.CLOSE_SYSTEM_DIALOGS flg=0x10 (has extras) } to com.rapido.passenger/bike.rapido.pip.receiver.ServiceActionsReceiver
06-27 12:50:45.407   905   992 D DisplayFeatureHal: isStartSensorControl ret 0
06-27 12:50:45.411  9395  9395 I VideoToolBoxService: onReceive: android.intent.action.CLOSE_SYSTEM_DIALOGS
06-27 12:50:45.411  9395  9395 I GameBoosterService: onReceive: android.intent.action.CLOSE_SYSTEM_DIALOGS
06-27 12:50:45.413  2671  2671 I vol.MiuiVolumeDialogImp-plugin: dismissH mShowing:false dialog showing:false reason:2
06-27 12:50:45.413  1919  2102 I DreamController: Starting dream: name=ComponentInfo{com.miui.aod/com.miui.aod.doze.DozeService}, isTest=false, canDoze=true, userId=0
06-27 12:50:45.415   885 10843 I vendor.qti.hardware.servicetracker@1.2-service: bindService is called for service : com.miui.aod/.doze.DozeService and for client system
06-27 12:50:45.415   885 10843 I vendor.qti.hardware.servicetracker@1.2-service: total connections for service : com.miui.aod/.doze.DozeServiceare :1
06-27 12:50:45.415   885 10843 I vendor.qti.hardware.servicetracker@1.2-service: total connections for client : systemare :25
06-27 12:50:45.415  1919  2102 D CompatibilityInfo: mCompatibilityFlags - 0
06-27 12:50:45.415  1919  2102 D CompatibilityInfo: applicationDensity - 440
06-27 12:50:45.415  1919  2102 D CompatibilityInfo: applicationScale - 1.0
06-27 12:50:45.417   885 10843 I vendor.qti.hardware.servicetracker@1.2-service: startService() is called for servicecom.miui.aod/.doze.DozeService
06-27 12:50:45.420  1919  2233 I ActivityTaskManager: START u0 {act=android.intent.action.CALL dat=tel:xxxxxxxxxx flg=0x10000000 cmp=com.android.server.telecom/.components.UserCallActivity} from uid 2000
06-27 12:50:45.421  1919  2233 W ActivityTaskManager: Permission Denial: starting Intent { act=android.intent.action.CALL dat=tel:xxxxxxxxxx flg=0x10000000 cmp=com.android.server.telecom/.components.UserCallActivity } from null (pid=29129, uid=2000) with revoked permission android.permission.CALL_PHONE
06-27 12:50:45.422 29129 29132 I cmd     : oneway function results will be dropped but finished with status OK and parcel size 4
06-27 12:50:45.443  3385  3385 I WakeupForPickupController: updateSupportPickUp: false
06-27 12:50:45.447  3385  3385 E DozeMachine: request: current=UNINITIALIZED req=INITIALIZED
06-27 12:50:45.447  3385  3385 E DozeMachine: java.lang.Throwable: here
06-27 12:50:45.447  3385  3385 E DozeMachine: 	at com.miui.aod.doze.DozeMachine.requestState(DozeMachine.java:169)
06-27 12:50:45.447  3385  3385 E DozeMachine: 	at com.miui.aod.doze.DozeMachine.requestState(DozeMachine.java:145)
06-27 12:50:45.447  3385  3385 E DozeMachine: 	at com.miui.aod.doze.DozeService.onDreamingStarted(DozeService.java:162)
06-27 12:50:45.447  3385  3385 E DozeMachine: 	at android.service.dreams.DreamService.lambda$attach$0$DreamService(DreamService.java:1014)
06-27 12:50:45.447  3385  3385 E DozeMachine: 	at android.service.dreams.-$$Lambda$DreamService$uqzqbrpptkCH_tc1jkx48W1A6vM.run(Unknown Source:4)
06-27 12:50:45.447  3385  3385 E DozeMachine: 	at android.service.dreams.DreamService.attach(DreamService.java:1045)
06-27 12:50:45.447  3385  3385 E DozeMachine: 	at android.service.dreams.DreamService.access$600(DreamService.java:155)
06-27 12:50:45.447  3385  3385 E DozeMachine: 	at android.service.dreams.DreamService$DreamServiceWrapper.lambda$attach$0$DreamService$DreamServiceWrapper(DreamService.java:1151)
06-27 12:50:45.447  3385  3385 E DozeMachine: 	at android.service.dreams.-$$Lambda$DreamService$DreamServiceWrapper$fKPQo1GZX03b5-nMg-IFcuuxhKs.run(Unknown Source:8)
06-27 12:50:45.447  3385  3385 E DozeMachine: 	at android.os.Handler.handleCallback(Handler.java:938)
06-27 12:50:45.447  3385  3385 E DozeMachine: 	at android.os.Handler.dispatchMessage(Handler.java:99)
06-27 12:50:45.447  3385  3385 E DozeMachine: 	at android.os.Looper.loop(Looper.java:236)
06-27 12:50:45.447  3385  3385 E DozeMachine: 	at android.app.ActivityThread.main(ActivityThread.java:8061)
06-27 12:50:45.447  3385  3385 E DozeMachine: 	at java.lang.reflect.Method.invoke(Native Method)
06-27 12:50:45.447  3385  3385 E DozeMachine: 	at com.android.internal.os.RuntimeInit$MethodAndArgsCaller.run(RuntimeInit.java:656)
06-27 12:50:45.447  3385  3385 E DozeMachine: 	at com.android.internal.os.ZygoteInit.main(ZygoteInit.java:967)
06-27 12:50:45.451  3385  3385 I DozeMachine: transition: old=UNINITIALIZED req=INITIALIZED new=INITIALIZED
06-27 12:50:45.453  2671  3054 I MiuiDozeServiceHost: onDozingRequested: true
06-27 12:50:45.454  2671  2671 E LockScreenMagazinePreView: getFullScreenLayout()  mRemoteFullScreenView:null
06-27 12:50:45.454  2671  2671 E LockScreenMagazinePreView: getFullScreenLayout()  mRemoteFullScreenView:null
06-27 12:50:45.454  2671  2671 D StatusBar: updateQsExpansionEnabled - QS Expand enabled: false
06-27 12:50:45.455  2671  2671 D KeyguardViewMediator: updateActivityLockScreenState(true, true)
06-27 12:50:45.455  3385  3385 I AODUpdatePositionController: getInitValue: lastInitValue 19 initValue 37
06-27 12:50:45.458  3385  3385 I AODUpdatePositionController: notifyGxzwIconState: visible false
06-27 12:50:45.458  3385  3385 I AODUpdatePositionController: AODUpdatePositionController: mAscSort true  0
06-27 12:50:45.461  2671  2671 D StatusBar: updateQsExpansionEnabled - QS Expand enabled: false
06-27 12:50:45.466  2671  2671 D KeyguardIndication:  switchIndication:Charging 40%
06-27 12:50:45.467  2671  2671 D StatusBar: disable<e i a s B H R c s > disable2<q i n >
06-27 12:50:45.467  2671  2671 D QS      : setListening true
06-27 12:50:45.467  2671  2671 D StatusBar: disable<e i a s B H R c s > disable2<q i n >
06-27 12:50:45.468  2671  2671 D StatusBar: disable<e i a s B H R c s > disable2<q i n >
06-27 12:50:45.468  2671  2671 D QS      : setListening true
06-27 12:50:45.468  2671  2671 D StatusBar: disable<e i a s B H R c s > disable2<q i n >
06-27 12:50:45.469  2671  2671 D KeyguardViewMediator: adjustStatusBarLocked: mShowing=true mOccluded=false isSecure=true force=false --> flags=0x1600000
06-27 12:50:45.469  2671  2671 D KeyguardViewBase: show()
06-27 12:50:45.469  2671  2671 V KeyguardSecurityView: showPrimarySecurityScreen(turningOff=false)
06-27 12:50:45.469  2671  2671 D KeyguardSecurityView: showSecurityScreen(Pattern)
06-27 12:50:45.469  2671  2671 D MiuiFaceManager: inernational:true supportR:[ALL] nowR:IN
06-27 12:50:45.469  2671  2671 D MiuiFaceManager: inernational:true supportR:[ALL] nowR:IN
06-27 12:50:45.470  2671  2671 I KeyguardViewMediator: getBouncerPromptReason trust = false biometrics = true bleUnlock = false strongAuth = 0
06-27 12:50:45.471  2625  2646 D MiuiKeyguardWallpaperRemoteService: onDozingChanged isDozing = true
06-27 12:50:45.472  2625  2625 D MiuiKeyguardPictorialWallpaper:  onDozingChanged: true supportAmbientMode: false
06-27 12:50:45.483  2625  2625 D ImageWallpaper: onSurfaceRedrawNeede: 
06-27 12:50:45.488  2625  2625 D MiuiKeyguardPictorialWallpaper:  onSurfaceRedrawNeede 
06-27 12:50:45.489  2671  2671 D KeyguardUpdateMonitor: handleKeyguardReset
06-27 12:50:45.491   969  2210 I BpBinder: onLastStrongRef automatically unlinking death recipients: <uncached descriptor>
06-27 12:50:45.491  2964  2964 E NavStubView: onSystemUiFlagsChanged  mIsShowNavBar=false
06-27 12:50:45.491  2671  2671 D StatusBar: disable<e i a s B H R c s > disable2<q i n >
06-27 12:50:45.502   969  3276 D Layer   : setAlpha hbm_overlay (alpha==0)
06-27 12:50:45.507  3385  3385 E com.miui.aod: Invalid ID 0x00000000.
06-27 12:50:45.507  3385  3385 E AODView : makeNormalPanel: {"attribute_flag":3,"bg_cluster":[-1],"is_change_color_alongtime":false,"name":"scope"}
06-27 12:50:45.507  3385  3385 W AODView : isLowMemDevice: false
06-27 12:50:45.508  3385  3385 I DozeHost: applySleepToken: 4194304
06-27 12:50:45.514  3385  3385 I AODUpdatePositionController: printDeviceInfo:  mGxzwIconX 0 mGxzwIconY 0 mCutoutHeight 96
06-27 12:50:45.514  3385  3385 D AODUpdatePositionController: (1, 6) position: 20 aodCurrent 38 mViewTop:0 49
06-27 12:50:45.515  3385  3385 W DozeScreenState: applyScreenState: setDozeScreenState 1
06-27 12:50:45.515  3385  3385 E DozeService: setDozeScreenState: 1 mPendingBrightness 0
06-27 12:50:45.515  3385  3385 I DozeMachine: transition: old=INITIALIZED req=DOZE new=DOZE
06-27 12:50:45.525  2964  2964 W NavStubView: onComputeInternalInsets  bounds=Rect(0, 0 - 1080, 68)   mHideGestureLine=false   mIsShowNavBar=false
06-27 12:50:45.526  3385  4067 I NotificationController: getSortedKey: size 3
06-27 12:50:45.526  3385  4067 I NotificationController: getSortedKey: -1|android|26|null|1000__0|com.android.shell|2020|test_channel|2000__-1|android|32|null|1000__
06-27 12:50:45.533  3385  4067 I NotificationController: printNotificationData: notificationDataList 3
06-27 12:50:45.533  2964  2964 E NavStubView: onSystemUiFlagsChanged  mIsShowNavBar=true
06-27 12:50:45.533  3385  4067 I NotificationController: { mPackageName: android mClassName  mIsForegroundService false}
06-27 12:50:45.533  3385  4067 I NotificationController: { mPackageName: com.android.shell mClassName  mIsForegroundService false}
06-27 12:50:45.533  3385  4067 I NotificationController: { mPackageName: android mClassName  mIsForegroundService false}
06-27 12:50:45.538  2671  2671 D StatusBar: disable<e i a s B H R c s > disable2<q i n >
