06-27 10:47:51.146   780   828 I libPowerHal: [setGPUFreq] INTERACTION user set gpu freq min:0, max:-1
06-27 10:47:51.146   780   828 I libPowerHal: INTERACTION: set gpu opp level max: 0
06-27 10:47:51.147   780   828 I libPowerHal: [setGPUFreq] Soft min/max = (0, 0); Hard min/max = (42, 0)
06-27 10:47:51.147   780   828 I libPowerHal: [setGPUFreq] final min/max = (0, 0)
06-27 10:47:51.147   780   828 I libPowerHal: INTERACTION: set gpu opp level: 0
06-27 10:47:51.147   780   828 I libPowerHal: INTERACTION: set gpu opp level max: 0
06-27 10:47:51.148   744   744 E PQ_HDR  : DpAsyncBlitStream:: thie platform unsupport compress format
06-27 10:47:51.148   744   744 E PQ_HDR  : DpAsyncBlitStream:: thie platform unsupport compress format
06-27 10:47:51.148   744   744 E PQ_HDR  : DpAsyncBlitStream:: thie platform unsupport compress format
06-27 10:47:51.148   744   744 E PQ_HDR  : DpAsyncBlitStream:: thie platform unsupport compress format
06-27 10:47:51.148   744   744 E PQ_HDR  : DpAsyncBlitStream:: thie platform unsupport compress format
06-27 10:47:51.150   780   828 I mtkpower@impl: [powerd_req] TIMER_MSG_PERF_LOCK_TIMEOUT hdl:6555
06-27 10:47:51.150   780   828 I libPowerHal: [perfLockRel] hdl:6555, idx:0
06-27 10:47:51.150   780   828 I libPowerHal: [unsetGPUFreq] current min:0, max:0; scn_gpu_min:0, scn_gpu_max:-1; scn_gpu_min(HL):-1, scn_gpu_max(HL):-1
06-27 10:47:51.150   780   828 I libPowerHal: [setGPUFreq] Soft min/max = (0, 0); Hard min/max = (42, 0)
06-27 10:47:51.150   780   828 I libPowerHal: [setGPUFreq] final min/max = (0, 0)
06-27 10:47:51.150   780   828 I libPowerHal: INTERACTION: set gpu opp level: 0
06-27 10:47:51.150   780   828 I libPowerHal: INTERACTION: set gpu opp level max: 0
06-27 10:47:51.151   780   828 I libPowerHal: [perfLockAcq] idx:0 hdl:6570 hint:53 pid:780 tid:780 duration:80 lock_user:mtkpower@1.0-se => ret_hdl:6570
06-27 10:47:51.151   780   828 I libPowerHal: [setClusterFreq] INTERACTION set cpufreq[0] min:2000000 max:-1 cpufreq[1] min:2400000 max:-1 
06-27 10:47:51.151   780   828 I libPowerHal: [setGPUFreq] INTERACTION user set gpu freq min:0, max:-1
06-27 10:47:51.152   780   828 I libPowerHal: INTERACTION: set gpu opp level max: 0
06-27 10:47:51.152   780   828 I libPowerHal: [setGPUFreq] Soft min/max = (0, 0); Hard min/max = (42, 0)
06-27 10:47:51.152   780   828 I libPowerHal: [setGPUFreq] final min/max = (0, 0)
06-27 10:47:51.152   780   828 I libPowerHal: INTERACTION: set gpu opp level: 0
06-27 10:47:51.152   780   828 I libPowerHal: INTERACTION: set gpu opp level max: 0
06-27 10:47:51.156   780   828 I mtkpower@impl: [powerd_req] TIMER_MSG_PERF_LOCK_TIMEOUT hdl:6556
06-27 10:47:51.156   780   828 I libPowerHal: [perfLockRel] hdl:6556, idx:17
06-27 10:47:51.156   780   828 I libPowerHal: [unsetGPUFreq] current min:0, max:0; scn_gpu_min:0, scn_gpu_max:-1; scn_gpu_min(HL):-1, scn_gpu_max(HL):-1
06-27 10:47:51.156   780   828 I libPowerHal: [setGPUFreq] Soft min/max = (0, 0); Hard min/max = (42, 0)
06-27 10:47:51.156   780   828 I libPowerHal: [setGPUFreq] final min/max = (0, 0)
06-27 10:47:51.156   780   828 I libPowerHal: INTERACTION: set gpu opp level: 0
06-27 10:47:51.156   780   828 I libPowerHal: INTERACTION: set gpu opp level max: 0
06-27 10:47:51.157   780   828 I libPowerHal: [perfLockAcq] idx:15 hdl:6571 hint:53 pid:780 tid:780 duration:80 lock_user:mtkpower@1.0-se => ret_hdl:6571
06-27 10:47:51.157   780   828 I libPowerHal: [setClusterFreq] INTERACTION set cpufreq[0] min:2000000 max:-1 cpufreq[1] min:2400000 max:-1 
06-27 10:47:51.157   780   828 I libPowerHal: [setGPUFreq] INTERACTION user set gpu freq min:0, max:-1
06-27 10:47:51.157   780   828 I libPowerHal: INTERACTION: set gpu opp level max: 0
06-27 10:47:51.157   780   828 I libPowerHal: [setGPUFreq] Soft min/max = (0, 0); Hard min/max = (42, 0)
06-27 10:47:51.157   780   828 I libPowerHal: [setGPUFreq] final min/max = (0, 0)
06-27 10:47:51.157   780   828 I libPowerHal: INTERACTION: set gpu opp level: 0
06-27 10:47:51.157   780   828 I libPowerHal: INTERACTION: set gpu opp level max: 0
06-27 10:47:51.159   744   744 E PQ_HDR  : DpAsyncBlitStream:: thie platform unsupport compress format
06-27 10:47:51.159   744   744 E PQ_HDR  : DpAsyncBlitStream:: thie platform unsupport compress format
06-27 10:47:51.159   744   744 E PQ_HDR  : DpAsyncBlitStream:: thie platform unsupport compress format
06-27 10:47:51.159   744   744 E PQ_HDR  : DpAsyncBlitStream:: thie platform unsupport compress format
06-27 10:47:51.159   744   744 E PQ_HDR  : DpAsyncBlitStream:: thie platform unsupport compress format
06-27 10:47:51.161   780   828 I mtkpower@impl: [powerd_req] TIMER_MSG_PERF_LOCK_TIMEOUT hdl:6557
06-27 10:47:51.161   780   828 I libPowerHal: [perfLockRel] hdl:6557, idx:1
06-27 10:47:51.161   780   828 I libPowerHal: [unsetGPUFreq] current min:0, max:0; scn_gpu_min:0, scn_gpu_max:-1; scn_gpu_min(HL):-1, scn_gpu_max(HL):-1
06-27 10:47:51.161   780   828 I libPowerHal: [setGPUFreq] Soft min/max = (0, 0); Hard min/max = (42, 0)
06-27 10:47:51.161   780   828 I libPowerHal: [setGPUFreq] final min/max = (0, 0)
06-27 10:47:51.161   780   828 I libPowerHal: INTERACTION: set gpu opp level: 0
06-27 10:47:51.161   780   828 I libPowerHal: INTERACTION: set gpu opp level max: 0
06-27 10:47:51.163   780   828 I libPowerHal: [perfLockAcq] idx:1 hdl:6572 hint:53 pid:780 tid:780 duration:80 lock_user:mtkpower@1.0-se => ret_hdl:6572
06-27 10:47:51.163   780   828 I libPowerHal: [setClusterFreq] INTERACTION set cpufreq[0] min:2000000 max:-1 cpufreq[1] min:2400000 max:-1 
06-27 10:47:51.163   780   828 I libPowerHal: [setGPUFreq] INTERACTION user set gpu freq min:0, max:-1
06-27 10:47:51.163   780   828 I libPowerHal: INTERACTION: set gpu opp level max: 0
06-27 10:47:51.163   780   828 I libPowerHal: [setGPUFreq] Soft min/max = (0, 0); Hard min/max = (42, 0)
06-27 10:47:51.163   780   828 I libPowerHal: [setGPUFreq] final min/max = (0, 0)
06-27 10:47:51.163   780   828 I libPowerHal: INTERACTION: set gpu opp level: 0
06-27 10:47:51.163   780   828 I libPowerHal: INTERACTION: set gpu opp level max: 0
06-27 10:47:51.164  1357  3598 I AppWidgetServiceImpl: startListening() 0
06-27 10:47:51.167   780   828 I mtkpower@impl: [powerd_req] TIMER_MSG_PERF_LOCK_TIMEOUT hdl:6558
06-27 10:47:51.167   780   828 I libPowerHal: [perfLockRel] hdl:6558, idx:2
06-27 10:47:51.167  1357  3598 I AppWidgetServiceImpl: getInstalledProvidersForProfiles() 0
06-27 10:47:51.167   780   828 I libPowerHal: [unsetGPUFreq] current min:0, max:0; scn_gpu_min:0, scn_gpu_max:-1; scn_gpu_min(HL):-1, scn_gpu_max(HL):-1
06-27 10:47:51.167   780   828 I libPowerHal: [setGPUFreq] Soft min/max = (0, 0); Hard min/max = (42, 0)
06-27 10:47:51.167   780   828 I libPowerHal: [setGPUFreq] final min/max = (0, 0)
06-27 10:47:51.167   780   828 I libPowerHal: INTERACTION: set gpu opp level: 0
06-27 10:47:51.167   780   828 I libPowerHal: INTERACTION: set gpu opp level max: 0
06-27 10:47:51.168  1357  3598 I AppWidgetServiceImpl: getInstalledProvidersForProfiles() 0
06-27 10:47:51.168  1911  1911 D b/267448330: provider: ComponentInfo{com.android.quicksearchbox/com.android.quicksearchbox.SearchWidgetProvider}, paddedSizes: [510.5x189.0, 510.5x187.0, 1000.5x82.5, 1000.5x82.5], getMinMaxSizes: Rect(510, 82 - 1000, 189)
06-27 10:47:51.168  1357  1441 I AppWidgetServiceImpl: getAppWidgetInfo() 0
06-27 10:47:51.168   780   828 I libPowerHal: [perfLockAcq] idx:2 hdl:6573 hint:53 pid:780 tid:780 duration:80 lock_user:mtkpower@1.0-se => ret_hdl:6573
06-27 10:47:51.168   780   828 I libPowerHal: [setClusterFreq] INTERACTION set cpufreq[0] min:2000000 max:-1 cpufreq[1] min:2400000 max:-1 
06-27 10:47:51.168   780   828 I libPowerHal: [setGPUFreq] INTERACTION user set gpu freq min:0, max:-1
06-27 10:47:51.168   780   828 I libPowerHal: INTERACTION: set gpu opp level max: 0
06-27 10:47:51.169   780   828 I libPowerHal: [setGPUFreq] Soft min/max = (0, 0); Hard min/max = (42, 0)
06-27 10:47:51.169   780   828 I libPowerHal: [setGPUFreq] final min/max = (0, 0)
06-27 10:47:51.169   780   828 I libPowerHal: INTERACTION: set gpu opp level: 0
06-27 10:47:51.169   780   828 I libPowerHal: INTERACTION: set gpu opp level max: 0
06-27 10:47:51.169  1357  1441 I AppWidgetServiceImpl: notifyProviderInheritance() 0
06-27 10:47:51.169   806   806 I BufferQueueProducer: [PointerLocation - display 0#54](this:0xb400006fb27aaec0,id:-1,api:0,p:-1,c:806) queueBuffer: fps=13.92 dur=1005.42 max=564.26 min=10.56
06-27 10:47:51.170  1357  1441 I AppWidgetServiceImpl: getAppWidgetViews() 0
06-27 10:47:51.170   744   744 E PQ_HDR  : DpAsyncBlitStream:: thie platform unsupport compress format
06-27 10:47:51.170   744   744 E PQ_HDR  : DpAsyncBlitStream:: thie platform unsupport compress format
06-27 10:47:51.170   744   744 E PQ_HDR  : DpAsyncBlitStream:: thie platform unsupport compress format
06-27 10:47:51.170   744   744 E PQ_HDR  : DpAsyncBlitStream:: thie platform unsupport compress format
06-27 10:47:51.170   744   744 E PQ_HDR  : DpAsyncBlitStream:: thie platform unsupport compress format
06-27 10:47:51.171   747   787 E HfLooper: dst->data[6.000000,0.000000,0.000000]
06-27 10:47:51.172   780   828 I mtkpower@impl: [powerd_req] TIMER_MSG_PERF_LOCK_TIMEOUT hdl:6559
06-27 10:47:51.172   780   828 I libPowerHal: [perfLockRel] hdl:6559, idx:18
06-27 10:47:51.172   780   828 I libPowerHal: [unsetGPUFreq] current min:0, max:0; scn_gpu_min:0, scn_gpu_max:-1; scn_gpu_min(HL):-1, scn_gpu_max(HL):-1
06-27 10:47:51.172   780   828 I libPowerHal: [setGPUFreq] Soft min/max = (0, 0); Hard min/max = (42, 0)
06-27 10:47:51.172   780   828 I libPowerHal: [setGPUFreq] final min/max = (0, 0)
06-27 10:47:51.172   780   828 I libPowerHal: INTERACTION: set gpu opp level: 0
06-27 10:47:51.173   780   828 I libPowerHal: INTERACTION: set gpu opp level max: 0
