06-27 12:30:21.347 22410 22527 I AdrenoGLES-0: Build Date                       : 03/19/21
06-27 12:30:21.347 22410 22527 I AdrenoGLES-0: OpenGL ES Shader Compiler Version: EV031.32.02.07
06-27 12:30:21.347 22410 22527 I AdrenoGLES-0: Local Branch                     : 
06-27 12:30:21.347 22410 22527 I AdrenoGLES-0: Remote Branch                    : refs/tags/AU_LINUX_ANDROID_LA.UM.9.1.R1.11.00.00.604.070
06-27 12:30:21.347 22410 22527 I AdrenoGLES-0: Remote Branch                    : NONE
06-27 12:30:21.347 22410 22527 I AdrenoGLES-0: Reconstruct Branch               : NOTHING
06-27 12:30:21.347 22410 22527 I AdrenoGLES-0: Build Config                     : S P 10.0.6 AArch64
06-27 12:30:21.347 22410 22527 I AdrenoGLES-0: Driver Path                      : /vendor/lib64/egl/libGLESv2_adreno.so
06-27 12:30:21.381 22410 22527 I AdrenoGLES-0: PFP: 0x016ee190, ME: 0x00000000
06-27 12:30:21.398 22410 22527 E libEGL  : call to OpenGL ES API with no current context (logged once per thread)
06-27 12:30:21.398 22410 22527 I chatty  : uid=10264(com.instagram.android) Lacrima_single_ identical 1 line
06-27 12:30:21.398 22410 22527 E libEGL  : call to OpenGL ES API with no current context (logged once per thread)
06-27 12:30:21.403 22380 22513 W ReactNativeJS: ViewPropTypes will be removed from React Native. Migrate to ViewPropTypes exported from 'deprecated-react-native-prop-types'.
06-27 12:30:21.410 22410 22527 E libEGL  : call to OpenGL ES API with no current context (logged once per thread)
06-27 12:30:21.419 22353 22353 D CAM_Camera2CompatAdapterCommon: ====================================================================
06-27 12:30:21.420 22353 22353 D CAM_Camera2CompatAdapterCommon:  BACK: [main, aux, sat, bokeh, virtual, infrared] = [0, 20, 60, 61, 62, 100]
06-27 12:30:21.420 22353 22353 D CAM_Camera2CompatAdapterCommon: FRONT: [main, aux, sat, bokeh, virtual, infrared] = [1, 101, -1, -1, -1, -1]
06-27 12:30:21.420 22353 22353 D CAM_Camera2CompatAdapterCommon: ====================================================================
06-27 12:30:21.420 22353 22353 D CAM_Camera2CompatAdapterCommon: X: init()
06-27 12:30:21.422 22353 22502 I android_os_HwBinder: HwBinder: Starting thread pool for getting: vendor.xiaomi.hardware.misys@1.0::IMiSys/default
06-27 12:30:21.423 22353 22502 I android_os_HwBinder: HwBinder: Starting thread pool for getting: vendor.xiaomi.hardware.misys@2.0::IMiSys/default
06-27 12:30:21.424 22353 22502 D CAM_WatermarkMiSysUtils: file raphaelin_main_space_custom_watermark.png isExist for iMiSys20.IsExists:true
06-27 12:30:21.425 22353 22502 I android_os_HwBinder: HwBinder: Starting thread pool for getting: vendor.xiaomi.hardware.misys@1.0::IMiSys/default
06-27 12:30:21.425 22353 22502 I android_os_HwBinder: HwBinder: Starting thread pool for getting: vendor.xiaomi.hardware.misys@2.0::IMiSys/default
06-27 12:30:21.426 22353 22502 D CAM_WatermarkMiSysUtils: file raphaelin_main_space_cinematic_ratio_custom_watermark.png isExist for iMiSys20.IsExists:true
06-27 12:30:21.456   879   879 I ANDR-PERF-LM: LMPerfGlue: perfmodule_submit_request() 132: perfmodule_submit_request()
06-27 12:30:21.456   879   879 I ANDR-PERF-LM: Core: getInstance() 84: LM getInstance
06-27 12:30:21.456   879   879 D ANDR-PERF-LM: Feature: lookup() 101: Feature Name = AppClassifier, total featuers = 3, featureFound = 1
06-27 12:30:21.456   879   879 D ANDR-PERF-LM: Feature: getData() 112: data.data = 1
06-27 12:30:21.456   879   879 I ANDR-PERF-LM: FeedbackAPI: getFeedback() 60: app:com.android.camera feature:AppClassifier feedback = 1
06-27 12:30:21.463  1919  2385 I MiuiNetworkPolicy: updateUidState uid = 10239, uidState = 8
06-27 12:30:21.463  1919  2385 I MiuiNetworkPolicy: updateUidState uid = 99004, uidState = 8
06-27 12:30:21.464 19231 19654 D AppsFlyerContentProvider: querying transactionId for com.myntra.android
06-27 12:30:21.469 19231 19654 D GlanceSDK_DB_AppPackage: getAppPackage for appPackageId com.myntra.android
06-27 12:30:21.476 19231 19654 D AppsFlyerContentProvider: transactionId not found for com.myntra.android
06-27 12:30:21.526 22410 22524 W BackupSoSource: adding backup source from split: ExtractFromZipSoSource[/data/app/~~6usR3HnnWcKpZIN8s8BjeQ==/com.instagram.android-o9soaaB0n2Z-g_oi58yn2g==/split_heliumcore.apk]
06-27 12:30:21.526 22410 22524 W BackupSoSource: adding backup source from split: ExtractFromZipSoSource[/data/app/~~6usR3HnnWcKpZIN8s8BjeQ==/com.instagram.android-o9soaaB0n2Z-g_oi58yn2g==/split_heliumiab.apk]
06-27 12:30:21.528 22410 22524 W SoLoader: SoLoader initialized: 2
06-27 12:30:21.531 22410 22524 W FbSoLoader: Will use precomputed native lib dependencies file, extractToDisk = false
06-27 12:30:21.532 22410 22524 W FbSoLoader: Initialized FBSoLoader
06-27 12:30:21.537   885  2734 I vendor.qti.hardware.servicetracker@1.2-service: unbindService is called for service : com.myntra.android/com.google.android.datatransport.runtime.scheduling.jobscheduling.JobInfoSchedulerService and for client system
06-27 12:30:21.537   885  2734 I vendor.qti.hardware.servicetracker@1.2-service: size of service connections for service: com.myntra.android/com.google.android.datatransport.runtime.scheduling.jobscheduling.JobInfoSchedulerServiceafter removal is 0
06-27 12:30:21.537   885  2734 I vendor.qti.hardware.servicetracker@1.2-service: size of client connections for client: systemafter removal is 23
06-27 12:30:21.538   885  2734 I vendor.qti.hardware.servicetracker@1.2-service: destroyService is called for service : com.myntra.android/com.google.android.datatransport.runtime.scheduling.jobscheduling.JobInfoSchedulerService
06-27 12:30:21.538 22410 22410 W ClassLoadsTracer: ClassTracingLogger not initialized, waiting for callback.
06-27 12:30:21.538 22410 22410 W ClassLoadsTracer: Installed ClassLoadsTracer to com.facebook.common.dextricks.MultiDexClassLoaderLight@1873a4b.
06-27 12:30:21.538 22410 22410 W InstagramAppShell: MultiDexClassLoaderLight installed
06-27 12:30:21.539 22410 22410 W SoLoader: Loading verifier on the main thread
06-27 12:30:21.542  1919  2385 I MiuiNetworkPolicy: updateUidState uid = 10251, uidState = 10
06-27 12:30:21.542  1919  2385 I MiuiNetworkPolicy: updateUidState uid = 99004, uidState = 10
06-27 12:30:21.542  1919  2385 I MiuiNetworkPolicy: updateUidState uid = 10246, uidState = 10
06-27 12:30:21.542  1919  2385 I MiuiNetworkPolicy: updateUidState uid = 10239, uidState = 10
06-27 12:30:21.542 22380 22513 W ReactNativeJS: `new NativeEventEmitter()` was called with a non-null argument without the required `addListener` method.
06-27 12:30:21.542 22380 22513 W ReactNativeJS: `new NativeEventEmitter()` was called with a non-null argument without the required `removeListeners` method.
06-27 12:30:21.546  1919  2653 I ActivityManager: Killing 21551:com.android.providers.calendar/u0a76 (adj 965): empty #17
06-27 12:30:21.549  1919  2653 I Process : PerfMonitor : current process sending signal quiet. PID: 21551 SIG: 9
06-27 12:30:21.550  1919  2134 I Process : PerfMonitor : current process killing process group. PID: 21551
06-27 12:30:21.550   879   879 I ANDR-PERF-LM: LMPerfGlue: perfmodule_submit_request() 132: perfmodule_submit_request()
06-27 12:30:21.550   879   879 I ANDR-PERF-LM: Core: getInstance() 84: LM getInstance
06-27 12:30:21.550   879   879 I ANDR-PERF-LM: WQ: push() 59: LMTriggerQ push() size=0
06-27 12:30:21.550   879   879 I ANDR-PERF-LM: WQ: push() 61: LMTriggerQ push() done size=1
06-27 12:30:21.550   879   984 I ANDR-PERF-LM: WQ: pop() 42: LMTriggerQ pop() done size=0
06-27 12:30:21.550   879   984 I ANDR-PERF-LM: Core: lmMain() 373: Waiting on trigger Queue
06-27 12:30:21.550   879   984 I ANDR-PERF-LM: WQ: pop() 31: LMTriggerQ pop() size=0
06-27 12:30:21.554  1919  2385 I MiuiNetworkPolicy: updateUidState uid = 10251, uidState = 19
06-27 12:30:21.554  1919  2385 I MiuiNetworkPolicy: updateUidState uid = 99004, uidState = 19
06-27 12:30:21.554  1919  2385 I MiuiNetworkPolicy: updateUidState uid = 10246, uidState = 19
06-27 12:30:21.554  1919  2385 I MiuiNetworkPolicy: updateUidState uid = 10239, uidState = 19
06-27 12:30:21.553 22410 22410 W stagram.android: type=1400 audit(0.0:3492): avc: granted { execute } for path="/data/data/com.instagram.android/lib-compressed/libearlystartup.so" dev="sda31" ino=6801491 scontext=u:r:untrusted_app:s0:c8,c257,c512,c768 tcontext=u:object_r:app_data_file:s0:c8,c257,c512,c768 tclass=file app=com.instagram.android
06-27 12:30:21.565 22410 22410 W SoLoader: Loading fb on the main thread
06-27 12:30:21.565 22410 22410 W SoLoader: Loading fb on the main thread
06-27 12:30:21.567 22410 22410 V v9p     : Disabled
06-27 12:30:21.569  7088  9694 W PSIUtils: MEMORY_SOME|26159202|2826380127948
06-27 12:30:21.601   885  2734 I vendor.qti.hardware.servicetracker@1.2-service: bindService is called for service : com.google.android.gms/.ads.identifier.service.AdvertisingIdService and for client com.myntra.android
06-27 12:30:21.601   885  2734 I vendor.qti.hardware.servicetracker@1.2-service: total connections for service : com.google.android.gms/.ads.identifier.service.AdvertisingIdServiceare :4
06-27 12:30:21.601   885  2734 I vendor.qti.hardware.servicetracker@1.2-service: total connections for client : com.myntra.androidare :3
06-27 12:30:21.608   879   879 I ANDR-PERF-LM: LMPerfGlue: perfmodule_submit_request() 132: perfmodule_submit_request()
06-27 12:30:21.608   879   879 I ANDR-PERF-LM: Core: getInstance() 84: LM getInstance
06-27 12:30:21.608   879   879 I ANDR-PERF-LM: WQ: push() 59: LMTriggerQ push() size=0
06-27 12:30:21.609   879   879 I ANDR-PERF-LM: WQ: push() 61: LMTriggerQ push() done size=1
06-27 12:30:21.609   879   984 I ANDR-PERF-LM: WQ: pop() 42: LMTriggerQ pop() done size=0
06-27 12:30:21.609   879   984 I ANDR-PERF-LM: Core: lmMain() 373: Waiting on trigger Queue
06-27 12:30:21.609   879   984 I ANDR-PERF-LM: WQ: pop() 31: LMTriggerQ pop() size=0
06-27 12:30:21.609   698   698 I Zygote  : Process 21551 exited due to signal 9 (Killed)
06-27 12:30:21.609   885  2734 I vendor.qti.hardware.servicetracker@1.2-service: killProcess is called for pid : 21551
06-27 12:30:21.610  1919  2653 W ANRStateManager: clear state, but process isn't exist. hash=101742266 uid=10076 pid=21551 state=16
06-27 12:30:21.610  8346 11722 I com.xiaomi.xms: oneway function results will be dropped but finished with status UNKNOWN_TRANSACTION and parcel size 0
06-27 12:30:21.610 22410 22549 W lacrima : The minidump file is empty!
06-27 12:30:21.612  1919  2385 I MiuiNetworkPolicy: removeUidState uid = 10076
06-27 12:30:21.613 22410 22549 W lacrima : Start AnrAppDeathDetector... X.1bc
06-27 12:30:21.614  1919  2134 I libprocessgroup: Successfully killed process cgroup uid 10076 pid 21551 in 63ms
06-27 12:30:21.614 22410 22549 E HeliumCrashReporter: Pending crash path /data/data/com.instagram.android/cache/webview_embedded/Helium Crashpad/pending/ is not a directory
06-27 12:30:21.603 22410 22410 W Lacrima_startup: type=1400 audit(0.0:3493): avc: granted { execute } for path="/data/data/com.instagram.android/lib-compressed/libstartup.so" dev="sda31" ino=6801589 scontext=u:r:untrusted_app:s0:c8,c257,c512,c768 tcontext=u:object_r:app_data_file:s0:c8,c257,c512,c768 tclass=file app=com.instagram.android
06-27 12:30:21.620   885  2734 I vendor.qti.hardware.servicetracker@1.2-service: unbindService is called for service : com.google.android.gms/.ads.identifier.service.AdvertisingIdService and for client com.myntra.android
06-27 12:30:21.620   885  2734 I vendor.qti.hardware.servicetracker@1.2-service: size of service connections for service: com.google.android.gms/.ads.identifier.service.AdvertisingIdServiceafter removal is 3
06-27 12:30:21.620   885  2734 I vendor.qti.hardware.servicetracker@1.2-service: size of client connections for client: com.myntra.androidafter removal is 2
06-27 12:30:21.652 22410 22410 I ContentProviderMonitor: PerfMonitor installContentProviders : before publish content providers
06-27 12:30:21.667 22410 22410 W MDCLLight: MultiDexClassLoaderLight already installed
06-27 12:30:21.667 22410 22410 W InstagramAppShell: MultiDexClassLoaderLight installed
06-27 12:30:21.667 22410 22410 W SoLoader: Loading fbjni on the main thread
06-27 12:30:21.668 22410 22410 W SoLoader: Loading profilo_apiimpl on the main thread
06-27 12:30:21.679 22410 22410 W SoLoader: Loading profilo_configjni on the main thread
06-27 12:30:21.680 22410 22410 W SoLoader: Loading profilo_configjni on the main thread
06-27 12:30:21.680 22410 22410 W SoLoader: Loading profilo_mmapbuf on the main thread
06-27 12:30:21.681 22410 22410 W SoLoader: Loading profilo on the main thread
06-27 12:30:21.688 22410 22410 W Profilo/TraceControl: START PROFILO_TRACEID: Db8IdOP3yQ+
06-27 12:30:21.689 22410 22410 W SoLoader: Loading profilo_mmapbuf on the main thread
06-27 12:30:21.691 22410 22410 W SoLoader: Loading profilo on the main thread
06-27 12:30:21.695 22410 22410 I chatty  : uid=10264(com.instagram.android) identical 2 lines
06-27 12:30:21.695 22410 22410 W SoLoader: Loading profilo on the main thread
06-27 12:30:21.703 22410 22410 W Lacrima_startup: type=1400 audit(0.0:3494): avc: denied { read } for name="memory.usage_in_bytes" dev="cgroup" ino=8 scontext=u:r:untrusted_app:s0:c8,c257,c512,c768 tcontext=u:object_r:cgroup:s0 tclass=file permissive=0 app=com.instagram.android
06-27 12:30:21.724 22380 22513 W ReactNativeJS: `new NativeEventEmitter()` was called with a non-null argument without the required `addListener` method.
06-27 12:30:21.724 22380 22513 W ReactNativeJS: `new NativeEventEmitter()` was called with a non-null argument without the required `removeListeners` method.
06-27 12:30:21.725 22380 22513 W ReactNativeJS: Warning: RNCNetInfo - You are using the deprecated API. It will still work, but you must upgrade to the new API to receive the new features. The old API will be removed in the future
06-27 12:30:21.746 22410 22410 W MDCLLight: Failed to load class from parent: kotlinx.coroutines.test.internal.TestMainDispatcherFactory
06-27 12:30:21.746 22410 22410 W MDCLLight: java.lang.ClassNotFoundException: kotlinx.coroutines.test.internal.TestMainDispatcherFactory
06-27 12:30:21.746 22410 22410 W MDCLLight: 	at java.lang.Class.classForName(Native Method)
06-27 12:30:21.746 22410 22410 W MDCLLight: 	at java.lang.BootClassLoader.findClass(ClassLoader.java:1358)
06-27 12:30:21.746 22410 22410 W MDCLLight: 	at java.lang.BootClassLoader.loadClass(ClassLoader.java:1418)
06-27 12:30:21.746 22410 22410 W MDCLLight: 	at java.lang.ClassLoader.loadClass(ClassLoader.java:312)
06-27 12:30:21.746 22410 22410 W MDCLLight: 	at com.facebook.common.dextricks.MultiDexClassLoaderLight.loadFromParent(:4)
06-27 12:30:21.746 22410 22410 W MDCLLight: 	at com.facebook.common.dextricks.MultiDexClassLoaderLight.loadClass(:38)
06-27 12:30:21.746 22410 22410 W MDCLLight: 	at java.lang.ClassLoader.loadClass(ClassLoader.java:367)
06-27 12:30:21.746 22410 22410 W MDCLLight: 	at java.lang.ClassLoader.loadClass(ClassLoader.java:312)
06-27 12:30:21.746 22410 22410 W MDCLLight: 	at java.lang.Class.classForName(Native Method)
06-27 12:30:21.746 22410 22410 W MDCLLight: 	at java.lang.Class.forName(Class.java:454)
06-27 12:30:21.746 22410 22410 W MDCLLight: 	at X.4A5.<clinit>(:60)
06-27 12:30:21.746 22410 22410 W MDCLLight: 	at X.3cu.<init>(:268435469)
06-27 12:30:21.746 22410 22410 W MDCLLight: 	at X.3cv.<clinit>(:2)
06-27 12:30:21.746 22410 22410 W MDCLLight: 	at X.8MU.invoke(:889)
06-27 12:30:21.746 22410 22410 W MDCLLight: 	at X.4aF.A00(:11)
06-27 12:30:21.746 22410 22410 W MDCLLight: 	at com.instagram.process.instagram.InstagramApplicationForMainProcess.initializeAllColdStartJobs(:830)
06-27 12:30:21.746 22410 22410 W MDCLLight: 	at com.instagram.process.instagram.InstagramApplicationForMainProcess.scheduleInitializers(:246)
06-27 12:30:21.746 22410 22410 W MDCLLight: 	at com.instagram.process.instagram.InstagramApplicationForMainProcess.onCreate(:78)
06-27 12:30:21.746 22410 22410 W MDCLLight: 	at com.instagram.app.InstagramAppShell.onCreate(:1001)
06-27 12:30:21.746 22410 22410 W MDCLLight: 	at android.app.Instrumentation.callApplicationOnCreate(Instrumentation.java:1193)
06-27 12:30:21.746 22410 22410 W MDCLLight: 	at android.app.ActivityThread.handleBindApplication(ActivityThread.java:6994)
06-27 12:30:21.746 22410 22410 W MDCLLight: 	at android.app.ActivityThread.access$1500(ActivityThread.java:258)
06-27 12:30:21.746 22410 22410 W MDCLLight: 	at android.app.ActivityThread$H.handleMessage(ActivityThread.java:1983)
06-27 12:30:21.746 22410 22410 W MDCLLight: 	at android.os.Handler.dispatchMessage(Handler.java:106)
06-27 12:30:21.746 22410 22410 W MDCLLight: 	at android.os.Looper.loop(Looper.java:236)
06-27 12:30:21.746 22410 22410 W MDCLLight: 	at android.app.ActivityThread.main(ActivityThread.java:8061)
06-27 12:30:21.746 22410 22410 W MDCLLight: 	at java.lang.reflect.Method.invoke(Native Method)
06-27 12:30:21.746 22410 22410 W MDCLLight: 	at com.android.internal.os.RuntimeInit$MethodAndArgsCaller.run(RuntimeInit.java:656)
06-27 12:30:21.746 22410 22410 W MDCLLight: 	at com.android.internal.os.ZygoteInit.main(ZygoteInit.java:967)
06-27 12:30:21.746 22410 22410 W MDCLLight: Caused by: java.lang.NoClassDefFoundError: Class not found using the boot class loader; no stack trace available
06-27 12:30:21.746 22410 22410 W MDCLLight: tryFallbackLoadDex: fallbackLoader is null, unable to fallback load dex for kotlinx.coroutines.test.internal.TestMainDispatcherFactory
06-27 12:30:21.746 22410 22410 E MDCLLight: Fallback load dex failed for kotlinx.coroutines.test.internal.TestMainDispatcherFactory
06-27 12:30:21.758 22410 22549 W lacrima : Start AnrDetector... com.facebook.acra.anr.multisignal.MultiSignalANRDetector
06-27 12:30:21.758 22410 22549 W MultiSignalANRDetectorLacrima: Starting
06-27 12:30:21.759 22410 22549 W ProcessAnrErrorMonitor: startMonitoring with delay: 0
06-27 12:30:21.759 22410 22410 W SoLoader: Loading hiddenapis2 on the main thread
06-27 12:30:21.762 22410 22583 W ProcessAnrErrorMonitor: Starting process monitor checks for process 'com.instagram.android'
06-27 12:30:21.762 22410 22583 W MultiSignalANRDetectorLacrima: Started monitoring
06-27 12:30:21.770 22410 22582 W SigquitDetectorLacrima: nativeInit
06-27 12:30:21.795 22410 22549 W dalvik-internals: sigaction64 succeeded
06-27 12:30:21.796 22410 22549 D dalvik-internals: SuspendAndroid11: Found all symbols
06-27 12:30:21.796 22410 22549 D dalvik-internals: SuspendAndroid11: Suspending threads.
06-27 12:30:21.796 22410 22549 D dalvik-internals: SuspendAndroid11: Resuming threads.
06-27 12:30:21.796 22410 22549 V dalvik-internals: hooked signal using trap ()
06-27 12:30:21.796 22410 22549 V dalvik-internals: hooked sigaction using trap ()
06-27 12:30:21.796 22410 22549 I dalvik-internals: integrateWithCrashLog crashlog: /data/user/0/com.instagram.android/crash_log, insta_crashlog: /data/user/0/com.instagram.android/insta_crash_log
06-27 12:30:21.796 22410 22549 I dalvik-internals: installed sigmux crash handler for crash log
06-27 12:30:21.797 22410 22549 W lacrima : LacrimaInitializer.init
06-27 12:30:21.797 22410 22549 W lacrima : Cannot find registered detector
06-27 12:30:21.819 22410 22410 W SoLoader: Loading threadutils-jni on the main thread
06-27 12:30:21.821 22410 22410 W SoLoader: Loading fb_mboost-lite on the main thread
06-27 12:30:21.827 22410 22532 W lacrima : FixedLengthFiles.init() called twice.
06-27 12:30:21.827 22410 22532 W lacrima : FixedLengthFiles.init() called twice.
06-27 12:30:21.835 22410 22576 D MobileBoostJNI: Found relevant map entry 7c854cb000-7c858da000 r--s 04bde000 103:0f 115949                        /data/app/~~6usR3HnnWcKpZIN8s8BjeQ==/com.instagram.android-o9soaaB0n2Z-g_oi58yn2g==/base.apk
06-27 12:30:21.835 22410 22576 D MobileBoostJNI: Found relevant map entry 7c869d8000-7c879fb000 r--p 00000000 103:0f 115030                        /data/app/~~6usR3HnnWcKpZIN8s8BjeQ==/com.instagram.android-o9soaaB0n2Z-g_oi58yn2g==/oat/arm64/base.odex
06-27 12:30:21.835 22410 22576 D MobileBoostJNI: Found relevant map entry 7c879fb000-7c8b7be000 r-xp 01023000 103:0f 115030                        /data/app/~~6usR3HnnWcKpZIN8s8BjeQ==/com.instagram.android-o9soaaB0n2Z-g_oi58yn2g==/oat/arm64/base.odex
06-27 12:30:21.835 22410 22576 D MobileBoostJNI: Found relevant map entry 7c8b7be000-7c8b7c2000 r--p 04de6000 103:0f 115030                        /data/app/~~6usR3HnnWcKpZIN8s8BjeQ==/com.instagram.android-o9soaaB0n2Z-g_oi58yn2g==/oat/arm64/base.odex
06-27 12:30:21.835 22410 22576 D MobileBoostJNI: Found relevant map entry 7c8b875000-7c923a0000 r--p 00000000 103:0f 115069                        /data/app/~~6usR3HnnWcKpZIN8s8BjeQ==/com.instagram.android-o9soaaB0n2Z-g_oi58yn2g==/oat/arm64/base.vdex
06-27 12:30:21.835 22410 22576 D MobileBoostJNI: Found relevant map entry 7c923a0000-7c923a1000 r--p 04dea000 103:0f 115030                        /data/app/~~6usR3HnnWcKpZIN8s8BjeQ==/com.instagram.android-o9soaaB0n2Z-g_oi58yn2g==/oat/arm64/base.odex
06-27 12:30:21.835 22410 22576 D MobileBoostJNI: Found relevant map entry 7c923a1000-7c923a2000 rw-p 04deb000 103:0f 115030                        /data/app/~~6usR3HnnWcKpZIN8s8BjeQ==/com.instagram.android-o9soaaB0n2Z-g_oi58yn2g==/oat/arm64/base.odex
06-27 12:30:21.837 22410 22576 D MobileBoostJNI: Found relevant map entry 7ce9135000-7ce919f000 r--s 04ff1000 103:0f 115949                        /data/app/~~6usR3HnnWcKpZIN8s8BjeQ==/com.instagram.android-o9soaaB0n2Z-g_oi58yn2g==/base.apk
06-27 12:30:21.839 22380 22513 W ReactNativeJS: PointPropType will be removed from React Native. Migrate to PointPropType exported from 'deprecated-react-native-prop-types'.
06-27 12:30:21.839 22380 22513 W ReactNativeJS: PointPropType will be removed from React Native. Migrate to PointPropType exported from 'deprecated-react-native-prop-types'.
06-27 12:30:21.839 22380 22513 W ReactNativeJS: ViewPropTypes will be removed from React Native. Migrate to ViewPropTypes exported from 'deprecated-react-native-prop-types'.
06-27 12:30:21.855 22410 22576 D MobileBoostJNI: Memory locked: 4255744, mlock2: 0
06-27 12:30:21.862 22410 22576 D MobileBoostJNI: Memory locked: 21176320, mlock2: 0
06-27 12:30:21.863 22410 22410 W IgMetaConfig: Could not obtain MC: null_factory 
06-27 12:30:21.863 22410 22410 W IgMetaConfig: java.lang.RuntimeException: Could not obtain MC, call-site will receive default values
06-27 12:30:21.863 22410 22410 W IgMetaConfig: 	at X.4mp.A06(:4)
06-27 12:30:21.863 22410 22410 W IgMetaConfig: 	at X.4mp.A05(:8)
06-27 12:30:21.863 22410 22410 W IgMetaConfig: 	at X.4mp.A03(:2)
06-27 12:30:21.863 22410 22410 W IgMetaConfig: 	at X.4mc.A01(:248)
06-27 12:30:21.863 22410 22410 W IgMetaConfig: 	at X.0Ym.<init>(:229)
06-27 12:30:21.863 22410 22410 W IgMetaConfig: 	at X.1gr.invoke(:714)
06-27 12:30:21.863 22410 22410 W IgMetaConfig: 	at X.1np.getValue(:25)
06-27 12:30:21.863 22410 22410 W IgMetaConfig: 	at X.0bm.A00(:4)
06-27 12:30:21.863 22410 22410 W IgMetaConfig: 	at X.0bm.A05(:4)
06-27 12:30:21.863 22410 22410 W IgMetaConfig: 	at X.4at.A08(:43)
06-27 12:30:21.863 22410 22410 W IgMetaConfig: 	at X.4aX.A04(:33)
06-27 12:30:21.863 22410 22410 W IgMetaConfig: 	at X.4a5.A00(:89)
06-27 12:30:21.863 22410 22410 W IgMetaConfig: 	at com.instagram.process.instagram.InstagramApplicationForMainProcess.initializeAllColdStartJobs(:844)
06-27 12:30:21.863 22410 22410 W IgMetaConfig: 	at com.instagram.process.instagram.InstagramApplicationForMainProcess.scheduleInitializers(:246)
06-27 12:30:21.863 22410 22410 W IgMetaConfig: 	at com.instagram.process.instagram.InstagramApplicationForMainProcess.onCreate(:78)
06-27 12:30:21.863 22410 22410 W IgMetaConfig: 	at com.instagram.app.InstagramAppShell.onCreate(:1001)
06-27 12:30:21.863 22410 22410 W IgMetaConfig: 	at android.app.Instrumentation.callApplicationOnCreate(Instrumentation.java:1193)
06-27 12:30:21.863 22410 22410 W IgMetaConfig: 	at android.app.ActivityThread.handleBindApplication(ActivityThread.java:6994)
06-27 12:30:21.863 22410 22410 W IgMetaConfig: 	at android.app.ActivityThread.access$1500(ActivityThread.java:258)
06-27 12:30:21.863 22410 22410 W IgMetaConfig: 	at android.app.ActivityThread$H.handleMessage(ActivityThread.java:1983)
06-27 12:30:21.863 22410 22410 W IgMetaConfig: 	at android.os.Handler.dispatchMessage(Handler.java:106)
06-27 12:30:21.863 22410 22410 W IgMetaConfig: 	at android.os.Looper.loop(Looper.java:236)
06-27 12:30:21.863 22410 22410 W IgMetaConfig: 	at android.app.ActivityThread.main(ActivityThread.java:8061)
06-27 12:30:21.863 22410 22410 W IgMetaConfig: 	at java.lang.reflect.Method.invoke(Native Method)
06-27 12:30:21.863 22410 22410 W IgMetaConfig: 	at com.android.internal.os.RuntimeInit$MethodAndArgsCaller.run(RuntimeInit.java:656)
06-27 12:30:21.863 22410 22410 W IgMetaConfig: 	at com.android.internal.os.ZygoteInit.main(ZygoteInit.java:967)
06-27 12:30:21.864 22410 22410 W IgMetaConfig: Could not obtain MC: null_factory 
06-27 12:30:21.864 22410 22410 W IgMetaConfig: java.lang.RuntimeException: Could not obtain MC, call-site will receive default values
06-27 12:30:21.864 22410 22410 W IgMetaConfig: 	at X.4mp.A06(:4)
06-27 12:30:21.864 22410 22410 W IgMetaConfig: 	at X.4mp.A05(:8)
06-27 12:30:21.864 22410 22410 W IgMetaConfig: 	at X.4mp.A03(:2)
06-27 12:30:21.864 22410 22410 W IgMetaConfig: 	at X.4na.A00(:0)
06-27 12:30:21.864 22410 22410 W IgMetaConfig: 	at com.instagram.user.model.User.A0m(:2)
06-27 12:30:21.864 22410 22410 W IgMetaConfig: 	at X.4mc.A01(:317)
06-27 12:30:21.864 22410 22410 W IgMetaConfig: 	at X.0Ym.<init>(:229)
06-27 12:30:21.864 22410 22410 W IgMetaConfig: 	at X.1gr.invoke(:714)
06-27 12:30:21.864 22410 22410 W IgMetaConfig: 	at X.1np.getValue(:25)
06-27 12:30:21.864 22410 22410 W IgMetaConfig: 	at X.0bm.A00(:4)
06-27 12:30:21.864 22410 22410 W IgMetaConfig: 	at X.0bm.A05(:4)
06-27 12:30:21.864 22410 22410 W IgMetaConfig: 	at X.4at.A08(:43)
06-27 12:30:21.864 22410 22410 W IgMetaConfig: 	at X.4aX.A04(:33)
06-27 12:30:21.864 22410 22410 W IgMetaConfig: 	at X.4a5.A00(:89)
06-27 12:30:21.864 22410 22410 W IgMetaConfig: 	at com.instagram.process.instagram.InstagramApplicationForMainProcess.initializeAllColdStartJobs(:844)
06-27 12:30:21.864 22410 22410 W IgMetaConfig: 	at com.instagram.process.instagram.InstagramApplicationForMainProcess.scheduleInitializers(:246)
06-27 12:30:21.864 22410 22410 W IgMetaConfig: 	at com.instagram.process.instagram.InstagramApplicationForMainProcess.onCreate(:78)
06-27 12:30:21.864 22410 22410 W IgMetaConfig: 	at com.instagram.app.InstagramAppShell.onCreate(:1001)
06-27 12:30:21.864 22410 22410 W IgMetaConfig: 	at android.app.Instrumentation.callApplicationOnCreate(Instrumentation.java:1193)
06-27 12:30:21.864 22410 22410 W IgMetaConfig: 	at android.app.ActivityThread.handleBindApplication(ActivityThread.java:6994)
06-27 12:30:21.864 22410 22410 W IgMetaConfig: 	at android.app.ActivityThread.access$1500(ActivityThread.java:258)
06-27 12:30:21.864 22410 22410 W IgMetaConfig: 	at android.app.ActivityThread$H.handleMessage(ActivityThread.java:1983)
06-27 12:30:21.864 22410 22410 W IgMetaConfig: 	at android.os.Handler.dispatchMessage(Handler.java:106)
06-27 12:30:21.864 22410 22410 W IgMetaConfig: 	at android.os.Looper.loop(Looper.java:236)
06-27 12:30:21.864 22410 22410 W IgMetaConfig: 	at android.app.ActivityThread.main(ActivityThread.java:8061)
06-27 12:30:21.864 22410 22410 W IgMetaConfig: 	at java.lang.reflect.Method.invoke(Native Method)
06-27 12:30:21.864 22410 22410 W IgMetaConfig: 	at com.android.internal.os.RuntimeInit$MethodAndArgsCaller.run(RuntimeInit.java:656)
06-27 12:30:21.864 22410 22410 W IgMetaConfig: 	at com.android.internal.os.ZygoteInit.main(ZygoteInit.java:967)
06-27 12:30:21.864 22410 22410 W IgMetaConfig: Could not obtain MC: null_factory 
06-27 12:30:21.864 22410 22410 W IgMetaConfig: java.lang.RuntimeException: Could not obtain MC, call-site will receive default values
06-27 12:30:21.864 22410 22410 W IgMetaConfig: 	at X.4mp.A06(:4)
06-27 12:30:21.864 22410 22410 W IgMetaConfig: 	at X.4mp.A05(:8)
06-27 12:30:21.864 22410 22410 W IgMetaConfig: 	at X.4mp.A03(:2)
06-27 12:30:21.864 22410 22410 W IgMetaConfig: 	at X.4na.A00(:15)
06-27 12:30:21.864 22410 22410 W IgMetaConfig: 	at com.instagram.user.model.User.A0m(:2)
06-27 12:30:21.864 22410 22410 W IgMetaConfig: 	at X.4mc.A01(:317)
06-27 12:30:21.864 22410 22410 W IgMetaConfig: 	at X.0Ym.<init>(:229)
06-27 12:30:21.864 22410 22410 W IgMetaConfig: 	at X.1gr.invoke(:714)
06-27 12:30:21.864 22410 22410 W IgMetaConfig: 	at X.1np.getValue(:25)
06-27 12:30:21.864 22410 22410 W IgMetaConfig: 	at X.0bm.A00(:4)
06-27 12:30:21.864 22410 22410 W IgMetaConfig: 	at X.0bm.A05(:4)
06-27 12:30:21.864 22410 22410 W IgMetaConfig: 	at X.4at.A08(:43)
06-27 12:30:21.864 22410 22410 W IgMetaConfig: 	at X.4aX.A04(:33)
06-27 12:30:21.864 22410 22410 W IgMetaConfig: 	at X.4a5.A00(:89)
06-27 12:30:21.864 22410 22410 W IgMetaConfig: 	at com.instagram.process.instagram.InstagramApplicationForMainProcess.initializeAllColdStartJobs(:844)
06-27 12:30:21.864 22410 22410 W IgMetaConfig: 	at com.instagram.process.instagram.InstagramApplicationForMainProcess.scheduleInitializers(:246)
06-27 12:30:21.864 22410 22410 W IgMetaConfig: 	at com.instagram.process.instagram.InstagramApplicationForMainProcess.onCreate(:78)
06-27 12:30:21.864 22410 22410 W IgMetaConfig: 	at com.instagram.app.InstagramAppShell.onCreate(:1001)
06-27 12:30:21.864 22410 22410 W IgMetaConfig: 	at android.app.Instrumentation.callApplicationOnCreate(Instrumentation.java:1193)
06-27 12:30:21.864 22410 22410 W IgMetaConfig: 	at android.app.ActivityThread.handleBindApplication(ActivityThread.java:6994)
06-27 12:30:21.864 22410 22410 W IgMetaConfig: 	at android.app.ActivityThread.access$1500(ActivityThread.java:258)
06-27 12:30:21.864 22410 22410 W IgMetaConfig: 	at android.app.ActivityThread$H.handleMessage(ActivityThread.java:1983)
06-27 12:30:21.864 22410 22410 W IgMetaConfig: 	at android.os.Handler.dispatchMessage(Handler.java:106)
06-27 12:30:21.864 22410 22410 W IgMetaConfig: 	at android.os.Looper.loop(Looper.java:236)
06-27 12:30:21.864 22410 22410 W IgMetaConfig: 	at android.app.ActivityThread.main(ActivityThread.java:8061)
06-27 12:30:21.864 22410 22410 W IgMetaConfig: 	at java.lang.reflect.Method.invoke(Native Method)
06-27 12:30:21.864 22410 22410 W IgMetaConfig: 	at com.android.internal.os.RuntimeInit$MethodAndArgsCaller.run(RuntimeInit.java:656)
06-27 12:30:21.864 22410 22410 W IgMetaConfig: 	at com.android.internal.os.ZygoteInit.main(ZygoteInit.java:967)
06-27 12:30:21.864 22410 22410 W IgMetaConfig: Could not obtain MC: null_factory 
06-27 12:30:21.864 22410 22410 W IgMetaConfig: java.lang.RuntimeException: Could not obtain MC, call-site will receive default values
06-27 12:30:21.864 22410 22410 W IgMetaConfig: 	at X.4mp.A06(:4)
06-27 12:30:21.864 22410 22410 W IgMetaConfig: 	at X.4mp.A05(:8)
06-27 12:30:21.864 22410 22410 W IgMetaConfig: 	at X.4mp.A03(:2)
06-27 12:30:21.864 22410 22410 W IgMetaConfig: 	at X.4na.A00(:30)
06-27 12:30:21.864 22410 22410 W IgMetaConfig: 	at com.instagram.user.model.User.A0m(:2)
06-27 12:30:21.864 22410 22410 W IgMetaConfig: 	at X.4mc.A01(:317)
06-27 12:30:21.864 22410 22410 W IgMetaConfig: 	at X.0Ym.<init>(:229)
06-27 12:30:21.864 22410 22410 W IgMetaConfig: 	at X.1gr.invoke(:714)
06-27 12:30:21.864 22410 22410 W IgMetaConfig: 	at X.1np.getValue(:25)
06-27 12:30:21.864 22410 22410 W IgMetaConfig: 	at X.0bm.A00(:4)
06-27 12:30:21.864 22410 22410 W IgMetaConfig: 	at X.0bm.A05(:4)
06-27 12:30:21.864 22410 22410 W IgMetaConfig: 	at X.4at.A08(:43)
06-27 12:30:21.864 22410 22410 W IgMetaConfig: 	at X.4aX.A04(:33)
06-27 12:30:21.864 22410 22410 W IgMetaConfig: 	at X.4a5.A00(:89)
06-27 12:30:21.864 22410 22410 W IgMetaConfig: 	at com.instagram.process.instagram.InstagramApplicationForMainProcess.initializeAllColdStartJobs(:844)
06-27 12:30:21.864 22410 22410 W IgMetaConfig: 	at com.instagram.process.instagram.InstagramApplicationForMainProcess.scheduleInitializers(:246)
06-27 12:30:21.864 22410 22410 W IgMetaConfig: 	at com.instagram.process.instagram.InstagramApplicationForMainProcess.onCreate(:78)
06-27 12:30:21.864 22410 22410 W IgMetaConfig: 	at com.instagram.app.InstagramAppShell.onCreate(:1001)
06-27 12:30:21.864 22410 22410 W IgMetaConfig: 	at android.app.Instrumentation.callApplicationOnCreate(Instrumentation.java:1193)
06-27 12:30:21.864 22410 22410 W IgMetaConfig: 	at android.app.ActivityThread.handleBindApplication(ActivityThread.java:6994)
06-27 12:30:21.864 22410 22410 W IgMetaConfig: 	at android.app.ActivityThread.access$1500(ActivityThread.java:258)
06-27 12:30:21.864 22410 22410 W IgMetaConfig: 	at android.app.ActivityThread$H.handleMessage(ActivityThread.java:1983)
06-27 12:30:21.864 22410 22410 W IgMetaConfig: 	at android.os.Handler.dispatchMessage(Handler.java:106)
06-27 12:30:21.864 22410 22410 W IgMetaConfig: 	at android.os.Looper.loop(Looper.java:236)
06-27 12:30:21.864 22410 22410 W IgMetaConfig: 	at android.app.ActivityThread.main(ActivityThread.java:8061)
06-27 12:30:21.864 22410 22410 W IgMetaConfig: 	at java.lang.reflect.Method.invoke(Native Method)
06-27 12:30:21.864 22410 22410 W IgMetaConfig: 	at com.android.internal.os.RuntimeInit$MethodAndArgsCaller.run(RuntimeInit.java:656)
06-27 12:30:21.864 22410 22410 W IgMetaConfig: 	at com.android.internal.os.ZygoteInit.main(ZygoteInit.java:967)
06-27 12:30:21.865 22410 22410 W SoLoader: Loading live-tree-jni on the main thread
06-27 12:30:21.865 22410 22576 D MobileBoostJNI: Failed to lock memory at 0x7c879fb000, errno: 12, mlock2: 0
06-27 12:30:21.865 22410 22576 D MobileBoostJNI: Memory locked: 21192704, mlock2: 0
06-27 12:30:21.865 22410 22576 D MobileBoostJNI: Failed to lock memory at 0x7c8b875000, errno: 12, mlock2: 0
06-27 12:30:21.865 22410 22576 D MobileBoostJNI: Memory locked: 21196800, mlock2: 0
06-27 12:30:21.865 22410 22576 D MobileBoostJNI: Memory locked: 21200896, mlock2: 0
06-27 12:30:21.866 22410 22576 D MobileBoostJNI: Memory locked: 21635072, mlock2: 0
06-27 12:30:21.866 22410 22576 D MobileBoostJNI: Locking complete. Total MB currently locked: 21.635073
06-27 12:30:21.873 22410 22410 W IgMetaConfig: Could not obtain MC: null_factory 
06-27 12:30:21.873 22410 22410 W IgMetaConfig: java.lang.RuntimeException: Could not obtain MC, call-site will receive default values
06-27 12:30:21.873 22410 22410 W IgMetaConfig: 	at X.4mp.A06(:4)
06-27 12:30:21.873 22410 22410 W IgMetaConfig: 	at X.4mp.A05(:8)
06-27 12:30:21.873 22410 22410 W IgMetaConfig: 	at X.4mp.A03(:2)
06-27 12:30:21.873 22410 22410 W IgMetaConfig: 	at X.8MR.invoke(:809)
06-27 12:30:21.873 22410 22410 W IgMetaConfig: 	at X.0Mt.invoke(:126)
06-27 12:30:21.873 22410 22410 W IgMetaConfig: 	at X.1np.getValue(:25)
06-27 12:30:21.873 22410 22410 W IgMetaConfig: 	at X.3eo.getScopedClass(:28)
06-27 12:30:21.873 22410 22410 W IgMetaConfig: 	at com.instagram.common.session.UserSession.getScopedClass(:61)
06-27 12:30:21.873 22410 22410 W IgMetaConfig: 	at X.4nl.A00(:14)
06-27 12:30:21.873 22410 22410 W IgMetaConfig: 	at X.8GX.invoke(:944)
06-27 12:30:21.873 22410 22410 W IgMetaConfig: 	at X.1np.getValue(:25)
06-27 12:30:21.873 22410 22410 W IgMetaConfig: 	at com.instagram.user.model.User.A0m(:33)
06-27 12:30:21.873 22410 22410 W IgMetaConfig: 	at X.4mc.A01(:317)
06-27 12:30:21.873 22410 22410 W IgMetaConfig: 	at X.0Ym.<init>(:229)
06-27 12:30:21.873 22410 22410 W IgMetaConfig: 	at X.1gr.invoke(:714)
06-27 12:30:21.873 22410 22410 W IgMetaConfig: 	at X.1np.getValue(:25)
06-27 12:30:21.873 22410 22410 W IgMetaConfig: 	at X.0bm.A00(:4)
06-27 12:30:21.873 22410 22410 W IgMetaConfig: 	at X.0bm.A05(:4)
06-27 12:30:21.873 22410 22410 W IgMetaConfig: 	at X.4at.A08(:43)
06-27 12:30:21.873 22410 22410 W IgMetaConfig: 	at X.4aX.A04(:33)
06-27 12:30:21.873 22410 22410 W IgMetaConfig: 	at X.4a5.A00(:89)
06-27 12:30:21.873 22410 22410 W IgMetaConfig: 	at com.instagram.process.instagram.InstagramApplicationForMainProcess.initializeAllColdStartJobs(:844)
06-27 12:30:21.873 22410 22410 W IgMetaConfig: 	at com.instagram.process.instagram.InstagramApplicationForMainProcess.scheduleInitializers(:246)
06-27 12:30:21.873 22410 22410 W IgMetaConfig: 	at com.instagram.process.instagram.InstagramApplicationForMainProcess.onCreate(:78)
06-27 12:30:21.873 22410 22410 W IgMetaConfig: 	at com.instagram.app.InstagramAppShell.onCreate(:1001)
06-27 12:30:21.873 22410 22410 W IgMetaConfig: 	at android.app.Instrumentation.callApplicationOnCreate(Instrumentation.java:1193)
06-27 12:30:21.873 22410 22410 W IgMetaConfig: 	at android.app.ActivityThread.handleBindApplication(ActivityThread.java:6994)
06-27 12:30:21.873 22410 22410 W IgMetaConfig: 	at android.app.ActivityThread.access$1500(ActivityThread.java:258)
06-27 12:30:21.873 22410 22410 W IgMetaConfig: 	at android.app.ActivityThread$H.handleMessage(ActivityThread.java:1983)
06-27 12:30:21.873 22410 22410 W IgMetaConfig: 	at android.os.Handler.dispatchMessage(Handler.java:106)
06-27 12:30:21.873 22410 22410 W IgMetaConfig: 	at android.os.Looper.loop(Looper.java:236)
06-27 12:30:21.873 22410 22410 W IgMetaConfig: 	at android.app.ActivityThread.main(ActivityThread.java:8061)
06-27 12:30:21.873 22410 22410 W IgMetaConfig: 	at java.lang.reflect.Method.invoke(Native Method)
06-27 12:30:21.873 22410 22410 W IgMetaConfig: 	at com.android.internal.os.RuntimeInit$MethodAndArgsCaller.run(RuntimeInit.java:656)
06-27 12:30:21.873 22410 22410 W IgMetaConfig: 	at com.android.internal.os.ZygoteInit.main(ZygoteInit.java:967)
06-27 12:30:21.873 22410 22410 W IgMetaConfig: Could not obtain MC: null_factory 
06-27 12:30:21.873 22410 22410 W IgMetaConfig: java.lang.RuntimeException: Could not obtain MC, call-site will receive default values
06-27 12:30:21.873 22410 22410 W IgMetaConfig: 	at X.4mp.A06(:4)
06-27 12:30:21.873 22410 22410 W IgMetaConfig: 	at X.4mp.A05(:8)
06-27 12:30:21.873 22410 22410 W IgMetaConfig: 	at X.4mp.A03(:2)
06-27 12:30:21.873 22410 22410 W IgMetaConfig: 	at X.8MR.invoke(:1136)
06-27 12:30:21.873 22410 22410 W IgMetaConfig: 	at X.0Mt.invoke(:126)
06-27 12:30:21.873 22410 22410 W IgMetaConfig: 	at X.1np.getValue(:25)
06-27 12:30:21.873 22410 22410 W IgMetaConfig: 	at X.3eo.getScopedClass(:28)
06-27 12:30:21.873 22410 22410 W IgMetaConfig: 	at com.instagram.common.session.UserSession.getScopedClass(:61)
06-27 12:30:21.873 22410 22410 W IgMetaConfig: 	at X.4nl.A00(:14)
06-27 12:30:21.873 22410 22410 W IgMetaConfig: 	at X.8GX.invoke(:944)
06-27 12:30:21.873 22410 22410 W IgMetaConfig: 	at X.1np.getValue(:25)
06-27 12:30:21.873 22410 22410 W IgMetaConfig: 	at com.instagram.user.model.User.A0m(:33)
06-27 12:30:21.873 22410 22410 W IgMetaConfig: 	at X.4mc.A01(:317)
06-27 12:30:21.873 22410 22410 W IgMetaConfig: 	at X.0Ym.<init>(:229)
06-27 12:30:21.873 22410 22410 W IgMetaConfig: 	at X.1gr.invoke(:714)
06-27 12:30:21.873 22410 22410 W IgMetaConfig: 	at X.1np.getValue(:25)
06-27 12:30:21.873 22410 22410 W IgMetaConfig: 	at X.0bm.A00(:4)
06-27 12:30:21.873 22410 22410 W IgMetaConfig: 	at X.0bm.A05(:4)
06-27 12:30:21.873 22410 22410 W IgMetaConfig: 	at X.4at.A08(:43)
06-27 12:30:21.873 22410 22410 W IgMetaConfig: 	at X.4aX.A04(:33)
06-27 12:30:21.873 22410 22410 W IgMetaConfig: 	at X.4a5.A00(:89)
06-27 12:30:21.873 22410 22410 W IgMetaConfig: 	at com.instagram.process.instagram.InstagramApplicationForMainProcess.initializeAllColdStartJobs(:844)
06-27 12:30:21.873 22410 22410 W IgMetaConfig: 	at com.instagram.process.instagram.InstagramApplicationForMainProcess.scheduleInitializers(:246)
06-27 12:30:21.873 22410 22410 W IgMetaConfig: 	at com.instagram.process.instagram.InstagramApplicationForMainProcess.onCreate(:78)
06-27 12:30:21.873 22410 22410 W IgMetaConfig: 	at com.instagram.app.InstagramAppShell.onCreate(:1001)
06-27 12:30:21.873 22410 22410 W IgMetaConfig: 	at android.app.Instrumentation.callApplicationOnCreate(Instrumentation.java:1193)
06-27 12:30:21.873 22410 22410 W IgMetaConfig: 	at android.app.ActivityThread.handleBindApplication(ActivityThread.java:6994)
06-27 12:30:21.873 22410 22410 W IgMetaConfig: 	at android.app.ActivityThread.access$1500(ActivityThread.java:258)
06-27 12:30:21.873 22410 22410 W IgMetaConfig: 	at android.app.ActivityThread$H.handleMessage(ActivityThread.java:1983)
06-27 12:30:21.873 22410 22410 W IgMetaConfig: 	at android.os.Handler.dispatchMessage(Handler.java:106)
06-27 12:30:21.873 22410 22410 W IgMetaConfig: 	at android.os.Looper.loop(Looper.java:236)
06-27 12:30:21.873 22410 22410 W IgMetaConfig: 	at android.app.ActivityThread.main(ActivityThread.java:8061)
06-27 12:30:21.873 22410 22410 W IgMetaConfig: 	at java.lang.reflect.Method.invoke(Native Method)
06-27 12:30:21.873 22410 22410 W IgMetaConfig: 	at com.android.internal.os.RuntimeInit$MethodAndArgsCaller.run(RuntimeInit.java:656)
06-27 12:30:21.873 22410 22410 W IgMetaConfig: 	at com.android.internal.os.ZygoteInit.main(ZygoteInit.java:967)
06-27 12:30:21.874 22410 22410 W SoLoader: Loading pando-jni on the main thread
06-27 12:30:21.874 22410 22410 W IgMetaConfig: Could not obtain MC: null_factory 
06-27 12:30:21.874 22410 22410 W IgMetaConfig: java.lang.RuntimeException: Could not obtain MC, call-site will receive default values
06-27 12:30:21.874 22410 22410 W IgMetaConfig: 	at X.4mp.A06(:4)
06-27 12:30:21.874 22410 22410 W IgMetaConfig: 	at X.4mp.A05(:8)
06-27 12:30:21.874 22410 22410 W IgMetaConfig: 	at X.4mp.A03(:2)
06-27 12:30:21.874 22410 22410 W IgMetaConfig: 	at X.8MR.invoke(:851)
06-27 12:30:21.874 22410 22410 W IgMetaConfig: 	at X.0Mt.invoke(:126)
06-27 12:30:21.874 22410 22410 W IgMetaConfig: 	at X.1np.getValue(:25)
06-27 12:30:21.874 22410 22410 W IgMetaConfig: 	at X.3eo.getScopedClass(:28)
06-27 12:30:21.874 22410 22410 W IgMetaConfig: 	at com.instagram.common.session.UserSession.getScopedClass(:61)
06-27 12:30:21.874 22410 22410 W IgMetaConfig: 	at X.4nl.A00(:14)
06-27 12:30:21.874 22410 22410 W IgMetaConfig: 	at X.8GX.invoke(:944)
06-27 12:30:21.874 22410 22410 W IgMetaConfig: 	at X.1np.getValue(:25)
06-27 12:30:21.874 22410 22410 W IgMetaConfig: 	at com.instagram.user.model.User.A0m(:33)
06-27 12:30:21.874 22410 22410 W IgMetaConfig: 	at X.4mc.A01(:317)
06-27 12:30:21.874 22410 22410 W IgMetaConfig: 	at X.0Ym.<init>(:229)
06-27 12:30:21.874 22410 22410 W IgMetaConfig: 	at X.1gr.invoke(:714)
06-27 12:30:21.874 22410 22410 W IgMetaConfig: 	at X.1np.getValue(:25)
06-27 12:30:21.874 22410 22410 W IgMetaConfig: 	at X.0bm.A00(:4)
06-27 12:30:21.874 22410 22410 W IgMetaConfig: 	at X.0bm.A05(:4)
06-27 12:30:21.874 22410 22410 W IgMetaConfig: 	at X.4at.A08(:43)
06-27 12:30:21.874 22410 22410 W IgMetaConfig: 	at X.4aX.A04(:33)
06-27 12:30:21.874 22410 22410 W IgMetaConfig: 	at X.4a5.A00(:89)
06-27 12:30:21.874 22410 22410 W IgMetaConfig: 	at com.instagram.process.instagram.InstagramApplicationForMainProcess.initializeAllColdStartJobs(:844)
06-27 12:30:21.874 22410 22410 W IgMetaConfig: 	at com.instagram.process.instagram.InstagramApplicationForMainProcess.scheduleInitializers(:246)
06-27 12:30:21.874 22410 22410 W IgMetaConfig: 	at com.instagram.process.instagram.InstagramApplicationForMainProcess.onCreate(:78)
06-27 12:30:21.874 22410 22410 W IgMetaConfig: 	at com.instagram.app.InstagramAppShell.onCreate(:1001)
06-27 12:30:21.874 22410 22410 W IgMetaConfig: 	at android.app.Instrumentation.callApplicationOnCreate(Instrumentation.java:1193)
06-27 12:30:21.874 22410 22410 W IgMetaConfig: 	at android.app.ActivityThread.handleBindApplication(ActivityThread.java:6994)
06-27 12:30:21.874 22410 22410 W IgMetaConfig: 	at android.app.ActivityThread.access$1500(ActivityThread.java:258)
06-27 12:30:21.874 22410 22410 W IgMetaConfig: 	at android.app.ActivityThread$H.handleMessage(ActivityThread.java:1983)
06-27 12:30:21.874 22410 22410 W IgMetaConfig: 	at android.os.Handler.dispatchMessage(Handler.java:106)
06-27 12:30:21.874 22410 22410 W IgMetaConfig: 	at android.os.Looper.loop(Looper.java:236)
06-27 12:30:21.874 22410 22410 W IgMetaConfig: 	at android.app.ActivityThread.main(ActivityThread.java:8061)
06-27 12:30:21.874 22410 22410 W IgMetaConfig: 	at java.lang.reflect.Method.invoke(Native Method)
06-27 12:30:21.874 22410 22410 W IgMetaConfig: 	at com.android.internal.os.RuntimeInit$MethodAndArgsCaller.run(RuntimeInit.java:656)
06-27 12:30:21.874 22410 22410 W IgMetaConfig: 	at com.android.internal.os.ZygoteInit.main(ZygoteInit.java:967)
06-27 12:30:21.875 22410 22410 W IgMetaConfig: Could not obtain MC: null_factory 
06-27 12:30:21.875 22410 22410 W IgMetaConfig: java.lang.RuntimeException: Could not obtain MC, call-site will receive default values
06-27 12:30:21.875 22410 22410 W IgMetaConfig: 	at X.4mp.A06(:4)
06-27 12:30:21.875 22410 22410 W IgMetaConfig: 	at X.4mp.A05(:8)
06-27 12:30:21.875 22410 22410 W IgMetaConfig: 	at X.4mp.A03(:2)
06-27 12:30:21.875 22410 22410 W IgMetaConfig: 	at X.8MR.invoke(:871)
06-27 12:30:21.875 22410 22410 W IgMetaConfig: 	at X.0Mt.invoke(:126)
06-27 12:30:21.875 22410 22410 W IgMetaConfig: 	at X.1np.getValue(:25)
06-27 12:30:21.875 22410 22410 W IgMetaConfig: 	at X.3eo.getScopedClass(:28)
06-27 12:30:21.875 22410 22410 W IgMetaConfig: 	at com.instagram.common.session.UserSession.getScopedClass(:61)
06-27 12:30:21.875 22410 22410 W IgMetaConfig: 	at X.4nl.A00(:14)
06-27 12:30:21.875 22410 22410 W IgMetaConfig: 	at X.8GX.invoke(:944)
06-27 12:30:21.875 22410 22410 W IgMetaConfig: 	at X.1np.getValue(:25)
06-27 12:30:21.875 22410 22410 W IgMetaConfig: 	at com.instagram.user.model.User.A0m(:33)
06-27 12:30:21.875 22410 22410 W IgMetaConfig: 	at X.4mc.A01(:317)
06-27 12:30:21.875 22410 22410 W IgMetaConfig: 	at X.0Ym.<init>(:229)
06-27 12:30:21.875 22410 22410 W IgMetaConfig: 	at X.1gr.invoke(:714)
06-27 12:30:21.875 22410 22410 W IgMetaConfig: 	at X.1np.getValue(:25)
06-27 12:30:21.875 22410 22410 W IgMetaConfig: 	at X.0bm.A00(:4)
06-27 12:30:21.875 22410 22410 W IgMetaConfig: 	at X.0bm.A05(:4)
06-27 12:30:21.875 22410 22410 W IgMetaConfig: 	at X.4at.A08(:43)
06-27 12:30:21.875 22410 22410 W IgMetaConfig: 	at X.4aX.A04(:33)
06-27 12:30:21.875 22410 22410 W IgMetaConfig: 	at X.4a5.A00(:89)
06-27 12:30:21.875 22410 22410 W IgMetaConfig: 	at com.instagram.process.instagram.InstagramApplicationForMainProcess.initializeAllColdStartJobs(:844)
06-27 12:30:21.875 22410 22410 W IgMetaConfig: 	at com.instagram.process.instagram.InstagramApplicationForMainProcess.scheduleInitializers(:246)
06-27 12:30:21.875 22410 22410 W IgMetaConfig: 	at com.instagram.process.instagram.InstagramApplicationForMainProcess.onCreate(:78)
06-27 12:30:21.875 22410 22410 W IgMetaConfig: 	at com.instagram.app.InstagramAppShell.onCreate(:1001)
06-27 12:30:21.875 22410 22410 W IgMetaConfig: 	at android.app.Instrumentation.callApplicationOnCreate(Instrumentation.java:1193)
06-27 12:30:21.875 22410 22410 W IgMetaConfig: 	at android.app.ActivityThread.handleBindApplication(ActivityThread.java:6994)
06-27 12:30:21.875 22410 22410 W IgMetaConfig: 	at android.app.ActivityThread.access$1500(ActivityThread.java:258)
06-27 12:30:21.875 22410 22410 W IgMetaConfig: 	at android.app.ActivityThread$H.handleMessage(ActivityThread.java:1983)
06-27 12:30:21.875 22410 22410 W IgMetaConfig: 	at android.os.Handler.dispatchMessage(Handler.java:106)
06-27 12:30:21.875 22410 22410 W IgMetaConfig: 	at android.os.Looper.loop(Looper.java:236)
06-27 12:30:21.875 22410 22410 W IgMetaConfig: 	at android.app.ActivityThread.main(ActivityThread.java:8061)
06-27 12:30:21.875 22410 22410 W IgMetaConfig: 	at java.lang.reflect.Method.invoke(Native Method)
06-27 12:30:21.875 22410 22410 W IgMetaConfig: 	at com.android.internal.os.RuntimeInit$MethodAndArgsCaller.run(RuntimeInit.java:656)
06-27 12:30:21.875 22410 22410 W IgMetaConfig: 	at com.android.internal.os.ZygoteInit.main(ZygoteInit.java:967)
06-27 12:30:21.875 22410 22410 W IgMetaConfig: Could not obtain MC: null_factory 
06-27 12:30:21.875 22410 22410 W IgMetaConfig: java.lang.RuntimeException: Could not obtain MC, call-site will receive default values
06-27 12:30:21.875 22410 22410 W IgMetaConfig: 	at X.4mp.A06(:4)
06-27 12:30:21.875 22410 22410 W IgMetaConfig: 	at X.4mp.A05(:8)
06-27 12:30:21.875 22410 22410 W IgMetaConfig: 	at X.4mp.A03(:2)
06-27 12:30:21.875 22410 22410 W IgMetaConfig: 	at X.8MR.invoke(:888)
06-27 12:30:21.875 22410 22410 W IgMetaConfig: 	at X.0Mt.invoke(:126)
06-27 12:30:21.875 22410 22410 W IgMetaConfig: 	at X.1np.getValue(:25)
06-27 12:30:21.875 22410 22410 W IgMetaConfig: 	at X.3eo.getScopedClass(:28)
06-27 12:30:21.875 22410 22410 W IgMetaConfig: 	at com.instagram.common.session.UserSession.getScopedClass(:61)
06-27 12:30:21.875 22410 22410 W IgMetaConfig: 	at X.4nl.A00(:14)
06-27 12:30:21.875 22410 22410 W IgMetaConfig: 	at X.8GX.invoke(:944)
06-27 12:30:21.875 22410 22410 W IgMetaConfig: 	at X.1np.getValue(:25)
06-27 12:30:21.875 22410 22410 W IgMetaConfig: 	at com.instagram.user.model.User.A0m(:33)
06-27 12:30:21.875 22410 22410 W IgMetaConfig: 	at X.4mc.A01(:317)
06-27 12:30:21.875 22410 22410 W IgMetaConfig: 	at X.0Ym.<init>(:229)
06-27 12:30:21.875 22410 22410 W IgMetaConfig: 	at X.1gr.invoke(:714)
06-27 12:30:21.875 22410 22410 W IgMetaConfig: 	at X.1np.getValue(:25)
06-27 12:30:21.875 22410 22410 W IgMetaConfig: 	at X.0bm.A00(:4)
06-27 12:30:21.875 22410 22410 W IgMetaConfig: 	at X.0bm.A05(:4)
06-27 12:30:21.875 22410 22410 W IgMetaConfig: 	at X.4at.A08(:43)
06-27 12:30:21.875 22410 22410 W IgMetaConfig: 	at X.4aX.A04(:33)
06-27 12:30:21.875 22410 22410 W IgMetaConfig: 	at X.4a5.A00(:89)
06-27 12:30:21.875 22410 22410 W IgMetaConfig: 	at com.instagram.process.instagram.InstagramApplicationForMainProcess.initializeAllColdStartJobs(:844)
06-27 12:30:21.875 22410 22410 W IgMetaConfig: 	at com.instagram.process.instagram.InstagramApplicationForMainProcess.scheduleInitializers(:246)
06-27 12:30:21.875 22410 22410 W IgMetaConfig: 	at com.instagram.process.instagram.InstagramApplicationForMainProcess.onCreate(:78)
