06-27 12:30:05.240 20746 21106 W SessionScopedProviderInitializer: Initialize com.instagram.supervision.data.SupervisionUserSessionStart end
06-27 12:30:05.240 20746 21106 W SessionScopedProviderInitializer: Initialize com.instagram.util.startup.tracking.trigger.StartupManagerHook start
06-27 12:30:05.240 20746 21106 W SessionScopedProviderInitializer: Initialize com.instagram.util.startup.tracking.trigger.StartupManagerHook end
06-27 12:30:05.240 20746 21106 W SessionScopedProviderInitializer: Initialize com.instagram.util.startup.transitions.EnableColdStartTransitionsTask start
06-27 12:30:05.241 20746 21106 W SessionScopedProviderInitializer: Initialize com.instagram.util.startup.transitions.EnableColdStartTransitionsTask end
06-27 12:30:05.241 20746 21106 W SessionScopedProviderInitializer: Initialize com.instagram.wearable.warp.impl.WarpIgPluginManagerImpl.UserSessionStartListener start
06-27 12:30:05.242 20746 21234 W SessionScopedProviderInitializer: Initialize com.instagram.firstpartyinstalltracker.UserSessionStart end
06-27 12:30:05.243 20746 21234 W SessionScopedProviderInitializer: Initialize com.instagram.wellbeing.privacyflow.util.PrivacyFlowHelper start
06-27 12:30:05.249 20746 21108 W SessionScopedProviderInitializer: Initialize com.instagram.igpermissions.igpermissionsutil.IGPermissionsSharedAccountsSessionStart end
06-27 12:30:05.250 20746 21108 W SessionScopedProviderInitializer: Initialize com.instagram.wellbeing.timeinapp.instrumentation.IgTimeInAppActivityListener start
06-27 12:30:05.250 20746 21098 W SessionScopedProviderInitializer: Initialize com.instagram.inappbrowser.launcher.clickidhelper.UserSessionStart end
06-27 12:30:05.250 20746 21098 W SessionScopedProviderInitializer: Initialize com.instagram.wellbeing.timespent.provider.QuietTimeUserSessionStart start
06-27 12:30:05.250 20746 21098 W SessionScopedProviderInitializer: Initialize com.instagram.wellbeing.timespent.provider.QuietTimeUserSessionStart end
06-27 12:30:05.250 20746 21098 W SessionScopedProviderInitializer: Initialize com.instagram.wellbeing.timespent.provider.ScreenTimeUserSessionStart start
06-27 12:30:05.250 20746 21098 W SessionScopedProviderInitializer: Initialize com.instagram.wellbeing.timespent.provider.ScreenTimeUserSessionStart end
06-27 12:30:05.251 20746 21098 W SessionScopedProviderInitializer: Initialize X.Sb8 start
06-27 12:30:05.251 20746 21098 W SessionScopedProviderInitializer: Initialize X.Sb8 end
06-27 12:30:05.251 20746 21098 W SessionScopedProviderInitializer: Initialize X.SZq start
06-27 12:30:05.253 20746 21224 W SessionScopedProviderInitializer: Initialize com.instagram.reels.network.realtime.UserSessionStart end
06-27 12:30:05.253 20746 21224 W SessionScopedProviderInitializer: Initialize X.SZr start
06-27 12:30:05.254 20746 21224 W SessionScopedProviderInitializer: Initialize X.SZr end
06-27 12:30:05.255 20746 21224 W SessionScopedProviderInitializer: Initialize X.Sdf start
06-27 12:30:05.255 20746 21224 W SessionScopedProviderInitializer: Initialize X.Sdf end
06-27 12:30:05.255 20746 21224 W SessionScopedProviderInitializer: Initialize X.Se4 start
06-27 12:30:05.260 20746 21106 W SessionScopedProviderInitializer: Initialize com.instagram.wearable.warp.impl.WarpIgPluginManagerImpl.UserSessionStartListener end
06-27 12:30:05.260 20746 21106 W SessionScopedProviderInitializer: Initialize com.instagram.profilo.IgProfiloSessionManager start
06-27 12:30:05.261 20746 21106 W SessionScopedProviderInitializer: Initialize com.instagram.profilo.IgProfiloSessionManager end
06-27 12:30:05.261 20746 21099 W SessionScopedProviderInitializer: Initialize com.instagram.video.player.hero.IgHeroServiceController.IgHeroServiceControllerInitializerProvider end
06-27 12:30:05.262 20746 20945 W SessionScopedProviderInitializer: Initialize com.instagram.direct.initialization.DirectUserScopedInitializerUserSessionStart end
06-27 12:30:05.265 20746 21224 W SessionScopedProviderInitializer: Initialize X.Se4 end
06-27 12:30:05.267 20746 21098 W SessionScopedProviderInitializer: Initialize X.SZq end
06-27 12:30:05.268 20746 21108 W SessionScopedProviderInitializer: Initialize com.instagram.wellbeing.timeinapp.instrumentation.IgTimeInAppActivityListener end
06-27 12:30:05.269 20746 21234 W SessionScopedProviderInitializer: Initialize com.instagram.wellbeing.privacyflow.util.PrivacyFlowHelper end
06-27 12:30:05.286 20746 21100 W SessionScopedProviderInitializer: Initialize com.instagram.trusteddevice.registration.jobs.StartTrustedDeviceAppJob end
06-27 12:30:05.288 20746 21243 W VideoCapabilities: Unsupported mime image/vnd.android.heic
06-27 12:30:05.291 20746 21243 W VideoCapabilities: Unrecognized profile/level 0/3 for video/mpeg2
06-27 12:30:05.292 20746 21243 W VideoCapabilities: Unrecognized profile/level 0/3 for video/mpeg2
06-27 12:30:05.292 20746 21243 W VideoCapabilities: Unsupported mime video/x-ms-wmv
06-27 12:30:05.322  2987  9975 I CloudSettingsProvider: uriMatch : 2
06-27 12:30:05.324  1919  2478 D SlaveWifiManager: getWifiSlaveConnectionInfo
06-27 12:30:05.325  1919  2478 I chatty  : uid=1000(system) ConnectivitySer identical 83 lines
06-27 12:30:05.325  1919  2478 D SlaveWifiManager: getWifiSlaveConnectionInfo
06-27 12:30:05.325  1919  2402 D UntrustedWifiNetworkFactory: got request NetworkRequest [ TRACK_DEFAULT id=180, [ Capabilities: INTERNET&NOT_RESTRICTED&TRUSTED Uid: 10264 AdministratorUids: [] RequestorUid: 10264 RequestorPackageName: com.instagram.android] ] with score 60 and providerId 6
06-27 12:30:05.325  1919  2402 D WifiNetworkFactory: got request NetworkRequest [ TRACK_DEFAULT id=180, [ Capabilities: INTERNET&NOT_RESTRICTED&TRUSTED Uid: 10264 AdministratorUids: [] RequestorUid: 10264 RequestorPackageName: com.instagram.android] ] with score 60 and providerId 6
06-27 12:30:05.325  1919  2402 D WifiSlaveNetworkFactory: got request NetworkRequest [ TRACK_DEFAULT id=180, [ Capabilities: INTERNET&NOT_RESTRICTED&TRUSTED Uid: 10264 AdministratorUids: [] RequestorUid: 10264 RequestorPackageName: com.instagram.android] ] with score 60 and providerId 6
06-27 12:30:05.325  1919  2402 D UntrustedWifiNetworkFactory: got request NetworkRequest [ TRACK_DEFAULT id=180, [ Capabilities: INTERNET&NOT_RESTRICTED&TRUSTED Uid: 10264 AdministratorUids: [] RequestorUid: 10264 RequestorPackageName: com.instagram.android] ] with score 60 and providerId 6
06-27 12:30:05.325  1919  2574 D Ethernet: got request NetworkRequest [ TRACK_DEFAULT id=180, [ Capabilities: INTERNET&NOT_RESTRICTED&TRUSTED Uid: 10264 AdministratorUids: [] RequestorUid: 10264 RequestorPackageName: com.instagram.android] ] with score 60 and providerId 6
06-27 12:30:05.325  2914  2914 D PhoneSwitcherNetworkRequstListener: got request NetworkRequest [ TRACK_DEFAULT id=180, [ Capabilities: INTERNET&NOT_RESTRICTED&TRUSTED Uid: 10264 AdministratorUids: [] RequestorUid: 10264 RequestorPackageName: com.instagram.android] ] with score 60 and providerId 6
06-27 12:30:05.326  1919  2571 D WIFI_AWARE_FACTORY: got request NetworkRequest [ TRACK_DEFAULT id=180, [ Capabilities: INTERNET&NOT_RESTRICTED&TRUSTED Uid: 10264 AdministratorUids: [] RequestorUid: 10264 RequestorPackageName: com.instagram.android] ] with score 60 and providerId 6
06-27 12:30:05.326 20746 20746 W IgMetaConfig: Could not obtain MC: not_user_session session=X.3eq@d098e34
06-27 12:30:05.326 20746 20746 W IgMetaConfig: java.lang.RuntimeException: Could not obtain MC, call-site will receive default values
06-27 12:30:05.326 20746 20746 W IgMetaConfig: 	at X.4mp.A06(:4)
06-27 12:30:05.326 20746 20746 W IgMetaConfig: 	at X.4mp.A05(:8)
06-27 12:30:05.326 20746 20746 W IgMetaConfig: 	at X.4mp.A03(:2)
06-27 12:30:05.326 20746 20746 W IgMetaConfig: 	at X.8KW.invoke(:1469)
06-27 12:30:05.326 20746 20746 W IgMetaConfig: 	at X.0Mt.invoke(:126)
06-27 12:30:05.326 20746 20746 W IgMetaConfig: 	at X.1np.getValue(:25)
06-27 12:30:05.326 20746 20746 W IgMetaConfig: 	at X.3eo.getScopedClass(:28)
06-27 12:30:05.326 20746 20746 W IgMetaConfig: 	at X.8vc.A00(:13)
06-27 12:30:05.326 20746 20746 W IgMetaConfig: 	at X.8nz.A02(:285)
06-27 12:30:05.326 20746 20746 W IgMetaConfig: 	at X.2ys.A01(:30)
06-27 12:30:05.326 20746 20746 W IgMetaConfig: 	at X.2yk.<init>(:0)
06-27 12:30:05.326 20746 20746 W IgMetaConfig: 	at X.1gr.invoke(:20)
06-27 12:30:05.326 20746 20746 W IgMetaConfig: 	at X.0Mt.invoke(:126)
06-27 12:30:05.326 20746 20746 W IgMetaConfig: 	at X.1np.getValue(:25)
06-27 12:30:05.326 20746 20746 W IgMetaConfig: 	at X.3eo.getScopedClass(:28)
06-27 12:30:05.326 20746 20746 W IgMetaConfig: 	at X.2yh.A00(:43)
06-27 12:30:05.326 20746 20746 W IgMetaConfig: 	at X.9rs.<init>(:8)
06-27 12:30:05.326 20746 20746 W IgMetaConfig: 	at X.9rr.A16(:253)
06-27 12:30:05.326 20746 20746 W IgMetaConfig: 	at X.9rq.A00(:25)
06-27 12:30:05.326 20746 20746 W IgMetaConfig: 	at X.9rq.A08(:0)
06-27 12:30:05.326 20746 20746 W IgMetaConfig: 	at X.4gf.A08(:49)
06-27 12:30:05.326 20746 20746 W IgMetaConfig: 	at X.4aX.A04(:33)
06-27 12:30:05.326 20746 20746 W IgMetaConfig: 	at X.4a5.A00(:89)
06-27 12:30:05.326 20746 20746 W IgMetaConfig: 	at com.instagram.process.instagram.InstagramApplicationForMainProcess.initializeAllColdStartJobs(:844)
06-27 12:30:05.326 20746 20746 W IgMetaConfig: 	at com.instagram.process.instagram.InstagramApplicationForMainProcess.scheduleInitializers(:246)
06-27 12:30:05.326 20746 20746 W IgMetaConfig: 	at com.instagram.process.instagram.InstagramApplicationForMainProcess.onCreate(:78)
06-27 12:30:05.326 20746 20746 W IgMetaConfig: 	at com.instagram.app.InstagramAppShell.onCreate(:1001)
06-27 12:30:05.326 20746 20746 W IgMetaConfig: 	at android.app.Instrumentation.callApplicationOnCreate(Instrumentation.java:1193)
06-27 12:30:05.326 20746 20746 W IgMetaConfig: 	at android.app.ActivityThread.handleBindApplication(ActivityThread.java:6994)
06-27 12:30:05.326 20746 20746 W IgMetaConfig: 	at android.app.ActivityThread.access$1500(ActivityThread.java:258)
06-27 12:30:05.326 20746 20746 W IgMetaConfig: 	at android.app.ActivityThread$H.handleMessage(ActivityThread.java:1983)
06-27 12:30:05.326 20746 20746 W IgMetaConfig: 	at android.os.Handler.dispatchMessage(Handler.java:106)
06-27 12:30:05.326 20746 20746 W IgMetaConfig: 	at android.os.Looper.loop(Looper.java:236)
06-27 12:30:05.326 20746 20746 W IgMetaConfig: 	at android.app.ActivityThread.main(ActivityThread.java:8061)
06-27 12:30:05.326 20746 20746 W IgMetaConfig: 	at java.lang.reflect.Method.invoke(Native Method)
06-27 12:30:05.326 20746 20746 W IgMetaConfig: 	at com.android.internal.os.RuntimeInit$MethodAndArgsCaller.run(RuntimeInit.java:656)
06-27 12:30:05.326 20746 20746 W IgMetaConfig: 	at com.android.internal.os.ZygoteInit.main(ZygoteInit.java:967)
06-27 12:30:05.327 20746 20746 W SoLoader: SoLoader already initialized
06-27 12:30:05.339 20878 21057 D CAM_MIVIHelper: getStringFromLocalFile E >> /data/user/0/com.android.camera/cache/mivi_info.json
06-27 12:30:05.339 20878 21057 D CAM_MIVIHelper: getStringFromLocalFile: X return null
06-27 12:30:05.339 20878 21057 D CAM_MIVIHelper: listenSettingDataChange: 
06-27 12:30:05.363  3125  3125 W ThreadPoolForeg: type=1400 audit(0.0:3320): avc: denied { write } for name="traced_producer" dev="tmpfs" ino=39154 scontext=u:r:gmscore_app:s0:c512,c768 tcontext=u:object_r:traced_producer_socket:s0 tclass=sock_file permissive=0 app=com.google.android.gms
06-27 12:30:05.397 20746 20746 W IgZoneModule: IG Policy Zone is disabled. No-op Zone is setup
06-27 12:30:05.410   885  2734 I vendor.qti.hardware.servicetracker@1.2-service: unbindService is called for service : com.google.android.gms/.measurement.service.MeasurementBrokerService and for client com.miui.android.fashiongallery
06-27 12:30:05.410   885  2734 I vendor.qti.hardware.servicetracker@1.2-service: size of service connections for service: com.google.android.gms/.measurement.service.MeasurementBrokerServiceafter removal is 8
06-27 12:30:05.410   885  2734 I vendor.qti.hardware.servicetracker@1.2-service: size of client connections for client: com.miui.android.fashiongalleryafter removal is 4
06-27 12:30:05.470 20476 20545 W chromium: [WARNING:net/cert/ev_root_ca_metadata.cc:119] Not implemented
06-27 12:30:05.475 20746 21266 W FileBasedMultiProcessTracker: <default>: Initializing FileBasedMultiProcessTracking using /data/user/0/com.instagram.android/app_multiprocess_tracking
06-27 12:30:05.475 20746 21266 W FileBasedMultiProcessTracker: <default>: Creating file to track 20746
06-27 12:30:05.478 20476 20545 W chromium: [WARNING:net/cert/ev_root_ca_metadata.cc:119] Not implemented
06-27 12:30:05.481 20476 20546 W chromium: [WARNING:net/cert/ev_root_ca_metadata.cc:119] Not implemented
06-27 12:30:05.483 20746 20746 W proxy_service: Initialize proxy service.
06-27 12:30:05.494 20746 20746 W proxy_service: User not in allowed region.
06-27 12:30:05.496  1919  2478 D SlaveWifiManager: getWifiSlaveConnectionInfo
06-27 12:30:05.497  1919  2478 I chatty  : uid=1000(system) ConnectivitySer identical 50 lines
06-27 12:30:05.497  1919  2478 D SlaveWifiManager: getWifiSlaveConnectionInfo
06-27 12:30:05.497 20746 21266 W FileBasedMultiProcessTracker: <default>: FileBasedMultiProcessTracker ready!
06-27 12:30:05.497  1919  2478 D SlaveWifiManager: getWifiSlaveConnectionInfo
06-27 12:30:05.497  1919  2478 I chatty  : uid=1000(system) ConnectivitySer identical 30 lines
06-27 12:30:05.497  1919  2478 D SlaveWifiManager: getWifiSlaveConnectionInfo
06-27 12:30:05.517 20746 21273 W FileBasedMultiProcessTracker: <default>: Observed removed PID: 17817
06-27 12:30:05.529   879   879 I ANDR-PERF-LM: LMPerfGlue: perfmodule_submit_request() 132: perfmodule_submit_request()
06-27 12:30:05.529   879   879 I ANDR-PERF-LM: Core: getInstance() 84: LM getInstance
06-27 12:30:05.529   879   879 D ANDR-PERF-LM: Feature: lookup() 101: Feature Name = AppClassifier, total featuers = 3, featureFound = 1
06-27 12:30:05.530   879   879 D ANDR-PERF-LM: Feature: getData() 112: data.data = 1
06-27 12:30:05.530   879   879 I ANDR-PERF-LM: FeedbackAPI: getFeedback() 60: app:com.instagram.android feature:AppClassifier feedback = 1
06-27 12:30:05.531 20746 20746 W Looper  : PerfMonitor longMsg : seq=2 plan=12:30:02.511 late=21ms wall=2998ms running=630ms runnable=683ms io=594ms binder=109ms h=android.app.ActivityThread$H w=110 procState=11
06-27 12:30:05.531 20746 21274 I OMXClient: IOmx service obtained
06-27 12:30:05.533 20746 20746 W BackgroundStartupDetector: coldStartMode=DEFINITELY_BACKGROUND
06-27 12:30:05.533 20746 20746 W DirectUserScopedInitializerUserSessionStart: coldStartMode: 1, isForeground: false
06-27 12:30:05.533 20746 20746 W BackgroundStartupDetector: bgMode=BACKGROUND
06-27 12:30:05.534 20746 21224 W MDCLLight: Failed to load class from parent: org.slf4j.impl.StaticLoggerBinder
06-27 12:30:05.534 20746 21224 W MDCLLight: java.lang.ClassNotFoundException: org.slf4j.impl.StaticLoggerBinder
06-27 12:30:05.534 20746 21224 W MDCLLight: 	at java.lang.Class.classForName(Native Method)
06-27 12:30:05.534 20746 21224 W MDCLLight: 	at java.lang.BootClassLoader.findClass(ClassLoader.java:1358)
06-27 12:30:05.534 20746 21224 W MDCLLight: 	at java.lang.BootClassLoader.loadClass(ClassLoader.java:1418)
06-27 12:30:05.534 20746 21224 W MDCLLight: 	at java.lang.ClassLoader.loadClass(ClassLoader.java:312)
06-27 12:30:05.534 20746 21224 W MDCLLight: 	at com.facebook.common.dextricks.MultiDexClassLoaderLight.loadFromParent(:4)
06-27 12:30:05.534 20746 21224 W MDCLLight: 	at com.facebook.common.dextricks.MultiDexClassLoaderLight.loadClass(:38)
06-27 12:30:05.534 20746 21224 W MDCLLight: 	at java.lang.ClassLoader.loadClass(ClassLoader.java:367)
06-27 12:30:05.534 20746 21224 W MDCLLight: 	at java.lang.ClassLoader.loadClass(ClassLoader.java:312)
06-27 12:30:05.534 20746 21224 W MDCLLight: 	at org.slf4j.LoggerFactory.getLogger(:123)
06-27 12:30:05.534 20746 21224 W MDCLLight: 	at java.lang.reflect.Method.invoke(Native Method)
06-27 12:30:05.534 20746 21224 W MDCLLight: 	at X.A6m.<clinit>(:15)
06-27 12:30:05.534 20746 21224 W MDCLLight: 	at X.2cq.A00(:44)
06-27 12:30:05.534 20746 21224 W MDCLLight: 	at X.2cs.run(:27)
06-27 12:30:05.534 20746 21224 W MDCLLight: 	at X.3jl.run(:2)
06-27 12:30:05.534 20746 21224 W MDCLLight: 	at X.3ld.run(:25)
06-27 12:30:05.534 20746 21224 W MDCLLight: 	at X.3lh.run(:43)
06-27 12:30:05.534 20746 21224 W MDCLLight: 	at X.3ld.run(:25)
06-27 12:30:05.534 20746 21224 W MDCLLight: 	at java.util.concurrent.ThreadPoolExecutor.runWorker(ThreadPoolExecutor.java:1167)
06-27 12:30:05.534 20746 21224 W MDCLLight: 	at java.util.concurrent.ThreadPoolExecutor$Worker.run(ThreadPoolExecutor.java:641)
06-27 12:30:05.534 20746 21224 W MDCLLight: 	at X.3jz.run(:99)
06-27 12:30:05.534 20746 21224 W MDCLLight: 	at java.lang.Thread.run(Thread.java:923)
06-27 12:30:05.534 20746 21224 W MDCLLight: 	at X.3kv.run(:8)
06-27 12:30:05.534 20746 21224 W MDCLLight: Caused by: java.lang.NoClassDefFoundError: Class not found using the boot class loader; no stack trace available
06-27 12:30:05.534 20746 21224 W MDCLLight: Trying to fallback load dexorg.slf4j.impl.StaticLoggerBinder moduleHint = null
06-27 12:30:05.534 20746 21224 E MDCLLight: Fallback load dex failed for org.slf4j.impl.StaticLoggerBinder
06-27 12:30:05.534 20746 21224 W System.err: SLF4J: Failed to load class "org.slf4j.impl.StaticLoggerBinder".
06-27 12:30:05.534 20746 21224 W System.err: SLF4J: Defaulting to no-operation (NOP) logger implementation
06-27 12:30:05.535 20746 21224 W System.err: SLF4J: See http://www.slf4j.org/codes.html#StaticLoggerBinder for further details.
06-27 12:30:05.539  1454  2358 I OMXMaster: makeComponentInstance(OMX.qcom.video.decoder.vp9) in android.hardwar process
06-27 12:30:05.540  1454  2358 D PlatformConfig: getInstance: Enter
06-27 12:30:05.544  1454  2358 D PlatformConfig: getConfigStoreBool: vpp/enable=false, returning false 
06-27 12:30:05.564 20746 20746 E SlowAppComponent: 0ms: InstagramAppShell instantiating
06-27 12:30:05.564 20746 20746 E SlowAppComponent: Main thread was blocked for 2470ms in the background starting with InstagramAppShell
06-27 12:30:05.566 20746 20746 W MDCLLight: Failed to load class from parent: com.amazon.device.messaging.ADM
06-27 12:30:05.566 20746 20746 W MDCLLight: java.lang.ClassNotFoundException: com.amazon.device.messaging.ADM
06-27 12:30:05.566 20746 20746 W MDCLLight: 	at java.lang.Class.classForName(Native Method)
06-27 12:30:05.566 20746 20746 W MDCLLight: 	at java.lang.BootClassLoader.findClass(ClassLoader.java:1358)
06-27 12:30:05.566 20746 20746 W MDCLLight: 	at java.lang.BootClassLoader.loadClass(ClassLoader.java:1418)
06-27 12:30:05.566 20746 20746 W MDCLLight: 	at java.lang.ClassLoader.loadClass(ClassLoader.java:312)
06-27 12:30:05.566 20746 20746 W MDCLLight: 	at com.facebook.common.dextricks.MultiDexClassLoaderLight.loadFromParent(:4)
06-27 12:30:05.566 20746 20746 W MDCLLight: 	at com.facebook.common.dextricks.MultiDexClassLoaderLight.loadClass(:38)
06-27 12:30:05.566 20746 20746 W MDCLLight: 	at java.lang.ClassLoader.loadClass(ClassLoader.java:367)
06-27 12:30:05.566 20746 20746 W MDCLLight: 	at java.lang.ClassLoader.loadClass(ClassLoader.java:312)
06-27 12:30:05.566 20746 20746 W MDCLLight: 	at java.lang.Class.classForName(Native Method)
06-27 12:30:05.566 20746 20746 W MDCLLight: 	at java.lang.Class.forName(Class.java:454)
06-27 12:30:05.566 20746 20746 W MDCLLight: 	at java.lang.Class.forName(Class.java:379)
06-27 12:30:05.566 20746 20746 W MDCLLight: 	at X.3jG.<clinit>(:27)
06-27 12:30:05.566 20746 20746 W MDCLLight: 	at X.8lL.onQueueIdle(:97)
06-27 12:30:05.566 20746 20746 W MDCLLight: 	at X.5hA.queueIdle(:23)
06-27 12:30:05.566 20746 20746 W MDCLLight: 	at android.os.MessageQueue.next(MessageQueue.java:404)
06-27 12:30:05.566 20746 20746 W MDCLLight: 	at android.os.Looper.loop(Looper.java:193)
06-27 12:30:05.566 20746 20746 W MDCLLight: 	at android.app.ActivityThread.main(ActivityThread.java:8061)
06-27 12:30:05.566 20746 20746 W MDCLLight: 	at java.lang.reflect.Method.invoke(Native Method)
06-27 12:30:05.566 20746 20746 W MDCLLight: 	at com.android.internal.os.RuntimeInit$MethodAndArgsCaller.run(RuntimeInit.java:656)
06-27 12:30:05.566 20746 20746 W MDCLLight: 	at com.android.internal.os.ZygoteInit.main(ZygoteInit.java:967)
06-27 12:30:05.566 20746 20746 W MDCLLight: Caused by: java.lang.NoClassDefFoundError: Class not found using the boot class loader; no stack trace available
06-27 12:30:05.566 20746 20746 W MDCLLight: Trying to fallback load dexcom.amazon.device.messaging.ADM moduleHint = null
06-27 12:30:05.566 20746 20746 E MDCLLight: Fallback load dex failed for com.amazon.device.messaging.ADM
06-27 12:30:05.580  1919  3284 W ActivityManager: Background start not allowed: service Intent { act=Orca.START cmp=com.instagram.android/com.facebook.rti.push.service.FbnsService (has extras) } to com.instagram.android/com.facebook.rti.push.service.FbnsService from pid=20746 uid=10264 pkg=com.instagram.android startFg?=false
06-27 12:30:05.582   885  2734 I vendor.qti.hardware.servicetracker@1.2-service: bindService is called for service : com.instagram.android/com.facebook.rti.push.service.FbnsService and for client com.instagram.android
06-27 12:30:05.582   885  2734 I vendor.qti.hardware.servicetracker@1.2-service: total connections for service : com.instagram.android/com.facebook.rti.push.service.FbnsServiceare :1
06-27 12:30:05.582   885  2734 I vendor.qti.hardware.servicetracker@1.2-service: total connections for client : com.instagram.androidare :1
06-27 12:30:05.584  1919  7131 W ActivityManager: Background start not allowed: service Intent { act=Orca.START cmp=com.instagram.android/com.facebook.rti.push.service.FbnsService (has extras) } to com.instagram.android/com.facebook.rti.push.service.FbnsService from pid=20746 uid=10264 pkg=com.instagram.android startFg?=false
06-27 12:30:05.589  1454  2358 D PlatformConfig: getInstance: Enter
06-27 12:30:05.589  1454  2358 D PlatformConfig: getInt32 Config name: vidc_dec_log_in value: 0
06-27 12:30:05.589  1454  2358 D PlatformConfig: getInstance: Enter
06-27 12:30:05.589  1454  2358 D PlatformConfig: getInt32 Config name: vidc_dec_log_out value: 0
06-27 12:30:05.589  1454  2358 D PlatformConfig: getInstance: Enter
06-27 12:30:05.589  1454  2358 D PlatformConfig: getInt32 Config name: vidc_dec_sec_prefetch_size_internal value: 209715200
06-27 12:30:05.589  1454  2358 D PlatformConfig: getInstance: Enter
06-27 12:30:05.589  1454  2358 D PlatformConfig: getInt32 Config name: vidc_dec_sec_prefetch_size_output value: 13434880
06-27 12:30:05.589  1454  2358 D PlatformConfig: getInstance: Enter
06-27 12:30:05.589  1454  2358 D PlatformConfig: getInt32 Config name: vidc_dec_arb_mode_override value: 7
06-27 12:30:05.589  1454  2358 D PlatformConfig: getInstance: Enter
06-27 12:30:05.589  1454  2358 D PlatformConfig: getInt32 Config name: vidc_perf_control_enable value: 0
06-27 12:30:05.589  1454  2358 I OMX-VDEC-1080P: component_init: OMX.qcom.video.decoder.vp9 : fd=9
06-27 12:30:05.589  1454  2358 E OMX-VDEC-1080P: Unsupported output color format for c2d (2141391876)
06-27 12:30:05.589  1454  2358 E OMX-VDEC-1080P: Setting color format failed
06-27 12:30:05.595  1454  2358 D PlatformConfig: getInstance: Enter
06-27 12:30:05.595  1454  2358 D PlatformConfig: getInt32: Returning default
06-27 12:30:05.595  1454  2358 D PlatformConfig: getInstance: Enter
06-27 12:30:05.595  1454  2358 D PlatformConfig: getInt32: Returning default
06-27 12:30:05.595  1454  2358 I OMX-VDEC-1080P: omx_vdec::component_init() success : fd=9
06-27 12:30:05.599   698   698 D Zygote  : Forked child process 21284
06-27 12:30:05.601 21284 21284 W Zygote  : Unable to open libbeluga.so: dlopen failed: library "libbeluga.so" not found.
06-27 12:30:05.601  1919  2122 I ActivityManager: Start proc 21284:com.instagram.android:mqtt/u0a264 for service {com.instagram.android/com.facebook.rti.push.service.FbnsService} caller=com.instagram.android
06-27 12:30:05.607   885  2734 I vendor.qti.hardware.servicetracker@1.2-service: bindService is called for service : com.instagram.android/com.facebook.rti.push.service.FbnsService and for client com.instagram.android
06-27 12:30:05.607   885  2734 I vendor.qti.hardware.servicetracker@1.2-service: total connections for service : com.instagram.android/com.facebook.rti.push.service.FbnsServiceare :1
06-27 12:30:05.607   885  2734 I vendor.qti.hardware.servicetracker@1.2-service: total connections for client : com.instagram.androidare :1
06-27 12:30:05.613 21284 21284 E am.android:mqt: Not starting debugger since process cannot load the jdwp agent.
06-27 12:30:05.613 20746 20941 W stagram.androi: JNI RegisterNativeMethods: attempt to register 0 native methods for com.facebook.msys.mci.EventLoggingData
06-27 12:30:05.613  1454  2358 I OMX-VDEC-1080P: omx_vdec::component_deinit() complete
06-27 12:30:05.614  1454  2358 I OMX-VDEC-1080P: Exit OMX vdec Destructor: fd=9
06-27 12:30:05.616 20746 21268 E libc    : Access denied finding property "ro.vendor.media.video.frc.support"
06-27 12:30:05.616  1437  2234 D MediaMetricsService: submitInternal: isTrusted:0 given uid -1; sanitized uid: 10264 sanitized pkg: com.instagram.android sanitized pkg version: 378906865
06-27 12:30:05.616  1437  2234 D MediaMetricsService: submitInternal: item->getKey().c_str() = codec
06-27 12:30:05.616  1437  2234 D MediaMetricsService: submitInternal: item->getCString(kCodecPackageName, &msg_send->packgeName) = 0
06-27 12:30:05.616  1437  2234 D MediaMetricsService: submitInternal: item->getInt32(kCodecHdrInfo, &msg_send->hdr) = 1
06-27 12:30:05.616  1437  2234 D MediaMetricsService: submitInternal: item->getInt32(kCodecFrameRateCal, &msg_send->frameRateCal) = 1
06-27 12:30:05.616  1437  2234 D MediaMetricsService: submitInternal: msg_send->frameRateCal = -1
06-27 12:30:05.617 20746 20941 W DGWClientHolder: DGWClientConfig IG4A\B4A: {deviceOS:android,isWorkBuild:false,appVersion:385.0.0.47.74,appId:567067343352427,streamIdleTimeoutMs:1800000,responseCompression:,enableHTTP3:false,zeroRatingEnabled:false,zeroUrlRewritingV2Enabled:false,gatewayDomain:gateway.instagram.com,streamGroupPingPeriod:0,streamGroupPingTimeout:0,streamGroupStopBgPingDelay:0,debugCallbackCrashes2:true,useCachedStreamGroupsStatus:false,closeNetworkConnectionOnTimeout:true,connectivityManagerOptions:{enablePingInBackground:true,bgPingIntervalMs:60000,pingIntervalInMs:{HIGH:0,MID:0,LOW:0,DEFAULT:60000},pingTimeoutInMs:{HIGH:0,MID:0,LOW:0,DEFAULT:5000},pingLatencyInMs:{HIGH:0, MID:0},skipPingAfterIngressTraffic:true,disablePingWhileNoActiveStream:false,sendPingOnAppForeground:false,pingTrafficTracingSamplingRate:0,initAppStateAsBackground:true,ignoreOnNetworkDisconnectedSignalForPing:true,initialUnreachableDelayFastMode:1000,ignoreOnNetworkDisconnectedSignalAndSendPing:false,markDisconnectedInBackground:false,shouldSetNotStartedOnFg:false,enableNetworkMonitorV2:false,extendedFgIntervalSeconds:120,useExtendedFgInterval:false,disableTransportInitFromNetworkMonitor:false,useExtendedFgIntervalNetworkChangeOnly:false},personalizationConfig:{enabled:false,streamEstablishmentLatencyInMs:{HIGH:0, MID:0},streamEstablishmentTimeoutInSeconds:{HIGH:10,MID:10,LOW:10,DEFAULT:30},publishTimeoutInSeconds:{HIGH:10,MID:10,LOW:10,DEFAULT:10},resetPersonalizationClassOnTimeout:false,sgConnectTimeoutInSeconds:{HIGH:0,MID:0,LOW:0,DEFAULT:0},sgPingTimeoutInSeconds:{HIGH:0,MID:0,LOW:0,DEFAULT:0},tunnelConnectTimeoutInSeconds:{HIGH:0,MID:0,LOW:0,DEFAULT:0},tunnelConnectAckTimeoutInSeconds:{HIGH:0,MID:0,LOW:0,DEFAULT:0},trackSgDataLatency:false},eagerStreamGroupEnabled:false,bufferRequestWhileConnectivityNotStarted:false,keepStreamGroupAliveAfterLastStream:false,enableFetchRegionHintFromWww:false,regionHintCacheTtlHours:0,matchMqttWakeup:false,enableTunnelRetriableLayer:true,useExecutorProxies:false,avoidCopyingBuffer:false,fallbackConfig:null,retryableLayerConfig:{useStreamGroupsForConnectivity: false, maxRetries: 10, connectTimeoutSeconds: 10, bgTeardownDelaySeconds: 0, connectSchedulerConfig: {numberOfFastModeRetries: 2, initialUnreachableDelayFastMode: 200, additionalBackgroundDelayFastMode: 100, additionalDelayPerTryFastMode: 100, initialReachableDelayBackOffMode: 500, initialUnreachableDelayBackOffMode: 1000, additionalBackgroundDelayBackOffMode: 300, maxDelayBackOffMode: 40000, randomizeFactorBackOffModeEnabled: true, triesOffsetBackOffMode: 0}, closeConnectionOnNetworkInterfaceChange: true, closeConnectionOnSuspended: false},enableEligibilityHashHeader:false,userAgent:,removeAsyncExecutorFromTunnelNetworkCallbacks:false,enableCallingSgErrorOnlyOnceInSgt:false,msysStreamGroupTransportSampleRate:0,msysStreamLifecycleSampleRate:0,msysNotifyStreamGroupOnPubAckTimeout:false,closeNetworkRequestOnTunnelStreamDestruct:true,useMSG_NOSIGNALForAndroid:false,allowRetriableWithConnectivityAwareLayer:false,msysBufferRequestWhileNoConnectivity:true, disableRetriableLayer:false, disableCancellationForTigonRequests:false, msysBufferRequestWhileConnectivityNotStarted:true}
06-27 12:30:05.617 20746 20941 W DGWClientHolder: DGWMNSConfig IG4A\B4A: MNSDGWNetworkStackConfig: dnsCacheDir:/data/user/0/com.instagram.android/files/android_ig_mns_dgw_dns_cache, quicEnabled:false, quicIdleTimeoutSec:1800, quicKeepAliveTimeoutSec:25, quicHandshakeTimeoutSec:5, http2PingIntervalSec:30, http2MaxRequestsPerConnection:0, userAgent:Instagram 385.0.0.47.74 Android (30/11; 440dpi; 1080x2296; Xiaomi; Redmi K20 Pro; raphaelin; qcom; en_IN; 750732695), enableQuicEarlyData:false, tcpDelayMs:200, tcpHappyEyeballsDelayMs:150, tcpConnectTimeoutSec:30, highPriorityEvLoopThread:false, enableHttpVersionCache:false, quicKnobs:, trustSandboxCertificates:false, useMvfstMobileLibrary:true, enableQlog:false, maxQlogLines:500, mvfstUseHandshakeTimeout:false, preferIPv6ForBothTCPAndQUIC:false, closeWhenNoRequests:false,  useMSG_NOSIGNALForAndroid:true, closeConnectionThrottlingWindowMs:0
06-27 12:30:05.619  1919  8366 D CompatibilityInfo: mCompatibilityFlags - 0
06-27 12:30:05.619  1919  8366 D CompatibilityInfo: applicationDensity - 440
06-27 12:30:05.619  1919  8366 D CompatibilityInfo: applicationScale - 1.0
06-27 12:30:05.621  1919  8366 D CompatibilityInfo: mCompatibilityFlags - 0
06-27 12:30:05.621  1919  8366 D CompatibilityInfo: applicationDensity - 440
06-27 12:30:05.621  1919  8366 D CompatibilityInfo: applicationScale - 1.0
06-27 12:30:05.621   885  2734 I vendor.qti.hardware.servicetracker@1.2-service: startService() is called for servicecom.instagram.android/com.facebook.rti.push.service.FbnsService
06-27 12:30:05.622  1919  2385 I MiuiNetworkPolicy: updateUidState uid = 10264, uidState = 10
06-27 12:30:05.632 20746 21299 D CCodec  : allocate(c2.android.aac.decoder)
06-27 12:30:05.634 20746 21299 I Codec2Client: Available Codec2 services: "default" "software"
06-27 12:30:05.646 20746 21299 I CCodec  : setting up 'default' as default (vendor) store
06-27 12:30:05.707 20746 21299 I CCodec  : Created component [c2.android.aac.decoder]
06-27 12:30:05.708 20746 21299 D CCodecConfig: read media type: audio/mp4a-latm
06-27 12:30:05.711 20746 21299 D ReflectedParamUpdater: extent() != 1 for single value type: algo.buffers.max-count.values
06-27 12:30:05.711 20746 21299 D ReflectedParamUpdater: extent() != 1 for single value type: output.subscribed-indices.values
06-27 12:30:05.711 20746 21299 D ReflectedParamUpdater: extent() != 1 for single value type: input.buffers.allocator-ids.values
06-27 12:30:05.711 20746 21299 D ReflectedParamUpdater: extent() != 1 for single value type: output.buffers.allocator-ids.values
06-27 12:30:05.711 20746 21299 D ReflectedParamUpdater: extent() != 1 for single value type: algo.buffers.allocator-ids.values
06-27 12:30:05.711 20746 21299 D ReflectedParamUpdater: extent() != 1 for single value type: output.buffers.pool-ids.values
06-27 12:30:05.712 20746 21299 D ReflectedParamUpdater: extent() != 1 for single value type: algo.buffers.pool-ids.values
06-27 12:30:05.714 20746 21299 I CCodecConfig: query failed after returning 19 values (BAD_INDEX)
06-27 12:30:05.714 20746 21299 D CCodecConfig: c2 config diff is Dict {
06-27 12:30:05.714 20746 21299 D CCodecConfig:   c2::u32 coded.aac-packaging.value = 0
06-27 12:30:05.714 20746 21299 D CCodecConfig:   c2::u32 coded.bitrate.value = 64000
06-27 12:30:05.714 20746 21299 D CCodecConfig:   c2::u32 coded.pl.level = 0
06-27 12:30:05.714 20746 21299 D CCodecConfig:   c2::u32 coded.pl.profile = 8192
06-27 12:30:05.714 20746 21299 D CCodecConfig:   c2::i32 coding.drc.album-mode.value = 0
06-27 12:30:05.714 20746 21299 D CCodecConfig:   c2::float coding.drc.attenuation-factor.value = 1
06-27 12:30:05.714 20746 21299 D CCodecConfig:   c2::float coding.drc.boost-factor.value = 1
06-27 12:30:05.714 20746 21299 D CCodecConfig:   c2::i32 coding.drc.compression-mode.value = 3
06-27 12:30:05.714 20746 21299 D CCodecConfig:   c2::i32 coding.drc.effect-type.value = 3
06-27 12:30:05.714 20746 21299 D CCodecConfig:   c2::float coding.drc.encoded-level.value = 0.25
06-27 12:30:05.714 20746 21299 D CCodecConfig:   c2::float coding.drc.reference-level.value = -16
06-27 12:30:05.714 20746 21299 D CCodecConfig:   c2::u32 input.buffers.max-size.value = 8192
06-27 12:30:05.714 20746 21299 D CCodecConfig:   c2::u32 input.delay.value = 0
06-27 12:30:05.714 20746 21299 D CCodecConfig:   string input.media-type.value = "audio/mp4a-latm"
06-27 12:30:05.714 20746 21299 D CCodecConfig:   c2::u32 output.delay.value = 2
06-27 12:30:05.714 20746 21299 D CCodecConfig:   c2::float output.drc.output-loudness.value = 0.25
06-27 12:30:05.714 20746 21299 D CCodecConfig:   string output.media-type.value = "audio/raw"
06-27 12:30:05.714 20746 21299 D CCodecConfig:   c2::u32 raw.channel-count.value = 1
06-27 12:30:05.714 20746 21299 D CCodecConfig:   c2::u32 raw.max-channel-count.value = 8
06-27 12:30:05.714 20746 21299 D CCodecConfig:   c2::u32 raw.sample-rate.value = 44100
06-27 12:30:05.714 20746 21299 D CCodecConfig: }
06-27 12:30:05.735 20746 20943 W DirectSQLiteDiskIO: maybeRetrieveInboxFromDiskSync isAtAppStart: true, trigger: InitializerWarmCache, isSQLiteFailed: false, isMinimalLoadComplete: false
06-27 12:30:05.738 20746 21299 I hw-BpHwBinder: onLastStrongRef automatically unlinking death recipients
06-27 12:30:05.740 20746 21299 E libc    : Access denied finding property "ro.vendor.media.video.frc.support"
06-27 12:30:05.740  1437  2234 D MediaMetricsService: submitInternal: isTrusted:0 given uid -1; sanitized uid: 10264 sanitized pkg: com.instagram.android sanitized pkg version: 378906865
06-27 12:30:05.740  1437  2234 D MediaMetricsService: submitInternal: item->getKey().c_str() = codec
06-27 12:30:05.740  1437  2234 D MediaMetricsService: submitInternal: item->getCString(kCodecPackageName, &msg_send->packgeName) = 0
06-27 12:30:05.740  1437  2234 D MediaMetricsService: submitInternal: item->getInt32(kCodecHdrInfo, &msg_send->hdr) = 1
06-27 12:30:05.740  1437  2234 D MediaMetricsService: submitInternal: item->getInt32(kCodecFrameRateCal, &msg_send->frameRateCal) = 1
06-27 12:30:05.740  1437  2234 D MediaMetricsService: submitInternal: msg_send->frameRateCal = -1
06-27 12:30:05.840 20746 20943 W DirectSQLiteDiskIO: Fetched 10 raw threads and 67 messages from disk
06-27 12:30:05.850 21284 21284 W am.android:mqt: JIT profile information will not be recorded: profile file does not exist.
06-27 12:30:05.851 21284 21284 I chatty  : uid=10264 com.instagram.android:mqtt identical 9 lines
06-27 12:30:05.851 21284 21284 W am.android:mqt: JIT profile information will not be recorded: profile file does not exist.
06-27 12:30:05.867 21284 21284 I Perf    : Connecting to perf service.
06-27 12:30:05.878 21284 21284 D NetworkSecurityConfig: Using Network Security Config from resource fb_network_security_config debugBuild: false
06-27 12:30:05.880 21284 21284 D NetworkSecurityConfig: Using Network Security Config from resource fb_network_security_config debugBuild: false
06-27 12:30:05.929 21284 21325 W SoLoader: Initializing SoLoader: 2
06-27 12:30:05.930 21284 21325 W SoLoader: context.getApplicationContext returned null, holding reference to original context.ApplicationSoSource fallbacks to: /data/app/~~6usR3HnnWcKpZIN8s8BjeQ==/com.instagram.android-o9soaaB0n2Z-g_oi58yn2g==/lib/arm64
06-27 12:30:05.930 21284 21325 W SoLoader: Recording new base apk path: /data/app/~~6usR3HnnWcKpZIN8s8BjeQ==/com.instagram.android-o9soaaB0n2Z-g_oi58yn2g==/base.apk
06-27 12:30:05.930 21284 21325 W SoLoader: Previously recorded 0 base apk paths.
06-27 12:30:05.959  7088  9694 W PSIUtils: MEMORY_FULL|45886739|2810770143733
06-27 12:30:05.960  7088  9694 W PSIUtils: MEMORY_SOME|76043888|2810770143733
06-27 12:30:05.961 21284 21324 W lacrima : LacrimaConfigBuilder.setUserIdActorId not called, using 0
06-27 12:30:05.961 21284 21324 W lacrima : LacrimaConfigBuilder.setUserIdActingAccountId not called, using 0
06-27 12:30:05.980 20746 20767 W System  : A resource failed to call close. 
06-27 12:30:05.981 20746 20767 I chatty  : uid=10264(com.instagram.android) FinalizerDaemon identical 2 lines
06-27 12:30:05.981 20746 20767 W System  : A resource failed to call close. 
06-27 12:30:05.993 21284 21284 W Lacrima_single_: type=1400 audit(0.0:3321): avc: denied { read } for name="sdcard" dev="tmpfs" ino=29385 scontext=u:r:untrusted_app:s0:c8,c257,c512,c768 tcontext=u:object_r:mnt_sdcard_file:s0 tclass=lnk_file permissive=0 app=com.instagram.android
06-27 12:30:05.993 21284 21284 W Lacrima_single_: type=1400 audit(0.0:3322): avc: denied { read } for name="sdcard" dev="tmpfs" ino=29385 scontext=u:r:untrusted_app:s0:c8,c257,c512,c768 tcontext=u:object_r:mnt_sdcard_file:s0 tclass=lnk_file permissive=0 app=com.instagram.android
06-27 12:30:06.002 21284 21324 W lacrima : Start JavaAppDeathCrashDetector... X.1cs
06-27 12:30:05.993 21284 21284 W Thread-2: type=1400 audit(0.0:3323): avc: denied { read } for name="zoneinfo" dev="proc" ino=4026531860 scontext=u:r:untrusted_app:s0:c8,c257,c512,c768 tcontext=u:object_r:proc_zoneinfo:s0 tclass=file permissive=0 app=com.instagram.android
06-27 12:30:06.007 21284 21324 W lacrima : Sending pending reports
06-27 12:30:06.010   885  2734 I vendor.qti.hardware.servicetracker@1.2-service: unbindService is called for service : com.google.android.gms/.measurement.service.MeasurementBrokerService and for client sun.way2sms.hyd.com
06-27 12:30:06.010   885  2734 I vendor.qti.hardware.servicetracker@1.2-service: size of service connections for service: com.google.android.gms/.measurement.service.MeasurementBrokerServiceafter removal is 7
06-27 12:30:06.010   885  2734 I vendor.qti.hardware.servicetracker@1.2-service: size of client connections for client: sun.way2sms.hyd.comafter removal is 1
06-27 12:30:06.025  7088 10777 I com.miui.daemo: oneway function results will be dropped but finished with status OK and parcel size 4
06-27 12:30:06.026  7088 10777 I com.miui.daemo: oneway function results will be dropped but finished with status OK and parcel size 4
06-27 12:30:06.030 20746 20966 W MultiSignalANRDetectorLacrima: Pausing error state checks
06-27 12:30:06.034 21284 21327 I AdrenoGLES-0: QUALCOMM build                   : 42297a4, I9e9b240040
06-27 12:30:06.034 21284 21327 I AdrenoGLES-0: Build Date                       : 03/19/21
06-27 12:30:06.034 21284 21327 I AdrenoGLES-0: OpenGL ES Shader Compiler Version: EV031.32.02.07
06-27 12:30:06.034 21284 21327 I AdrenoGLES-0: Local Branch                     : 
06-27 12:30:06.034 21284 21327 I AdrenoGLES-0: Remote Branch                    : refs/tags/AU_LINUX_ANDROID_LA.UM.9.1.R1.11.00.00.604.070
06-27 12:30:06.034 21284 21327 I AdrenoGLES-0: Remote Branch                    : NONE
06-27 12:30:06.034 21284 21327 I AdrenoGLES-0: Reconstruct Branch               : NOTHING
06-27 12:30:06.034 21284 21327 I AdrenoGLES-0: Build Config                     : S P 10.0.6 AArch64
06-27 12:30:06.034 21284 21327 I AdrenoGLES-0: Driver Path                      : /vendor/lib64/egl/libGLESv2_adreno.so
06-27 12:30:06.050 21284 21327 I AdrenoGLES-0: PFP: 0x016ee190, ME: 0x00000000
06-27 12:30:06.050   885  2734 I vendor.qti.hardware.servicetracker@1.2-service: unbindService is called for service : com.google.android.gms/.measurement.service.MeasurementBrokerService and for client com.twitter.android
06-27 12:30:06.050   885  2734 I vendor.qti.hardware.servicetracker@1.2-service: size of service connections for service: com.google.android.gms/.measurement.service.MeasurementBrokerServiceafter removal is 6
06-27 12:30:06.050   885  2734 I vendor.qti.hardware.servicetracker@1.2-service: size of client connections for client: com.twitter.androidafter removal is 8
06-27 12:30:06.065 21284 21327 E libEGL  : call to OpenGL ES API with no current context (logged once per thread)
06-27 12:30:06.065 21284 21327 I chatty  : uid=10264(com.instagram.android) Lacrima_single_ identical 2 lines
06-27 12:30:06.077 21284 21327 E libEGL  : call to OpenGL ES API with no current context (logged once per thread)
06-27 12:30:06.128 21284 21325 W BackupSoSource: adding backup source from split: ExtractFromZipSoSource[/data/app/~~6usR3HnnWcKpZIN8s8BjeQ==/com.instagram.android-o9soaaB0n2Z-g_oi58yn2g==/split_heliumcore.apk]
06-27 12:30:06.128 21284 21325 W BackupSoSource: adding backup source from split: ExtractFromZipSoSource[/data/app/~~6usR3HnnWcKpZIN8s8BjeQ==/com.instagram.android-o9soaaB0n2Z-g_oi58yn2g==/split_heliumiab.apk]
06-27 12:30:06.130 21284 21325 W SoLoader: SoLoader initialized: 2
06-27 12:30:06.133 21284 21325 W FbSoLoader: Will use precomputed native lib dependencies file, extractToDisk = false
06-27 12:30:06.134 21284 21325 W FbSoLoader: Initialized FBSoLoader
06-27 12:30:06.136 21284 21284 W ClassLoadsTracer: ClassTracingLogger not initialized, waiting for callback.
06-27 12:30:06.137 21284 21284 W ClassLoadsTracer: Installed ClassLoadsTracer to com.facebook.common.dextricks.MultiDexClassLoaderLight@b58dc28.
06-27 12:30:06.137 21284 21284 W InstagramAppShell: MultiDexClassLoaderLight installed
06-27 12:30:06.139 21284 21284 W SoLoader: Loading verifier on the main thread
06-27 12:30:06.133 21284 21284 W Lacrima_startup: type=1400 audit(0.0:3324): avc: granted { execute } for path="/data/data/com.instagram.android/lib-compressed/libearlystartup.so" dev="sda31" ino=6801491 scontext=u:r:untrusted_app:s0:c8,c257,c512,c768 tcontext=u:object_r:app_data_file:s0:c8,c257,c512,c768 tclass=file app=com.instagram.android
06-27 12:30:06.143 21284 21284 W SoLoader: Loading fb on the main thread
06-27 12:30:06.143 21284 21284 W SoLoader: Loading fb on the main thread
06-27 12:30:06.146 21284 21284 V v9p     : Disabled
06-27 12:30:06.150 21284 21284 W MDCLLight: MultiDexClassLoaderLight already installed
06-27 12:30:06.150 21284 21284 W InstagramAppShell: MultiDexClassLoaderLight installed
06-27 12:30:06.159 21284 21284 W SoLoader: SoLoader already initialized
06-27 12:30:06.159 21284 21284 W SoLoader: Loading c++_shared on the main thread
06-27 12:30:06.174 21284 21334 E HeliumCrashReporter: Pending crash path /data/data/com.instagram.android/cache/webview_embedded/Helium Crashpad/pending/ is not a directory
06-27 12:30:06.175   879   879 I ANDR-PERF-LM: LMPerfGlue: perfmodule_submit_request() 132: perfmodule_submit_request()
06-27 12:30:06.175   879   879 I ANDR-PERF-LM: Core: getInstance() 84: LM getInstance
06-27 12:30:06.175   879   879 D ANDR-PERF-LM: Feature: lookup() 101: Feature Name = AppClassifier, total featuers = 3, featureFound = 1
06-27 12:30:06.175   879   879 D ANDR-PERF-LM: Feature: getData() 112: data.data = 1
06-27 12:30:06.175   879   879 I ANDR-PERF-LM: FeedbackAPI: getFeedback() 60: app:com.instagram.android feature:AppClassifier feedback = 1
06-27 12:30:06.178 20746 21273 W FileBasedMultiProcessTracker: <default>: Observed new PID: 21284
06-27 12:30:06.237 21284 21334 W dalvik-internals: sigaction64 succeeded
06-27 12:30:06.244 21284 21334 D dalvik-internals: SuspendAndroid11: Found all symbols
06-27 12:30:06.244 21284 21334 D dalvik-internals: SuspendAndroid11: Suspending threads.
06-27 12:30:06.244 21284 21334 D dalvik-internals: SuspendAndroid11: Resuming threads.
06-27 12:30:06.247 21284 21334 V dalvik-internals: hooked signal using trap ()
06-27 12:30:06.247 21284 21334 V dalvik-internals: hooked sigaction using trap ()
06-27 12:30:06.248 21284 21334 I dalvik-internals: integrateWithCrashLog crashlog: /data/user/0/com.instagram.android/crash_log, insta_crashlog: /data/user/0/com.instagram.android/insta_crash_log
06-27 12:30:06.248 21284 21334 I dalvik-internals: installed sigmux crash handler for crash log
06-27 12:30:06.274 21284 21284 I TetheringManager: registerTetheringEventCallback:com.instagram.android
06-27 12:30:06.324 21284 21284 E libc    : Access denied finding property "ro.vendor.df.effect.conflict"
06-27 12:30:06.325 21284 21284 E libc    : Access denied finding property "ro.vendor.knock.type"
06-27 12:30:06.336  1919  2385 I MiuiNetworkPolicy: updateUidState uid = 10264, uidState = 11
06-27 12:30:06.337   885  2734 I vendor.qti.hardware.servicetracker@1.2-service: unbindService is called for service : com.instagram.android/com.facebook.rti.push.service.FbnsService and for client com.instagram.android
06-27 12:30:06.341   885  2734 I vendor.qti.hardware.servicetracker@1.2-service: unbindService is called for service : com.instagram.android/com.facebook.rti.push.service.FbnsService and for client com.instagram.android
06-27 12:30:06.341   885  2734 I vendor.qti.hardware.servicetracker@1.2-service: size of service connections for service: com.instagram.android/com.facebook.rti.push.service.FbnsServiceafter removal is 0
06-27 12:30:06.341   885  2734 I vendor.qti.hardware.servicetracker@1.2-service: size of client connections for client: com.instagram.androidafter removal is 0
06-27 12:30:06.341   885  2734 I vendor.qti.hardware.servicetracker@1.2-service: destroyService is called for service : com.instagram.android/com.facebook.rti.push.service.FbnsService
06-27 12:30:06.343  1919  2385 I MiuiNetworkPolicy: updateUidState uid = 10264, uidState = 10
06-27 12:30:06.347 21284 21284 E SlowAppComponent: 0ms: InstagramAppShell instantiating
06-27 12:30:06.355 21284 21284 E SlowAppComponent: 289ms: FbnsService instantiating
06-27 12:30:06.355 21284 21284 E SlowAppComponent: Main thread was blocked for 466ms in the background starting with InstagramAppShell
06-27 12:30:06.356  1919  7131 I ActivityManager: Killing 19291:com.myntra.android/u0a251 (adj 945): empty #17
06-27 12:30:06.357  1919  7131 I Process : PerfMonitor : current process sending signal quiet. PID: 19291 SIG: 9
06-27 12:30:06.359   879   879 I ANDR-PERF-LM: LMPerfGlue: perfmodule_submit_request() 132: perfmodule_submit_request()
06-27 12:30:06.359   879   879 I ANDR-PERF-LM: Core: getInstance() 84: LM getInstance
06-27 12:30:06.359   879   879 I ANDR-PERF-LM: WQ: push() 59: LMTriggerQ push() size=0
06-27 12:30:06.359   879   879 I ANDR-PERF-LM: WQ: push() 61: LMTriggerQ push() done size=1
06-27 12:30:06.359   879   984 I ANDR-PERF-LM: WQ: pop() 42: LMTriggerQ pop() done size=0
06-27 12:30:06.359   879   984 I ANDR-PERF-LM: Core: lmMain() 373: Waiting on trigger Queue
06-27 12:30:06.359   879   984 I ANDR-PERF-LM: WQ: pop() 31: LMTriggerQ pop() size=0
06-27 12:30:06.359  1919  2134 I Process : PerfMonitor : current process killing process group. PID: 19291
06-27 12:30:06.360   847  2607 I WifiHAL : event received NL80211_CMD_VENDOR, vendor_id = 0x1374, subcmd = 0xd
06-27 12:30:06.360  1560  1560 I cnss-daemon: nl80211 response handler invoked
06-27 12:30:06.360  1560  1560 I cnss-daemon: nl80211_response_handler: cmd 103, vendorID 4980, subcmd 13  received
06-27 12:30:06.360  1919  2385 I MiuiNetworkPolicy: updateUidState uid = 10264, uidState = 11
06-27 12:30:06.405 20746 20942 E PendingMediaStoreSerializer: deserialize start
06-27 12:30:06.405 20746 20942 E PendingMediaStoreSerializer: start reading pending media
06-27 12:30:06.468   879   879 I ANDR-PERF-LM: LMPerfGlue: perfmodule_submit_request() 132: perfmodule_submit_request()
06-27 12:30:06.468   879   879 I ANDR-PERF-LM: Core: getInstance() 84: LM getInstance
06-27 12:30:06.468   879   879 I ANDR-PERF-LM: WQ: push() 59: LMTriggerQ push() size=0
06-27 12:30:06.468   879   879 I ANDR-PERF-LM: WQ: push() 61: LMTriggerQ push() done size=1
06-27 12:30:06.468   879   984 I ANDR-PERF-LM: WQ: pop() 42: LMTriggerQ pop() done size=0
06-27 12:30:06.468   879   984 I ANDR-PERF-LM: Core: lmMain() 373: Waiting on trigger Queue
06-27 12:30:06.468   879   984 I ANDR-PERF-LM: WQ: pop() 31: LMTriggerQ pop() size=0
06-27 12:30:06.468   698   698 I Zygote  : Process 19291 exited due to signal 9 (Killed)
06-27 12:30:06.469   885 10843 I vendor.qti.hardware.servicetracker@1.2-service: killProcess is called for pid : 19291
06-27 12:30:06.470  1919  7657 W ANRStateManager: clear state, but process isn't exist. hash=144379266 uid=10251 pid=19291 state=16
06-27 12:30:06.471  3799  3799 D BoundBrokerSvc: onUnbind: Intent { act=com.google.android.gms.auth.api.identity.service.signin.START dat=chimera-action: cmp=com.google.android.gms/.chimera.GmsApiService }
06-27 12:30:06.471   885 10843 I vendor.qti.hardware.servicetracker@1.2-service: process with pid 19291 is service
06-27 12:30:06.471   885 10843 I vendor.qti.hardware.servicetracker@1.2-service: size of client connections for client: com.myntra.androidafter removal is 3
06-27 12:30:06.471   885 10843 I vendor.qti.hardware.servicetracker@1.2-service: process with pid 19291 is service
06-27 12:30:06.471   885 10843 I vendor.qti.hardware.servicetracker@1.2-service: size of client connections for client: com.myntra.androidafter removal is 2
06-27 12:30:06.471   885 10843 I vendor.qti.hardware.servicetracker@1.2-service: process with pid 19291 is client
