06-27 10:51:18.473   780   828 I libPowerHal: INTERACTION: set gpu opp level max: 0
06-27 10:51:18.473   780   828 I libPowerHal: [setGPUFreq] Soft min/max = (0, 0); Hard min/max = (42, 0)
06-27 10:51:18.473   780   828 I libPowerHal: [setGPUFreq] final min/max = (0, 0)
06-27 10:51:18.473   780   828 I libPowerHal: INTERACTION: set gpu opp level: 0
06-27 10:51:18.473   780   828 I libPowerHal: INTERACTION: set gpu opp level max: 0
06-27 10:51:18.478   780   828 I mtkpower@impl: [powerd_req] TIMER_MSG_PERF_LOCK_TIMEOUT hdl:6884
06-27 10:51:18.478   780   828 I libPowerHal: [perfLockRel] hdl:6884, idx:18
06-27 10:51:18.478   780   828 I libPowerHal: [unsetGPUFreq] current min:0, max:0; scn_gpu_min:0, scn_gpu_max:-1; scn_gpu_min(HL):-1, scn_gpu_max(HL):-1
06-27 10:51:18.478   780   828 I libPowerHal: [setGPUFreq] Soft min/max = (0, 0); Hard min/max = (42, 0)
06-27 10:51:18.478   780   828 I libPowerHal: [setGPUFreq] final min/max = (0, 0)
06-27 10:51:18.478   780   828 I libPowerHal: INTERACTION: set gpu opp level: 0
06-27 10:51:18.478   780   828 I libPowerHal: INTERACTION: set gpu opp level max: 0
06-27 10:51:18.479   780   828 I libPowerHal: [perfLockAcq] idx:16 hdl:6899 hint:53 pid:780 tid:780 duration:80 lock_user:mtkpower@1.0-se => ret_hdl:6899
06-27 10:51:18.479   780   828 I libPowerHal: [setClusterFreq] INTERACTION set cpufreq[0] min:2000000 max:-1 cpufreq[1] min:2400000 max:-1 
06-27 10:51:18.479   780   828 I libPowerHal: [setGPUFreq] INTERACTION user set gpu freq min:0, max:-1
06-27 10:51:18.479   780   828 I libPowerHal: INTERACTION: set gpu opp level max: 0
06-27 10:51:18.479   780   828 I libPowerHal: [setGPUFreq] Soft min/max = (0, 0); Hard min/max = (42, 0)
06-27 10:51:18.480   780   828 I libPowerHal: [setGPUFreq] final min/max = (0, 0)
06-27 10:51:18.480   780   828 I libPowerHal: INTERACTION: set gpu opp level: 0
06-27 10:51:18.480   780   828 I libPowerHal: INTERACTION: set gpu opp level max: 0
06-27 10:51:18.480   744   744 E PQ_HDR  : DpAsyncBlitStream:: thie platform unsupport compress format
06-27 10:51:18.481   744   744 E PQ_HDR  : DpAsyncBlitStream:: thie platform unsupport compress format
06-27 10:51:18.481   744   744 E PQ_HDR  : DpAsyncBlitStream:: thie platform unsupport compress format
06-27 10:51:18.481   744   744 E PQ_HDR  : DpAsyncBlitStream:: thie platform unsupport compress format
06-27 10:51:18.481   744   744 E PQ_HDR  : DpAsyncBlitStream:: thie platform unsupport compress format
06-27 10:51:18.484  1357  1441 I AppWidgetServiceImpl: startListening() 0
06-27 10:51:18.484   780   828 I mtkpower@impl: [powerd_req] TIMER_MSG_PERF_LOCK_TIMEOUT hdl:6885
06-27 10:51:18.484   780   828 I libPowerHal: [perfLockRel] hdl:6885, idx:0
06-27 10:51:18.484   780   828 I libPowerHal: [unsetGPUFreq] current min:0, max:0; scn_gpu_min:0, scn_gpu_max:-1; scn_gpu_min(HL):-1, scn_gpu_max(HL):-1
06-27 10:51:18.484   780   828 I libPowerHal: [setGPUFreq] Soft min/max = (0, 0); Hard min/max = (42, 0)
06-27 10:51:18.484   780   828 I libPowerHal: [setGPUFreq] final min/max = (0, 0)
06-27 10:51:18.484   780   828 I libPowerHal: INTERACTION: set gpu opp level: 0
06-27 10:51:18.484   780   828 I libPowerHal: INTERACTION: set gpu opp level max: 0
06-27 10:51:18.486   780   828 I libPowerHal: [perfLockAcq] idx:0 hdl:6900 hint:53 pid:780 tid:780 duration:80 lock_user:mtkpower@1.0-se => ret_hdl:6900
06-27 10:51:18.486   780   828 I libPowerHal: [setClusterFreq] INTERACTION set cpufreq[0] min:2000000 max:-1 cpufreq[1] min:2400000 max:-1 
06-27 10:51:18.486   780   828 I libPowerHal: [setGPUFreq] INTERACTION user set gpu freq min:0, max:-1
06-27 10:51:18.486   780   828 I libPowerHal: INTERACTION: set gpu opp level max: 0
06-27 10:51:18.486   780   828 I libPowerHal: [setGPUFreq] Soft min/max = (0, 0); Hard min/max = (42, 0)
06-27 10:51:18.486   780   828 I libPowerHal: [setGPUFreq] final min/max = (0, 0)
06-27 10:51:18.486   780   828 I libPowerHal: INTERACTION: set gpu opp level: 0
06-27 10:51:18.486   780   828 I libPowerHal: INTERACTION: set gpu opp level max: 0
06-27 10:51:18.486  1357  1929 I AppWidgetServiceImpl: getInstalledProvidersForProfiles() 0
06-27 10:51:18.486  1357  1441 I AppWidgetServiceImpl: getInstalledProvidersForProfiles() 0
06-27 10:51:18.487  1357  1929 I AppWidgetServiceImpl: notifyProviderInheritance() 0
06-27 10:51:18.488   780   828 I mtkpower@impl: [powerd_req] TIMER_MSG_PERF_LOCK_TIMEOUT hdl:6886
06-27 10:51:18.488   780   828 I libPowerHal: [perfLockRel] hdl:6886, idx:1
06-27 10:51:18.488  1357  1929 I AppWidgetServiceImpl: getAppWidgetInfo() 0
06-27 10:51:18.488   780   828 I libPowerHal: [unsetGPUFreq] current min:0, max:0; scn_gpu_min:0, scn_gpu_max:-1; scn_gpu_min(HL):-1, scn_gpu_max(HL):-1
06-27 10:51:18.488   780   828 I libPowerHal: [setGPUFreq] Soft min/max = (0, 0); Hard min/max = (42, 0)
06-27 10:51:18.488   780   828 I libPowerHal: [setGPUFreq] final min/max = (0, 0)
06-27 10:51:18.488   780   828 I libPowerHal: INTERACTION: set gpu opp level: 0
06-27 10:51:18.488   780   828 I libPowerHal: INTERACTION: set gpu opp level max: 0
06-27 10:51:18.490   780   828 I libPowerHal: [perfLockAcq] idx:1 hdl:6901 hint:53 pid:780 tid:780 duration:80 lock_user:mtkpower@1.0-se => ret_hdl:6901
06-27 10:51:18.490   780   828 I libPowerHal: [setClusterFreq] INTERACTION set cpufreq[0] min:2000000 max:-1 cpufreq[1] min:2400000 max:-1 
06-27 10:51:18.490   780   828 I libPowerHal: [setGPUFreq] INTERACTION user set gpu freq min:0, max:-1
06-27 10:51:18.490   780   828 I libPowerHal: INTERACTION: set gpu opp level max: 0
06-27 10:51:18.490   780   828 I libPowerHal: [setGPUFreq] Soft min/max = (0, 0); Hard min/max = (42, 0)
06-27 10:51:18.490   780   828 I libPowerHal: [setGPUFreq] final min/max = (0, 0)
06-27 10:51:18.490   780   828 I libPowerHal: INTERACTION: set gpu opp level: 0
06-27 10:51:18.490   780   828 I libPowerHal: INTERACTION: set gpu opp level max: 0
06-27 10:51:18.490  1357  1929 I AppWidgetServiceImpl: getAppWidgetViews() 0
06-27 10:51:18.491   744   744 E PQ_HDR  : DpAsyncBlitStream:: thie platform unsupport compress format
06-27 10:51:18.492   744   744 E PQ_HDR  : DpAsyncBlitStream:: thie platform unsupport compress format
06-27 10:51:18.492   744   744 E PQ_HDR  : DpAsyncBlitStream:: thie platform unsupport compress format
06-27 10:51:18.492   744   744 E PQ_HDR  : DpAsyncBlitStream:: thie platform unsupport compress format
06-27 10:51:18.492   744   744 E PQ_HDR  : DpAsyncBlitStream:: thie platform unsupport compress format
06-27 10:51:18.493   780   828 I mtkpower@impl: [powerd_req] TIMER_MSG_PERF_LOCK_TIMEOUT hdl:6887
06-27 10:51:18.493   780   828 I libPowerHal: [perfLockRel] hdl:6887, idx:2
06-27 10:51:18.493   780   828 I libPowerHal: [unsetGPUFreq] current min:0, max:0; scn_gpu_min:0, scn_gpu_max:-1; scn_gpu_min(HL):-1, scn_gpu_max(HL):-1
06-27 10:51:18.493   780   828 I libPowerHal: [setGPUFreq] Soft min/max = (0, 0); Hard min/max = (42, 0)
06-27 10:51:18.493   780   828 I libPowerHal: [setGPUFreq] final min/max = (0, 0)
06-27 10:51:18.493   780   828 I libPowerHal: INTERACTION: set gpu opp level: 0
06-27 10:51:18.493   780   828 I libPowerHal: INTERACTION: set gpu opp level max: 0
06-27 10:51:18.495   780   828 I libPowerHal: [perfLockAcq] idx:2 hdl:6902 hint:53 pid:780 tid:780 duration:80 lock_user:mtkpower@1.0-se => ret_hdl:6902
06-27 10:51:18.495   780   828 I libPowerHal: [setClusterFreq] INTERACTION set cpufreq[0] min:2000000 max:-1 cpufreq[1] min:2400000 max:-1 
06-27 10:51:18.495   780   828 I libPowerHal: [setGPUFreq] INTERACTION user set gpu freq min:0, max:-1
06-27 10:51:18.495   780   828 I libPowerHal: INTERACTION: set gpu opp level max: 0
06-27 10:51:18.495   780   828 I libPowerHal: [setGPUFreq] Soft min/max = (0, 0); Hard min/max = (42, 0)
06-27 10:51:18.496   780   828 I libPowerHal: [setGPUFreq] final min/max = (0, 0)
06-27 10:51:18.496   780   828 I libPowerHal: INTERACTION: set gpu opp level: 0
06-27 10:51:18.496   780   828 I libPowerHal: INTERACTION: set gpu opp level max: 0
06-27 10:51:18.496   780   828 I libPowerHal: [perfLockRel] hdl:6870, idx:4
06-27 10:51:18.497   780   828 I libPowerHal: [PD] MTKPOWER_HINT_APP_TOUCH update cmd:3408b00 param:0
06-27 10:51:18.498   780   828 I mtkpower@impl: [powerd_req] TIMER_MSG_PERF_LOCK_TIMEOUT hdl:6888
06-27 10:51:18.498   780   828 I libPowerHal: [perfLockRel] hdl:6888, idx:3
06-27 10:51:18.498   780   828 I libPowerHal: [unsetGPUFreq] current min:0, max:0; scn_gpu_min:0, scn_gpu_max:-1; scn_gpu_min(HL):-1, scn_gpu_max(HL):-1
06-27 10:51:18.498   780   828 I libPowerHal: [setGPUFreq] Soft min/max = (0, 0); Hard min/max = (42, 0)
06-27 10:51:18.499   780   828 I libPowerHal: [setGPUFreq] final min/max = (0, 0)
06-27 10:51:18.499   780   828 I libPowerHal: INTERACTION: set gpu opp level: 0
06-27 10:51:18.499   780   828 I libPowerHal: INTERACTION: set gpu opp level max: 0
06-27 10:51:18.499   780   828 I libPowerHal: [perfLockAcq] idx:4 hdl:6903 hint:53 pid:780 tid:780 duration:788 lock_user:mtkpower@1.0-se => ret_hdl:6903
06-27 10:51:18.499   780   828 I libPowerHal: [setClusterFreq] INTERACTION set cpufreq[0] min:2000000 max:-1 cpufreq[1] min:2400000 max:-1 
06-27 10:51:18.499   780   828 I libPowerHal: [setGPUFreq] INTERACTION user set gpu freq min:0, max:-1
06-27 10:51:18.499   780   828 I libPowerHal: INTERACTION: set gpu opp level max: 0
06-27 10:51:18.499  1621  1621 I FalsingManager: {belief=0.2919542910736407 confidence=1.0}
06-27 10:51:18.500   780   828 I libPowerHal: [setGPUFreq] Soft min/max = (0, 0); Hard min/max = (42, 0)
06-27 10:51:18.500   780   828 I libPowerHal: [setGPUFreq] final min/max = (0, 0)
06-27 10:51:18.500   780   828 I libPowerHal: INTERACTION: set gpu opp level: 0
06-27 10:51:18.500   780   828 I libPowerHal: INTERACTION: set gpu opp level max: 0
06-27 10:51:18.500  1621  1621 W WindowOnBackDispatcher: sendCancelIfRunning: isInProgress=false callback=com.android.systemui.back.domain.interactor.BackActionInteractor$callback$2@cbd3cc
06-27 10:51:18.502   744   744 E PQ_HDR  : DpAsyncBlitStream:: thie platform unsupport compress format
06-27 10:51:18.503   744   744 E PQ_HDR  : DpAsyncBlitStream:: thie platform unsupport compress format
06-27 10:51:18.503   744   744 E PQ_HDR  : DpAsyncBlitStream:: thie platform unsupport compress format
06-27 10:51:18.503   744   744 E PQ_HDR  : DpAsyncBlitStream:: thie platform unsupport compress format
06-27 10:51:18.503   744   744 E PQ_HDR  : DpAsyncBlitStream:: thie platform unsupport compress format
06-27 10:51:18.505   780   828 I mtkpower@impl: [powerd_req] TIMER_MSG_PERF_LOCK_TIMEOUT hdl:6889
06-27 10:51:18.505   780   828 I libPowerHal: [perfLockRel] hdl:6889, idx:5
06-27 10:51:18.505   780   828 I libPowerHal: [unsetGPUFreq] current min:0, max:0; scn_gpu_min:0, scn_gpu_max:-1; scn_gpu_min(HL):-1, scn_gpu_max(HL):-1
06-27 10:51:18.505   780   828 I libPowerHal: [setGPUFreq] Soft min/max = (0, 0); Hard min/max = (42, 0)
06-27 10:51:18.505   780   828 I libPowerHal: [setGPUFreq] final min/max = (0, 0)
06-27 10:51:18.505   780   828 I libPowerHal: INTERACTION: set gpu opp level: 0
06-27 10:51:18.505   780   828 I libPowerHal: INTERACTION: set gpu opp level max: 0
06-27 10:51:18.506  1357  6590 I AppWidgetServiceImpl: getAppWidgetOptions() 0
06-27 10:51:18.512  1911  1911 I OverviewComponentObserver: updateOverviewTargets: mIsHomeDisabled=false, isDefaultHomeNull=false, mIsDefaultHome=true
06-27 10:51:18.513   780   828 I mtkpower@impl: [powerd_req] TIMER_MSG_PERF_LOCK_TIMEOUT hdl:6890
06-27 10:51:18.513   780   828 I libPowerHal: [perfLockRel] hdl:6890, idx:6
06-27 10:51:18.513   780   828 I libPowerHal: [unsetGPUFreq] current min:0, max:0; scn_gpu_min:0, scn_gpu_max:-1; scn_gpu_min(HL):-1, scn_gpu_max(HL):-1
06-27 10:51:18.513   780   828 I libPowerHal: [setGPUFreq] Soft min/max = (0, 0); Hard min/max = (42, 0)
06-27 10:51:18.513   780   828 I libPowerHal: [setGPUFreq] final min/max = (0, 0)
06-27 10:51:18.513   780   828 I libPowerHal: INTERACTION: set gpu opp level: 0
06-27 10:51:18.514   780   828 I libPowerHal: INTERACTION: set gpu opp level max: 0
06-27 10:51:18.514   744   744 E PQ_HDR  : DpAsyncBlitStream:: thie platform unsupport compress format
06-27 10:51:18.514   744   744 E PQ_HDR  : DpAsyncBlitStream:: thie platform unsupport compress format
06-27 10:51:18.514   747   787 E HfLooper: dst->data[13.000000,38.000000,9716.000000]
06-27 10:51:18.514   744   744 E PQ_HDR  : DpAsyncBlitStream:: thie platform unsupport compress format
06-27 10:51:18.514   744   744 E PQ_HDR  : DpAsyncBlitStream:: thie platform unsupport compress format
06-27 10:51:18.514   744   744 E PQ_HDR  : DpAsyncBlitStream:: thie platform unsupport compress format
06-27 10:51:18.515   780   828 I mtkpower@impl: [powerd_req] TIMER_MSG_PERF_LOCK_TIMEOUT hdl:6891
06-27 10:51:18.515   780   828 I libPowerHal: [perfLockRel] hdl:6891, idx:7
06-27 10:51:18.515   780   828 I libPowerHal: [unsetGPUFreq] current min:0, max:0; scn_gpu_min:0, scn_gpu_max:-1; scn_gpu_min(HL):-1, scn_gpu_max(HL):-1
06-27 10:51:18.515   780   828 I libPowerHal: [setGPUFreq] Soft min/max = (0, 0); Hard min/max = (42, 0)
06-27 10:51:18.515   780   828 I libPowerHal: [setGPUFreq] final min/max = (0, 0)
06-27 10:51:18.515   780   828 I libPowerHal: INTERACTION: set gpu opp level: 0
06-27 10:51:18.516   780   828 I libPowerHal: INTERACTION: set gpu opp level max: 0
06-27 10:51:18.519  1357  6590 I AppWidgetServiceImpl: startListening() 0
06-27 10:51:18.521  1911  1911 D ModelCallbacks: startBinding: hotseat layout was vertical: false and is setting to false
06-27 10:51:18.521   780   828 I mtkpower@impl: [powerd_req] TIMER_MSG_PERF_LOCK_TIMEOUT hdl:6892
06-27 10:51:18.521   780   828 I libPowerHal: [perfLockRel] hdl:6892, idx:8
06-27 10:51:18.522   780   828 I libPowerHal: [unsetGPUFreq] current min:0, max:0; scn_gpu_min:0, scn_gpu_max:-1; scn_gpu_min(HL):-1, scn_gpu_max(HL):-1
06-27 10:51:18.522   780   828 I libPowerHal: [setGPUFreq] Soft min/max = (0, 0); Hard min/max = (42, 0)
06-27 10:51:18.522   780   828 I libPowerHal: [setGPUFreq] final min/max = (0, 0)
06-27 10:51:18.522   780   828 I libPowerHal: INTERACTION: set gpu opp level: 0
06-27 10:51:18.522   780   828 I libPowerHal: INTERACTION: set gpu opp level max: 0
06-27 10:51:18.522  1911  1911 D Launcher.Workspace: addInScreenFromBind: hotseat inflation with x = 0 and y = 0
06-27 10:51:18.523  1911  1911 D Launcher.Workspace: addInScreenFromBind: hotseat inflation with x = 1 and y = 0
06-27 10:51:18.523  1911  1911 D Launcher.Workspace: addInScreenFromBind: hotseat inflation with x = 2 and y = 0
06-27 10:51:18.523  1911  1911 D Launcher.Workspace: addInScreenFromBind: hotseat inflation with x = 3 and y = 0
06-27 10:51:18.523  1911  1911 D Launcher.Workspace: addInScreenFromBind: hotseat inflation with x = 4 and y = 0
06-27 10:51:18.525   744   744 E PQ_HDR  : DpAsyncBlitStream:: thie platform unsupport compress format
06-27 10:51:18.525   744   744 E PQ_HDR  : DpAsyncBlitStream:: thie platform unsupport compress format
06-27 10:51:18.525   744   744 E PQ_HDR  : DpAsyncBlitStream:: thie platform unsupport compress format
06-27 10:51:18.525   744   744 E PQ_HDR  : DpAsyncBlitStream:: thie platform unsupport compress format
06-27 10:51:18.525   744   744 E PQ_HDR  : DpAsyncBlitStream:: thie platform unsupport compress format
