06-27 12:51:04.259   789   862 E FMQ     : grantorIdx must be less than 3
06-27 12:51:04.259   789   862 E FMQ     : grantorIdx must be less than 3
06-27 12:51:04.260   943 29412 E FMQ     : grantorIdx must be less than 3
06-27 12:51:04.260   943 29412 E FMQ     : grantorIdx must be less than 3
06-27 12:51:04.260   789   862 W StreamHAL: Error from HAL stream in function set_microphone_direction: Function not implemented
06-27 12:51:04.260 28683 28683 E ActivityThread: Activity com.android.internal.app.ResolverActivity has leaked IntentReceiver com.android.internal.app.ResolverActivity$5@1e2568d that was originally registered here. Are you missing a call to unregisterReceiver()?
06-27 12:51:04.260 28683 28683 E ActivityThread: android.app.IntentReceiverLeaked: Activity com.android.internal.app.ResolverActivity has leaked IntentReceiver com.android.internal.app.ResolverActivity$5@1e2568d that was originally registered here. Are you missing a call to unregisterReceiver()?
06-27 12:51:04.260 28683 28683 E ActivityThread: 	at android.app.LoadedApk$ReceiverDispatcher.<init>(LoadedApk.java:1607)
06-27 12:51:04.260 28683 28683 E ActivityThread: 	at android.app.LoadedApk.getReceiverDispatcher(LoadedApk.java:1378)
06-27 12:51:04.260 28683 28683 E ActivityThread: 	at android.app.ContextImpl.registerReceiverInternal(ContextImpl.java:1624)
06-27 12:51:04.260 28683 28683 E ActivityThread: 	at android.app.ContextImpl.registerReceiverAsUser(ContextImpl.java:1611)
06-27 12:51:04.260 28683 28683 E ActivityThread: 	at android.content.ContextWrapper.registerReceiverAsUser(ContextWrapper.java:720)
06-27 12:51:04.260 28683 28683 E ActivityThread: 	at com.android.internal.app.ResolverActivity.registerWorkProfileStateReceiver(ResolverActivity.java:1087)
06-27 12:51:04.260 28683 28683 E ActivityThread: 	at com.android.internal.app.ResolverActivity.onStart(ResolverActivity.java:1068)
06-27 12:51:04.260 28683 28683 E ActivityThread: 	at android.app.Instrumentation.callActivityOnStart(Instrumentation.java:1436)
06-27 12:51:04.260 28683 28683 E ActivityThread: 	at android.app.Activity.performStart(Activity.java:8158)
06-27 12:51:04.260 28683 28683 E ActivityThread: 	at android.app.ActivityThread.handleStartActivity(ActivityThread.java:3566)
06-27 12:51:04.260 28683 28683 E ActivityThread: 	at android.app.servertransaction.TransactionExecutor.performLifecycleSequence(TransactionExecutor.java:221)
06-27 12:51:04.260 28683 28683 E ActivityThread: 	at android.app.servertransaction.TransactionExecutor.cycleToPath(TransactionExecutor.java:201)
06-27 12:51:04.260 28683 28683 E ActivityThread: 	at android.app.servertransaction.TransactionExecutor.executeLifecycleState(TransactionExecutor.java:173)
06-27 12:51:04.260 28683 28683 E ActivityThread: 	at android.app.servertransaction.TransactionExecutor.execute(TransactionExecutor.java:97)
06-27 12:51:04.260 28683 28683 E ActivityThread: 	at android.app.ActivityThread$H.handleMessage(ActivityThread.java:2136)
06-27 12:51:04.260 28683 28683 E ActivityThread: 	at android.os.Handler.dispatchMessage(Handler.java:106)
06-27 12:51:04.260 28683 28683 E ActivityThread: 	at android.os.Looper.loop(Looper.java:236)
06-27 12:51:04.260 28683 28683 E ActivityThread: 	at android.app.ActivityThread.main(ActivityThread.java:8061)
06-27 12:51:04.260 28683 28683 E ActivityThread: 	at java.lang.reflect.Method.invoke(Native Method)
06-27 12:51:04.260 28683 28683 E ActivityThread: 	at com.android.internal.os.RuntimeInit$MethodAndArgsCaller.run(RuntimeInit.java:656)
06-27 12:51:04.260 28683 28683 E ActivityThread: 	at com.android.internal.os.ZygoteInit.main(ZygoteInit.java:967)
06-27 12:51:04.260   789   862 W StreamHAL: Error from HAL stream in function set_microphone_field_dimension: Function not implemented
06-27 12:51:04.261  7063 29140 D AudioService: broadcastRecorderState:com.google.android.googlequicksearchbox
06-27 12:51:04.261  1437  2234 D MediaMetricsService: submitInternal: isTrusted:0 given uid -1; sanitized uid: 10188 sanitized pkg: com.google.android.googlequicksearchbox sanitized pkg version: 301527834
06-27 12:51:04.261  1437  2234 D MediaMetricsService: submitInternal: item->getKey().c_str() = audio.record.56
06-27 12:51:04.261  1437  2234 D MediaMetricsService: submitInternal: item->getCString(kCodecPackageName, &msg_send->packgeName) = 0
06-27 12:51:04.261  1437  2234 D MediaMetricsService: submitInternal: item->getInt32(kCodecHdrInfo, &msg_send->hdr) = 0
06-27 12:51:04.261  1437  2234 D MediaMetricsService: submitInternal: item->getInt32(kCodecFrameRateCal, &msg_send->frameRateCal) = 0
06-27 12:51:04.261  1437  2234 D MediaMetricsService: submitInternal: msg_send->frameRateCal = 1731093609
06-27 12:51:04.261  7063 29140 I eszm    : #audio# start audio buffering
06-27 12:51:04.261 28683 28683 E ActivityThread: Activity com.android.internal.app.ResolverActivity has leaked IntentReceiver com.android.internal.app.ResolverActivity$1@4b7cf32 that was originally registered here. Are you missing a call to unregisterReceiver()?
06-27 12:51:04.261 28683 28683 E ActivityThread: android.app.IntentReceiverLeaked: Activity com.android.internal.app.ResolverActivity has leaked IntentReceiver com.android.internal.app.ResolverActivity$1@4b7cf32 that was originally registered here. Are you missing a call to unregisterReceiver()?
06-27 12:51:04.261 28683 28683 E ActivityThread: 	at android.app.LoadedApk$ReceiverDispatcher.<init>(LoadedApk.java:1607)
06-27 12:51:04.261 28683 28683 E ActivityThread: 	at android.app.LoadedApk.getReceiverDispatcher(LoadedApk.java:1378)
06-27 12:51:04.261 28683 28683 E ActivityThread: 	at android.app.ContextImpl.registerReceiverInternal(ContextImpl.java:1624)
06-27 12:51:04.261 28683 28683 E ActivityThread: 	at android.app.ContextImpl.registerReceiverAsUser(ContextImpl.java:1611)
06-27 12:51:04.261 28683 28683 E ActivityThread: 	at android.content.ContextWrapper.registerReceiverAsUser(ContextWrapper.java:720)
06-27 12:51:04.261 28683 28683 E ActivityThread: 	at com.android.internal.content.PackageMonitor.register(PackageMonitor.java:98)
06-27 12:51:04.261 28683 28683 E ActivityThread: 	at com.android.internal.content.PackageMonitor.register(PackageMonitor.java:86)
06-27 12:51:04.261 28683 28683 E ActivityThread: 	at com.android.internal.app.ResolverActivity.onCreate(ResolverActivity.java:523)
06-27 12:51:04.261 28683 28683 E ActivityThread: 	at com.android.internal.app.ResolverActivity.onCreate(ResolverActivity.java:380)
06-27 12:51:04.261 28683 28683 E ActivityThread: 	at android.app.Activity.performCreate(Activity.java:8127)
06-27 12:51:04.261 28683 28683 E ActivityThread: 	at android.app.Activity.performCreate(Activity.java:8098)
06-27 12:51:04.261 28683 28683 E ActivityThread: 	at android.app.Instrumentation.callActivityOnCreate(Instrumentation.java:1310)
06-27 12:51:04.261 28683 28683 E ActivityThread: 	at android.app.ActivityThread.performLaunchActivity(ActivityThread.java:3513)
06-27 12:51:04.261 28683 28683 E ActivityThread: 	at android.app.ActivityThread.handleLaunchActivity(ActivityThread.java:3700)
06-27 12:51:04.261 28683 28683 E ActivityThread: 	at android.app.servertransaction.LaunchActivityItem.execute(LaunchActivityItem.java:85)
06-27 12:51:04.261 28683 28683 E ActivityThread: 	at android.app.servertransaction.TransactionExecutor.executeCallbacks(TransactionExecutor.java:135)
06-27 12:51:04.261 28683 28683 E ActivityThread: 	at android.app.servertransaction.TransactionExecutor.execute(TransactionExecutor.java:95)
06-27 12:51:04.261 28683 28683 E ActivityThread: 	at android.app.ActivityThread$H.handleMessage(ActivityThread.java:2136)
06-27 12:51:04.261 28683 28683 E ActivityThread: 	at android.os.Handler.dispatchMessage(Handler.java:106)
06-27 12:51:04.261 28683 28683 E ActivityThread: 	at android.os.Looper.loop(Looper.java:236)
06-27 12:51:04.261 28683 28683 E ActivityThread: 	at android.app.ActivityThread.main(ActivityThread.java:8061)
06-27 12:51:04.261 28683 28683 E ActivityThread: 	at java.lang.reflect.Method.invoke(Native Method)
06-27 12:51:04.261 28683 28683 E ActivityThread: 	at com.android.internal.os.RuntimeInit$MethodAndArgsCaller.run(RuntimeInit.java:656)
06-27 12:51:04.261 28683 28683 E ActivityThread: 	at com.android.internal.os.ZygoteInit.main(ZygoteInit.java:967)
06-27 12:51:04.262  9739  9900 I PowerCheckerService: uid:10188 change to active
06-27 12:51:04.262  9739  9853 I AppActiveChecker: uid:10188 change to active
06-27 12:51:04.262  1919  3081 I AudioService.RecordingActivityMonitor: rec update riid:167 uid:10188 session:25 src:HOTWORD pack:com.google.android.googlequicksearchbox
06-27 12:51:04.262   789  1760 D android.hardware.audio.service: ipc_resp_thread: opcode: 0xd, payload_size: 3876, resp_buf size: 3888
06-27 12:51:04.262   789  1760 D android.hardware.audio.service: pktzr_resp_cb: opcode = 0xd size = 3876 token = 142
06-27 12:51:04.262   789  1760 D android.hardware.audio.service: pktzr_resp_cb: token 142 matched
06-27 12:51:04.262  7063  8063 I etkt    : (REDACTED) #audio# starting listening client(%s) route(%s) took %d(ms)
06-27 12:51:04.263   789  9293 D android.hardware.audio.service: pktzr_send_cmd: opcode = 0xc, size = 24, token = 144
06-27 12:51:04.263  7063  8010 I eudy    : (REDACTED) #audio# hotword client session(token(%d)) start listening status(%s)
06-27 12:51:04.263  7063  8011 I etkt    : (REDACTED) #audio# HotwordListeningSession start listening status: %s
06-27 12:51:04.264  7063  8011 I esvb    : (REDACTED) #audio# registering receiver(%s), range(offset=%d, minimal=%s), buffer(%s)
06-27 12:51:04.264  7063  8011 I etju    : #audio# reportMicUpdate
06-27 12:51:04.264  7063 29414 I eswj    : (REDACTED) #audio# mark first byte read result as non-empty, actual(%dms ago)
06-27 12:51:04.264  7063  8011 I fbai    : registerAudioBytesReceiver success.
06-27 12:51:04.264  7063  8010 I ethi    : (REDACTED) #audio# result(%s) synced first-byte-read
06-27 12:51:04.264  7063  8011 I fbai    : Hotword mic open successful.
06-27 12:51:04.264  7063  8011 I esvb    : (REDACTED) #audio# noting buffer(%s) new state(%s)
06-27 12:51:04.264  7063  8010 I fbai    : After mic open
06-27 12:51:04.264  7063  8011 I esvp    : (REDACTED) #audio# start time defined(present=%s)
06-27 12:51:04.264  7063  7999 I fbai    : (REDACTED) #onAudioData: %s bytes, getAudioReadSize %s
06-27 12:51:04.265  7063  8010 I fbbi    : Hotword audio capture started.
06-27 12:51:04.265  7063  8010 I favt    : Soda started successfully after DSP hotword detected.
06-27 12:51:04.265  7063  9461 I native  : I0000 00:00:1751008864.265376    9461 soda_async_impl.cc:1303] SODA received first mic audio buffer, size in bytes: 320, format: 1, channels: 1, sample rate: 16000
06-27 12:51:04.269   789  1760 D android.hardware.audio.service: ipc_resp_thread: opcode: 0xd, payload_size: 3876, resp_buf size: 3888
06-27 12:51:04.269   789  1760 D android.hardware.audio.service: pktzr_resp_cb: opcode = 0xd size = 3876 token = 143
06-27 12:51:04.269   789  1760 D android.hardware.audio.service: pktzr_resp_cb: token 143 matched
06-27 12:51:04.269   789  9293 D android.hardware.audio.service: pktzr_send_cmd: opcode = 0xc, size = 24, token = 145
06-27 12:51:04.275   789  1760 D android.hardware.audio.service: ipc_resp_thread: opcode: 0xd, payload_size: 3876, resp_buf size: 3888
06-27 12:51:04.275   789  1760 D android.hardware.audio.service: pktzr_resp_cb: opcode = 0xd size = 3876 token = 144
06-27 12:51:04.275   789  1760 D android.hardware.audio.service: pktzr_resp_cb: token 144 matched
06-27 12:51:04.275   789  9293 D android.hardware.audio.service: pktzr_send_cmd: opcode = 0xc, size = 24, token = 146
06-27 12:51:04.282   789  1760 D android.hardware.audio.service: ipc_resp_thread: opcode: 0xd, payload_size: 3876, resp_buf size: 3888
06-27 12:51:04.282   789  1760 D android.hardware.audio.service: pktzr_resp_cb: opcode = 0xd size = 3876 token = 145
06-27 12:51:04.282   789  1760 D android.hardware.audio.service: pktzr_resp_cb: token 145 matched
06-27 12:51:04.282   789  9293 D android.hardware.audio.service: pktzr_send_cmd: opcode = 0xc, size = 24, token = 147
06-27 12:51:04.285   789  1760 D android.hardware.audio.service: ipc_resp_thread: opcode: 0xd, payload_size: 3876, resp_buf size: 3888
06-27 12:51:04.285   789  1760 D android.hardware.audio.service: pktzr_resp_cb: opcode = 0xd size = 3876 token = 146
06-27 12:51:04.285   789  1760 D android.hardware.audio.service: pktzr_resp_cb: token 146 matched
06-27 12:51:04.286   789  9293 D android.hardware.audio.service: pktzr_send_cmd: opcode = 0xc, size = 24, token = 148
06-27 12:51:04.291   789  1760 D android.hardware.audio.service: ipc_resp_thread: opcode: 0xd, payload_size: 3876, resp_buf size: 3888
06-27 12:51:04.291   789  1760 D android.hardware.audio.service: pktzr_resp_cb: opcode = 0xd size = 3876 token = 147
06-27 12:51:04.291   789  1760 D android.hardware.audio.service: pktzr_resp_cb: token 147 matched
06-27 12:51:04.291   789  9293 D android.hardware.audio.service: pktzr_send_cmd: opcode = 0xc, size = 24, token = 149
06-27 12:51:04.296   789  1760 D android.hardware.audio.service: ipc_resp_thread: opcode: 0xd, payload_size: 3876, resp_buf size: 3888
06-27 12:51:04.296   789  1760 D android.hardware.audio.service: pktzr_resp_cb: opcode = 0xd size = 3876 token = 148
06-27 12:51:04.296   789  1760 D android.hardware.audio.service: pktzr_resp_cb: token 148 matched
06-27 12:51:04.296   789  9293 D android.hardware.audio.service: pktzr_send_cmd: opcode = 0xc, size = 24, token = 150
06-27 12:51:04.301   789  1760 D android.hardware.audio.service: ipc_resp_thread: opcode: 0xd, payload_size: 3876, resp_buf size: 3888
06-27 12:51:04.301   789  1760 D android.hardware.audio.service: pktzr_resp_cb: opcode = 0xd size = 3876 token = 149
06-27 12:51:04.301   789  1760 D android.hardware.audio.service: pktzr_resp_cb: token 149 matched
06-27 12:51:04.301   789  9293 D android.hardware.audio.service: pktzr_send_cmd: opcode = 0xc, size = 24, token = 151
06-27 12:51:04.305   789  1760 D android.hardware.audio.service: ipc_resp_thread: opcode: 0xd, payload_size: 3876, resp_buf size: 3888
06-27 12:51:04.305   789  1760 D android.hardware.audio.service: pktzr_resp_cb: opcode = 0xd size = 3876 token = 150
06-27 12:51:04.305   789  1760 D android.hardware.audio.service: pktzr_resp_cb: token 150 matched
06-27 12:51:04.305   789  9293 D android.hardware.audio.service: pktzr_send_cmd: opcode = 0xc, size = 24, token = 152
06-27 12:51:04.309   789  1760 D android.hardware.audio.service: ipc_resp_thread: opcode: 0xd, payload_size: 3876, resp_buf size: 3888
06-27 12:51:04.309   789  1760 D android.hardware.audio.service: pktzr_resp_cb: opcode = 0xd size = 3876 token = 151
06-27 12:51:04.309   789  1760 D android.hardware.audio.service: pktzr_resp_cb: token 151 matched
06-27 12:51:04.310   789  9293 D android.hardware.audio.service: pktzr_send_cmd: opcode = 0xc, size = 24, token = 153
06-27 12:51:04.313   789  1760 D android.hardware.audio.service: ipc_resp_thread: opcode: 0xd, payload_size: 3876, resp_buf size: 3888
06-27 12:51:04.313   789  1760 D android.hardware.audio.service: pktzr_resp_cb: opcode = 0xd size = 3876 token = 152
06-27 12:51:04.313   789  1760 D android.hardware.audio.service: pktzr_resp_cb: token 152 matched
06-27 12:51:04.314   789  9293 D android.hardware.audio.service: pktzr_send_cmd: opcode = 0xc, size = 24, token = 154
06-27 12:51:04.370   789  1760 D android.hardware.audio.service: ipc_resp_thread: opcode: 0xd, payload_size: 3876, resp_buf size: 3888
06-27 12:51:04.370   789  1760 D android.hardware.audio.service: pktzr_resp_cb: opcode = 0xd size = 3876 token = 153
06-27 12:51:04.370   789  1760 D android.hardware.audio.service: pktzr_resp_cb: token 153 matched
06-27 12:51:04.371   789  9293 D android.hardware.audio.service: pktzr_send_cmd: opcode = 0xc, size = 24, token = 155
06-27 12:51:04.372  7063  8063 I eswd    : (REDACTED) #audio# processor(%s) is being completed(%s)
06-27 12:51:04.373  7063  8063 I eswd    : (REDACTED) #audio# processor(%s) done, processed(%dns), spent(%dns), deviation(%dns)
06-27 12:51:04.374  7063  8010 I ethi    : (REDACTED) #audio# result(%s) synced audio-start-time
06-27 12:51:04.499   789  1760 D android.hardware.audio.service: ipc_resp_thread: opcode: 0xd, payload_size: 3876, resp_buf size: 3888
06-27 12:51:04.499   789  1760 D android.hardware.audio.service: pktzr_resp_cb: opcode = 0xd size = 3876 token = 154
06-27 12:51:04.499   789  1760 D android.hardware.audio.service: pktzr_resp_cb: token 154 matched
06-27 12:51:04.502   789  9293 D android.hardware.audio.service: pktzr_send_cmd: opcode = 0xc, size = 24, token = 156
06-27 12:51:04.493  3799  3799 W ThreadPoolForeg: type=1400 audit(0.0:5061): avc: denied { write } for name="traced_producer" dev="tmpfs" ino=39154 scontext=u:r:gmscore_app:s0:c512,c768 tcontext=u:object_r:traced_producer_socket:s0 tclass=sock_file permissive=0 app=com.google.android.gms
06-27 12:51:04.619   789  1760 D android.hardware.audio.service: ipc_resp_thread: opcode: 0xd, payload_size: 3876, resp_buf size: 3888
06-27 12:51:04.620   789  1760 D android.hardware.audio.service: pktzr_resp_cb: opcode = 0xd size = 3876 token = 155
06-27 12:51:04.620   789  1760 D android.hardware.audio.service: pktzr_resp_cb: token 155 matched
06-27 12:51:04.620   789  9293 D android.hardware.audio.service: pktzr_send_cmd: opcode = 0xc, size = 24, token = 157
06-27 12:51:04.740   789  1760 D android.hardware.audio.service: ipc_resp_thread: opcode: 0xd, payload_size: 3876, resp_buf size: 3888
06-27 12:51:04.740   789  1760 D android.hardware.audio.service: pktzr_resp_cb: opcode = 0xd size = 3876 token = 156
06-27 12:51:04.740   789  1760 D android.hardware.audio.service: pktzr_resp_cb: token 156 matched
06-27 12:51:04.740   789  9293 D android.hardware.audio.service: pktzr_send_cmd: opcode = 0xc, size = 24, token = 158
06-27 12:51:04.744  7063  9461 I native  : I0000 00:00:1751008864.743922    9461 soda_async_impl.cc:1072] Not receiving any loopback audio in 500ms. Last audio received time: 1970-01-01T05:30:00+05:30, Current time: 2025-06-27T12:51:04.743916625+05:30
06-27 12:51:04.860   789  1760 D android.hardware.audio.service: ipc_resp_thread: opcode: 0xd, payload_size: 3876, resp_buf size: 3888
06-27 12:51:04.860   789  1760 D android.hardware.audio.service: pktzr_resp_cb: opcode = 0xd size = 3876 token = 157
06-27 12:51:04.860   789  1760 D android.hardware.audio.service: pktzr_resp_cb: token 157 matched
06-27 12:51:04.860   789  9293 D android.hardware.audio.service: pktzr_send_cmd: opcode = 0xc, size = 24, token = 159
06-27 12:51:04.980   789  1760 D android.hardware.audio.service: ipc_resp_thread: opcode: 0xd, payload_size: 3876, resp_buf size: 3888
06-27 12:51:04.980   789  1760 D android.hardware.audio.service: pktzr_resp_cb: opcode = 0xd size = 3876 token = 158
06-27 12:51:04.980   789  1760 D android.hardware.audio.service: pktzr_resp_cb: token 158 matched
06-27 12:51:04.980   789  9293 D android.hardware.audio.service: pktzr_send_cmd: opcode = 0xc, size = 24, token = 160
06-27 12:51:05.099   789  1760 D android.hardware.audio.service: ipc_resp_thread: opcode: 0xd, payload_size: 3876, resp_buf size: 3888
06-27 12:51:05.099   789  1760 D android.hardware.audio.service: pktzr_resp_cb: opcode = 0xd size = 3876 token = 159
06-27 12:51:05.099   789  1760 D android.hardware.audio.service: pktzr_resp_cb: token 159 matched
06-27 12:51:05.100   789  9293 D android.hardware.audio.service: pktzr_send_cmd: opcode = 0xc, size = 24, token = 161
06-27 12:51:05.217   789  1760 D android.hardware.audio.service: ipc_resp_thread: opcode: 0xd, payload_size: 3876, resp_buf size: 3888
06-27 12:51:05.217   789  1760 D android.hardware.audio.service: pktzr_resp_cb: opcode = 0xd size = 3876 token = 160
06-27 12:51:05.217   789  1760 D android.hardware.audio.service: pktzr_resp_cb: token 160 matched
06-27 12:51:05.218   789  9293 D android.hardware.audio.service: pktzr_send_cmd: opcode = 0xc, size = 24, token = 162
06-27 12:51:05.242  7063  9461 I native  : I0000 00:00:1751008865.242001    9461 hotword_processor.cc:847] Hotword has timed out.
06-27 12:51:05.243  7063  9461 I native  : I0000 00:00:1751008865.243824    9461 soda_impl.cc:1752] Adding hotword timeout event
06-27 12:51:05.244  7063  9461 I native  : I0000 00:00:1751008865.244238    9461 soda_async_impl.cc:962] SODA stopped processing audio, mics audio processed in millis: 3000, loopback audio processed in millis: 0
06-27 12:51:05.245  7063  9461 I native  : I0000 00:00:1751008865.245416    9461 soda_async_impl.cc:974] Audio readers are stopped.
06-27 12:51:05.245  7063  9462 I fbbi    : Hotword timeout event!
06-27 12:51:05.246  7063  9462 I fbbi    : After setting sodaStopCompleter for waitForSodaStoppedAfterTimeout
06-27 12:51:05.246  7063  9461 I native  : I0000 00:00:1751008865.246918    9461 soda_async_impl.cc:1433] Ending ASR due to process sync signal.
06-27 12:51:05.247  7063  7982 I fbbi    : onHotwordTimeout inside sequencer
06-27 12:51:05.248  7063  9461 I native  : I0000 00:00:1751008865.248819    9461 soda_async_impl.cc:1037] SODA session stopped due to: HOTWORD_TIMEOUT
06-27 12:51:05.249  7063  9462 I dosg    : onStopCapture
06-27 12:51:05.249  7063  9462 I dosg    : Unregister SodaAudioAdapter.
06-27 12:51:05.249  7063  9462 I esys    : (REDACTED) #audio# unregistering source: %s
06-27 12:51:05.249  7063  9462 I esuf    : (REDACTED) #audio# unregisterAudioAdapter (%s)
06-27 12:51:05.249  7063  9462 I ethu    : (REDACTED) #audio# cancel timeout(token(%s))
06-27 12:51:05.250  7063  9462 I fbbi    : (REDACTED) SodaStopReason %s
06-27 12:51:05.250  7063  7982 I ethp    : (REDACTED) #audio# de-referencing(%s) from(%s)
06-27 12:51:05.250  7063  8063 I fbbi    : #onStop SodaState reset to INITIALIZED
06-27 12:51:05.251  7063  8010 I fbai    : (REDACTED) stopPushingAudio due to %s
06-27 12:51:05.251  7063  8063 I fbbi    : After reset sodaStopCompleter.
06-27 12:51:05.251  7063  8063 I faud    : (REDACTED) #onSodaStop received %s
06-27 12:51:05.251  7063  7999 I fbai    : Calling stopListening on hotwordListeningSession.
06-27 12:51:05.251  7063  7999 I etnb    : (REDACTED) #audio# stop listening hotword client session(token(%d))
06-27 12:51:05.251  7063  8064 I faud    : (REDACTED) #onSodaStop inside sequentialExecutor %s
06-27 12:51:05.251  7063  7999 I etph    : (REDACTED) #audio# stopping(%s) hotword session(%d) for %s
06-27 12:51:05.251  7063  8064 W faud    : (REDACTED) %s. Completer is null; It could be set earlier or we ware not waiting for the disconnect signal.
06-27 12:51:05.252  7063  8064 I eokx    : (REDACTED) HDM event received: %s
06-27 12:51:05.252  7063  7999 I ethu    : (REDACTED) #audio# cancel timeout(token(%s))
06-27 12:51:05.252  7063  7999 I etqk    : (REDACTED) #audio# stopping(%s) hotword source session(%d)
06-27 12:51:05.252  7063  7982 I ethp    : (REDACTED) #audio# de-referencing(%s) from(%s), (%s)
06-27 12:51:05.253  7063 29140 I etnt    : (REDACTED) #audio# closing audio source(%s)
06-27 12:51:05.253  7063 29140 I esyl    : (REDACTED) #audio# close audio source(identity(%s), recordId(%d))
06-27 12:51:05.253  7063 29140 D AudioRecord: stop mSessionID=25
06-27 12:51:05.253  7063 29140 D AudioRecord: stop(56): mActive:1
06-27 12:51:05.254  7063  8010 I esvb    : (REDACTED) #audio# marking buffer(%s) closed, available(%d)
06-27 12:51:05.254  7063  8063 I eohc    : (REDACTED) Platform configuration for connection(%s) has changed(@%s):%s
06-27 12:51:05.254  7063  8010 I eswj    : (REDACTED) #audio# close processor (%s)
06-27 12:51:05.254  7063  8063 I eoes    : (REDACTED) On platform configuration update(@%s) in connection(%s).
06-27 12:51:05.254  7063  8064 I eswd    : (REDACTED) #audio# close processor(%s)
06-27 12:51:05.254  7063  8010 I esvb    : (REDACTED) #audio# unregistering receiver(%s) due to EOF, buffer(%s)
06-27 12:51:05.255  7063  8064 I bisp    : (REDACTED) On platform configuration update(%s).
06-27 12:51:05.255  7063  8063 I fbbi    : Soda audio push completed.
06-27 12:51:05.255  7063  8064 I birx    : Received ConfigurationUpdate from Triggering API
06-27 12:51:05.340   789  1760 D android.hardware.audio.service: ipc_resp_thread: opcode: 0xd, payload_size: 3876, resp_buf size: 3888
06-27 12:51:05.340   789  1760 D android.hardware.audio.service: pktzr_resp_cb: opcode = 0xd size = 3876 token = 161
06-27 12:51:05.340   789  1760 D android.hardware.audio.service: pktzr_resp_cb: token 161 matched
06-27 12:51:05.341   789  9293 D android.hardware.audio.service: pktzr_send_cmd: opcode = 0xc, size = 24, token = 163
06-27 12:51:05.341   943 29412 D AudioFlinger: updateWakeLockUids_l AudioIn_46 uids:
06-27 12:51:05.345   789  2281 D audio_hw_primary: in_standby: enter: stream (0xed6c1000) usecase(23: audio-record)
06-27 12:51:05.345   789  2281 D audio_hw_primary: in_standby: sound trigger pcm stop lab
06-27 12:51:05.345  1919  8333 I system_server: oneway function results will be dropped but finished with status OK and parcel size 4
06-27 12:51:05.345   789  9293 D sound_trigger_hw: process_lab_capture:[1] calling gcs_stop_buff_xfer 
06-27 12:51:05.345   789  9293 D android.hardware.audio.service: pktzr_send_cmd: opcode = 0x4, size = 28, token = 164
06-27 12:51:05.351   789  1760 D android.hardware.audio.service: ipc_resp_thread: opcode: 0xd, payload_size: 676, resp_buf size: 688
06-27 12:51:05.351   789  1760 D android.hardware.audio.service: pktzr_resp_cb: opcode = 0xd size = 676 token = 162
06-27 12:51:05.351   789  1760 D android.hardware.audio.service: pktzr_resp_cb: token 162 matched
06-27 12:51:05.352   789  1760 D android.hardware.audio.service: ipc_resp_thread: opcode: 0xd, payload_size: 36, resp_buf size: 48
06-27 12:51:05.352   789  1760 D android.hardware.audio.service: pktzr_resp_cb: opcode = 0xd size = 36 token = 163
06-27 12:51:05.352   789  1760 D android.hardware.audio.service: pktzr_resp_cb: token 163 matched
06-27 12:51:05.353   789  1760 D android.hardware.audio.service: ipc_resp_thread: opcode: 0x2, payload_size: 4, resp_buf size: 16
06-27 12:51:05.354   789  1760 D android.hardware.audio.service: pktzr_resp_cb: opcode = 0x2 size = 4 token = 164
06-27 12:51:05.354   789  1760 D android.hardware.audio.service: pktzr_resp_cb: token 164 matched
06-27 12:51:05.354   789  2281 D sound_trigger_hw: buffering_state_fn:[1] post deferred stop on buffering end
06-27 12:51:05.357   943   943 D APM_AudioPolicyManager: stopInput() IoHandle 70 uid 10188
06-27 12:51:05.359   789   862 D audio_hw_primary: adev_release_audio_patch: Remove patch with handle 12
06-27 12:51:05.359   789   862 D audio_hw_primary: route_input_stream: exit: status(0)
06-27 12:51:05.361  1919  1986 I system_server: oneway function results will be dropped but finished with status OK and parcel size 4
06-27 12:51:05.362   943   943 D APM_AudioPolicyManager: resetInputDevice() releaseAudioPatch returned 0
06-27 12:51:05.363   943   943 D APM_AudioPolicyManager: stopInput: setCaptureState false for sva
06-27 12:51:05.364  1919  8333 I SoundTriggerMiddlewareLogging: setCaptureState[this=com.android.server.soundtrigger_middleware.SoundTriggerMiddlewareImpl@5173254, caller=1041/943](false)
06-27 12:51:05.367   943 29412 D AudioFlinger: updateWakeLockUids_l AudioIn_46 uids:
06-27 12:51:05.367   943 29412 I AudioFlinger: checkForGameParameter_l() set events appname=-com.google.android.googlequicksearchbox
06-27 12:51:05.367   789   862 D audio_hw_primary: in_set_parameters: enter: kvpairs=appname=-com.google.android.googlequicksearchbox
06-27 12:51:05.368   943   943 D AudioPolicyManagerCustom: stopInput() input 70 [uid=10188]
06-27 12:51:05.369  1919  8333 I system_server: oneway function results will be dropped but finished with status OK and parcel size 4
06-27 12:51:05.369   943   943 I ConfigStore: vendor::qti::hardware::audiohalext::V1_0::IAudioHalExt::getApmConfigs retrieved:  (default)
06-27 12:51:05.369   943   943 I ConfigStore: vendor::qti::hardware::audiohalext::V1_0::IAudioHalExt::getApmConfigs retrieved:  (default)
06-27 12:51:05.369  1919  8333 I system_server: oneway function results will be dropped but finished with status OK and parcel size 4
06-27 12:51:05.371  1919  1986 I system_server: oneway function results will be dropped but finished with status OK and parcel size 4
06-27 12:51:05.377  7063 29140 D AudioService: broadcastRecorderState:com.google.android.googlequicksearchbox
06-27 12:51:05.377  1437  2234 D MediaMetricsService: submitInternal: isTrusted:0 given uid -1; sanitized uid: 10188 sanitized pkg: com.google.android.googlequicksearchbox sanitized pkg version: 301527834
06-27 12:51:05.377  1437  2234 D MediaMetricsService: submitInternal: item->getKey().c_str() = audio.record.56
06-27 12:51:05.377  1437  2234 D MediaMetricsService: submitInternal: item->getCString(kCodecPackageName, &msg_send->packgeName) = 0
06-27 12:51:05.377  1437  2234 D MediaMetricsService: submitInternal: item->getInt32(kCodecHdrInfo, &msg_send->hdr) = 0
06-27 12:51:05.377  1437  2234 D MediaMetricsService: submitInternal: item->getInt32(kCodecFrameRateCal, &msg_send->frameRateCal) = 0
06-27 12:51:05.377  1437  2234 D MediaMetricsService: submitInternal: msg_send->frameRateCal = 1731093609
06-27 12:51:05.378  7063 29140 D AudioRecord: stop mSessionID=25
06-27 12:51:05.378  7063 29140 D AudioRecord: stop(56): mActive:0
06-27 12:51:05.378  9739  9900 I PowerCheckerService: uid:10188change to inactive
06-27 12:51:05.378  7063 29140 D AudioService: broadcastRecorderState:com.google.android.googlequicksearchbox
06-27 12:51:05.378  1437  2234 D MediaMetricsService: submitInternal: isTrusted:0 given uid -1; sanitized uid: 10188 sanitized pkg: com.google.android.googlequicksearchbox sanitized pkg version: 301527834
06-27 12:51:05.378  1437  2234 D MediaMetricsService: submitInternal: item->getKey().c_str() = audio.record.56
06-27 12:51:05.378  1437  2234 D MediaMetricsService: submitInternal: item->getCString(kCodecPackageName, &msg_send->packgeName) = 0
06-27 12:51:05.378  1437  2234 D MediaMetricsService: submitInternal: item->getInt32(kCodecHdrInfo, &msg_send->hdr) = 0
06-27 12:51:05.378  1437  2234 D MediaMetricsService: submitInternal: item->getInt32(kCodecFrameRateCal, &msg_send->frameRateCal) = 0
06-27 12:51:05.378  1437  2234 D MediaMetricsService: submitInternal: msg_send->frameRateCal = 1731093609
06-27 12:51:05.378  7063 29140 D AudioRecord: stop mSessionID=25
06-27 12:51:05.378  7063 29140 D AudioRecord: stop(56): mActive:0
06-27 12:51:05.379  9739  9853 I AppActiveChecker: uid:10188change to inactive
06-27 12:51:05.379  7063 29140 D AudioRecord: stop mSessionID=25
06-27 12:51:05.379  7063 29140 D AudioRecord: stop(56): mActive:0
06-27 12:51:05.379  1437  2234 D MediaMetricsService: submitInternal: isTrusted:0 given uid -1; sanitized uid: 10188 sanitized pkg: com.google.android.googlequicksearchbox sanitized pkg version: 301527834
06-27 12:51:05.379  1437  2234 D MediaMetricsService: submitInternal: item->getKey().c_str() = audio.record.56
06-27 12:51:05.379  1437  2234 D MediaMetricsService: submitInternal: item->getCString(kCodecPackageName, &msg_send->packgeName) = 0
06-27 12:51:05.379  1437  2234 D MediaMetricsService: submitInternal: item->getInt32(kCodecHdrInfo, &msg_send->hdr) = 0
06-27 12:51:05.379  1437  2234 D MediaMetricsService: submitInternal: item->getInt32(kCodecFrameRateCal, &msg_send->frameRateCal) = 0
06-27 12:51:05.379  1437  2234 D MediaMetricsService: submitInternal: msg_send->frameRateCal = 1731093609
06-27 12:51:05.379  1437  2234 D MediaMetricsService: submitInternal: isTrusted:0 given uid -1; sanitized uid: 10188 sanitized pkg: com.google.android.googlequicksearchbox sanitized pkg version: 301527834
06-27 12:51:05.379  1437  2234 D MediaMetricsService: submitInternal: item->getKey().c_str() = audio.record.56
06-27 12:51:05.380  1437  2234 D MediaMetricsService: submitInternal: item->getCString(kCodecPackageName, &msg_send->packgeName) = 0
06-27 12:51:05.380  1437  2234 D MediaMetricsService: submitInternal: item->getInt32(kCodecHdrInfo, &msg_send->hdr) = 0
06-27 12:51:05.380  1437  2234 D MediaMetricsService: submitInternal: item->getInt32(kCodecFrameRateCal, &msg_send->frameRateCal) = 0
06-27 12:51:05.380  1437  2234 D MediaMetricsService: submitInternal: msg_send->frameRateCal = 1731093609
06-27 12:51:05.380  1437  2234 D MediaMetricsService: submitInternal: isTrusted:0 given uid -1; sanitized uid: 10188 sanitized pkg: com.google.android.googlequicksearchbox sanitized pkg version: 301527834
06-27 12:51:05.380  1437  2234 D MediaMetricsService: submitInternal: item->getKey().c_str() = audio.record.56
06-27 12:51:05.380  1437  2234 D MediaMetricsService: submitInternal: item->getCString(kCodecPackageName, &msg_send->packgeName) = 0
06-27 12:51:05.380  1437  2234 D MediaMetricsService: submitInternal: item->getInt32(kCodecHdrInfo, &msg_send->hdr) = 0
06-27 12:51:05.380  1437  2234 D MediaMetricsService: submitInternal: item->getInt32(kCodecFrameRateCal, &msg_send->frameRateCal) = 0
06-27 12:51:05.380  1437  2234 D MediaMetricsService: submitInternal: msg_send->frameRateCal = 1731093609
06-27 12:51:05.381   943   943 D APM_AudioPolicyManager: releaseInput IoHandle 70 uid 10188
06-27 12:51:05.381   943   943 D APM_AudioPolicyManager: closeInput(70)
06-27 12:51:05.392   943 29412 D AudioFlinger: updateWakeLockUids_l AudioIn_46 uids:
06-27 12:51:05.392  1437  1437 D MediaMetricsService: submitInternal: isTrusted:0 given uid -1; sanitized uid: 10188 sanitized pkg: com.google.android.googlequicksearchbox sanitized pkg version: 301527834
06-27 12:51:05.392  1437  1437 D MediaMetricsService: submitInternal: item->getKey().c_str() = audiorecord
06-27 12:51:05.392  1437  1437 D MediaMetricsService: submitInternal: item->getCString(kCodecPackageName, &msg_send->packgeName) = 0
06-27 12:51:05.392  1437  1437 D MediaMetricsService: submitInternal: item->getInt32(kCodecHdrInfo, &msg_send->hdr) = 0
06-27 12:51:05.392  1437  1437 D MediaMetricsService: submitInternal: item->getInt32(kCodecFrameRateCal, &msg_send->frameRateCal) = 0
06-27 12:51:05.392  1437  1437 D MediaMetricsService: submitInternal: msg_send->frameRateCal = 1731093609
06-27 12:51:05.393   943   943 D APM_AudioPolicyManager: closeInput: setCaptureState false for sva
06-27 12:51:05.393  7063  7999 I eudy    : (REDACTED) #audio# hotword client session(token(%d)) stop listening status(%s)
06-27 12:51:05.393  7063  8064 I etkt    : (REDACTED) #audio# HotwordListeningSession stop listening status: %s
06-27 12:51:05.393  1919  8333 I SoundTriggerMiddlewareLogging: setCaptureState[this=com.android.server.soundtrigger_middleware.SoundTriggerMiddlewareImpl@5173254, caller=1041/943](false)
06-27 12:51:05.393  7063  7999 I ethi    : (REDACTED) #audio# result(%s) stop signal completed
06-27 12:51:05.393  7063  8064 I etju    : #audio# reportMicUpdate
06-27 12:51:05.393  7063  8064 I fbbi    : Call the onHotwordTimeout callback.
06-27 12:51:05.394  7063  7999 I ethi    : (REDACTED) #audio# result(%s) stopped, processed %d bytes
06-27 12:51:05.394  7063  8064 I fbdp    : (REDACTED) Hotword score : %f, Hotword model id : %s.
06-27 12:51:05.394  7063  7999 I ethi    : (REDACTED) #audio# result(%s) removing %d receivers
06-27 12:51:05.394  7063  8064 I fbdp    : (REDACTED) Timeout reason %s, Coarse channel index %d.
06-27 12:51:05.395   943   943 D APM_AudioPolicyManager: releaseInput exit
06-27 12:51:05.396   789   862 D audio_hw_primary: adev_close_input_stream: enter:stream_handle(0xed6c1000)
06-27 12:51:05.396   789   862 D audio_hw_primary: io_streams_map_remove: Removed stream with handle 70
06-27 12:51:05.396   789   862 D soundtrigger: audio_extn_sound_trigger_check_ec_ref_enable: EC Reference is disabled
06-27 12:51:05.396   789   862 W sound_trigger_hw: sound_trigger_hw_call_back: Unknown event 18
06-27 12:51:05.396   789   862 D soundtrigger: audio_extn_sound_trigger_update_ec_ref_status: update audio echo ref status false
06-27 12:51:05.396   789   862 D audio_hw_primary: in_standby: enter: stream (0xed6c1000) usecase(23: audio-record)
06-27 12:51:05.397  1437  1437 D MediaMetricsService: submitInternal: isTrusted:1 given uid -1; sanitized uid: 1041 sanitized pkg: audioserver sanitized pkg version: 0
06-27 12:51:05.397  7063  8064 I fasa    : (REDACTED) isHotwordAvailable():  %b, isHotwordEnabled() %b , removeUsageOfHotwordEnabled: %b
06-27 12:51:05.397  1437  1437 D MediaMetricsService: submitInternal: item->getKey().c_str() = audio.thread.70
06-27 12:51:05.397  1437  1437 D MediaMetricsService: submitInternal: item->getCString(kCodecPackageName, &msg_send->packgeName) = 0
06-27 12:51:05.397  1437  1437 D MediaMetricsService: submitInternal: item->getInt32(kCodecHdrInfo, &msg_send->hdr) = 0
06-27 12:51:05.397  1437  1437 D MediaMetricsService: submitInternal: item->getInt32(kCodecFrameRateCal, &msg_send->frameRateCal) = 0
06-27 12:51:05.397  1437  1437 D MediaMetricsService: submitInternal: msg_send->frameRateCal = 1731093609
06-27 12:51:05.397  7063  8064 I fasa    : (REDACTED) Voice Match (Speaker-id) supported : %b 
06-27 12:51:05.398  1437  1437 D MediaMetricsService: submitInternal: isTrusted:1 given uid -1; sanitized uid: 1041 sanitized pkg: audioserver sanitized pkg version: 0
06-27 12:51:05.398  1437  1437 D MediaMetricsService: submitInternal: item->getKey().c_str() = audio.thread.70
06-27 12:51:05.398  1437  1437 D MediaMetricsService: submitInternal: item->getCString(kCodecPackageName, &msg_send->packgeName) = 0
06-27 12:51:05.398  1437  1437 D MediaMetricsService: submitInternal: item->getInt32(kCodecHdrInfo, &msg_send->hdr) = 0
06-27 12:51:05.398  1437  1437 D MediaMetricsService: submitInternal: item->getInt32(kCodecFrameRateCal, &msg_send->frameRateCal) = 0
06-27 12:51:05.398  1437  1437 D MediaMetricsService: submitInternal: msg_send->frameRateCal = 1597387103
06-27 12:51:05.399   943   943 V AF::RecordTrack: ~RecordTrack()
06-27 12:51:05.399  7063  8064 I fbdv    : onHotwordRejected called
06-27 12:51:05.399  7063  8010 I fbdv    : (REDACTED) This is hotwordRejectionEventTimestamp: %s
06-27 12:51:05.400  7063  8010 I faud    : (REDACTED) HDM. Inside Sequencer. Try to start recognition again after %s
06-27 12:51:05.400  7063  8010 I faud    : (REDACTED) getAllConfigAndTakeAction called because of %s
06-27 12:51:05.400  7063  7982 I faud    : onMicClose
06-27 12:51:05.400  7063  8010 I favf    : (REDACTED) Operational mode passed in HotwordConfig is %s
06-27 12:51:05.401  1919  1986 I system_server: oneway function results will be dropped but finished with status OK and parcel size 4
06-27 12:51:05.401  7063  7982 I favt    : (REDACTED) DSP hotword running %s
06-27 12:51:05.401  7063  8010 I faww    : (REDACTED) No need to try to get the fallback locale. for keyphrase %s, locale %s
06-27 12:51:05.401  7063  8010 I faxc    : (REDACTED) #getDspAvailableResult locale : %s, dsp locale : %s, keyphrase : %s, DSP keyphrase : %s, isKeyphraseAndLocaleSupported : %b, canUseDownloadDspModel : %b. forceUniversalDspHotwordModel : %b
06-27 12:51:05.401  1919  8333 I system_server: oneway function results will be dropped but finished with status OK and parcel size 4
06-27 12:51:05.402  7063  8010 W KeyphraseEnrollmentInfo: No enrollment application supports the given keyphrase/locale: 'Y Google'/en_IN
06-27 12:51:05.402  7063  8010 I faxc    : (REDACTED) isDspHotwordSupportedByPlatform = %s, isDspHotwordModelAvailable = %s
06-27 12:51:05.402  7063  8010 I faud    : (REDACTED) getAllConfigAndTakeAction dspAvailable: %b, disableDspInTest: %b
06-27 12:51:05.403  7063  8010 I fasa    : (REDACTED) Voice Match (Speaker-id) supported : %b 
06-27 12:51:05.403  7063  8010 I fasa    : (REDACTED) hotword enrollment state is enrolled:  %b, speakerId model exist: %b. Voice Match supported : %b 
06-27 12:51:05.403  7063  8010 I fasa    : (REDACTED) isHotwordAvailable():  %b, isHotwordEnabled() %b , removeUsageOfHotwordEnabled: %b
06-27 12:51:05.403  1919  8333 I system_server: oneway function results will be dropped but finished with status OK and parcel size 4
06-27 12:51:05.403  7063  8010 I fasa    : (REDACTED) Hotword enrollment state : %s.
06-27 12:51:05.403  7063  8010 I faud    : Registering for screen on/off intent ...
06-27 12:51:05.403  1437  1437 D MediaMetricsService: submitInternal: isTrusted:1 given uid -1; sanitized uid: 1041 sanitized pkg: audioserver sanitized pkg version: 0
06-27 12:51:05.403  1437  1437 D MediaMetricsService: submitInternal: item->getKey().c_str() = audio.record.56
06-27 12:51:05.403  1437  1437 D MediaMetricsService: submitInternal: item->getCString(kCodecPackageName, &msg_send->packgeName) = 0
06-27 12:51:05.403  1437  1437 D MediaMetricsService: submitInternal: item->getInt32(kCodecHdrInfo, &msg_send->hdr) = 0
06-27 12:51:05.403  1437  1437 D MediaMetricsService: submitInternal: item->getInt32(kCodecFrameRateCal, &msg_send->frameRateCal) = 0
06-27 12:51:05.403  1437  1437 D MediaMetricsService: submitInternal: msg_send->frameRateCal = 1597387103
06-27 12:51:05.404  7063  8010 I fasa    : (REDACTED) Voice Match (Speaker-id) supported : %b 
06-27 12:51:05.404  7063  8010 I fasa    : (REDACTED) Hotword enrollment state : %s.
06-27 12:51:05.410   885 10843 I vendor.qti.hardware.servicetracker@1.2-service: bindService is called for service : com.google.android.googlequicksearchbox/com.google.frameworks.client.data.android.server.tiktok.SearchProcessEndpointService and for client com.google.android.googlequicksearchbox:interactor
06-27 12:51:05.410   885 10843 I vendor.qti.hardware.servicetracker@1.2-service: total connections for service : com.google.android.googlequicksearchbox/com.google.frameworks.client.data.android.server.tiktok.SearchProcessEndpointServiceare :1
06-27 12:51:05.410   885 10843 I vendor.qti.hardware.servicetracker@1.2-service: total connections for client : com.google.android.googlequicksearchbox:interactorare :2
06-27 12:51:05.413  1919  8333 D CompatibilityInfo: mCompatibilityFlags - 0
06-27 12:51:05.413  1919  8333 D CompatibilityInfo: applicationDensity - 440
06-27 12:51:05.413  1919  8333 D CompatibilityInfo: applicationScale - 1.0
06-27 12:51:05.414   885 10843 I vendor.qti.hardware.servicetracker@1.2-service: startService() is called for servicecom.google.android.googlequicksearchbox/com.google.frameworks.client.data.android.server.tiktok.SearchProcessEndpointService
06-27 12:51:05.415  7063  8011 I favf    : (REDACTED) Operational mode passed in HotwordConfig is %s
06-27 12:51:05.415  7063  8011 I fasa    : (REDACTED) Hotword enrollment state : %s.
06-27 12:51:05.415  7063  8011 I faux    : (REDACTED) DefaultPersonalDecisionMaker#getNextAction. Voice match enabled: %b. incomplete enrollment state: %b, screen on: %b, screen locked: %b dsp available: %b
06-27 12:51:05.416  7063  8011 I favh    : (REDACTED) SharedDecisionMaker#getNextAction for requester %s, mode %s 
06-27 12:51:05.416  7063  8011 I favh    : #SharedDecisionMaker. NextAction.START
06-27 12:51:05.416  7063  8011 I fasq    : Reconfig not needed.
06-27 12:51:05.416  7063  8011 I faud    : (REDACTED) currentReconfigCheckerResult %s
06-27 12:51:05.416  7063  8011 I fbbi    : (REDACTED) #setSpeakerIdRequired: %s
06-27 12:51:05.416 28110 28110 I fxlc    : (REDACTED) Created gRPC endpoint for service %s
06-27 12:51:05.416  7063  8011 I faud    : (REDACTED) Get the next action %s for requester %s.
06-27 12:51:05.416  7063  8011 I fbdg    : Trusted hotword is disabled due to feature flag
06-27 12:51:05.416  7063  8011 I fbdg    : Trusted hotword is disabled due to feature flag
06-27 12:51:05.417  7063  8011 I fasn    : Starting non-trusted DSP hotword detection
06-27 12:51:05.417  7063  8011 I favt    : #setDspHotwordModel
06-27 12:51:05.417  7063  8011 I favt    : #startDspHotwordRecognition
06-27 12:51:05.417  7063  8010 I favt    : #setDspHotwordModel inside sequencer.
06-27 12:51:05.417  7063  8059 I favt    : #createAlwaysOnHotwordDetectorIfNecessary
06-27 12:51:05.417  7063  8059 I favt    : alwaysOnHotwordDetector already created and first onAvailabilityChanged called.
06-27 12:51:05.417  7063  8010 I fawu    : #prepareDspModel
06-27 12:51:05.418  7063  8010 I fawu    : #prepareDspModel inside ExecutionSequencer
06-27 12:51:05.418  7063  8010 I fawu    : #prepareDspModel, already enrolled
06-27 12:51:05.418  7063  8011 I faud    : #handleStartHotwordDetectionResult
06-27 12:51:05.418  7063  8063 I fasa    : (REDACTED) isHotwordAvailable():  %b, isHotwordEnabled() %b , removeUsageOfHotwordEnabled: %b
06-27 12:51:05.418  7063  7983 I favt    : (REDACTED) dspModelEnrollmentResult: %s, currentDownloadedDspHotwordModel.isPresent(): %b, directDspModeOrRetryInProgress: %b
06-27 12:51:05.418  7063  8063 I fasa    : (REDACTED) Voice Match (Speaker-id) supported : %b 
06-27 12:51:05.418  7063  8063 I faud    : #handleStartHotwordDetectionResult: calling addDspHotwordPropertiesToRequestHandlingMetadata
06-27 12:51:05.418  7063  8063 I faxc    : #addDspHotwordPropertiesToRequestHandlingMetadata
06-27 12:51:05.419  7063  8064 I faxc    : (REDACTED) #addDspHotwordPropertiesToRequestHandlingMetadata: properties=%s
06-27 12:51:05.424  1919  1986 I SoundTriggerMiddlewareValidation: setActivityState activity = ACTIVE
06-27 12:51:05.424  1919  1986 I SoundTriggerMiddlewareValidation: startRecognition modelHandle = 1 setActivityState = ACTIVE
06-27 12:51:05.425  1919  1986 D SoundTriggerModule(Service): startRecognition()
06-27 12:51:05.425  1919  1986 I SoundTriggerModule(Service): startRecognition mHandle = 1
06-27 12:51:05.425  1919  1986 I SoundTriggerHw2Compat: startRecognition
06-27 12:51:05.425  1919  1986 I SoundTriggerHw2Compat: startRecognition_2_1
06-27 12:51:05.426   789   862 D sound_trigger_hw: stdev_start_recognition:[1] Enter
06-27 12:51:05.426   789   862 D sound_trigger_hw: sm_name_index 0,  sensitivity level 0
06-27 12:51:05.426   789   862 D sound_trigger_hw: update_confidence_level key 0, level 0
06-27 12:51:05.426   789   862 D sound_trigger_hw: get_confidence_level: sm type 0, mode 1, sensitivity level 0
06-27 12:51:05.426   789   862 I sound_trigger_hw: gmm level 50, gmm user level 10, cnn level 27, vop level 10
06-27 12:51:05.426   789   862 I sound_trigger_hw: get confidence level --> gmm level 50, gmm user level 10, cnn level 27, vop level 10
06-27 12:51:05.426   789   862 D sound_trigger_hw: buffering_state_fn:[1] handle event id 3
06-27 12:51:05.426   789   862 D sound_trigger_hw: stop:[1] calling gcs_disable with handle 2
06-27 12:51:05.426   789   862 E android.hardware.audio.service: __gcs_disable_update_pld: sgt_array[i] = 0x1
06-27 12:51:05.426   789   862 E android.hardware.audio.service: __gcs_disable_update_pld: sgt_array[i] = 0x2
06-27 12:51:05.426   789   862 D android.hardware.audio.service: pktzr_send_cmd: opcode = 0x4, size = 68, token = 165
06-27 12:51:05.430   789  1760 D android.hardware.audio.service: ipc_resp_thread: opcode: 0x2, payload_size: 4, resp_buf size: 16
06-27 12:51:05.430   789  1760 D android.hardware.audio.service: pktzr_resp_cb: opcode = 0x2 size = 4 token = 165
06-27 12:51:05.430   789  1760 D android.hardware.audio.service: pktzr_resp_cb: token 165 matched
06-27 12:51:05.430   789   862 D sound_trigger_hw: start:[1] calling gcs_enable with handle 2, non-persist cal 0x0, sz 0
06-27 12:51:05.431   789   862 D ACDB-LOADER: ACDB -> ACDB_WDSP_CMD_GET_SUBGRAPH_MODULE_CALIBRATION_SIZE
06-27 12:51:05.431   789   862 D ACDB-LOADER: ACDB -> ACDB_WDSP_CMD_GET_SUBGRAPH_MODULE_CALIBRATION
06-27 12:51:05.431   789   862 D ACDB-LOADER: ACDB -> ACDB_WDSP_CMD_GET_SUBGRAPH_MODULE_CALIBRATION_SIZE
06-27 12:51:05.431   789   862 D ACDB-LOADER: ACDB -> ACDB_WDSP_CMD_GET_SUBGRAPH_MODULE_CALIBRATION
06-27 12:51:05.431   789   862 D ACDB-LOADER: ACDB -> ACDB_WDSP_CMD_GET_SUBGRAPH_MODULE_CONNECTION_SIZE
06-27 12:51:05.431   789   862 E android.hardware.audio.service: gcs_get_sg_mod_conn_and_update_pld: subgraph mod conn size 0. Exiting
06-27 12:51:05.431   789   862 D ACDB-LOADER: ACDB -> ACDB_WDSP_CMD_GET_SUBGRAPH_MODULE_CONNECTION_SIZE
06-27 12:51:05.431   789   862 D ACDB-LOADER: ACDB -> ACDB_WDSP_CMD_GET_SUBGRAPH_MODULE_CONNECTION
06-27 12:51:05.431   789   862 D ACDB-LOADER: ACDB -> ACDB_WDSP_CMD_GET_SUBGRAPH_CONNECTIONS_SIZE
06-27 12:51:05.431   789   862 D ACDB-LOADER: ACDB -> ACDB_WDSP_CMD_GET_SUBGRAPHS_CONNECTION
06-27 12:51:05.431   789   862 D ACDB-LOADER: ACDB -> ACDB_WDSP_CMD_GET_SUBGRAPH_CONNECTIONS_SIZE
06-27 12:51:05.431   789   862 E android.hardware.audio.service: __gcs_get_sg_conn_and_update_pld: subgraph conn size 0. Exiting
06-27 12:51:05.431   789   862 D android.hardware.audio.service: pktzr_send_cmd: opcode = 0x3, size = 300, token = 166
06-27 12:51:05.440   789  1760 D android.hardware.audio.service: ipc_resp_thread: opcode: 0x2, payload_size: 4, resp_buf size: 16
06-27 12:51:05.440   789  1760 D android.hardware.audio.service: pktzr_resp_cb: opcode = 0x2 size = 4 token = 166
06-27 12:51:05.440   789  1760 D android.hardware.audio.service: pktzr_resp_cb: token 166 matched
06-27 12:51:05.441   789   862 D sound_trigger_hw: session[1]: buffering_state_fn ---> active_state_fn 
06-27 12:51:05.443   789   862 D sound_trigger_hw: stdev_start_recognition:[1] Exit
06-27 12:51:05.444  1919  1986 I SoundTriggerModule(Service): setState mState = ACTIVE mHandle = 1
06-27 12:51:05.445  1919  1986 I SoundTriggerMiddlewareLogging: startRecognition[this=com.android.server.soundtrigger_middleware.SoundTriggerModule$Session@e2a98f6, caller=1000/1919](1, { audioCapabilities: 0, captureRequested: true, data: [  ], phraseRecognitionExtras: [ { confidenceLevel: 0, id: 101, levels: [  ], recognitionModes: 1 } ] })
06-27 12:51:05.445  1919  1986 I SoundTriggerHelper: startRecognition successful.
06-27 12:51:05.446  7063  7983 I favt    : Start DSP hotword detection successfully.
06-27 12:51:05.446  7063  8010 I fbbi    : Ignore the initializeSodaOnly request as Soda is already initialized.
