06-27 12:51:05.447  7063  7982 I faud    : Hotword started successfully.
06-27 12:51:05.447  7063  7982 I eokx    : (REDACTED) HDM event received: %s
06-27 12:51:05.448  7063  7982 I faud    : after notify apa
06-27 12:51:05.448  7063  7982 I faud    : #logRequestHandlingNonErrorEndEvent. Reset requestIdOfFirstError, firstStartErrorCausesRetry and numOfRetriesDoneForHotwordDetectorStartErrors!
06-27 12:51:05.451  7063  8010 I eohc    : (REDACTED) Platform configuration for connection(%s) has changed(@%s):%s
06-27 12:51:05.451  7063  8010 I eoes    : (REDACTED) On platform configuration update(@%s) in connection(%s).
06-27 12:51:05.452  7063  8064 I bisp    : (REDACTED) On platform configuration update(%s).
06-27 12:51:05.452  7063  8064 I birx    : Received ConfigurationUpdate from Triggering API
06-27 12:51:05.762  1919  1986 I ActivityTaskManager: START u0 {act=android.intent.action.CALL dat=tel:xxxxx flg=0x10000000 cmp=com.android.server.telecom/.components.UserCallActivity} from uid 2000
06-27 12:51:05.762  1919  1986 W ActivityTaskManager: Permission Denial: starting Intent { act=android.intent.action.CALL dat=tel:xxxxx flg=0x10000000 cmp=com.android.server.telecom/.components.UserCallActivity } from null (pid=29418, uid=2000) with revoked permission android.permission.CALL_PHONE
06-27 12:51:05.764 29418 29420 I cmd     : oneway function results will be dropped but finished with status OK and parcel size 4
06-27 12:51:06.343  3125  3125 W ThreadPoolForeg: type=1400 audit(0.0:5062): avc: denied { write } for name="traced_producer" dev="tmpfs" ino=39154 scontext=u:r:gmscore_app:s0:c512,c768 tcontext=u:object_r:traced_producer_socket:s0 tclass=sock_file permissive=0 app=com.google.android.gms
06-27 12:51:07.882  1919  1986 I ActivityTaskManager: START u0 {act=android.intent.action.CALL dat=tel:xxxxx flg=0x10000000 cmp=com.android.server.telecom/.components.UserCallActivity} from uid 2000
06-27 12:51:07.883  1919  1986 W ActivityTaskManager: Permission Denial: starting Intent { act=android.intent.action.CALL dat=tel:xxxxx flg=0x10000000 cmp=com.android.server.telecom/.components.UserCallActivity } from null (pid=29424, uid=2000) with revoked permission android.permission.CALL_PHONE
06-27 12:51:07.885 29424 29426 I cmd     : oneway function results will be dropped but finished with status OK and parcel size 4
06-27 12:51:08.056  2841  2841 D QtiCarrierConfigHelper: WARNING, no carrier configs on phone Id: 0
06-27 12:51:08.056  2671  2671 D KeyguardUpdateMonitor: received broadcast android.intent.action.BATTERY_CHANGED
06-27 12:51:08.057  2671  2671 D BatteryController: onReceive: Intent = Intent { act=android.intent.action.BATTERY_CHANGED flg=0x60000010 (has extras) } action = android.intent.action.BATTERY_CHANGED
06-27 12:51:08.060  9739  9968 D PowerCheckerService: onBatteryChanged, mBatteryLevel = 40, status = 2, level = 40, plug = 2, scale = 100
06-27 12:51:08.061  9395  9395 I PowerSaveService: onReceive: android.intent.action.BATTERY_CHANGED
06-27 12:51:08.062  2881  2881 D DeviceStatisticsService: chargerType=2 batteryLevel=40 totalBatteryCapacity=2175900
06-27 12:51:08.063  9395  9395 I PowerNoticeUI: handleBatteryChanged oldPlugType 2 mPlugType 2 oldBatteryLevel 40 mBatteryLevel 40 temperature 255
06-27 12:51:08.063  9395  9395 I ChargerBatteryIntelligenceReceiver: onBatteryChanged temperature25,plugType:2
06-27 12:51:08.063  9395  9395 I PowerFeatureUtils: getVendorName:qcom
06-27 12:51:08.365   789  1760 D android.hardware.audio.service: ipc_resp_thread: opcode: 0xb, payload_size: 20, resp_buf size: 32
06-27 12:51:08.366   789  1760 D android.hardware.audio.service: pktzr_resp_cb: opcode = 0xb size = 20 token = 6
06-27 12:51:08.366   789  1760 I android.hardware.audio.service: gcs_event_cb_handler: Event received, MID = 402653185, IID = 4, PID = 76841
06-27 12:51:08.366   789  1760 I android.hardware.audio.service: gcs_event_cb_handler: Event payload = 0xed63d00c, payload_size = 4
06-27 12:51:08.366   789  1760 I android.hardware.audio.service: gcs_dispatch_event: Event found in graph_handle = 2
06-27 12:51:08.366   789  1760 D sound_trigger_hw: gcs_event_cb: Enter...
06-27 12:51:08.366   789  1760 I android.hardware.audio.service: gcs_event_cb_handler: Found 1 match for event = 76841
06-27 12:51:08.366   789  9293 D sound_trigger_hw: active_state_fn:[1] handle event id 5
06-27 12:51:08.366   789  9293 I sound_trigger_hw: process_detection_event_keyphrase:[1]
06-27 12:51:08.366   789  9293 D sound_trigger_hw: session[1]: active_state_fn ---> buffering_state_fn 
06-27 12:51:08.368   789  9293 D sound_trigger_hw: active_state_fn:[1] invoking the client callback
06-27 12:51:08.371  1919  2598 I SoundTriggerModule(Service): setState mState = LOADED mHandle = 1
06-27 12:51:08.372  1919  2598 I SoundTriggerModule(Service): phraseRecognitionCallback onPhraseRecognition mHandle = 1
06-27 12:51:08.372  1919  2598 I SoundTriggerMiddlewareValidation: setActivityState activity = LOADED
06-27 12:51:08.372  1919  2598 I SoundTriggerMiddlewareValidation: onPhraseRecognition modelHandle = 1
06-27 12:51:08.372  1919  2598 I SoundTriggerModule(hardWare): onPhraseRecognition
06-27 12:51:08.373  1919  1919 I SoundTriggerModule(hardWare): EventHandlerDelegate EVENT_RECOGNITION
06-27 12:51:08.373  1919  1919 I SoundTriggerHelper: Recognition success
06-27 12:51:08.374  1919  2598 I SoundTriggerMiddlewareLogging: onPhraseRecognition[this=android.hardware.soundtrigger.SoundTriggerModule$EventHandlerDelegate@b75d191, caller=1000/1919](1, { common: { audioConfig: { channelMask: 16, format: 1, frameCount: 0, offloadInfo: { bitRatePerSecond: 0, bitWidth: 0, bufferSize: 0, channelMask: 0, durationMicroseconds: 0, format: 0, hasVideo: false, isStreaming: false, sampleRateHz: 0, streamType: 0, usage: 0 }, sampleRateHz: 16000 }, captureAvailable: true, captureDelayMs: 0, capturePreambleMs: 0, captureSession: 25, data: [  ], status: 0, triggerInData: false, type: 0 }, phraseExtras: [ { confidenceLevel: 27, id: 101, levels: [  ], recognitionModes: 1 } ] })
06-27 12:51:08.374   789  9293 D sound_trigger_hw: process_lab_capture: issuing gcs_start_buff_xfer
06-27 12:51:08.374   789  9293 D ACDB-LOADER: ACDB -> ACDB_WDSP_CMD_GET_SUBGRAPH_MODULE_CALIBRATION_SIZE
06-27 12:51:08.374   789  9293 D ACDB-LOADER: ACDB -> ACDB_WDSP_CMD_GET_SUBGRAPH_MODULE_CALIBRATION
06-27 12:51:08.374   789  9293 D ACDB-LOADER: ACDB -> ACDB_WDSP_CMD_GET_SUBGRAPH_MODULE_CONNECTION_SIZE
06-27 12:51:08.374   789  9293 E android.hardware.audio.service: gcs_get_sg_mod_conn_and_update_pld: subgraph mod conn size 0. Exiting
06-27 12:51:08.374   789  9293 D ACDB-LOADER: ACDB -> ACDB_WDSP_CMD_GET_SUBGRAPH_CONNECTIONS_SIZE
06-27 12:51:08.374   789  9293 E android.hardware.audio.service: __gcs_get_sg_conn_and_update_pld: subgraph conn size 0. Exiting
06-27 12:51:08.374   789  9293 D ACDB-LOADER: ACDB -> ACDB_WDSP_CMD_GET_SUBGRAPH_CONNECTIONS_SIZE
06-27 12:51:08.374   789  9293 E android.hardware.audio.service: __gcs_get_sg_conn_and_update_pld: subgraph conn size 0. Exiting
06-27 12:51:08.374   789  9293 D ACDB-LOADER: ACDB -> ACDB_WDSP_CMD_GET_SUBGRAPH_CONNECTIONS_SIZE
06-27 12:51:08.375   789  9293 E android.hardware.audio.service: __gcs_get_sg_conn_and_update_pld: subgraph conn size 0. Exiting
06-27 12:51:08.375   789  9293 D ACDB-LOADER: ACDB -> ACDB_WDSP_CMD_GET_SUBGRAPH_CONNECTIONS_SIZE
06-27 12:51:08.375   789  9293 D ACDB-LOADER: ACDB -> ACDB_WDSP_CMD_GET_SUBGRAPHS_CONNECTION
06-27 12:51:08.375   789  9293 D android.hardware.audio.service: pktzr_send_cmd: opcode = 0x3, size = 92, token = 167
06-27 12:51:08.375  7063  8983 I AlwaysOnHotwordDetector: onDetected
06-27 12:51:08.376  7063  8064 I favt    : #onDetected. DSP hotword detected.
06-27 12:51:08.377  7063  8064 I faud    : getDspTriggerNotificationRequirement
06-27 12:51:08.378  7063  8064 I favt    : #onDetected. DSP hotword detected, will verify it with Soda.
06-27 12:51:08.379  7063  8064 I favt    : (REDACTED) Capture session id %d
06-27 12:51:08.379  7063  8064 I fauk    : (REDACTED) HDM AudioFormat: sample rate : %s, channel config/mask :  %s, encoding format :  %s
06-27 12:51:08.380  7063  8064 I fauk    : HDM Use timestamps disabled.
06-27 12:51:08.381  7063  7982 I fbbi    : #startHotwordDetectionInternal
06-27 12:51:08.381  7063  7982 I fbbi    : Set the SodaAudioAdapter
06-27 12:51:08.381  7063  7982 I fbbi    : Initialize soda not needed!
06-27 12:51:08.381  7063  8064 I fbbi    : (REDACTED) AudioFormat for Soda: sample rate : %s, channel count :  %s, encoding format :  %s
06-27 12:51:08.382  7063  8064 I native  : I0000 00:00:1751008868.382608    8064 soda_client.cc:330] Starting capture.
06-27 12:51:08.383  7063  8064 I native  : I0000 00:00:1751008868.383208    8064 soda_async_impl.cc:601] SODA session starting (require_hotword:1, hotword_timeout_in_millis:3000, trigger_type:TRIGGER_TYPE_UNSPECIFIED, hybrid_asr_config.mode:MODE_DEFAULT)
06-27 12:51:08.383  7063  8064 I native  : I0000 00:00:1751008868.383460    8064 hotword_processor.cc:504] Updated hotword timeout: 3000
06-27 12:51:08.384   789  1760 D android.hardware.audio.service: ipc_resp_thread: opcode: 0x2, payload_size: 4, resp_buf size: 16
06-27 12:51:08.384   789  1760 D android.hardware.audio.service: pktzr_resp_cb: opcode = 0x2 size = 4 token = 167
06-27 12:51:08.384   789  1760 D android.hardware.audio.service: pktzr_resp_cb: token 167 matched
06-27 12:51:08.386   789  9293 D android.hardware.audio.service: pktzr_send_cmd: opcode = 0xc, size = 24, token = 168
06-27 12:51:08.386   789  9293 D android.hardware.audio.service: pktzr_send_cmd: opcode = 0xc, size = 24, token = 169
06-27 12:51:08.387  7063  8064 I dosg    : onStartCapture
06-27 12:51:08.387  7063  8064 I dosg    : Register SodaAudioAdapter.
06-27 12:51:08.387  7063  8064 I esys    : (REDACTED) #audio# registering new source: %s
06-27 12:51:08.388  7063  8064 I esuf    : (REDACTED) #audio# registerAudioAdapter (%s)
06-27 12:51:08.388  7063  8064 I ethu    : (REDACTED) #audio# cancel timeout(token(%s))
06-27 12:51:08.388  7063  8064 I fbbi    : #startPushingAudio
06-27 12:51:08.389  7063  8064 I fbai    : (REDACTED) pushAudioToSoda. stopPushAudio is %b
06-27 12:51:08.389  7063  8064 I fbai    : (REDACTED) Opening hotword mic with params: sourceType=%s,sampleRate=%sHz,channelConfig=%s,encodingFormat=%s, use push mechanism : %b. hotwordAudioRouteRequestParamsOptional.isPresent() : %b. hotword capture mode : %s.
06-27 12:51:08.389  7063  8064 I etfm    : (REDACTED) #audio# routing hotword client to(%s)
06-27 12:51:08.390  7063  8064 I eubj    : (REDACTED) #audio# updating hotword to route(token(%d), %s)
06-27 12:51:08.390  7063  8064 I eubj    : #audio# enforcing concurrency state on a new hotword route
06-27 12:51:08.390  7063  8064 I eubj    : (REDACTED) #audio# disconnecting(%s) hotword %s
06-27 12:51:08.391  7063  8064 I eubj    : (REDACTED) #audio# hotword route(token(%d), %s) OK to update
06-27 12:51:08.391  7063  8010 I ethp    : (REDACTED) #audio# de-referencing(%s) from(%s), (%s)
06-27 12:51:08.392  7063  8064 I eubj    : (REDACTED) #audio# starting connection to hotword route(token(%d), %s)
06-27 12:51:08.392  7063  7999 I eudy    : (REDACTED) #audio# route(%s) for hotword client disconnected(reason(%s))
06-27 12:51:08.392  7063  7999 I ethp    : (REDACTED) #audio# referencing(%s) to(%s), (%s)
06-27 12:51:08.393  7063  8010 I etkt    : (REDACTED) #audio# audio routing(%s) took %d(ms)
06-27 12:51:08.393  7063  8064 I etph    : (REDACTED) #audio# starting hotword session(%d) for %s
06-27 12:51:08.393  7063  8011 I eudy    : (REDACTED) #audio# route(%s) for hotword client updated with status(%s)
06-27 12:51:08.394  7063  8064 I etph    : #audio# enforcing concurrency state on a new hotword session
06-27 12:51:08.394  7063  8064 I etph    : (REDACTED) #audio# hotword session(%d) OK to start
06-27 12:51:08.395  7063  8064 I etqk    : (REDACTED) #audio# starting hotword source session(%d) on %s for %s
06-27 12:51:08.395  7063  8064 I etqk    : #audio# enforcing concurrency state on a new hotword source
06-27 12:51:08.395  7063  8064 I eswj    : (REDACTED) #audio# loading processor(%s)
06-27 12:51:08.396  7063  8064 I eswd    : (REDACTED) #audio# loading processor(%s)
06-27 12:51:08.396   789  1760 D android.hardware.audio.service: ipc_resp_thread: opcode: 0xd, payload_size: 3876, resp_buf size: 3888
06-27 12:51:08.396   789  1760 D android.hardware.audio.service: pktzr_resp_cb: opcode = 0xd size = 3876 token = 168
06-27 12:51:08.396   789  1760 D android.hardware.audio.service: pktzr_resp_cb: token 168 matched
06-27 12:51:08.396   789  9293 D android.hardware.audio.service: pktzr_send_cmd: opcode = 0xc, size = 24, token = 170
06-27 12:51:08.397  7063  8010 I ethp    : (REDACTED) #audio# referencing(%s) to(%s), (%s)
06-27 12:51:08.398  7063 29414 I etnt    : (REDACTED) #audio# opening audio source(%s), offset(%s)
06-27 12:51:08.399  7063 29414 I esyt    : (REDACTED) #audio# delegating source(%s) opening to(%s)
06-27 12:51:08.399  7063 29414 I esyl    : (REDACTED) #audio# open audio source(%s)
06-27 12:51:08.400  7063  8064 I eufj    : (REDACTED) #audio# skipping session(%s) storing process, not enabled
06-27 12:51:08.400  7063 29414 I esxu    : #audio# createDspAudioRecord
06-27 12:51:08.400  7063 29414 I esyi    : #audio# no audio record attribution specified, continue without...
06-27 12:51:08.401  7063 29414 D AudioRecord: set(): inputSource 1999, sampleRate 16000, format 0x1, channelMask 0x10, frameCount 160000, notificationFrames 0, sessionId 25, transferType 0, flags 0, opPackageName com.google.android.googlequicksearchbox uid -1, pid -1
06-27 12:51:08.401   789  1760 D android.hardware.audio.service: ipc_resp_thread: opcode: 0xd, payload_size: 3876, resp_buf size: 3888
06-27 12:51:08.401   789  1760 D android.hardware.audio.service: pktzr_resp_cb: opcode = 0xd size = 3876 token = 169
06-27 12:51:08.401   789  1760 D android.hardware.audio.service: pktzr_resp_cb: token 169 matched
06-27 12:51:08.401   789  9293 D android.hardware.audio.service: pktzr_send_cmd: opcode = 0xc, size = 24, token = 171
06-27 12:51:08.408   789  1760 D android.hardware.audio.service: ipc_resp_thread: opcode: 0xd, payload_size: 3876, resp_buf size: 3888
06-27 12:51:08.408   789  1760 D android.hardware.audio.service: pktzr_resp_cb: opcode = 0xd size = 3876 token = 170
06-27 12:51:08.408   789  1760 D android.hardware.audio.service: pktzr_resp_cb: token 170 matched
06-27 12:51:08.408   943  1606 D ServiceUtilities: Request app pkg name: com.google.android.googlequicksearchbox
06-27 12:51:08.408   789  9293 D android.hardware.audio.service: pktzr_send_cmd: opcode = 0xc, size = 24, token = 172
06-27 12:51:08.410   943  1606 D ServiceUtilities: Request app pkg name: com.google.android.googlequicksearchbox
06-27 12:51:08.411   943  1606 I ConfigStore: vendor::qti::hardware::audiohalext::V1_0::IAudioHalExt::getApmConfigs retrieved:  (default)
06-27 12:51:08.411   943  1606 D APM_AudioPolicyManager: getInputForAttr() source 1999, sampling rate 16000, format 0x1, channel mask 0x10, session 25, flags 0 attributes={ Content type: AUDIO_CONTENT_TYPE_UNKNOWN Usage: AUDIO_USAGE_UNKNOWN Source: AUDIO_SOURCE_HOTWORD Flags: 0x800 Tags:  }
06-27 12:51:08.413   943  1606 D APM_AudioPolicyManager: profile selected with name: surround_sound, client UID 10188 
06-27 12:51:08.414   789   862 D audio_hw_primary: adev_open_input_stream is_karaoke_fastcapture=0 source=1999
06-27 12:51:08.414   789   862 D audio_hw_primary: adev_open_input_stream: enter: sample_rate(16000) channel_mask(0x10) devices(0x80000004)        stream_handle(0xed6c1000) io_handle(70) source(1999) format 1
06-27 12:51:08.414   789   862 D soundtrigger: audio_extn_sound_trigger_check_and_get_session: capture_handle 70 is sound trigger
06-27 12:51:08.414   789   862 D audio_hw_primary: io_streams_map_insert: Added stream in io_streams_map with handle 70
06-27 12:51:08.414   789   862 E device_utils: update_device_list: Invalid device: 0
06-27 12:51:08.415   789  1760 D android.hardware.audio.service: ipc_resp_thread: opcode: 0xd, payload_size: 3876, resp_buf size: 3888
06-27 12:51:08.415   789  1760 D android.hardware.audio.service: pktzr_resp_cb: opcode = 0xd size = 3876 token = 171
06-27 12:51:08.415   789  1760 D android.hardware.audio.service: pktzr_resp_cb: token 171 matched
06-27 12:51:08.415   789  9293 D android.hardware.audio.service: pktzr_send_cmd: opcode = 0xc, size = 24, token = 173
06-27 12:51:08.416  1437  1437 D MediaMetricsService: submitInternal: isTrusted:1 given uid -1; sanitized uid: 1041 sanitized pkg: audioserver sanitized pkg version: 0
06-27 12:51:08.416  1437  1437 D MediaMetricsService: submitInternal: item->getKey().c_str() = audio.thread.70
06-27 12:51:08.416  1437  1437 D MediaMetricsService: submitInternal: item->getCString(kCodecPackageName, &msg_send->packgeName) = 0
06-27 12:51:08.416  1437  1437 D MediaMetricsService: submitInternal: item->getInt32(kCodecHdrInfo, &msg_send->hdr) = 0
06-27 12:51:08.416  1437  1437 D MediaMetricsService: submitInternal: item->getInt32(kCodecFrameRateCal, &msg_send->frameRateCal) = 0
06-27 12:51:08.416  1437  1437 D MediaMetricsService: submitInternal: msg_send->frameRateCal = 1230324319
06-27 12:51:08.416  1437  1437 D MediaMetricsService: submitInternal: isTrusted:1 given uid -1; sanitized uid: 1041 sanitized pkg: audioserver sanitized pkg version: 0
06-27 12:51:08.416  1437  1437 D MediaMetricsService: submitInternal: item->getKey().c_str() = audio.thread.70
06-27 12:51:08.416  1437  1437 D MediaMetricsService: submitInternal: item->getCString(kCodecPackageName, &msg_send->packgeName) = 0
06-27 12:51:08.416  1437  1437 D MediaMetricsService: submitInternal: item->getInt32(kCodecHdrInfo, &msg_send->hdr) = 0
06-27 12:51:08.416  1437  1437 D MediaMetricsService: submitInternal: item->getInt32(kCodecFrameRateCal, &msg_send->frameRateCal) = 0
06-27 12:51:08.416  1437  1437 D MediaMetricsService: submitInternal: msg_send->frameRateCal = 1667328356
06-27 12:51:08.417   943 29430 I AudioFlinger: AudioFlinger's thread 0xb400007383dd5600 tid=29430 ready to run
06-27 12:51:08.417   789   862 D audio_hw_primary: in_standby: enter: stream (0xed6c1000) usecase(23: audio-record)
06-27 12:51:08.418   943 29430 D AudioFlinger: updateWakeLockUids_l AudioIn_46 uids:
06-27 12:51:08.418   943  1606 D APM_AudioPolicyManager: getInputForAttr() returns input 70 type 0 selectedDeviceId 22 for port ID 59
06-27 12:51:08.419   789   862 D audio_hw_primary: in_standby: enter: stream (0xed6c1000) usecase(23: audio-record)
06-27 12:51:08.420   789  1760 D android.hardware.audio.service: ipc_resp_thread: opcode: 0xd, payload_size: 3876, resp_buf size: 3888
06-27 12:51:08.420   789  1760 D android.hardware.audio.service: pktzr_resp_cb: opcode = 0xd size = 3876 token = 172
06-27 12:51:08.420   789  1760 D android.hardware.audio.service: pktzr_resp_cb: token 172 matched
06-27 12:51:08.420   789  9293 D android.hardware.audio.service: pktzr_send_cmd: opcode = 0xc, size = 24, token = 174
06-27 12:51:08.422  1919  1986 I system_server: oneway function results will be dropped but finished with status OK and parcel size 4
06-27 12:51:08.422  1919  1986 I chatty  : uid=1000(system) Binder:1919_2 identical 1 line
06-27 12:51:08.422  1919  1986 I system_server: oneway function results will be dropped but finished with status OK and parcel size 4
06-27 12:51:08.424   789  1760 D android.hardware.audio.service: ipc_resp_thread: opcode: 0xd, payload_size: 3876, resp_buf size: 3888
06-27 12:51:08.424   789  1760 D android.hardware.audio.service: pktzr_resp_cb: opcode = 0xd size = 3876 token = 173
06-27 12:51:08.424   789  1760 D android.hardware.audio.service: pktzr_resp_cb: token 173 matched
06-27 12:51:08.425   789  9293 D android.hardware.audio.service: pktzr_send_cmd: opcode = 0xc, size = 24, token = 175
06-27 12:51:08.427  1437  1437 D MediaMetricsService: submitInternal: isTrusted:1 given uid 10188; sanitized uid: 10188 sanitized pkg: com.google.android.googlequicksearchbox sanitized pkg version: 301527834
06-27 12:51:08.427  1437  1437 D MediaMetricsService: submitInternal: item->getKey().c_str() = audio.record.59
06-27 12:51:08.427  1437  1437 D MediaMetricsService: submitInternal: item->getCString(kCodecPackageName, &msg_send->packgeName) = 0
06-27 12:51:08.427  1437  1437 D MediaMetricsService: submitInternal: item->getInt32(kCodecHdrInfo, &msg_send->hdr) = 0
06-27 12:51:08.427  1437  1437 D MediaMetricsService: submitInternal: item->getInt32(kCodecFrameRateCal, &msg_send->frameRateCal) = 0
06-27 12:51:08.427  1437  1437 D MediaMetricsService: submitInternal: msg_send->frameRateCal = 1731093609
06-27 12:51:08.429  1437  1437 D MediaMetricsService: submitInternal: isTrusted:0 given uid -1; sanitized uid: 10188 sanitized pkg: com.google.android.googlequicksearchbox sanitized pkg version: 301527834
06-27 12:51:08.429  1437  1437 D MediaMetricsService: submitInternal: item->getKey().c_str() = audio.record.59
06-27 12:51:08.429  1437  1437 D MediaMetricsService: submitInternal: item->getCString(kCodecPackageName, &msg_send->packgeName) = 0
06-27 12:51:08.429  1437  1437 D MediaMetricsService: submitInternal: item->getInt32(kCodecHdrInfo, &msg_send->hdr) = 0
06-27 12:51:08.429  1437  1437 D MediaMetricsService: submitInternal: item->getInt32(kCodecFrameRateCal, &msg_send->frameRateCal) = 0
06-27 12:51:08.429  1437  1437 D MediaMetricsService: submitInternal: msg_send->frameRateCal = 1731093609
06-27 12:51:08.429   789  1760 D android.hardware.audio.service: ipc_resp_thread: opcode: 0xd, payload_size: 3876, resp_buf size: 3888
06-27 12:51:08.429   789  1760 D android.hardware.audio.service: pktzr_resp_cb: opcode = 0xd size = 3876 token = 174
06-27 12:51:08.429   789  1760 D android.hardware.audio.service: pktzr_resp_cb: token 174 matched
06-27 12:51:08.430   789  9293 D android.hardware.audio.service: pktzr_send_cmd: opcode = 0xc, size = 24, token = 176
06-27 12:51:08.431  7063 29414 I esyl    : (REDACTED) #audio# create stream of audio record source(identity(%s), recordId(%d))
06-27 12:51:08.431  7063 29414 D AudioRecord: start(59): sync event 0 trigger session 0, mSessionID=25
06-27 12:51:08.433   943  1606 D AudioPolicyManagerCustom: startInput portId 59
06-27 12:51:08.433   943  1606 D AudioPolicyManagerCustom: startInput() input:70, session:25 [uid=10188 apptype=40])
06-27 12:51:08.433   943  1606 I ConfigStore: vendor::qti::hardware::audiohalext::V1_0::IAudioHalExt::getApmConfigs retrieved:  (default)
06-27 12:51:08.434   943 29430 D AudioFlinger: updateWakeLockUids_l AudioIn_46 uids:10188 
06-27 12:51:08.435   789  1760 D android.hardware.audio.service: ipc_resp_thread: opcode: 0xd, payload_size: 3876, resp_buf size: 3888
06-27 12:51:08.435   789  1760 D android.hardware.audio.service: pktzr_resp_cb: opcode = 0xd size = 3876 token = 175
06-27 12:51:08.435   789  1760 D android.hardware.audio.service: pktzr_resp_cb: token 175 matched
06-27 12:51:08.435   789  9293 D android.hardware.audio.service: pktzr_send_cmd: opcode = 0xc, size = 24, token = 177
06-27 12:51:08.435   943 29430 I AudioFlinger: checkForGameParameter_l() set events appname=+com.google.android.googlequicksearchbox
06-27 12:51:08.436   789   862 D audio_hw_primary: in_set_parameters: enter: kvpairs=appname=+com.google.android.googlequicksearchbox
06-27 12:51:08.436  1919  1986 I system_server: oneway function results will be dropped but finished with status OK and parcel size 4
06-27 12:51:08.436   789   862 E device_utils: update_device_list: Invalid device: 0
06-27 12:51:08.436  1919  1986 I system_server: oneway function results will be dropped but finished with status OK and parcel size 4
06-27 12:51:08.437   789   862 D audio_hw_primary: adev_create_audio_patch: enter: num sources 1, num_sinks 1, handle 0
06-27 12:51:08.437   789   862 D audio_hw_primary: adev_create_audio_patch: Capture patch from device 80000004 to mix 70
06-27 12:51:08.437   789   862 D audio_hw_primary: update_patch: enter
06-27 12:51:08.437   789   862 D audio_hw_primary: route_input_stream: exit: status(0)
06-27 12:51:08.437   789   862 D audio_hw_primary: adev_create_audio_patch: Added a new patch with handle 13
06-27 12:51:08.437  1437  1437 D MediaMetricsService: submitInternal: isTrusted:1 given uid -1; sanitized uid: 1041 sanitized pkg: audioserver sanitized pkg version: 0
06-27 12:51:08.437  1437  1437 D MediaMetricsService: submitInternal: item->getKey().c_str() = audio.thread.70
06-27 12:51:08.437  1437  1437 D MediaMetricsService: submitInternal: item->getCString(kCodecPackageName, &msg_send->packgeName) = 0
06-27 12:51:08.437  1437  1437 D MediaMetricsService: submitInternal: item->getInt32(kCodecHdrInfo, &msg_send->hdr) = 0
06-27 12:51:08.437  1437  1437 D MediaMetricsService: submitInternal: item->getInt32(kCodecFrameRateCal, &msg_send->frameRateCal) = 0
06-27 12:51:08.437  1437  1437 D MediaMetricsService: submitInternal: msg_send->frameRateCal = 1667328356
06-27 12:51:08.438  1437  2234 D MediaMetricsService: submitInternal: isTrusted:1 given uid -1; sanitized uid: 1041 sanitized pkg: audioserver sanitized pkg version: 0
06-27 12:51:08.438  1437  2234 D MediaMetricsService: submitInternal: item->getKey().c_str() = audio.thread.70
06-27 12:51:08.438  1437  2234 D MediaMetricsService: submitInternal: item->getCString(kCodecPackageName, &msg_send->packgeName) = 0
06-27 12:51:08.438  1437  2234 D MediaMetricsService: submitInternal: item->getInt32(kCodecHdrInfo, &msg_send->hdr) = 0
06-27 12:51:08.438  1437  2234 D MediaMetricsService: submitInternal: item->getInt32(kCodecFrameRateCal, &msg_send->frameRateCal) = 0
06-27 12:51:08.438  1437  2234 D MediaMetricsService: submitInternal: msg_send->frameRateCal = 0
06-27 12:51:08.438  1437  2234 D MediaMetricsService: submitInternal: isTrusted:1 given uid -1; sanitized uid: 1041 sanitized pkg: audioserver sanitized pkg version: 0
06-27 12:51:08.438  1437  2234 D MediaMetricsService: submitInternal: item->getKey().c_str() = audio.record.59
06-27 12:51:08.438  1437  2234 D MediaMetricsService: submitInternal: item->getCString(kCodecPackageName, &msg_send->packgeName) = 0
06-27 12:51:08.438  1437  2234 D MediaMetricsService: submitInternal: item->getInt32(kCodecHdrInfo, &msg_send->hdr) = 0
06-27 12:51:08.438  1437  2234 D MediaMetricsService: submitInternal: item->getInt32(kCodecFrameRateCal, &msg_send->frameRateCal) = 0
06-27 12:51:08.438  1437  2234 D MediaMetricsService: submitInternal: msg_send->frameRateCal = 0
06-27 12:51:08.439   943  1606 I ConfigStore: vendor::qti::hardware::audiohalext::V1_0::IAudioHalExt::getApmConfigs retrieved:  (default)
06-27 12:51:08.439   943  1606 D AudioPolicyManagerCustom: startInput: setCaptureState true for sva
06-27 12:51:08.440  1919  1986 I SoundTriggerMiddlewareLogging: setCaptureState[this=com.android.server.soundtrigger_middleware.SoundTriggerMiddlewareImpl@5173254, caller=1041/943](true)
06-27 12:51:08.440   943  1606 D AudioPolicyManagerCustom: startInput input 70 source = 1999 exit
06-27 12:51:08.440   943  1606 I ConfigStore: vendor::qti::hardware::audiohalext::V1_0::IAudioHalExt::getApmConfigs retrieved:  (default)
06-27 12:51:08.440  1919  8333 I AudioService.RecordingActivityMonitor: rec update riid:175 uid:10188 session:25 src:HOTWORD pack:com.google.android.googlequicksearchbox
06-27 12:51:08.440   789  1760 D android.hardware.audio.service: ipc_resp_thread: opcode: 0xd, payload_size: 3876, resp_buf size: 3888
06-27 12:51:08.440   789  1760 D android.hardware.audio.service: pktzr_resp_cb: opcode = 0xd size = 3876 token = 176
06-27 12:51:08.440   789  1760 D android.hardware.audio.service: pktzr_resp_cb: token 176 matched
06-27 12:51:08.440   789  9293 D android.hardware.audio.service: pktzr_send_cmd: opcode = 0xc, size = 24, token = 178
06-27 12:51:08.442   789  2281 E FMQ     : grantorIdx must be less than 3
06-27 12:51:08.443   789  2281 E FMQ     : grantorIdx must be less than 3
06-27 12:51:08.443  1437  2234 D MediaMetricsService: submitInternal: isTrusted:0 given uid -1; sanitized uid: 10188 sanitized pkg: com.google.android.googlequicksearchbox sanitized pkg version: 301527834
06-27 12:51:08.443  1437  2234 D MediaMetricsService: submitInternal: item->getKey().c_str() = audio.record.59
06-27 12:51:08.443  7063 29414 D AudioService: broadcastRecorderState:com.google.android.googlequicksearchbox
06-27 12:51:08.443  1437  2234 D MediaMetricsService: submitInternal: item->getCString(kCodecPackageName, &msg_send->packgeName) = 0
06-27 12:51:08.443  1437  2234 D MediaMetricsService: submitInternal: item->getInt32(kCodecHdrInfo, &msg_send->hdr) = 0
06-27 12:51:08.443  1437  2234 D MediaMetricsService: submitInternal: item->getInt32(kCodecFrameRateCal, &msg_send->frameRateCal) = 0
06-27 12:51:08.443  1437  2234 D MediaMetricsService: submitInternal: msg_send->frameRateCal = 1731093609
06-27 12:51:08.443  7063 29414 I eszm    : #audio# start audio buffering
06-27 12:51:08.444  7063  8064 I etkt    : (REDACTED) #audio# starting listening client(%s) route(%s) took %d(ms)
06-27 12:51:08.445   943 29430 E FMQ     : grantorIdx must be less than 3
06-27 12:51:08.445   943 29430 E FMQ     : grantorIdx must be less than 3
06-27 12:51:08.446  9739  9900 I PowerCheckerService: uid:10188 change to active
06-27 12:51:08.446  7063 29140 I eswj    : (REDACTED) #audio# mark first byte read result as non-empty, actual(%dms ago)
06-27 12:51:08.446  9739  9853 I AppActiveChecker: uid:10188 change to active
06-27 12:51:08.446  7063  7982 I ethi    : (REDACTED) #audio# result(%s) synced first-byte-read
06-27 12:51:08.447  7063  7982 I esvb    : (REDACTED) #audio# noting buffer(%s) new state(%s)
06-27 12:51:08.447  7063  8063 I eudy    : (REDACTED) #audio# hotword client session(token(%d)) start listening status(%s)
06-27 12:51:08.447  7063  8064 I etkt    : (REDACTED) #audio# HotwordListeningSession start listening status: %s
06-27 12:51:08.447  7063  8064 I etju    : #audio# reportMicUpdate
06-27 12:51:08.447  7063  7999 I esvb    : (REDACTED) #audio# registering receiver(%s), range(offset=%d, minimal=%s), buffer(%s)
06-27 12:51:08.447   789  1760 D android.hardware.audio.service: ipc_resp_thread: opcode: 0xd, payload_size: 3876, resp_buf size: 3888
06-27 12:51:08.447  7063  8064 I esvp    : (REDACTED) #audio# start time defined(present=%s)
06-27 12:51:08.447   789  1760 D android.hardware.audio.service: pktzr_resp_cb: opcode = 0xd size = 3876 token = 177
06-27 12:51:08.447   789  1760 D android.hardware.audio.service: pktzr_resp_cb: token 177 matched
06-27 12:51:08.448  7063  8064 I fbai    : registerAudioBytesReceiver success.
06-27 12:51:08.448   789  9293 D android.hardware.audio.service: pktzr_send_cmd: opcode = 0xc, size = 24, token = 179
06-27 12:51:08.448  7063  8064 I fbai    : Hotword mic open successful.
06-27 12:51:08.448  7063  8011 I fbai    : After mic open
06-27 12:51:08.448  7063  8063 I fbbi    : Hotword audio capture started.
06-27 12:51:08.448  7063  8010 I favt    : Soda started successfully after DSP hotword detected.
06-27 12:51:08.448  7063  9461 I native  : I0000 00:00:1751008868.448801    9461 soda_async_impl.cc:1303] SODA received first mic audio buffer, size in bytes: 320, format: 1, channels: 1, sample rate: 16000
06-27 12:51:08.453   789  1760 D android.hardware.audio.service: ipc_resp_thread: opcode: 0xd, payload_size: 3876, resp_buf size: 3888
06-27 12:51:08.453   789  1760 D android.hardware.audio.service: pktzr_resp_cb: opcode = 0xd size = 3876 token = 178
06-27 12:51:08.453   789  1760 D android.hardware.audio.service: pktzr_resp_cb: token 178 matched
06-27 12:51:08.469   789  9293 D android.hardware.audio.service: pktzr_send_cmd: opcode = 0xc, size = 24, token = 180
06-27 12:51:08.472   789  1760 D android.hardware.audio.service: ipc_resp_thread: opcode: 0xd, payload_size: 3876, resp_buf size: 3888
06-27 12:51:08.472   789  1760 D android.hardware.audio.service: pktzr_resp_cb: opcode = 0xd size = 3876 token = 179
06-27 12:51:08.472   789  1760 D android.hardware.audio.service: pktzr_resp_cb: token 179 matched
06-27 12:51:08.473   789  9293 D android.hardware.audio.service: pktzr_send_cmd: opcode = 0xc, size = 24, token = 181
06-27 12:51:08.474  7063  8064 I eswd    : (REDACTED) #audio# processor(%s) is being completed(%s)
06-27 12:51:08.474  7063  8064 I eswd    : (REDACTED) #audio# processor(%s) done, processed(%dns), spent(%dns), deviation(%dns)
06-27 12:51:08.474  7063  7999 I ethi    : (REDACTED) #audio# result(%s) synced audio-start-time
06-27 12:51:08.479   789  1760 D android.hardware.audio.service: ipc_resp_thread: opcode: 0xd, payload_size: 3876, resp_buf size: 3888
06-27 12:51:08.479   789  1760 D android.hardware.audio.service: pktzr_resp_cb: opcode = 0xd size = 3876 token = 180
06-27 12:51:08.479   789  1760 D android.hardware.audio.service: pktzr_resp_cb: token 180 matched
06-27 12:51:08.479   789  9293 D android.hardware.audio.service: pktzr_send_cmd: opcode = 0xc, size = 24, token = 182
06-27 12:51:08.482   789  1760 D android.hardware.audio.service: ipc_resp_thread: opcode: 0xd, payload_size: 3876, resp_buf size: 3888
06-27 12:51:08.482   789  1760 D android.hardware.audio.service: pktzr_resp_cb: opcode = 0xd size = 3876 token = 181
06-27 12:51:08.482   789  1760 D android.hardware.audio.service: pktzr_resp_cb: token 181 matched
06-27 12:51:08.483   789  9293 D android.hardware.audio.service: pktzr_send_cmd: opcode = 0xc, size = 24, token = 183
06-27 12:51:08.487   789  1760 D android.hardware.audio.service: ipc_resp_thread: opcode: 0xd, payload_size: 3876, resp_buf size: 3888
06-27 12:51:08.487   789  1760 D android.hardware.audio.service: pktzr_resp_cb: opcode = 0xd size = 3876 token = 182
06-27 12:51:08.487   789  1760 D android.hardware.audio.service: pktzr_resp_cb: token 182 matched
06-27 12:51:08.488   789  9293 D android.hardware.audio.service: pktzr_send_cmd: opcode = 0xc, size = 24, token = 184
06-27 12:51:08.494   789  1760 D android.hardware.audio.service: ipc_resp_thread: opcode: 0xd, payload_size: 3876, resp_buf size: 3888
06-27 12:51:08.494   789  1760 D android.hardware.audio.service: pktzr_resp_cb: opcode = 0xd size = 3876 token = 183
06-27 12:51:08.494   789  1760 D android.hardware.audio.service: pktzr_resp_cb: token 183 matched
06-27 12:51:08.494   789  9293 D android.hardware.audio.service: pktzr_send_cmd: opcode = 0xc, size = 24, token = 185
06-27 12:51:08.498   789  1760 D android.hardware.audio.service: ipc_resp_thread: opcode: 0xd, payload_size: 3876, resp_buf size: 3888
06-27 12:51:08.498   789  1760 D android.hardware.audio.service: pktzr_resp_cb: opcode = 0xd size = 3876 token = 184
06-27 12:51:08.498   789  1760 D android.hardware.audio.service: pktzr_resp_cb: token 184 matched
06-27 12:51:08.498   789  9293 D android.hardware.audio.service: pktzr_send_cmd: opcode = 0xc, size = 24, token = 186
06-27 12:51:08.552   789  1760 D android.hardware.audio.service: ipc_resp_thread: opcode: 0xd, payload_size: 3876, resp_buf size: 3888
06-27 12:51:08.552   789  1760 D android.hardware.audio.service: pktzr_resp_cb: opcode = 0xd size = 3876 token = 185
06-27 12:51:08.552   789  1760 D android.hardware.audio.service: pktzr_resp_cb: token 185 matched
06-27 12:51:08.553   789  9293 D android.hardware.audio.service: pktzr_send_cmd: opcode = 0xc, size = 24, token = 187
06-27 12:51:08.680   789  1760 D android.hardware.audio.service: ipc_resp_thread: opcode: 0xd, payload_size: 3876, resp_buf size: 3888
06-27 12:51:08.681   789  1760 D android.hardware.audio.service: pktzr_resp_cb: opcode = 0xd size = 3876 token = 186
06-27 12:51:08.681   789  1760 D android.hardware.audio.service: pktzr_resp_cb: token 186 matched
06-27 12:51:08.681   789  9293 D android.hardware.audio.service: pktzr_send_cmd: opcode = 0xc, size = 24, token = 188
06-27 12:51:08.802   789  1760 D android.hardware.audio.service: ipc_resp_thread: opcode: 0xd, payload_size: 3876, resp_buf size: 3888
06-27 12:51:08.802   789  1760 D android.hardware.audio.service: pktzr_resp_cb: opcode = 0xd size = 3876 token = 187
06-27 12:51:08.802   789  1760 D android.hardware.audio.service: pktzr_resp_cb: token 187 matched
06-27 12:51:08.802   789  9293 D android.hardware.audio.service: pktzr_send_cmd: opcode = 0xc, size = 24, token = 189
06-27 12:51:08.920   789  1760 D android.hardware.audio.service: ipc_resp_thread: opcode: 0xd, payload_size: 3876, resp_buf size: 3888
06-27 12:51:08.920   789  1760 D android.hardware.audio.service: pktzr_resp_cb: opcode = 0xd size = 3876 token = 188
06-27 12:51:08.920   789  1760 D android.hardware.audio.service: pktzr_resp_cb: token 188 matched
06-27 12:51:08.921   789  9293 D android.hardware.audio.service: pktzr_send_cmd: opcode = 0xc, size = 24, token = 190
06-27 12:51:08.924  7063  9461 I native  : I0000 00:00:1751008868.924420    9461 soda_async_impl.cc:1072] Not receiving any loopback audio in 500ms. Last audio received time: 1970-01-01T05:30:00+05:30, Current time: 2025-06-27T12:51:08.92441579+05:30
06-27 12:51:08.926   885 10843 I vendor.qti.hardware.servicetracker@1.2-service: unbindService is called for service : com.google.android.gms/.chimera.PersistentDirectBootAwareApiService and for client com.google.android.gms
06-27 12:51:09.042   789  1760 D android.hardware.audio.service: ipc_resp_thread: opcode: 0xd, payload_size: 3876, resp_buf size: 3888
06-27 12:51:09.042   789  1760 D android.hardware.audio.service: pktzr_resp_cb: opcode = 0xd size = 3876 token = 189
06-27 12:51:09.042   789  1760 D android.hardware.audio.service: pktzr_resp_cb: token 189 matched
06-27 12:51:09.043   789  9293 D android.hardware.audio.service: pktzr_send_cmd: opcode = 0xc, size = 24, token = 191
06-27 12:51:09.160   789  1760 D android.hardware.audio.service: ipc_resp_thread: opcode: 0xd, payload_size: 3876, resp_buf size: 3888
06-27 12:51:09.160   789  1760 D android.hardware.audio.service: pktzr_resp_cb: opcode = 0xd size = 3876 token = 190
06-27 12:51:09.160   789  1760 D android.hardware.audio.service: pktzr_resp_cb: token 190 matched
06-27 12:51:09.161   789  9293 D android.hardware.audio.service: pktzr_send_cmd: opcode = 0xc, size = 24, token = 192
06-27 12:51:09.282   789  1760 D android.hardware.audio.service: ipc_resp_thread: opcode: 0xd, payload_size: 3876, resp_buf size: 3888
06-27 12:51:09.282   789  1760 D android.hardware.audio.service: pktzr_resp_cb: opcode = 0xd size = 3876 token = 191
06-27 12:51:09.282   789  1760 D android.hardware.audio.service: pktzr_resp_cb: token 191 matched
06-27 12:51:09.282   789  9293 D android.hardware.audio.service: pktzr_send_cmd: opcode = 0xc, size = 24, token = 193
06-27 12:51:09.399   789  1760 D android.hardware.audio.service: ipc_resp_thread: opcode: 0xd, payload_size: 3876, resp_buf size: 3888
06-27 12:51:09.400   789  1760 D android.hardware.audio.service: pktzr_resp_cb: opcode = 0xd size = 3876 token = 192
06-27 12:51:09.400   789  1760 D android.hardware.audio.service: pktzr_resp_cb: token 192 matched
06-27 12:51:09.400   789  9293 D android.hardware.audio.service: pktzr_send_cmd: opcode = 0xc, size = 24, token = 194
06-27 12:51:09.393 14895 14895 W ThreadPoolForeg: type=1400 audit(0.0:5063): avc: denied { write } for name="traced_producer" dev="tmpfs" ino=39154 scontext=u:r:gmscore_app:s0:c512,c768 tcontext=u:object_r:traced_producer_socket:s0 tclass=sock_file permissive=0 app=com.google.android.gms
06-27 12:51:09.415  7063  9461 I native  : I0000 00:00:1751008869.415125    9461 hotword_processor.cc:847] Hotword has timed out.
06-27 12:51:09.416  7063  9461 I native  : I0000 00:00:1751008869.416675    9461 soda_impl.cc:1752] Adding hotword timeout event
06-27 12:51:09.416  7063  9461 I native  : I0000 00:00:1751008869.416927    9461 soda_async_impl.cc:962] SODA stopped processing audio, mics audio processed in millis: 3000, loopback audio processed in millis: 0
06-27 12:51:09.417  7063  9461 I native  : I0000 00:00:1751008869.417444    9461 soda_async_impl.cc:974] Audio readers are stopped.
06-27 12:51:09.417  7063  9462 I fbbi    : Hotword timeout event!
06-27 12:51:09.418  7063  9461 I native  : I0000 00:00:1751008869.418046    9461 soda_async_impl.cc:1433] Ending ASR due to process sync signal.
06-27 12:51:09.418  7063  9462 I fbbi    : After setting sodaStopCompleter for waitForSodaStoppedAfterTimeout
06-27 12:51:09.418  7063  9461 I native  : I0000 00:00:1751008869.418733    9461 soda_async_impl.cc:1037] SODA session stopped due to: HOTWORD_TIMEOUT
06-27 12:51:09.418  7063  8010 I fbbi    : onHotwordTimeout inside sequencer
06-27 12:51:09.419  7063  9462 I dosg    : onStopCapture
06-27 12:51:09.419  7063  9462 I dosg    : Unregister SodaAudioAdapter.
06-27 12:51:09.419  7063  9462 I esys    : (REDACTED) #audio# unregistering source: %s
06-27 12:51:09.419  7063  9462 I esuf    : (REDACTED) #audio# unregisterAudioAdapter (%s)
06-27 12:51:09.419  7063  9462 I ethu    : (REDACTED) #audio# cancel timeout(token(%s))
06-27 12:51:09.419  7063  9462 I fbbi    : (REDACTED) SodaStopReason %s
06-27 12:51:09.420  7063  8011 I fbbi    : #onStop SodaState reset to INITIALIZED
06-27 12:51:09.420  7063  8010 I ethp    : (REDACTED) #audio# de-referencing(%s) from(%s)
06-27 12:51:09.420  7063  8011 I fbbi    : After reset sodaStopCompleter.
06-27 12:51:09.420  7063  8011 I faud    : (REDACTED) #onSodaStop received %s
06-27 12:51:09.420  7063  8011 I faud    : (REDACTED) #onSodaStop inside sequentialExecutor %s
06-27 12:51:09.420  7063  7982 I fbai    : (REDACTED) stopPushingAudio due to %s
06-27 12:51:09.420  7063  8011 W faud    : (REDACTED) %s. Completer is null; It could be set earlier or we ware not waiting for the disconnect signal.
06-27 12:51:09.421  7063  7982 I fbai    : Calling stopListening on hotwordListeningSession.
06-27 12:51:09.421  7063  7982 I etnb    : (REDACTED) #audio# stop listening hotword client session(token(%d))
06-27 12:51:09.421  7063  8011 I eokx    : (REDACTED) HDM event received: %s
06-27 12:51:09.421  7063  7982 I etph    : (REDACTED) #audio# stopping(%s) hotword session(%d) for %s
06-27 12:51:09.421  7063  7982 I ethu    : (REDACTED) #audio# cancel timeout(token(%s))
06-27 12:51:09.422  7063  7982 I etqk    : (REDACTED) #audio# stopping(%s) hotword source session(%d)
06-27 12:51:09.422  7063  8011 I ethp    : (REDACTED) #audio# de-referencing(%s) from(%s), (%s)
06-27 12:51:09.422  7063 29414 I etnt    : (REDACTED) #audio# closing audio source(%s)
06-27 12:51:09.422  7063 29414 I esyl    : (REDACTED) #audio# close audio source(identity(%s), recordId(%d))
06-27 12:51:09.422  7063 29414 D AudioRecord: stop mSessionID=25
06-27 12:51:09.422  7063 29414 D AudioRecord: stop(59): mActive:1
06-27 12:51:09.423  7063  7982 I eohc    : (REDACTED) Platform configuration for connection(%s) has changed(@%s):%s
06-27 12:51:09.423  7063  7982 I eoes    : (REDACTED) On platform configuration update(@%s) in connection(%s).
06-27 12:51:09.424  7063  8063 I bisp    : (REDACTED) On platform configuration update(%s).
06-27 12:51:09.424  7063  8064 I esvb    : (REDACTED) #audio# marking buffer(%s) closed, available(%d)
06-27 12:51:09.424  7063  8063 I birx    : Received ConfigurationUpdate from Triggering API
06-27 12:51:09.424  7063  8064 I eswj    : (REDACTED) #audio# close processor (%s)
06-27 12:51:09.424  7063  7982 I eswd    : (REDACTED) #audio# close processor(%s)
06-27 12:51:09.424  7063  8064 I esvb    : (REDACTED) #audio# unregistering receiver(%s) due to EOF, buffer(%s)
06-27 12:51:09.424  7063  8064 I fbbi    : Soda audio push completed.
06-27 12:51:09.521   789  1760 D android.hardware.audio.service: ipc_resp_thread: opcode: 0xd, payload_size: 3876, resp_buf size: 3888
06-27 12:51:09.521   789  1760 D android.hardware.audio.service: pktzr_resp_cb: opcode = 0xd size = 3876 token = 193
06-27 12:51:09.521   789  1760 D android.hardware.audio.service: pktzr_resp_cb: token 193 matched
06-27 12:51:09.522   789  9293 D android.hardware.audio.service: pktzr_send_cmd: opcode = 0xc, size = 24, token = 195
06-27 12:51:09.522   943 29430 D AudioFlinger: updateWakeLockUids_l AudioIn_46 uids:
06-27 12:51:09.526   789   862 D audio_hw_primary: in_standby: enter: stream (0xed6c1000) usecase(23: audio-record)
06-27 12:51:09.526   789   862 D audio_hw_primary: in_standby: sound trigger pcm stop lab
06-27 12:51:09.526   789  9293 D sound_trigger_hw: process_lab_capture:[1] calling gcs_stop_buff_xfer 
06-27 12:51:09.526   789  9293 D android.hardware.audio.service: pktzr_send_cmd: opcode = 0x4, size = 28, token = 196
06-27 12:51:09.527  1919  8333 I system_server: oneway function results will be dropped but finished with status OK and parcel size 4
06-27 12:51:09.531   789  1760 D android.hardware.audio.service: ipc_resp_thread: opcode: 0xd, payload_size: 676, resp_buf size: 688
06-27 12:51:09.531   789  1760 D android.hardware.audio.service: pktzr_resp_cb: opcode = 0xd size = 676 token = 194
06-27 12:51:09.531   789  1760 D android.hardware.audio.service: pktzr_resp_cb: token 194 matched
06-27 12:51:09.533   789  1760 D android.hardware.audio.service: ipc_resp_thread: opcode: 0xd, payload_size: 36, resp_buf size: 48
06-27 12:51:09.533   789  1760 D android.hardware.audio.service: pktzr_resp_cb: opcode = 0xd size = 36 token = 195
06-27 12:51:09.533   789  1760 D android.hardware.audio.service: pktzr_resp_cb: token 195 matched
06-27 12:51:09.534   789  1760 D android.hardware.audio.service: ipc_resp_thread: opcode: 0x2, payload_size: 4, resp_buf size: 16
06-27 12:51:09.534   789  1760 D android.hardware.audio.service: pktzr_resp_cb: opcode = 0x2 size = 4 token = 196
06-27 12:51:09.534   789  1760 D android.hardware.audio.service: pktzr_resp_cb: token 196 matched
06-27 12:51:09.535   789   862 D sound_trigger_hw: buffering_state_fn:[1] post deferred stop on buffering end
06-27 12:51:09.538   943   943 D APM_AudioPolicyManager: stopInput() IoHandle 70 uid 10188
06-27 12:51:09.540   789  2281 D audio_hw_primary: adev_release_audio_patch: Remove patch with handle 13
06-27 12:51:09.540   789  2281 D audio_hw_primary: route_input_stream: exit: status(0)
06-27 12:51:09.541   943   943 D APM_AudioPolicyManager: resetInputDevice() releaseAudioPatch returned 0
06-27 12:51:09.542  1919  8333 I system_server: oneway function results will be dropped but finished with status OK and parcel size 4
06-27 12:51:09.542   943   943 D APM_AudioPolicyManager: stopInput: setCaptureState false for sva
06-27 12:51:09.543  1919  8333 I SoundTriggerMiddlewareLogging: setCaptureState[this=com.android.server.soundtrigger_middleware.SoundTriggerMiddlewareImpl@5173254, caller=1041/943](false)
06-27 12:51:09.546   943 29430 D AudioFlinger: updateWakeLockUids_l AudioIn_46 uids:
06-27 12:51:09.546   943 29430 I AudioFlinger: checkForGameParameter_l() set events appname=-com.google.android.googlequicksearchbox
06-27 12:51:09.547   789  2281 D audio_hw_primary: in_set_parameters: enter: kvpairs=appname=-com.google.android.googlequicksearchbox
06-27 12:51:09.548   943   943 D AudioPolicyManagerCustom: stopInput() input 70 [uid=10188]
06-27 12:51:09.548   943   943 I ConfigStore: vendor::qti::hardware::audiohalext::V1_0::IAudioHalExt::getApmConfigs retrieved:  (default)
06-27 12:51:09.548   943   943 I ConfigStore: vendor::qti::hardware::audiohalext::V1_0::IAudioHalExt::getApmConfigs retrieved:  (default)
06-27 12:51:09.548  1919  8333 I system_server: oneway function results will be dropped but finished with status OK and parcel size 4
06-27 12:51:09.550  7063 29414 D AudioService: broadcastRecorderState:com.google.android.googlequicksearchbox
06-27 12:51:09.550  1437  2234 D MediaMetricsService: submitInternal: isTrusted:0 given uid -1; sanitized uid: 10188 sanitized pkg: com.google.android.googlequicksearchbox sanitized pkg version: 301527834
06-27 12:51:09.550  1437  2234 D MediaMetricsService: submitInternal: item->getKey().c_str() = audio.record.59
06-27 12:51:09.550  1437  2234 D MediaMetricsService: submitInternal: item->getCString(kCodecPackageName, &msg_send->packgeName) = 0
06-27 12:51:09.550  1437  2234 D MediaMetricsService: submitInternal: item->getInt32(kCodecHdrInfo, &msg_send->hdr) = 0
06-27 12:51:09.550  7063 29414 D AudioRecord: stop mSessionID=25
06-27 12:51:09.550  1437  2234 D MediaMetricsService: submitInternal: item->getInt32(kCodecFrameRateCal, &msg_send->frameRateCal) = 0
06-27 12:51:09.550  1919  8333 I system_server: oneway function results will be dropped but finished with status OK and parcel size 4
06-27 12:51:09.550  1437  2234 D MediaMetricsService: submitInternal: msg_send->frameRateCal = 1731093609
06-27 12:51:09.550  7063 29414 D AudioRecord: stop(59): mActive:0
06-27 12:51:09.550  7063 29414 D AudioService: broadcastRecorderState:com.google.android.googlequicksearchbox
06-27 12:51:09.550  1437  2234 D MediaMetricsService: submitInternal: isTrusted:0 given uid -1; sanitized uid: 10188 sanitized pkg: com.google.android.googlequicksearchbox sanitized pkg version: 301527834
06-27 12:51:09.550  1437  2234 D MediaMetricsService: submitInternal: item->getKey().c_str() = audio.record.59
06-27 12:51:09.550  1437  2234 D MediaMetricsService: submitInternal: item->getCString(kCodecPackageName, &msg_send->packgeName) = 0
06-27 12:51:09.550  1437  2234 D MediaMetricsService: submitInternal: item->getInt32(kCodecHdrInfo, &msg_send->hdr) = 0
06-27 12:51:09.550  1437  2234 D MediaMetricsService: submitInternal: item->getInt32(kCodecFrameRateCal, &msg_send->frameRateCal) = 0
06-27 12:51:09.550  1437  2234 D MediaMetricsService: submitInternal: msg_send->frameRateCal = 1731093609
06-27 12:51:09.550  7063 29414 D AudioRecord: stop mSessionID=25
06-27 12:51:09.550  7063 29414 D AudioRecord: stop(59): mActive:0
06-27 12:51:09.551  7063 29414 D AudioRecord: stop mSessionID=25
06-27 12:51:09.551  7063 29414 D AudioRecord: stop(59): mActive:0
06-27 12:51:09.552   943  3796 D APM_AudioPolicyManager: releaseInput IoHandle 70 uid 10188
06-27 12:51:09.552   943  3796 D APM_AudioPolicyManager: closeInput(70)
