06-27 10:51:21.241   744   744 E PQ_HDR  : DpAsyncBlitStream:: thie platform unsupport compress format
06-27 10:51:21.241   744   744 E PQ_HDR  : DpAsyncBlitStream:: thie platform unsupport compress format
06-27 10:51:21.252   744   744 E PQ_HDR  : DpAsyncBlitStream:: thie platform unsupport compress format
06-27 10:51:21.252   744   744 E PQ_HDR  : DpAsyncBlitStream:: thie platform unsupport compress format
06-27 10:51:21.252   744   744 E PQ_HDR  : DpAsyncBlitStream:: thie platform unsupport compress format
06-27 10:51:21.252   744   744 E PQ_HDR  : DpAsyncBlitStream:: thie platform unsupport compress format
06-27 10:51:21.252   744   744 E PQ_HDR  : DpAsyncBlitStream:: thie platform unsupport compress format
06-27 10:51:21.263   744   744 E PQ_HDR  : DpAsyncBlitStream:: thie platform unsupport compress format
06-27 10:51:21.263   744   744 E PQ_HDR  : DpAsyncBlitStream:: thie platform unsupport compress format
06-27 10:51:21.263   744   744 E PQ_HDR  : DpAsyncBlitStream:: thie platform unsupport compress format
06-27 10:51:21.263   744   744 E PQ_HDR  : DpAsyncBlitStream:: thie platform unsupport compress format
06-27 10:51:21.263   744   744 E PQ_HDR  : DpAsyncBlitStream:: thie platform unsupport compress format
06-27 10:51:21.274   744   744 E PQ_HDR  : DpAsyncBlitStream:: thie platform unsupport compress format
06-27 10:51:21.274   744   744 E PQ_HDR  : DpAsyncBlitStream:: thie platform unsupport compress format
06-27 10:51:21.274   744   744 E PQ_HDR  : DpAsyncBlitStream:: thie platform unsupport compress format
06-27 10:51:21.274   744   744 E PQ_HDR  : DpAsyncBlitStream:: thie platform unsupport compress format
06-27 10:51:21.274   744   744 E PQ_HDR  : DpAsyncBlitStream:: thie platform unsupport compress format
06-27 10:51:21.285   744   744 E PQ_HDR  : DpAsyncBlitStream:: thie platform unsupport compress format
06-27 10:51:21.285   744   744 E PQ_HDR  : DpAsyncBlitStream:: thie platform unsupport compress format
06-27 10:51:21.285   744   744 E PQ_HDR  : DpAsyncBlitStream:: thie platform unsupport compress format
06-27 10:51:21.285   744   744 E PQ_HDR  : DpAsyncBlitStream:: thie platform unsupport compress format
06-27 10:51:21.285   744   744 E PQ_HDR  : DpAsyncBlitStream:: thie platform unsupport compress format
06-27 10:51:21.296   744   744 E PQ_HDR  : DpAsyncBlitStream:: thie platform unsupport compress format
06-27 10:51:21.296   744   744 E PQ_HDR  : DpAsyncBlitStream:: thie platform unsupport compress format
06-27 10:51:21.296   744   744 E PQ_HDR  : DpAsyncBlitStream:: thie platform unsupport compress format
06-27 10:51:21.296   744   744 E PQ_HDR  : DpAsyncBlitStream:: thie platform unsupport compress format
06-27 10:51:21.296   744   744 E PQ_HDR  : DpAsyncBlitStream:: thie platform unsupport compress format
06-27 10:51:21.307   744   744 E PQ_HDR  : DpAsyncBlitStream:: thie platform unsupport compress format
06-27 10:51:21.307   744   744 E PQ_HDR  : DpAsyncBlitStream:: thie platform unsupport compress format
06-27 10:51:21.307   744   744 E PQ_HDR  : DpAsyncBlitStream:: thie platform unsupport compress format
06-27 10:51:21.307   744   744 E PQ_HDR  : DpAsyncBlitStream:: thie platform unsupport compress format
06-27 10:51:21.307   744   744 E PQ_HDR  : DpAsyncBlitStream:: thie platform unsupport compress format
06-27 10:51:21.314   747   787 E HfLooper: dst->data[13.000000,50.000000,9796.000000]
06-27 10:51:21.318   744   744 E PQ_HDR  : DpAsyncBlitStream:: thie platform unsupport compress format
06-27 10:51:21.318   744   744 E PQ_HDR  : DpAsyncBlitStream:: thie platform unsupport compress format
06-27 10:51:21.318   744   744 E PQ_HDR  : DpAsyncBlitStream:: thie platform unsupport compress format
06-27 10:51:21.318   744   744 E PQ_HDR  : DpAsyncBlitStream:: thie platform unsupport compress format
06-27 10:51:21.318   744   744 E PQ_HDR  : DpAsyncBlitStream:: thie platform unsupport compress format
06-27 10:51:21.329   744   744 E PQ_HDR  : DpAsyncBlitStream:: thie platform unsupport compress format
06-27 10:51:21.329   744   744 E PQ_HDR  : DpAsyncBlitStream:: thie platform unsupport compress format
06-27 10:51:21.329   744   744 E PQ_HDR  : DpAsyncBlitStream:: thie platform unsupport compress format
06-27 10:51:21.329   744   744 E PQ_HDR  : DpAsyncBlitStream:: thie platform unsupport compress format
06-27 10:51:21.329   744   744 E PQ_HDR  : DpAsyncBlitStream:: thie platform unsupport compress format
06-27 10:51:21.340   744   744 E PQ_HDR  : DpAsyncBlitStream:: thie platform unsupport compress format
06-27 10:51:21.340   744   744 E PQ_HDR  : DpAsyncBlitStream:: thie platform unsupport compress format
06-27 10:51:21.340   744   744 E PQ_HDR  : DpAsyncBlitStream:: thie platform unsupport compress format
06-27 10:51:21.340   744   744 E PQ_HDR  : DpAsyncBlitStream:: thie platform unsupport compress format
06-27 10:51:21.340   744   744 E PQ_HDR  : DpAsyncBlitStream:: thie platform unsupport compress format
06-27 10:51:21.347 13184 13184 W BpBinder: Linking to death on android.gui.ISurfaceComposer but there are no threads (yet?) listening to incoming transactions. See ProcessState::startThreadPool and ProcessState::setThreadPoolMaxThreadCount. Generally you should setup the binder threadpool before other initialization steps.
06-27 10:51:21.348 13184 13184 W ProcessState: Extra binder thread started, but 0 threads requested. Do not use *startThreadPool when zero threads are requested.
06-27 10:51:21.352   744   744 E PQ_HDR  : DpAsyncBlitStream:: thie platform unsupport compress format
06-27 10:51:21.352   744   744 E PQ_HDR  : DpAsyncBlitStream:: thie platform unsupport compress format
06-27 10:51:21.352   744   744 E PQ_HDR  : DpAsyncBlitStream:: thie platform unsupport compress format
06-27 10:51:21.352   744   744 E PQ_HDR  : DpAsyncBlitStream:: thie platform unsupport compress format
06-27 10:51:21.352   744   744 E PQ_HDR  : DpAsyncBlitStream:: thie platform unsupport compress format
06-27 10:51:21.363   744   744 E PQ_HDR  : DpAsyncBlitStream:: thie platform unsupport compress format
06-27 10:51:21.363   744   744 E PQ_HDR  : DpAsyncBlitStream:: thie platform unsupport compress format
06-27 10:51:21.363   744   744 E PQ_HDR  : DpAsyncBlitStream:: thie platform unsupport compress format
06-27 10:51:21.363   744   744 E PQ_HDR  : DpAsyncBlitStream:: thie platform unsupport compress format
06-27 10:51:21.363   744   744 E PQ_HDR  : DpAsyncBlitStream:: thie platform unsupport compress format
06-27 10:51:21.373   744   744 E PQ_HDR  : DpAsyncBlitStream:: thie platform unsupport compress format
06-27 10:51:21.373   744   744 E PQ_HDR  : DpAsyncBlitStream:: thie platform unsupport compress format
06-27 10:51:21.373   744   744 E PQ_HDR  : DpAsyncBlitStream:: thie platform unsupport compress format
06-27 10:51:21.373   744   744 E PQ_HDR  : DpAsyncBlitStream:: thie platform unsupport compress format
06-27 10:51:21.373   744   744 E PQ_HDR  : DpAsyncBlitStream:: thie platform unsupport compress format
06-27 10:51:21.384   744   744 E PQ_HDR  : DpAsyncBlitStream:: thie platform unsupport compress format
06-27 10:51:21.384   744   744 E PQ_HDR  : DpAsyncBlitStream:: thie platform unsupport compress format
06-27 10:51:21.384   744   744 E PQ_HDR  : DpAsyncBlitStream:: thie platform unsupport compress format
06-27 10:51:21.384   744   744 E PQ_HDR  : DpAsyncBlitStream:: thie platform unsupport compress format
06-27 10:51:21.384   744   744 E PQ_HDR  : DpAsyncBlitStream:: thie platform unsupport compress format
06-27 10:51:21.384 13184 13184 I DMABUFHEAPS: Using DMA-BUF heap named: mtk_mm
06-27 10:51:21.384 13184 13184 I DMABUFHEAPS: Using DMA-BUF heap named: mtk_mm-uncached
06-27 10:51:21.384 13184 13184 I DMABUFHEAPS: Using DMA-BUF heap named: mtk_svp_region-aligned
06-27 10:51:21.384 13184 13184 I DMABUFHEAPS: Using DMA-BUF heap named: mtk_prot_region-aligned
06-27 10:51:21.384 13184 13184 I DMABUFHEAPS: Using DMA-BUF heap named: mtk_2d_fr_region
06-27 10:51:21.384 13184 13184 I DMABUFHEAPS: Using DMA-BUF heap named: mtk_wfd_region-aligned
06-27 10:51:21.395   744   744 E PQ_HDR  : DpAsyncBlitStream:: thie platform unsupport compress format
06-27 10:51:21.395   744   744 E PQ_HDR  : DpAsyncBlitStream:: thie platform unsupport compress format
06-27 10:51:21.395   744   744 E PQ_HDR  : DpAsyncBlitStream:: thie platform unsupport compress format
06-27 10:51:21.395   744   744 E PQ_HDR  : DpAsyncBlitStream:: thie platform unsupport compress format
06-27 10:51:21.395   744   744 E PQ_HDR  : DpAsyncBlitStream:: thie platform unsupport compress format
06-27 10:51:21.407   744   744 E PQ_HDR  : DpAsyncBlitStream:: thie platform unsupport compress format
06-27 10:51:21.407   744   744 E PQ_HDR  : DpAsyncBlitStream:: thie platform unsupport compress format
06-27 10:51:21.407   744   744 E PQ_HDR  : DpAsyncBlitStream:: thie platform unsupport compress format
06-27 10:51:21.407   744   744 E PQ_HDR  : DpAsyncBlitStream:: thie platform unsupport compress format
06-27 10:51:21.407   744   744 E PQ_HDR  : DpAsyncBlitStream:: thie platform unsupport compress format
06-27 10:51:21.414   747   787 E HfLooper: dst->data[12.000000,55.000000,9683.000000]
06-27 10:51:21.417   744   744 E PQ_HDR  : DpAsyncBlitStream:: thie platform unsupport compress format
06-27 10:51:21.417   744   744 E PQ_HDR  : DpAsyncBlitStream:: thie platform unsupport compress format
06-27 10:51:21.417   744   744 E PQ_HDR  : DpAsyncBlitStream:: thie platform unsupport compress format
06-27 10:51:21.417   744   744 E PQ_HDR  : DpAsyncBlitStream:: thie platform unsupport compress format
06-27 10:51:21.417   744   744 E PQ_HDR  : DpAsyncBlitStream:: thie platform unsupport compress format
06-27 10:51:21.428   744   744 E PQ_HDR  : DpAsyncBlitStream:: thie platform unsupport compress format
06-27 10:51:21.428   744   744 E PQ_HDR  : DpAsyncBlitStream:: thie platform unsupport compress format
06-27 10:51:21.428   744   744 E PQ_HDR  : DpAsyncBlitStream:: thie platform unsupport compress format
06-27 10:51:21.428   744   744 E PQ_HDR  : DpAsyncBlitStream:: thie platform unsupport compress format
06-27 10:51:21.428   744   744 E PQ_HDR  : DpAsyncBlitStream:: thie platform unsupport compress format
06-27 10:51:21.439   744   744 E PQ_HDR  : DpAsyncBlitStream:: thie platform unsupport compress format
06-27 10:51:21.439   744   744 E PQ_HDR  : DpAsyncBlitStream:: thie platform unsupport compress format
06-27 10:51:21.439   744   744 E PQ_HDR  : DpAsyncBlitStream:: thie platform unsupport compress format
06-27 10:51:21.439   744   744 E PQ_HDR  : DpAsyncBlitStream:: thie platform unsupport compress format
06-27 10:51:21.439   744   744 E PQ_HDR  : DpAsyncBlitStream:: thie platform unsupport compress format
06-27 10:51:21.450   744   744 E PQ_HDR  : DpAsyncBlitStream:: thie platform unsupport compress format
06-27 10:51:21.450   744   744 E PQ_HDR  : DpAsyncBlitStream:: thie platform unsupport compress format
06-27 10:51:21.450   744   744 E PQ_HDR  : DpAsyncBlitStream:: thie platform unsupport compress format
06-27 10:51:21.450   744   744 E PQ_HDR  : DpAsyncBlitStream:: thie platform unsupport compress format
06-27 10:51:21.450   744   744 E PQ_HDR  : DpAsyncBlitStream:: thie platform unsupport compress format
06-27 10:51:21.462   744   744 E PQ_HDR  : DpAsyncBlitStream:: thie platform unsupport compress format
06-27 10:51:21.462   744   744 E PQ_HDR  : DpAsyncBlitStream:: thie platform unsupport compress format
06-27 10:51:21.462   744   744 E PQ_HDR  : DpAsyncBlitStream:: thie platform unsupport compress format
06-27 10:51:21.462   744   744 E PQ_HDR  : DpAsyncBlitStream:: thie platform unsupport compress format
06-27 10:51:21.462   744   744 E PQ_HDR  : DpAsyncBlitStream:: thie platform unsupport compress format
06-27 10:51:21.514   747   787 E HfLooper: dst->data[13.000000,0.000000,0.000000]
06-27 10:51:21.545   744  1195 I hwcomposer: [HWC] (0)fire a callback of refresh to SF[4]  
06-27 10:51:21.550   744   744 E PQ_HDR  : DpAsyncBlitStream:: thie platform unsupport compress format
06-27 10:51:21.550   744   744 E PQ_HDR  : DpAsyncBlitStream:: thie platform unsupport compress format
06-27 10:51:21.550   744   744 E PQ_HDR  : DpAsyncBlitStream:: thie platform unsupport compress format
06-27 10:51:21.550   744   744 E PQ_HDR  : DpAsyncBlitStream:: thie platform unsupport compress format
06-27 10:51:21.550   744   744 E PQ_HDR  : DpAsyncBlitStream:: thie platform unsupport compress format
06-27 10:51:21.614   747   787 E HfLooper: dst->data[13.000000,0.000000,0.000000]
06-27 10:51:21.714   747   787 E HfLooper: dst->data[12.000000,38.000000,9702.000000]
06-27 10:51:21.814   747   787 E HfLooper: dst->data[13.000000,0.000000,0.000000]
06-27 10:51:21.864   772   829 I libPerfCtl: xgfGetFPS pid:1357 fps:-1
06-27 10:51:21.865   772   829 I libPerfCtl: xgfGetFPS pid:1621 fps:-1
06-27 10:51:21.865   772   829 I libPerfCtl: xgfGetFPS pid:1911 fps:-1
06-27 10:51:21.914   747   787 E HfLooper: dst->data[13.000000,0.000000,0.000000]
06-27 10:51:22.014   747   787 E HfLooper: dst->data[12.000000,0.000000,0.000000]
06-27 10:51:22.114   747   787 E HfLooper: dst->data[13.000000,38.000000,9705.000000]
06-27 10:51:22.214   747   787 E HfLooper: dst->data[13.000000,0.000000,0.000000]
06-27 10:51:22.314   747   787 E HfLooper: dst->data[13.000000,0.000000,0.000000]
06-27 10:51:22.345  1357  1930 I ActivityManager: Broadcasting: Intent { act=android.intent.action.MEDIA_SCANNER_SCAN_FILE dat=file:///... flg=0x400000 }
06-27 10:51:22.346  1357  1930 I ActivityManager: Enqueued broadcast Intent { act=android.intent.action.MEDIA_SCANNER_SCAN_FILE dat=file:///... flg=0x400000 }: 0
06-27 10:51:22.354  1357  4317 W JobInfo : Job 'com.android.providers.media.module/com.android.providers.media.MediaService#-300' has a deadline with no functional constraints. The deadline won't improve job execution latency. Consider removing the deadline.
06-27 10:51:22.368  1357  1377 I ActivityManager: Broadcast completed: result=0
06-27 10:51:22.374  2301  2516 I MediaProvider: Begin Intent { act=android.intent.action.MEDIA_SCANNER_SCAN_FILE dat=file:///... flg=0x1400010 cmp=com.android.providers.media.module/com.android.providers.media.MediaService }
06-27 10:51:22.389 13184 13184 W RefBase : RefBase: Explicit destruction, weak count = 0 (in 0x7618fbc848). Use sp<> to manage this object.
06-27 10:51:22.392  2301  2516 I MediaProvider: End Intent { act=android.intent.action.MEDIA_SCANNER_SCAN_FILE dat=file:///... flg=0x1400010 cmp=com.android.providers.media.module/com.android.providers.media.MediaService }
06-27 10:51:22.415   747   787 E HfLooper: dst->data[13.000000,0.000000,0.000000]
06-27 10:51:22.514   747   787 E HfLooper: dst->data[13.000000,43.000000,9733.000000]
06-27 10:51:22.573   806   806 I BufferQueueProducer: [StatusBar#91](this:0xb400006fb27fd810,id:-1,api:0,p:-1,c:806) queueBuffer: fps=2.90 dur=3794.67 max=3673.27 min=10.97
06-27 10:51:22.574   744   744 E PQ_HDR  : DpAsyncBlitStream:: thie platform unsupport compress format
06-27 10:51:22.574   744   744 E PQ_HDR  : DpAsyncBlitStream:: thie platform unsupport compress format
06-27 10:51:22.574   744   744 E PQ_HDR  : DpAsyncBlitStream:: thie platform unsupport compress format
06-27 10:51:22.574   744   744 E PQ_HDR  : DpAsyncBlitStream:: thie platform unsupport compress format
06-27 10:51:22.574   744   744 E PQ_HDR  : DpAsyncBlitStream:: thie platform unsupport compress format
06-27 10:51:22.585   806   806 I BufferQueueProducer: [FramebufferSurface](this:0xb40000700264c2f0,id:-1,api:1,p:806,c:806) queueBuffer: fps=19.81 dur=1413.35 max=1026.40 min=5.25
06-27 10:51:22.586   744   744 I hwcomposer: [HWCDisplay] [Display_0 (type:1, mode:2)] fps:19.803436,dur:1413.90,max:1026.80,min:5.14  
06-27 10:51:22.614   747   787 E HfLooper: dst->data[13.000000,0.000000,0.000000]
06-27 10:51:22.638  1357  9131 I ActivityManager: Broadcasting: Intent { act=android.intent.action.FACTORY_TEST flg=0x400000 }
06-27 10:51:22.638  1357  9131 I ActivityManager: Enqueued broadcast Intent { act=android.intent.action.FACTORY_TEST flg=0x400000 }: 0
06-27 10:51:22.639  1357  1377 I ActivityManager: Broadcast completed: result=0
06-27 10:51:22.673   744  1195 I hwcomposer: [HWC] (0)fire a callback of refresh to SF[4]  
06-27 10:51:22.677   744   744 E PQ_HDR  : DpAsyncBlitStream:: thie platform unsupport compress format
06-27 10:51:22.677   744   744 E PQ_HDR  : DpAsyncBlitStream:: thie platform unsupport compress format
06-27 10:51:22.677   744   744 E PQ_HDR  : DpAsyncBlitStream:: thie platform unsupport compress format
06-27 10:51:22.677   744   744 E PQ_HDR  : DpAsyncBlitStream:: thie platform unsupport compress format
06-27 10:51:22.677   744   744 E PQ_HDR  : DpAsyncBlitStream:: thie platform unsupport compress format
06-27 10:51:22.714   747   787 E HfLooper: dst->data[13.000000,0.000000,0.000000]
06-27 10:51:22.745  1357  1378 I SideFpsEventHandler: notifyPowerPressed
06-27 10:51:22.745  1357  1378 I FingerprintManager: onPowerPressed
06-27 10:51:22.746  1357  1378 I PowerGroup: Powering off display group due to power_button (groupId= 0, uid= 1000, millisSinceLastUserActivity=4243, lastUserActivityEvent=other)...
06-27 10:51:22.747  1357  1378 I PowerManagerService: Going to sleep due to power_button (uid 1000, screenOffTimeout=60000, activityTimeoutWM=-1, maxDimRatio=0.20000005, maxDimDur=7000)...
06-27 10:51:22.764   806   806 I BufferQueueProducer: [FocusEventDebugView - display 0#69](this:0xb400006fb27cd180,id:-1,api:0,p:-1,c:806) queueBuffer: fps=8.39 dur=5005.29 max=4538.16 min=10.23
06-27 10:51:22.767   744   744 E PQ_HDR  : DpAsyncBlitStream:: thie platform unsupport compress format
06-27 10:51:22.767   744   744 E PQ_HDR  : DpAsyncBlitStream:: thie platform unsupport compress format
06-27 10:51:22.767   744   744 E PQ_HDR  : DpAsyncBlitStream:: thie platform unsupport compress format
06-27 10:51:22.767   744   744 E PQ_HDR  : DpAsyncBlitStream:: thie platform unsupport compress format
06-27 10:51:22.767   744   744 E PQ_HDR  : DpAsyncBlitStream:: thie platform unsupport compress format
06-27 10:51:22.778  1621  1621 I KeyguardTransitionRepository: STARTED transition: TransitionStep(from=GONE, to=DOZING, value=0.0, transitionState=STARTED, ownerName=FromGoneTransitionInteractor(Sleep transition triggered))
06-27 10:51:22.778   806  1727 I BufferQueueDebug: [ColorFade#1154](this:0xb400006fb2841d90,id:-1,api:0,p:-1,c:-1) BufferQueue core=(806:/system/bin/surfaceflinger)
06-27 10:51:22.785   744   744 E PQ_HDR  : DpAsyncBlitStream:: thie platform unsupport compress format
06-27 10:51:22.785   744   744 E PQ_HDR  : DpAsyncBlitStream:: thie platform unsupport compress format
06-27 10:51:22.785   744   744 E PQ_HDR  : DpAsyncBlitStream:: thie platform unsupport compress format
06-27 10:51:22.785   744   744 E PQ_HDR  : DpAsyncBlitStream:: thie platform unsupport compress format
06-27 10:51:22.785   744   744 E PQ_HDR  : DpAsyncBlitStream:: thie platform unsupport compress format
06-27 10:51:22.785   806  1727 I BufferQueueDebug: [ColorFade BLAST#1155](this:0xb400006fb283c270,id:-1,api:0,p:-1,c:-1) BufferQueue core=(806:/system/bin/surfaceflinger)
06-27 10:51:22.794  1357  1929 W AS.PlaybackActivityMon: No piid assigned for invalid/internal port id 82
06-27 10:51:22.794   737  2374 W AudioALSAStreamOut: setParameters(), still have param.size() = 1, remain param = "MixerThreadSleep="
06-27 10:51:22.795   737  1547 W AudioALSAStreamOut: setParameters(), still have param.size() = 1, remain param = "NoAudioTrack=0"
06-27 10:51:22.796   744   744 E PQ_HDR  : DpAsyncBlitStream:: thie platform unsupport compress format
06-27 10:51:22.796   744   744 E PQ_HDR  : DpAsyncBlitStream:: thie platform unsupport compress format
06-27 10:51:22.796   744   744 E PQ_HDR  : DpAsyncBlitStream:: thie platform unsupport compress format
06-27 10:51:22.796   744   744 E PQ_HDR  : DpAsyncBlitStream:: thie platform unsupport compress format
06-27 10:51:22.796   744   744 E PQ_HDR  : DpAsyncBlitStream:: thie platform unsupport compress format
06-27 10:51:22.799  1621  1621 I vol.VolumeDialogImpl: mDialog.dismiss() reason: volume_controller from: com.android.systemui.volume.VolumeDialogImpl$7.onDismissRequested:3
06-27 10:51:22.801   790  1058 D APM_AudioPolicyManager: [MTK_APM_Output]releaseOutput() 29 portId 81
06-27 10:51:22.805   806   806 I BufferQueueProducer: [NavigationBar0#87](this:0xb400006fb28005a0,id:-1,api:0,p:-1,c:806) queueBuffer: fps=0.40 dur=5045.00 max=5021.96 min=23.04
06-27 10:51:22.806   744   744 E PQ_HDR  : DpAsyncBlitStream:: thie platform unsupport compress format
06-27 10:51:22.806   744   744 E PQ_HDR  : DpAsyncBlitStream:: thie platform unsupport compress format
06-27 10:51:22.806   744   744 E PQ_HDR  : DpAsyncBlitStream:: thie platform unsupport compress format
06-27 10:51:22.806   744   744 E PQ_HDR  : DpAsyncBlitStream:: thie platform unsupport compress format
06-27 10:51:22.806   744   744 E PQ_HDR  : DpAsyncBlitStream:: thie platform unsupport compress format
06-27 10:51:22.806   744   744 E PQ_HDR  : DpAsyncBlitStream:: thie platform unsupport compress format
06-27 10:51:22.806   737  3352 I [Awinic]: aw_skt_arsi_query_param_buf_size_by_custom_info:reserve2 [0] cust_scene[0] ---> aw_scene[0]
06-27 10:51:22.806   737  3352 I [Awinic]: find [Music] scene_block with id 0
06-27 10:51:22.806   737  3352 I [Awinic]: aw_skt_arsi_query_param_buf_size_by_custom_info:aw_scene[Music] params len is 16416
06-27 10:51:22.806   737  3352 I [Awinic]: aw_skt_arsi_parsing_param_file_by_custom_info:stream_type [1] 
06-27 10:51:22.806   737  3352 I [Awinic]: aw_skt_arsi_parsing_param_file_by_custom_info:reserve2 [0] cust_scene[0] ---> aw_scene[0]
06-27 10:51:22.806   737  3352 I [Awinic]: find [Music] scene_block with id 0
06-27 10:51:22.806   737  3352 I [Awinic]: aw_skt_arsi_parsing_param_file_by_custom_info:load aw_scene[Music] params done
06-27 10:51:22.807   737  3352 I [Awinic]: SKTune_v6.1.9.1
06-27 10:51:22.807   737  3352 I [Awinic]: local_cfg->fade_out_deg_num = 0
06-27 10:51:22.807   737  3352 I [Awinic]: local_cfg->mute_in_num = 0
06-27 10:51:22.807   737  3352 I [Awinic]: local_cfg->fade_in_deg_num = 0
06-27 10:51:22.807   737  3352 E [Awinic]: unsupport filter order 0 !, set to aw_biquad_df2t_universal_process
06-27 10:51:22.807   737  3352 I [Awinic]: Origin cfg->cali_Re: -98000ohm, set param->cali_Re: 6199mohm!
06-27 10:51:22.807   737  3352 I [Awinic]: Origin cfg->cali_Re: -98000ohm, set param->cali_Re: 6199mohm!
06-27 10:51:22.808   737  3352 I [Awinic]: aw_vmax_kctl_dev_init: Awinic dev[1]'s monitor switch kcontrol is not accessible!
06-27 10:51:22.808   737  3352 I [Awinic]: Awinic monitor disable
06-27 10:51:22.814   747   787 E HfLooper: dst->data[12.000000,0.000000,0.000000]
06-27 10:51:22.815   744   744 E PQ_HDR  : DpAsyncBlitStream:: thie platform unsupport compress format
06-27 10:51:22.815   744   744 E PQ_HDR  : DpAsyncBlitStream:: thie platform unsupport compress format
06-27 10:51:22.815   744   744 E PQ_HDR  : DpAsyncBlitStream:: thie platform unsupport compress format
06-27 10:51:22.815   744   744 E PQ_HDR  : DpAsyncBlitStream:: thie platform unsupport compress format
06-27 10:51:22.815   744   744 E PQ_HDR  : DpAsyncBlitStream:: thie platform unsupport compress format
06-27 10:51:22.815   744   744 E PQ_HDR  : DpAsyncBlitStream:: thie platform unsupport compress format
06-27 10:51:22.815  1357  1414 I DisplayPowerController2[0]: BrightnessEvent: disp=0, physDisp=local:4627039422300187648, displayState=ON, displayPolicy=OFF, brt=1.0, initBrt=1.0, rcmdBrt=1.0, preBrt=0.04648384, lux=12.432212, preLux=0.0, hbmMax=1.0, hbmMode=off, rbcStrength=50, thrmMax=1.0, powerFactor=1.0, wasShortTermModelActive=true, flags=, reason=automatic, autoBrightness=true, strategy=InvalidBrightnessStrategy, autoBrightnessMode=default
06-27 10:51:22.824   744   744 E PQ_HDR  : DpAsyncBlitStream:: thie platform unsupport compress format
06-27 10:51:22.824   744   744 E PQ_HDR  : DpAsyncBlitStream:: thie platform unsupport compress format
06-27 10:51:22.824   744   744 E PQ_HDR  : DpAsyncBlitStream:: thie platform unsupport compress format
06-27 10:51:22.824   744   744 E PQ_HDR  : DpAsyncBlitStream:: thie platform unsupport compress format
06-27 10:51:22.825   744   744 E PQ_HDR  : DpAsyncBlitStream:: thie platform unsupport compress format
06-27 10:51:22.825   744   744 E PQ_HDR  : DpAsyncBlitStream:: thie platform unsupport compress format
06-27 10:51:22.831   744   744 E PQ_HDR  : DpAsyncBlitStream:: thie platform unsupport compress format
06-27 10:51:22.831   744   744 E PQ_HDR  : DpAsyncBlitStream:: thie platform unsupport compress format
06-27 10:51:22.831   744   744 E PQ_HDR  : DpAsyncBlitStream:: thie platform unsupport compress format
06-27 10:51:22.831   744   744 E PQ_HDR  : DpAsyncBlitStream:: thie platform unsupport compress format
06-27 10:51:22.831   744   744 E PQ_HDR  : DpAsyncBlitStream:: thie platform unsupport compress format
06-27 10:51:22.831   744   744 E PQ_HDR  : DpAsyncBlitStream:: thie platform unsupport compress format
06-27 10:51:22.842   744   744 E PQ_HDR  : DpAsyncBlitStream:: thie platform unsupport compress format
06-27 10:51:22.842   744   744 E PQ_HDR  : DpAsyncBlitStream:: thie platform unsupport compress format
06-27 10:51:22.842   744   744 E PQ_HDR  : DpAsyncBlitStream:: thie platform unsupport compress format
06-27 10:51:22.842   744   744 E PQ_HDR  : DpAsyncBlitStream:: thie platform unsupport compress format
06-27 10:51:22.843   744   744 E PQ_HDR  : DpAsyncBlitStream:: thie platform unsupport compress format
06-27 10:51:22.843   744   744 E PQ_HDR  : DpAsyncBlitStream:: thie platform unsupport compress format
06-27 10:51:22.848   737  3352 I AudioALSAHardwareResourceManager: aw_update_mode(), awinic update mode: music
06-27 10:51:22.854   744   744 E PQ_HDR  : DpAsyncBlitStream:: thie platform unsupport compress format
06-27 10:51:22.854   744   744 E PQ_HDR  : DpAsyncBlitStream:: thie platform unsupport compress format
06-27 10:51:22.854   744   744 E PQ_HDR  : DpAsyncBlitStream:: thie platform unsupport compress format
06-27 10:51:22.854   744   744 E PQ_HDR  : DpAsyncBlitStream:: thie platform unsupport compress format
06-27 10:51:22.854   744   744 E PQ_HDR  : DpAsyncBlitStream:: thie platform unsupport compress format
06-27 10:51:22.854   744   744 E PQ_HDR  : DpAsyncBlitStream:: thie platform unsupport compress format
06-27 10:51:22.864   744   744 E PQ_HDR  : DpAsyncBlitStream:: thie platform unsupport compress format
06-27 10:51:22.864   744   744 E PQ_HDR  : DpAsyncBlitStream:: thie platform unsupport compress format
06-27 10:51:22.865   744   744 E PQ_HDR  : DpAsyncBlitStream:: thie platform unsupport compress format
06-27 10:51:22.865   744   744 E PQ_HDR  : DpAsyncBlitStream:: thie platform unsupport compress format
06-27 10:51:22.865   744   744 E PQ_HDR  : DpAsyncBlitStream:: thie platform unsupport compress format
06-27 10:51:22.865   744   744 E PQ_HDR  : DpAsyncBlitStream:: thie platform unsupport compress format
06-27 10:51:22.865   772   829 I libPerfCtl: xgfGetFPS pid:1357 fps:-1
06-27 10:51:22.865   772   829 I libPerfCtl: xgfGetFPS pid:1621 fps:-1
06-27 10:51:22.865   772   829 I libPerfCtl: xgfGetFPS pid:1911 fps:-1
06-27 10:51:22.876   744   744 E PQ_HDR  : DpAsyncBlitStream:: thie platform unsupport compress format
06-27 10:51:22.877   744   744 E PQ_HDR  : DpAsyncBlitStream:: thie platform unsupport compress format
06-27 10:51:22.877   744   744 E PQ_HDR  : DpAsyncBlitStream:: thie platform unsupport compress format
06-27 10:51:22.877   744   744 E PQ_HDR  : DpAsyncBlitStream:: thie platform unsupport compress format
06-27 10:51:22.877   744   744 E PQ_HDR  : DpAsyncBlitStream:: thie platform unsupport compress format
06-27 10:51:22.877   744   744 E PQ_HDR  : DpAsyncBlitStream:: thie platform unsupport compress format
06-27 10:51:22.886   744   744 E PQ_HDR  : DpAsyncBlitStream:: thie platform unsupport compress format
06-27 10:51:22.886   744   744 E PQ_HDR  : DpAsyncBlitStream:: thie platform unsupport compress format
06-27 10:51:22.886   744   744 E PQ_HDR  : DpAsyncBlitStream:: thie platform unsupport compress format
06-27 10:51:22.886   744   744 E PQ_HDR  : DpAsyncBlitStream:: thie platform unsupport compress format
06-27 10:51:22.886   744   744 E PQ_HDR  : DpAsyncBlitStream:: thie platform unsupport compress format
06-27 10:51:22.886   744   744 E PQ_HDR  : DpAsyncBlitStream:: thie platform unsupport compress format
06-27 10:51:22.887  1357  1414 I DisplayPowerController2[0]: Blocking screen off
06-27 10:51:22.887  1357  1414 I DisplayPowerController2[0]: Unblocked screen off after 1 ms
06-27 10:51:22.892  1357  1414 I PowerHalWrapper: amsBoostNotify pid:1911,activity:com.android.launcher3.uioverrides.QuickstepLauncher, package:com.android.launcher3, mProcessCreatePackcom.sec.android.app.camera 
06-27 10:51:22.892  1357  1414 I PowerHalWrapper: state: 0 
06-27 10:51:22.894  1357  1414 I mtkpower_client: [PowerHal_Wrap_notifyAppState] com.android.launcher3/com.android.launcher3.uioverrides.QuickstepLauncher pid=1911 activityId:211065241 state:0
06-27 10:51:22.895   772   772 I IPCThreadState: oneway function results for code 2 on binder at 0xb400007bec652810 will be dropped but finished with status UNKNOWN_TRANSACTION
06-27 10:51:22.895   772   772 I vendor.mediatek.hardware.mtkpower_applist-service.mediatek: packName: com.android.launcher3 actName: com.android.launcher3.uioverrides.QuickstepLauncher pid: 1911 uid: 10088 state: 0
06-27 10:51:22.895   772   772 I MTK_APPList: [notifyAPPstate] com.android.launcher3/com.android.launcher3.uioverrides.QuickstepLauncher, pid=1911, uid=10088, state:PAUSED, fps:-1, win:0
06-27 10:51:22.895   772   772 I MTK_APPList: [notifyAPPstate] multi_resumed_app_count: 0
06-27 10:51:22.895   772   772 I MTK_APPList: [getForegroundAPPCount] 1
06-27 10:51:22.895   772   772 I MTK_APPList: [notifyNetdUID] 10088
06-27 10:51:22.895  1357  1414 I PowerHalWrapper: amsBoostNotify AMS_BOOST_PROCESS_CREATE_BOOST:false 
06-27 10:51:22.897  1357  1414 I DisplayBrightnessStrategySelector: Changing the DisplayBrightnessStrategy from InvalidBrightnessStrategy to ScreenOffBrightnessStrategy for display 0
06-27 10:51:22.897   747   747 I OriginChannel: batch: [1,80000000,2000000000]
06-27 10:51:22.898  1911  1911 W SplitSelectStateCtor: Missing session instanceIds
06-27 10:51:22.898   772   772 I mtkpower_client: PowerHal_Wrap_setSysInfo, result:0
06-27 10:51:22.898   772   772 I MTK_APPList: [notifyPID] 1911
06-27 10:51:22.899   780   828 I libPowerHal: [perfSetSysInfo] pid type:24, 1911
06-27 10:51:22.899   744   744 E PQ_HDR  : DpAsyncBlitStream:: thie platform unsupport compress format
06-27 10:51:22.899   744   744 E PQ_HDR  : DpAsyncBlitStream:: thie platform unsupport compress format
06-27 10:51:22.899   744   744 E PQ_HDR  : DpAsyncBlitStream:: thie platform unsupport compress format
06-27 10:51:22.899   744   744 E PQ_HDR  : DpAsyncBlitStream:: thie platform unsupport compress format
06-27 10:51:22.899   744   744 E PQ_HDR  : DpAsyncBlitStream:: thie platform unsupport compress format
06-27 10:51:22.899   744   744 E PQ_HDR  : DpAsyncBlitStream:: thie platform unsupport compress format
06-27 10:51:22.899   772   772 I mtkpower_client: PowerHal_Wrap_setSysInfo, result:0
06-27 10:51:22.901   727   727 I netd    : tetherGetStats() -> {[]} <2.15ms>
06-27 10:51:22.902   747   747 I OriginChannel: activate: [5,0]
06-27 10:51:22.903  1006  1042 E flp     : mnld_screen_monitor_thread: Screen off
06-27 10:51:22.904  1357  4317 W WindowManager: Changing focus from Window{18d7201 u0 com.android.launcher3/com.android.launcher3.uioverrides.QuickstepLauncher} to null displayId=0 Callers=com.android.server.wm.RootWindowContainer.updateFocusedWindowLocked:468 com.android.server.wm.WindowManagerService.updateFocusedWindowLocked:6505 com.android.server.wm.ActivityRecord.commitVisibility:5855 com.android.server.wm.ActivityRecord.commitVisibility:5866 
06-27 10:51:22.908  1357  1380 I PowerHalWrapper: amsBoostNotify pid:1911,activity:com.android.launcher3.uioverrides.QuickstepLauncher, package:com.android.launcher3, mProcessCreatePackcom.sec.android.app.camera 
06-27 10:51:22.908  1357  1380 I PowerHalWrapper: state: 0 
06-27 10:51:22.909   744   744 E PQ_HDR  : DpAsyncBlitStream:: thie platform unsupport compress format
06-27 10:51:22.909   744   744 E PQ_HDR  : DpAsyncBlitStream:: thie platform unsupport compress format
06-27 10:51:22.909   744   744 E PQ_HDR  : DpAsyncBlitStream:: thie platform unsupport compress format
06-27 10:51:22.909   744   744 E PQ_HDR  : DpAsyncBlitStream:: thie platform unsupport compress format
06-27 10:51:22.909   744   744 E PQ_HDR  : DpAsyncBlitStream:: thie platform unsupport compress format
06-27 10:51:22.909   744   744 E PQ_HDR  : DpAsyncBlitStream:: thie platform unsupport compress format
06-27 10:51:22.909  1357  1380 I mtkpower_client: [PowerHal_Wrap_notifyAppState] com.android.launcher3/com.android.launcher3.uioverrides.QuickstepLauncher pid=1911 activityId:211065241 state:0
06-27 10:51:22.910   772   772 I IPCThreadState: oneway function results for code 2 on binder at 0xb400007bec652810 will be dropped but finished with status UNKNOWN_TRANSACTION
06-27 10:51:22.910   772   772 I vendor.mediatek.hardware.mtkpower_applist-service.mediatek: packName: com.android.launcher3 actName: com.android.launcher3.uioverrides.QuickstepLauncher pid: 1911 uid: 10088 state: 0
06-27 10:51:22.910   772   772 I MTK_APPList: [notifyAPPstate] com.android.launcher3/com.android.launcher3.uioverrides.QuickstepLauncher, pid=1911, uid=10088, state:PAUSED, fps:-1, win:0
06-27 10:51:22.910   772   772 I MTK_APPList: [notifyAPPstate] multi_resumed_app_count: 0
06-27 10:51:22.910   772   772 I MTK_APPList: [getForegroundAPPCount] 1
06-27 10:51:22.910   772   772 I MTK_APPList: [notifyNetdUID] 10088
06-27 10:51:22.911  1357  1378 E ApplicationHelper: Fail to get PackageManager
06-27 10:51:22.912   772   772 I mtkpower_client: PowerHal_Wrap_setSysInfo, result:0
06-27 10:51:22.912   772   772 I MTK_APPList: [notifyPID] 1911
06-27 10:51:22.913  1357  1414 I DisplayPowerController2[0]: BrightnessEvent: disp=0, physDisp=local:4627039422300187648, displayState=OFF, displayPolicy=OFF, brt=0.0, initBrt=1.0, rcmdBrt=NaN, preBrt=NaN, lux=0.0, preLux=0.0, hbmMax=1.0, hbmMode=off, rbcStrength=50, thrmMax=1.0, powerFactor=1.0, wasShortTermModelActive=true, flags=, reason=screen_off, autoBrightness=true, strategy=ScreenOffBrightnessStrategy, autoBrightnessMode=default
06-27 10:51:22.913   780   828 I libPowerHal: [perfSetSysInfo] pid type:24, 1911
06-27 10:51:22.913   772   772 I mtkpower_client: PowerHal_Wrap_setSysInfo, result:0
06-27 10:51:22.915   744   744 I hwcomposer: [HWCDisplay] Display(0) SetPowerMode(0) current mode(2), scene(0)  
06-27 10:51:22.915  1357  1380 I PowerHalWrapper: amsBoostNotify AMS_BOOST_PROCESS_CREATE_BOOST:false 
06-27 10:51:22.922  1357  1380 I DisplayDeviceRepository: Display device changed state: "Built-in Screen", OFF
06-27 10:51:22.925  1357  4317 I AppWidgetServiceImpl: setAppWidgetHidden() 0
06-27 10:51:22.925  1357  1380 I InputManager-JNI: Viewport [0] to add: local:4627039422300187648, isActive: false
06-27 10:51:22.926  1357  1482 I InputReader: Reconfiguring input devices, changes=DISPLAY_INFO
06-27 10:51:22.926  1357  1482 I InputReader: Disabling ILITEK_TDDI (device 5) because the associated viewport is not active
06-27 10:51:22.926  1357  1482 I InputReader: Device reconfigured: id=5, name='ILITEK_TDDI', size 720x1600, orientation Rotation0, mode DISABLED, display id 0
06-27 10:51:22.927  1357  1378 W SurfaceControl: Invalid layer stack -1
06-27 10:51:22.927  1357  1378 I DisplayDevice: [0] Layerstack set to -1 for local:4627039422300187648
06-27 10:51:22.929   806   888 I SurfaceFlinger: onHandleDestroyed: name=bbq-wrapper#1145, layerId=1145, parentId=0
06-27 10:51:22.931  1357  1378 I Pointer : Device Changed: Input Device 5: ILITEK_TDDI
06-27 10:51:22.931  1357  1378 I Pointer :   Descriptor: ce54e173162f908fc75d1d0abe2023f80d6773d1
06-27 10:51:22.931  1357  1378 I Pointer :   Generation: 90
06-27 10:51:22.931  1357  1378 I Pointer :   Location: built-in
06-27 10:51:22.931  1357  1378 I Pointer :   Enabled: true
06-27 10:51:22.931  1357  1378 I Pointer :   Keyboard Type: non-alphabetic
06-27 10:51:22.931  1357  1378 I Pointer :   Has Vibrator: false
06-27 10:51:22.931  1357  1378 I Pointer :   Has Sensor: false
06-27 10:51:22.931  1357  1378 I Pointer :   Has battery: false
06-27 10:51:22.931  1357  1378 I Pointer :   Has mic: false
06-27 10:51:22.931  1357  1378 I Pointer :   USI Version: null
06-27 10:51:22.931  1357  1378 I Pointer :   Sources: 0x1103 ( keyboard touchscreen )
06-27 10:51:22.934   744   744 W hwcomposer: [DRMDEV] Failed to open fb0 device: No such file or directory  
06-27 10:51:23.048  9260  9260 I ActivityThread: ApplicationInfo updating for com.android.chrome, new timestamp: 30859640
06-27 10:51:23.048  9260  9260 I ActivityThread: assets removed: []
06-27 10:51:23.048  9260  9260 I ActivityThread: assets added: []
06-27 10:51:23.048  2080  2080 I ActivityThread: ApplicationInfo updating for com.android.permissioncontroller, new timestamp: 30859642
06-27 10:51:23.048  2080  2080 I ActivityThread: assets removed: []
06-27 10:51:23.048  2080  2080 I ActivityThread: assets added: []
06-27 10:51:23.049  4937  4937 I ActivityThread: ApplicationInfo updating for com.android.gallery3d, new timestamp: 30859641
06-27 10:51:23.049  4937  4937 I ActivityThread: assets removed: []
06-27 10:51:23.049  4937  4937 I ActivityThread: assets added: []
06-27 10:51:23.049  3201  3201 I ActivityThread: ApplicationInfo updating for com.android.chrome, new timestamp: 30859640
06-27 10:51:23.049  3201  3201 I ActivityThread: assets removed: []
06-27 10:51:23.049  3201  3201 I ActivityThread: assets added: []
06-27 10:51:23.049 10292 10292 I ActivityThread: ApplicationInfo updating for com.google.android.youtube, new timestamp: 30859640
06-27 10:51:23.049 10292 10292 I ActivityThread: assets removed: []
06-27 10:51:23.049 10292 10292 I ActivityThread: assets added: []
06-27 10:51:23.049  2389  2389 I ActivityThread: ApplicationInfo updating for com.mediatek.location.mtkgeofence, new timestamp: 30859640
06-27 10:51:23.049  2389  2389 I ActivityThread: assets removed: []
06-27 10:51:23.049  2389  2389 I ActivityThread: assets added: []
06-27 10:51:23.050  6306  6306 I ActivityThread: ApplicationInfo updating for com.android.chrome, new timestamp: 30859640
06-27 10:51:23.050  6306  6306 I ActivityThread: assets removed: []
06-27 10:51:23.050  6306  6306 I ActivityThread: assets added: []
06-27 10:51:23.050  6246  6246 I ActivityThread: ApplicationInfo updating for com.android.chrome, new timestamp: 30859640
06-27 10:51:23.050  6246  6246 I ActivityThread: assets removed: []
06-27 10:51:23.050  6246  6246 I ActivityThread: assets added: []
06-27 10:51:23.051  1831  1831 I ActivityThread: ApplicationInfo updating for com.mediatek.entitlement.o2, new timestamp: 30859641
06-27 10:51:23.051  1831  1831 I ActivityThread: assets removed: []
06-27 10:51:23.051  1831  1831 I ActivityThread: assets added: []
06-27 10:51:23.051  1357  1377 I ActivityTaskManager: Config changes=80000000 {1.0 ?mcc0mnc [en_US] ldltr sw540dp w540dp h1170dp 320dpi lrg long port night finger -keyb/v/h -nav/h winConfig={ mBounds=Rect(0, 0 - 1080, 2340) mAppBounds=Rect(0, 0 - 1080, 2340) mMaxBounds=Rect(0, 0 - 1080, 2340) mDisplayRotation=ROTATION_0 mWindowingMode=fullscreen mActivityType=undefined mAlwaysOnTop=undefined mRotation=ROTATION_0} as.16 s.716 fontWeightAdjustment=0}
06-27 10:51:23.051  1811  1811 I ActivityThread: ApplicationInfo updating for com.mediatek.smartratswitch.service, new timestamp: 30859642
06-27 10:51:23.051  1811  1811 I ActivityThread: assets removed: []
06-27 10:51:23.051  1811  1811 I ActivityThread: assets added: []
06-27 10:51:23.051  3143  3143 I ActivityThread: ApplicationInfo updating for com.android.chrome, new timestamp: 30859640
06-27 10:51:23.051  3143  3143 I ActivityThread: assets removed: []
06-27 10:51:23.051  3143  3143 I ActivityThread: assets added: []
06-27 10:51:23.051  2314  2314 I ActivityThread: ApplicationInfo updating for com.mediatek.omacp, new timestamp: 30859641
06-27 10:51:23.051  2314  2314 I ActivityThread: assets removed: []
06-27 10:51:23.051  2314  2314 I ActivityThread: assets added: []
06-27 10:51:23.052  1846  1846 I ActivityThread: ApplicationInfo updating for com.mediatek.entitlement, new timestamp: 30859640
06-27 10:51:23.052  1846  1846 I ActivityThread: assets removed: []
06-27 10:51:23.052  1846  1846 I ActivityThread: assets added: []
06-27 10:51:23.053  2754  2754 I ActivityThread: ApplicationInfo updating for com.android.inputmethod.latin, new timestamp: 30859642
06-27 10:51:23.053  2754  2754 I ActivityThread: assets removed: []
06-27 10:51:23.053  2754  2754 I ActivityThread: assets added: []
06-27 10:51:23.054  2200  2200 I ActivityThread: ApplicationInfo updating for com.android.providers.blockednumber, new timestamp: 30859640
06-27 10:51:23.054  2200  2200 I ActivityThread: assets removed: []
06-27 10:51:23.054  2200  2200 I ActivityThread: assets added: []
06-27 10:51:23.055  2321  2321 I ActivityThread: ApplicationInfo updating for com.sec.android.app.camerasaver, new timestamp: 30859641
06-27 10:51:23.055  2321  2321 I ActivityThread: assets removed: []
06-27 10:51:23.055  2321  2321 I ActivityThread: assets added: []
06-27 10:51:23.055  2301  2301 I ActivityThread: ApplicationInfo updating for com.android.providers.media.module, new timestamp: 30859641
06-27 10:51:23.055  2301  2301 I ActivityThread: assets removed: []
06-27 10:51:23.055  2301  2301 I ActivityThread: assets added: []
06-27 10:51:23.056  1828  1828 I ActivityThread: ApplicationInfo updating for com.android.se, new timestamp: 30859641
06-27 10:51:23.056  1828  1828 I ActivityThread: assets removed: []
06-27 10:51:23.056  1828  1828 I ActivityThread: assets added: []
06-27 10:51:23.057  3084  3084 I ActivityThread: ApplicationInfo updating for com.android.chrome, new timestamp: 30859640
06-27 10:51:23.057  3084  3084 I ActivityThread: assets removed: []
06-27 10:51:23.057  3084  3084 I ActivityThread: assets added: []
06-27 10:51:23.058  1357  1377 I WindowManager: Override config changes=80000000 {1.0 ?mcc0mnc [en_US] ldltr sw540dp w540dp h1170dp 320dpi lrg long port night finger -keyb/v/h -nav/h winConfig={ mBounds=Rect(0, 0 - 1080, 2340) mAppBounds=Rect(0, 0 - 1080, 2340) mMaxBounds=Rect(0, 0 - 1080, 2340) mDisplayRotation=ROTATION_0 mWindowingMode=fullscreen mActivityType=undefined mAlwaysOnTop=undefined mRotation=ROTATION_0} as.16 s.716 fontWeightAdjustment=0} for displayId=0
06-27 10:51:23.058  2245  2245 I ActivityThread: ApplicationInfo updating for android.ext.services, new timestamp: 30859641
06-27 10:51:23.058  2245  2245 I ActivityThread: assets removed: []
06-27 10:51:23.058  2245  2245 I ActivityThread: assets added: []
06-27 10:51:23.060  1706  1706 I ActivityThread: ApplicationInfo updating for com.android.networkstack, new timestamp: 30859641
06-27 10:51:23.060  1706  1706 I ActivityThread: assets removed: []
06-27 10:51:23.060  1706  1706 I ActivityThread: assets added: []
06-27 10:51:23.060  1911  1911 I ActivityThread: ApplicationInfo updating for com.android.launcher3, new timestamp: 30859642
06-27 10:51:23.060  1911  1911 I ActivityThread: assets removed: []
06-27 10:51:23.060  1911  1911 I ActivityThread: assets added: []
06-27 10:51:23.062  1783  1783 I ActivityThread: ApplicationInfo updating for com.mediatek.ims, new timestamp: 30859640
06-27 10:51:23.062  1783  1783 I ActivityThread: assets removed: []
06-27 10:51:23.062  1783  1783 I ActivityThread: assets added: []
06-27 10:51:23.065  1621  1621 I ActivityThread: ApplicationInfo updating for com.android.systemui, new timestamp: 30859641
06-27 10:51:23.065  1621  1621 I ActivityThread: assets removed: []
06-27 10:51:23.065  1621  1621 I ActivityThread: assets added: []
06-27 10:51:23.065  1911  1911 I TouchInteractionService: preloadOverview: forSUWAllSet=false, isHomeAndOverviewSame=true
06-27 10:51:23.067  1357  1377 W ActivityTaskManager: Current config: {1.0 ?mcc0mnc [en_US] ldltr sw540dp w540dp h1110dp 320dpi lrg long port night finger -keyb/v/h -nav/h winConfig={ mBounds=Rect(0, 0 - 1080, 2340) mAppBounds=Rect(0, 72 - 1080, 2292) mMaxBounds=Rect(0, 0 - 1080, 2340) mDisplayRotation=ROTATION_0 mWindowingMode=fullscreen mActivityType=undefined mAlwaysOnTop=undefined mRotation=ROTATION_0} as.16 s.716 fontWeightAdjustment=0} unchanged for IME proc com.android.inputmethod.latin
06-27 10:51:23.068  1621  1621 I NoBackGesture: Config changed: newConfig={1.0 ?mcc0mnc [en_US] ldltr sw540dp w540dp h1170dp 320dpi lrg long port night finger -keyb/v/h -nav/h winConfig={ mBounds=Rect(0, 0 - 1080, 2340) mAppBounds=Rect(0, 0 - 1080, 2340) mMaxBounds=Rect(0, 0 - 1080, 2340) mDisplayRotation=ROTATION_0 mWindowingMode=fullscreen mActivityType=undefined mAlwaysOnTop=undefined mRotation=ROTATION_0} as.16 s.755 fontWeightAdjustment=0} lastReportedConfig={1.0 ?mcc0mnc [en_US] ldltr sw540dp w540dp h1170dp 320dpi lrg long port night finger -keyb/v/h -nav/h winConfig={ mBounds=Rect(0, 0 - 1080, 2340) mAppBounds=Rect(0, 0 - 1080, 2340) mMaxBounds=Rect(0, 0 - 1080, 2340) mDisplayRotation=ROTATION_0 mWindowingMode=fullscreen mActivityType=undefined mAlwaysOnTop=undefined mRotation=ROTATION_0} as.15 s.714 fontWeightAdjustment=0}
06-27 10:51:23.068  1621  1621 I NoBackGesture: NavbarController: newConfig={1.0 ?mcc0mnc [en_US] ldltr sw540dp w540dp h1170dp 320dpi lrg long port night finger -keyb/v/h -nav/h winConfig={ mBounds=Rect(0, 0 - 1080, 2340) mAppBounds=Rect(0, 0 - 1080, 2340) mMaxBounds=Rect(0, 0 - 1080, 2340) mDisplayRotation=ROTATION_0 mWindowingMode=fullscreen mActivityType=undefined mAlwaysOnTop=undefined mRotation=ROTATION_0} as.16 s.755 fontWeightAdjustment=0} mTaskbarDelegate initialized=false willApplyConfigToNavbars=false navBarCount=1
06-27 10:51:23.071  1842  1842 I ActivityThread: ApplicationInfo updating for com.android.providers.telephony, new timestamp: 30859642
06-27 10:51:23.071  1842  1842 I ActivityThread: assets removed: []
06-27 10:51:23.071  1842  1842 I ActivityThread: assets added: []
06-27 10:51:23.091  1357  1929 W InputManager-JNI: Input channel object '[Gesture Monitor] edge-swipe (client)' was disposed without first being removed with the input manager!
06-27 10:51:23.095   806  1261 I BpBinder: onLastStrongRef automatically unlinking death recipients: 
06-27 10:51:23.111  1357  1378 W WindowManager: finishDrawingWindow: Window{34b049d u0 PointerLocation - display 0} mDrawState=DRAW_PENDING
06-27 10:51:23.116  1357  1357 W WindowManager: finishDrawingWindow: Window{e44cec2 u0 FocusEventDebugView - display 0} mDrawState=DRAW_PENDING
06-27 10:51:23.117  1357  1380 I DisplayDeviceRepository: Display device changed: DisplayDeviceInfo{"Built-in Screen": uniqueId="local:4627039422300187648", 720 x 1600, modeId 1, renderFrameRate 90.0, defaultModeId 1, userPreferredModeId -1, supportedModes [{id=1, width=720, height=1600, fps=90.0, vsync=90.0, synthetic=false, alternativeRefreshRates=[60.0], supportedHdrTypes=[]}, {id=2, width=720, height=1600, fps=60.0, vsync=60.0, synthetic=false, alternativeRefreshRates=[90.0], supportedHdrTypes=[]}], colorMode 0, supportedColorModes [0], hdrCapabilities HdrCapabilities{mSupportedHdrTypes=[], mMaxLuminance=500.0, mMaxAverageLuminance=500.0, mMinLuminance=0.0}, allmSupported false, gameContentTypeSupported false, density 300, 254.0 x 254.0 dpi, appVsyncOff 1033333, presDeadline 16100000, cutout DisplayCutout{insets=Rect(0, 49 - 0, 0) waterfall=Insets{left=0, top=0, right=0, bottom=0} boundingRect={Bounds=[Rect(0, 0 - 0, 0), Rect(323, 0 - 398, 49), Rect(0, 0 - 0, 0), Rect(0, 0 - 0, 0)]} cutoutPathParserInfo={CutoutPathParserInfo{displayWidth=720 displayHeight=1600 physicalDisplayWidth=720 physicalDisplayHeight=1600 density={1.875} cutoutSpec={M 0,0 L -20, 0 L -20, 26 L 20, 26 L 20, 0 Z @dp} rotation={0} scale={1.0} physicalPixelDisplaySizeRatio={1.0}}} sideOverrides={}}, touch INTERNAL, rotation 0, type INTERNAL, address {port=0, model=0x40368bd6e7ee6c}, deviceProductInfo DeviceProductInfo{name=MTKDEV, manufacturerPnpId=MTK, productId=35638, modelYear=null, manufactureDate=ManufactureDate{week=42, year=2021}, connectionToSinkType=0}, state OFF, committedState ON, frameRateOverride , brightnessMinimum 0.0, brightnessMaximum 1.0, brightnessDefault 0.4, hdrSdrRatio NaN, FLAG_ALLOWED_TO_BE_DEFAULT_DISPLAY, FLAG_ROTATES_WITH_CONTENT, FLAG_SECURE, FLAG_SUPPORTS_PROTECTED_BUFFERS, FLAG_TRUSTED, installOrientation 0, displayShape DisplayShape{ spec=2134893525 displayWidth=720 displayHeight=1600 physicalPixelDisplaySizeRatio=1.0 rotation=0 offsetX=0 offsetY=0 scale=1.0}}
06-27 10:51:23.120  1357  1560 I AppWidgetServiceImpl: Received broadcast: android.intent.action.PACKAGE_CHANGED on user 0
06-27 10:51:23.121   737  2376 W AudioALSAStreamOut: setParameters(), still have param.size() = 1, remain param = "MixerThreadSleep="
06-27 10:51:23.131   780   803 I mtkpower@impl: [setMode] type:9, enabled:1
06-27 10:51:23.132   780   803 E mtkpower@impl: [setMode] unknown type
06-27 10:51:23.137   806   806 I BufferQueueProducer: [PointerLocation - display 0#54](this:0xb400006fb27aaec0,id:-1,api:0,p:-1,c:806) queueBuffer: fps=2.98 dur=5376.82 max=4623.52 min=10.93
06-27 10:51:23.138   737  2374 W AudioALSAStreamOut: setParameters(), still have param.size() = 1, remain param = "MixerThreadSleep="
06-27 10:51:23.139  2080  9769 I PermissionControllerServiceImpl: Updating user sensitive for uid 1000
06-27 10:51:23.139   806   806 W SurfaceFlinger: commitOffscreenLayers Layer 0xb400006fb284abc0 not alive
06-27 10:51:23.140   806   806 I SurfaceFlinger: onHandleDestroyed: name=[Gesture Monitor] edge-swipe#1140, layerId=1140, parentId=0
