06-27 12:51:09.552  9739  9900 I PowerCheckerService: uid:10188change to inactive
06-27 12:51:09.553  1437  2234 D MediaMetricsService: submitInternal: isTrusted:0 given uid -1; sanitized uid: 10188 sanitized pkg: com.google.android.googlequicksearchbox sanitized pkg version: 301527834
06-27 12:51:09.553  1437  2234 D MediaMetricsService: submitInternal: item->getKey().c_str() = audio.record.59
06-27 12:51:09.553  1437  2234 D MediaMetricsService: submitInternal: item->getCString(kCodecPackageName, &msg_send->packgeName) = 0
06-27 12:51:09.553  1437  2234 D MediaMetricsService: submitInternal: item->getInt32(kCodecHdrInfo, &msg_send->hdr) = 0
06-27 12:51:09.553  1437  2234 D MediaMetricsService: submitInternal: item->getInt32(kCodecFrameRateCal, &msg_send->frameRateCal) = 0
06-27 12:51:09.554  1437  2234 D MediaMetricsService: submitInternal: msg_send->frameRateCal = 1731093609
06-27 12:51:09.554  1437  2234 D MediaMetricsService: submitInternal: isTrusted:0 given uid -1; sanitized uid: 10188 sanitized pkg: com.google.android.googlequicksearchbox sanitized pkg version: 301527834
06-27 12:51:09.554  1437  2234 D MediaMetricsService: submitInternal: item->getKey().c_str() = audio.record.59
06-27 12:51:09.554  1437  2234 D MediaMetricsService: submitInternal: item->getCString(kCodecPackageName, &msg_send->packgeName) = 0
06-27 12:51:09.554  1437  2234 D MediaMetricsService: submitInternal: item->getInt32(kCodecHdrInfo, &msg_send->hdr) = 0
06-27 12:51:09.554  1437  2234 D MediaMetricsService: submitInternal: item->getInt32(kCodecFrameRateCal, &msg_send->frameRateCal) = 0
06-27 12:51:09.554  1437  2234 D MediaMetricsService: submitInternal: msg_send->frameRateCal = 1731093609
06-27 12:51:09.554  1437  2234 D MediaMetricsService: submitInternal: isTrusted:0 given uid -1; sanitized uid: 10188 sanitized pkg: com.google.android.googlequicksearchbox sanitized pkg version: 301527834
06-27 12:51:09.554  1437  2234 D MediaMetricsService: submitInternal: item->getKey().c_str() = audio.record.59
06-27 12:51:09.554  1437  2234 D MediaMetricsService: submitInternal: item->getCString(kCodecPackageName, &msg_send->packgeName) = 0
06-27 12:51:09.554  1437  2234 D MediaMetricsService: submitInternal: item->getInt32(kCodecHdrInfo, &msg_send->hdr) = 0
06-27 12:51:09.554  9739  9853 I AppActiveChecker: uid:10188change to inactive
06-27 12:51:09.554  1437  2234 D MediaMetricsService: submitInternal: item->getInt32(kCodecFrameRateCal, &msg_send->frameRateCal) = 0
06-27 12:51:09.554  1437  2234 D MediaMetricsService: submitInternal: msg_send->frameRateCal = 1731093609
06-27 12:51:09.560   943 29430 D AudioFlinger: updateWakeLockUids_l AudioIn_46 uids:
06-27 12:51:09.560  1919  8333 I system_server: oneway function results will be dropped but finished with status OK and parcel size 4
06-27 12:51:09.561   943  3796 D APM_AudioPolicyManager: closeInput: setCaptureState false for sva
06-27 12:51:09.561  1437  2235 D MediaMetricsService: submitInternal: isTrusted:0 given uid -1; sanitized uid: 10188 sanitized pkg: com.google.android.googlequicksearchbox sanitized pkg version: 301527834
06-27 12:51:09.561  1437  2235 D MediaMetricsService: submitInternal: item->getKey().c_str() = audiorecord
06-27 12:51:09.561  1437  2235 D MediaMetricsService: submitInternal: item->getCString(kCodecPackageName, &msg_send->packgeName) = 0
06-27 12:51:09.561  1437  2235 D MediaMetricsService: submitInternal: item->getInt32(kCodecHdrInfo, &msg_send->hdr) = 0
06-27 12:51:09.561  1437  2235 D MediaMetricsService: submitInternal: item->getInt32(kCodecFrameRateCal, &msg_send->frameRateCal) = 0
06-27 12:51:09.561  1437  2235 D MediaMetricsService: submitInternal: msg_send->frameRateCal = 1731093609
06-27 12:51:09.562  1919  3081 I system_server: oneway function results will be dropped but finished with status OK and parcel size 4
06-27 12:51:09.562  1919  1986 I SoundTriggerMiddlewareLogging: setCaptureState[this=com.android.server.soundtrigger_middleware.SoundTriggerMiddlewareImpl@5173254, caller=1041/943](false)
06-27 12:51:09.563  1919  3081 I system_server: oneway function results will be dropped but finished with status OK and parcel size 4
06-27 12:51:09.563  7063  7982 I eudy    : (REDACTED) #audio# hotword client session(token(%d)) stop listening status(%s)
06-27 12:51:09.564  1919  3081 I system_server: oneway function results will be dropped but finished with status OK and parcel size 4
06-27 12:51:09.564  7063  7982 I ethi    : (REDACTED) #audio# result(%s) stop signal completed
06-27 12:51:09.564   943  3796 D APM_AudioPolicyManager: releaseInput exit
06-27 12:51:09.564  7063  7982 I ethi    : (REDACTED) #audio# result(%s) stopped, processed %d bytes
06-27 12:51:09.564  7063  7982 I ethi    : (REDACTED) #audio# result(%s) removing %d receivers
06-27 12:51:09.564  7063  8010 I etju    : #audio# reportMicUpdate
06-27 12:51:09.564   789  2281 D audio_hw_primary: adev_close_input_stream: enter:stream_handle(0xed6c1000)
06-27 12:51:09.564   789  2281 D audio_hw_primary: io_streams_map_remove: Removed stream with handle 70
06-27 12:51:09.564   789  2281 D soundtrigger: audio_extn_sound_trigger_check_ec_ref_enable: EC Reference is disabled
06-27 12:51:09.564   789  2281 W sound_trigger_hw: sound_trigger_hw_call_back: Unknown event 18
06-27 12:51:09.564   789  2281 D soundtrigger: audio_extn_sound_trigger_update_ec_ref_status: update audio echo ref status false
06-27 12:51:09.564  7063  7982 I fbbi    : Call the onHotwordTimeout callback.
06-27 12:51:09.564   789  2281 D audio_hw_primary: in_standby: enter: stream (0xed6c1000) usecase(23: audio-record)
06-27 12:51:09.565  7063  7982 I fbdp    : (REDACTED) Hotword score : %f, Hotword model id : %s.
06-27 12:51:09.565  7063  7982 I fbdp    : (REDACTED) Timeout reason %s, Coarse channel index %d.
06-27 12:51:09.565  1437  2235 D MediaMetricsService: submitInternal: isTrusted:1 given uid -1; sanitized uid: 1041 sanitized pkg: audioserver sanitized pkg version: 0
06-27 12:51:09.565   943  3796 V AF::RecordTrack: ~RecordTrack()
06-27 12:51:09.565  1437  2235 D MediaMetricsService: submitInternal: item->getKey().c_str() = audio.thread.70
06-27 12:51:09.565  1437  2235 D MediaMetricsService: submitInternal: item->getCString(kCodecPackageName, &msg_send->packgeName) = 0
06-27 12:51:09.565  1437  2235 D MediaMetricsService: submitInternal: item->getInt32(kCodecHdrInfo, &msg_send->hdr) = 0
06-27 12:51:09.565  1437  2235 D MediaMetricsService: submitInternal: item->getInt32(kCodecFrameRateCal, &msg_send->frameRateCal) = 0
06-27 12:51:09.565  7063  7982 I fasa    : (REDACTED) isHotwordAvailable():  %b, isHotwordEnabled() %b , removeUsageOfHotwordEnabled: %b
06-27 12:51:09.565  1437  2235 D MediaMetricsService: submitInternal: msg_send->frameRateCal = 1731093609
06-27 12:51:09.565  7063  7982 I fasa    : (REDACTED) Voice Match (Speaker-id) supported : %b 
06-27 12:51:09.566  1437  2235 D MediaMetricsService: submitInternal: isTrusted:1 given uid -1; sanitized uid: 1041 sanitized pkg: audioserver sanitized pkg version: 0
06-27 12:51:09.566  1437  2235 D MediaMetricsService: submitInternal: item->getKey().c_str() = audio.thread.70
06-27 12:51:09.566  1437  2235 D MediaMetricsService: submitInternal: item->getCString(kCodecPackageName, &msg_send->packgeName) = 0
06-27 12:51:09.566  1437  2235 D MediaMetricsService: submitInternal: item->getInt32(kCodecHdrInfo, &msg_send->hdr) = 0
06-27 12:51:09.566  1437  2235 D MediaMetricsService: submitInternal: item->getInt32(kCodecFrameRateCal, &msg_send->frameRateCal) = 0
06-27 12:51:09.566  1437  2235 D MediaMetricsService: submitInternal: msg_send->frameRateCal = 1597387103
06-27 12:51:09.566  7063  7982 I fbdv    : onHotwordRejected called
06-27 12:51:09.566  7063  8064 I fbdv    : (REDACTED) This is hotwordRejectionEventTimestamp: %s
06-27 12:51:09.566  7063  7982 I faud    : (REDACTED) HDM. Inside Sequencer. Try to start recognition again after %s
06-27 12:51:09.566  7063  7982 I faud    : (REDACTED) getAllConfigAndTakeAction called because of %s
06-27 12:51:09.566  7063  8064 I faud    : onMicClose
06-27 12:51:09.566  7063  7982 I favf    : (REDACTED) Operational mode passed in HotwordConfig is %s
06-27 12:51:09.567  7063  8011 I etkt    : (REDACTED) #audio# HotwordListeningSession stop listening status: %s
06-27 12:51:09.567  7063  8063 I faww    : (REDACTED) No need to try to get the fallback locale. for keyphrase %s, locale %s
06-27 12:51:09.567  1437  2235 D MediaMetricsService: submitInternal: isTrusted:1 given uid -1; sanitized uid: 1041 sanitized pkg: audioserver sanitized pkg version: 0
06-27 12:51:09.567  7063  8063 I faxc    : (REDACTED) #getDspAvailableResult locale : %s, dsp locale : %s, keyphrase : %s, DSP keyphrase : %s, isKeyphraseAndLocaleSupported : %b, canUseDownloadDspModel : %b. forceUniversalDspHotwordModel : %b
06-27 12:51:09.567  1437  2235 D MediaMetricsService: submitInternal: item->getKey().c_str() = audio.record.59
06-27 12:51:09.567  1437  2235 D MediaMetricsService: submitInternal: item->getCString(kCodecPackageName, &msg_send->packgeName) = 0
06-27 12:51:09.567  1437  2235 D MediaMetricsService: submitInternal: item->getInt32(kCodecHdrInfo, &msg_send->hdr) = 0
06-27 12:51:09.567  1437  2235 D MediaMetricsService: submitInternal: item->getInt32(kCodecFrameRateCal, &msg_send->frameRateCal) = 0
06-27 12:51:09.567  1437  2235 D MediaMetricsService: submitInternal: msg_send->frameRateCal = 1597387103
06-27 12:51:09.567  7063  7982 I favt    : (REDACTED) DSP hotword running %s
06-27 12:51:09.567  7063  8063 W KeyphraseEnrollmentInfo: No enrollment application supports the given keyphrase/locale: 'Y Google'/en_IN
06-27 12:51:09.568  7063  7982 I faxc    : (REDACTED) isDspHotwordSupportedByPlatform = %s, isDspHotwordModelAvailable = %s
06-27 12:51:09.568  7063  8011 I faud    : (REDACTED) getAllConfigAndTakeAction dspAvailable: %b, disableDspInTest: %b
06-27 12:51:09.568  7063  8011 I fasa    : (REDACTED) Voice Match (Speaker-id) supported : %b 
06-27 12:51:09.568  7063  8011 I fasa    : (REDACTED) hotword enrollment state is enrolled:  %b, speakerId model exist: %b. Voice Match supported : %b 
06-27 12:51:09.569  7063  8011 I fasa    : (REDACTED) isHotwordAvailable():  %b, isHotwordEnabled() %b , removeUsageOfHotwordEnabled: %b
06-27 12:51:09.569  7063  8011 I fasa    : (REDACTED) Hotword enrollment state : %s.
06-27 12:51:09.569  7063  8011 I faud    : Registering for screen on/off intent ...
06-27 12:51:09.569  7063  8011 I fasa    : (REDACTED) Voice Match (Speaker-id) supported : %b 
06-27 12:51:09.569  7063  8011 I fasa    : (REDACTED) Hotword enrollment state : %s.
06-27 12:51:09.571  7063  8064 I favf    : (REDACTED) Operational mode passed in HotwordConfig is %s
06-27 12:51:09.571  7063  8064 I fasa    : (REDACTED) Hotword enrollment state : %s.
06-27 12:51:09.571  7063  8064 I faux    : (REDACTED) DefaultPersonalDecisionMaker#getNextAction. Voice match enabled: %b. incomplete enrollment state: %b, screen on: %b, screen locked: %b dsp available: %b
06-27 12:51:09.572  7063  8064 I favh    : (REDACTED) SharedDecisionMaker#getNextAction for requester %s, mode %s 
06-27 12:51:09.572  7063  8064 I favh    : #SharedDecisionMaker. NextAction.START
06-27 12:51:09.572  7063  8064 I fasq    : Reconfig not needed.
06-27 12:51:09.572  7063  8064 I faud    : (REDACTED) currentReconfigCheckerResult %s
06-27 12:51:09.572  7063  8064 I fbbi    : (REDACTED) #setSpeakerIdRequired: %s
06-27 12:51:09.572  7063  8064 I faud    : (REDACTED) Get the next action %s for requester %s.
06-27 12:51:09.572  7063  8064 I fbdg    : Trusted hotword is disabled due to feature flag
06-27 12:51:09.572  7063  8064 I fbdg    : Trusted hotword is disabled due to feature flag
06-27 12:51:09.572  7063  8064 I fasn    : Starting non-trusted DSP hotword detection
06-27 12:51:09.572  7063  8064 I favt    : #setDspHotwordModel
06-27 12:51:09.573  7063  7982 I favt    : #setDspHotwordModel inside sequencer.
06-27 12:51:09.573  7063  8064 I favt    : #startDspHotwordRecognition
06-27 12:51:09.573  7063  7572 I favt    : #createAlwaysOnHotwordDetectorIfNecessary
06-27 12:51:09.573  7063  7572 I favt    : alwaysOnHotwordDetector already created and first onAvailabilityChanged called.
06-27 12:51:09.573  7063  8064 I faud    : #handleStartHotwordDetectionResult
06-27 12:51:09.573  7063  8064 I fawu    : #prepareDspModel
06-27 12:51:09.574  7063  7982 I fasa    : (REDACTED) isHotwordAvailable():  %b, isHotwordEnabled() %b , removeUsageOfHotwordEnabled: %b
06-27 12:51:09.574  7063  8064 I fawu    : #prepareDspModel inside ExecutionSequencer
06-27 12:51:09.574  7063  7982 I fasa    : (REDACTED) Voice Match (Speaker-id) supported : %b 
06-27 12:51:09.574  7063  8064 I fawu    : #prepareDspModel, already enrolled
06-27 12:51:09.574  7063  7982 I faud    : #handleStartHotwordDetectionResult: calling addDspHotwordPropertiesToRequestHandlingMetadata
06-27 12:51:09.574  7063  7982 I faxc    : #addDspHotwordPropertiesToRequestHandlingMetadata
06-27 12:51:09.574  7063  8063 I faxc    : (REDACTED) #addDspHotwordPropertiesToRequestHandlingMetadata: properties=%s
06-27 12:51:09.575  7063  8040 I favt    : (REDACTED) dspModelEnrollmentResult: %s, currentDownloadedDspHotwordModel.isPresent(): %b, directDspModeOrRetryInProgress: %b
06-27 12:51:09.582  1919  8333 I SoundTriggerMiddlewareValidation: setActivityState activity = ACTIVE
06-27 12:51:09.582  1919  8333 I SoundTriggerMiddlewareValidation: startRecognition modelHandle = 1 setActivityState = ACTIVE
06-27 12:51:09.582  1919  8333 D SoundTriggerModule(Service): startRecognition()
06-27 12:51:09.582  1919  8333 I SoundTriggerModule(Service): startRecognition mHandle = 1
06-27 12:51:09.582  1919  8333 I SoundTriggerHw2Compat: startRecognition
06-27 12:51:09.582  1919  8333 I SoundTriggerHw2Compat: startRecognition_2_1
06-27 12:51:09.583   789   862 D sound_trigger_hw: stdev_start_recognition:[1] Enter
06-27 12:51:09.583   789   862 D sound_trigger_hw: sm_name_index 0,  sensitivity level 0
06-27 12:51:09.583   789   862 D sound_trigger_hw: update_confidence_level key 0, level 0
06-27 12:51:09.583   789   862 D sound_trigger_hw: get_confidence_level: sm type 0, mode 1, sensitivity level 0
06-27 12:51:09.583   789   862 I sound_trigger_hw: gmm level 50, gmm user level 10, cnn level 27, vop level 10
06-27 12:51:09.583   789   862 I sound_trigger_hw: get confidence level --> gmm level 50, gmm user level 10, cnn level 27, vop level 10
06-27 12:51:09.583   789   862 D sound_trigger_hw: buffering_state_fn:[1] handle event id 3
06-27 12:51:09.583   789   862 D sound_trigger_hw: stop:[1] calling gcs_disable with handle 2
06-27 12:51:09.583   789   862 E android.hardware.audio.service: __gcs_disable_update_pld: sgt_array[i] = 0x1
06-27 12:51:09.583   789   862 E android.hardware.audio.service: __gcs_disable_update_pld: sgt_array[i] = 0x2
06-27 12:51:09.583   789   862 D android.hardware.audio.service: pktzr_send_cmd: opcode = 0x4, size = 68, token = 197
06-27 12:51:09.586   789  1760 D android.hardware.audio.service: ipc_resp_thread: opcode: 0x2, payload_size: 4, resp_buf size: 16
06-27 12:51:09.586   789  1760 D android.hardware.audio.service: pktzr_resp_cb: opcode = 0x2 size = 4 token = 197
06-27 12:51:09.586   789  1760 D android.hardware.audio.service: pktzr_resp_cb: token 197 matched
06-27 12:51:09.587   789   862 D sound_trigger_hw: start:[1] calling gcs_enable with handle 2, non-persist cal 0x0, sz 0
06-27 12:51:09.587   789   862 D ACDB-LOADER: ACDB -> ACDB_WDSP_CMD_GET_SUBGRAPH_MODULE_CALIBRATION_SIZE
06-27 12:51:09.587   789   862 D ACDB-LOADER: ACDB -> ACDB_WDSP_CMD_GET_SUBGRAPH_MODULE_CALIBRATION
06-27 12:51:09.587   789   862 D ACDB-LOADER: ACDB -> ACDB_WDSP_CMD_GET_SUBGRAPH_MODULE_CALIBRATION_SIZE
06-27 12:51:09.587   789   862 D ACDB-LOADER: ACDB -> ACDB_WDSP_CMD_GET_SUBGRAPH_MODULE_CALIBRATION
06-27 12:51:09.587   789   862 D ACDB-LOADER: ACDB -> ACDB_WDSP_CMD_GET_SUBGRAPH_MODULE_CONNECTION_SIZE
06-27 12:51:09.587   789   862 E android.hardware.audio.service: gcs_get_sg_mod_conn_and_update_pld: subgraph mod conn size 0. Exiting
06-27 12:51:09.587   789   862 D ACDB-LOADER: ACDB -> ACDB_WDSP_CMD_GET_SUBGRAPH_MODULE_CONNECTION_SIZE
06-27 12:51:09.587   789   862 D ACDB-LOADER: ACDB -> ACDB_WDSP_CMD_GET_SUBGRAPH_MODULE_CONNECTION
06-27 12:51:09.587   789   862 D ACDB-LOADER: ACDB -> ACDB_WDSP_CMD_GET_SUBGRAPH_CONNECTIONS_SIZE
06-27 12:51:09.587   789   862 D ACDB-LOADER: ACDB -> ACDB_WDSP_CMD_GET_SUBGRAPHS_CONNECTION
06-27 12:51:09.587   789   862 D ACDB-LOADER: ACDB -> ACDB_WDSP_CMD_GET_SUBGRAPH_CONNECTIONS_SIZE
06-27 12:51:09.587   789   862 E android.hardware.audio.service: __gcs_get_sg_conn_and_update_pld: subgraph conn size 0. Exiting
06-27 12:51:09.587   789   862 D android.hardware.audio.service: pktzr_send_cmd: opcode = 0x3, size = 300, token = 198
06-27 12:51:09.595   789  1760 D android.hardware.audio.service: ipc_resp_thread: opcode: 0x2, payload_size: 4, resp_buf size: 16
06-27 12:51:09.595   789  1760 D android.hardware.audio.service: pktzr_resp_cb: opcode = 0x2 size = 4 token = 198
06-27 12:51:09.595   789  1760 D android.hardware.audio.service: pktzr_resp_cb: token 198 matched
06-27 12:51:09.595   789   862 D sound_trigger_hw: session[1]: buffering_state_fn ---> active_state_fn 
06-27 12:51:09.597   789   862 D sound_trigger_hw: stdev_start_recognition:[1] Exit
06-27 12:51:09.598  1919  8333 I SoundTriggerModule(Service): setState mState = ACTIVE mHandle = 1
06-27 12:51:09.598  1919  8333 I SoundTriggerMiddlewareLogging: startRecognition[this=com.android.server.soundtrigger_middleware.SoundTriggerModule$Session@e2a98f6, caller=1000/1919](1, { audioCapabilities: 0, captureRequested: true, data: [  ], phraseRecognitionExtras: [ { confidenceLevel: 0, id: 101, levels: [  ], recognitionModes: 1 } ] })
06-27 12:51:09.598  1919  8333 I SoundTriggerHelper: startRecognition successful.
06-27 12:51:09.599  7063  8040 I favt    : Start DSP hotword detection successfully.
06-27 12:51:09.599  7063  8011 I fbbi    : Ignore the initializeSodaOnly request as Soda is already initialized.
06-27 12:51:09.600  7063  8063 I faud    : Hotword started successfully.
06-27 12:51:09.600  7063  8063 I eokx    : (REDACTED) HDM event received: %s
06-27 12:51:09.600  7063  8063 I faud    : after notify apa
06-27 12:51:09.600  7063  8063 I faud    : #logRequestHandlingNonErrorEndEvent. Reset requestIdOfFirstError, firstStartErrorCausesRetry and numOfRetriesDoneForHotwordDetectorStartErrors!
06-27 12:51:09.602  7063  8010 I eohc    : (REDACTED) Platform configuration for connection(%s) has changed(@%s):%s
06-27 12:51:09.602  7063  8010 I eoes    : (REDACTED) On platform configuration update(@%s) in connection(%s).
06-27 12:51:09.603  7063  8063 I bisp    : (REDACTED) On platform configuration update(%s).
06-27 12:51:09.603  7063  8063 I birx    : Received ConfigurationUpdate from Triggering API
06-27 12:51:10.003  1919  8333 I ActivityTaskManager: START u0 {act=android.intent.action.CALL dat=tel:xxxxx flg=0x10000000 cmp=com.android.server.telecom/.components.UserCallActivity} from uid 2000
06-27 12:51:10.004  1919  8333 W ActivityTaskManager: Permission Denial: starting Intent { act=android.intent.action.CALL dat=tel:xxxxx flg=0x10000000 cmp=com.android.server.telecom/.components.UserCallActivity } from null (pid=29436, uid=2000) with revoked permission android.permission.CALL_PHONE
06-27 12:51:10.005 29436 29438 I cmd     : oneway function results will be dropped but finished with status OK and parcel size 4
