--------- beginning of system
06-27 12:51:03.618  1919  3081 I ActivityTaskManager: START u0 {act=android.intent.action.VIEW dat=file:///sdcard/Music/sample.mp3 typ=audio/* flg=0x10000000 cmp=android/com.android.internal.app.ResolverActivity} from uid 2000
--------- beginning of main
06-27 12:51:03.619  1919  3081 D MiuiMultiWindowAdapter: MiuiMultiWindowAdapter::getFreeformBlackList::sSmallWindowBlackList = [com.miui.securitycenter, com.miui.weather2, com.miui.miservice, com.android.calendar, com.xiaomi.calendar, com.android.contacts, com.miui.mishare.connectivity, com.android.settings, com.android.printspooler, com.miui.backup, com.miui.huanji, com.miui.calculator, com.android.deskclock, com.android.thememanager, com.mfashiongallery.emag, com.miui.virtualsim, com.miui.smarttravel, com.mi.health, com.android.camera, com.lbe.security.miui, com.miui.cleanmaster, com.miui.newhome, com.miui.voiceassist, com.android.phone, com.miui.yellowpage, com.android.updater, com.miui.tsmclient, com.miui.securitycore, com.xiaomi.account, com.xiaomi.shop, com.mipay.wallet, com.xiaomi.youpin, com.xiaomi.hm.health, com.miui.bugreport, com.xiaomi.mibrain.speech, com.xiaomi.mimoji, com.xiaomi.scanner, com.duokan.phone.remotecontroller, com.miui.hybrid, com.android.incallui, com.miui.video, com.miui.videoplayer, com.miui.player, com.miui.fm, com.miui.packageinstaller, com.mi.android.globallauncher, com.google.android.dialer, com.google.android.apps.magazines, com.miui.compass, com.miui.greenguard, com.kiteguard, com.google.android.apps.prodcasts, com.google.ar.lens, com.xiangkan.android, com.android.bankabc, com.sohu.inputmethod.sogou, com.tencent.mtt, com.shyz.toutiao, com.netease.mc.mi, com.outfit7.talkingtomgoldrun.mi, com.doudz.mi, com.wepie.snake.new.mi, cn.jj, com.standddz002.mi, com.miHoYo.bh3.mi, com.qqgame.hlddz, com.happyelements.AndroidAnimal, com.minitech.miniworld.TMobile.mi, com.mfp.jelly.xiaomi, com.lilithgames.afk.mi, com.tencent.peng, com.teenpatti.hd.gold, blockpuzzle.jewelgames.jewelslegend, com.playgendary.tanks, com.chillingo.robberybobfree.android.row, com.episodeinteractive.android.catalog, com.playrix.township, com.ansangha.drdriving, com.google.android.youtube, com.gbits.atm.mi]
06-27 12:51:03.620   885 10843 I vendor.qti.hardware.servicetracker@1.2-service: Activity state is changed to : 0
06-27 12:51:03.620   885 10843 I vendor.qti.hardware.servicetracker@1.2-service: Activity state is changed to : 0
06-27 12:51:03.621   879   879 I ANDR-PERF-LM: LMPerfGlue: perfmodule_submit_request() 132: perfmodule_submit_request()
06-27 12:51:03.621   879   879 I ANDR-PERF-LM: Core: getInstance() 84: LM getInstance
06-27 12:51:03.621   879   879 I ANDR-PERF-LM: WQ: push() 59: LMTriggerQ push() size=3
06-27 12:51:03.621   879   879 I ANDR-PERF-LM: WQ: push() 61: LMTriggerQ push() done size=4
06-27 12:51:03.621   879   879 I ANDR-PERF-LM: LMPerfGlue: perfmodule_submit_request() 132: perfmodule_submit_request()
06-27 12:51:03.621   879   879 I ANDR-PERF-LM: Core: getInstance() 84: LM getInstance
06-27 12:51:03.621   879   879 I ANDR-PERF-LM: WQ: push() 59: LMTriggerQ push() size=4
06-27 12:51:03.621   879   879 I ANDR-PERF-LM: WQ: push() 61: LMTriggerQ push() done size=5
06-27 12:51:03.622   879   879 I ANDR-PERF-LM: LMPerfGlue: perfmodule_submit_request() 132: perfmodule_submit_request()
06-27 12:51:03.622   879   879 I ANDR-PERF-LM: Core: getInstance() 84: LM getInstance
06-27 12:51:03.622   879   879 D ANDR-PERF-LM: Feature: lookup() 101: Feature Name = AppClassifier, total featuers = 3, featureFound = 1
06-27 12:51:03.622   879   879 D ANDR-PERF-LM: Feature: getData() 112: data.data = 0
06-27 12:51:03.622   879   879 I ANDR-PERF-LM: FeedbackAPI: getFeedback() 60: app:android feature:AppClassifier feedback = 0
06-27 12:51:03.623   879   879 I ANDR-PERF-LM: LMPerfGlue: perfmodule_submit_request() 132: perfmodule_submit_request()
06-27 12:51:03.623   879   879 I ANDR-PERF-LM: Core: getInstance() 84: LM getInstance
06-27 12:51:03.623   879   879 I ANDR-PERF-LM: WQ: push() 59: LMTriggerQ push() size=5
06-27 12:51:03.623   879   879 I ANDR-PERF-LM: WQ: push() 61: LMTriggerQ push() done size=6
06-27 12:51:03.623  1919  3081 E ANDR-PERF-JNI: com_qualcomm_qtiperformance_native_perf_io_prefetch_start
06-27 12:51:03.627   879   879 I ANDR-PERF-LM: LMPerfGlue: perfmodule_submit_request() 132: perfmodule_submit_request()
06-27 12:51:03.627   879   879 I ANDR-PERF-LM: Core: getInstance() 84: LM getInstance
06-27 12:51:03.627   879   879 I ANDR-PERF-LM: WQ: push() 59: LMTriggerQ push() size=6
06-27 12:51:03.627   879   879 I ANDR-PERF-LM: WQ: push() 61: LMTriggerQ push() done size=7
06-27 12:51:03.628   879   879 I ANDR-PERF-LM: LMPerfGlue: perfmodule_submit_request() 132: perfmodule_submit_request()
06-27 12:51:03.628   879   879 I ANDR-PERF-LM: Core: getInstance() 84: LM getInstance
06-27 12:51:03.628   879   879 I ANDR-PERF-LM: WQ: push() 59: LMTriggerQ push() size=7
06-27 12:51:03.628   879   879 I ANDR-PERF-LM: WQ: push() 61: LMTriggerQ push() done size=8
06-27 12:51:03.630  1919  3081 D CompatibilityInfo: mCompatibilityFlags - 0
06-27 12:51:03.630  1919  3081 D CompatibilityInfo: applicationDensity - 440
06-27 12:51:03.630  1919  3081 D CompatibilityInfo: applicationScale - 1.0
06-27 12:51:03.631   885 10843 I vendor.qti.hardware.servicetracker@1.2-service: Activity state is changed to : 2
06-27 12:51:03.631   879   879 I ANDR-PERF-LM: LMPerfGlue: perfmodule_submit_request() 132: perfmodule_submit_request()
06-27 12:51:03.631   879   879 I ANDR-PERF-LM: Core: getInstance() 84: LM getInstance
06-27 12:51:03.631   879   879 I ANDR-PERF-LM: WQ: push() 59: LMTriggerQ push() size=8
06-27 12:51:03.631   879   879 I ANDR-PERF-LM: WQ: push() 61: LMTriggerQ push() done size=9
06-27 12:51:03.632  1919  3081 I ActivityTaskManager: The Process system:ui Already Exists in BG. So sending its PID: 28683
06-27 12:51:03.632   879   879 I ANDR-PERF-LM: LMPerfGlue: perfmodule_submit_request() 132: perfmodule_submit_request()
06-27 12:51:03.632   879   879 I ANDR-PERF-LM: Core: getInstance() 84: LM getInstance
06-27 12:51:03.632   879   879 I ANDR-PERF-LM: WQ: push() 59: LMTriggerQ push() size=9
06-27 12:51:03.632   879   879 I ANDR-PERF-LM: WQ: push() 61: LMTriggerQ push() done size=10
06-27 12:51:03.632  1919  3081 W ActivityTaskManager: Tried to set launchTime (0) < mLastActivityLaunchTime (4063087)
06-27 12:51:03.633  1919  3081 D CompatibilityInfo: mCompatibilityFlags - 0
06-27 12:51:03.633  1919  3081 D CompatibilityInfo: applicationDensity - 440
06-27 12:51:03.633  1919  3081 D CompatibilityInfo: applicationScale - 1.0
06-27 12:51:03.634   876   907 E ANDR-IOP: io prefetch is disabled
06-27 12:51:03.634   885 10843 I vendor.qti.hardware.servicetracker@1.2-service: Activity state is changed to : 2
06-27 12:51:03.634   885 10843 I vendor.qti.hardware.servicetracker@1.2-service: Activity state is changed to : 2
06-27 12:51:03.635  1919  3081 D ActivityTrigger: ActivityTrigger activityPauseTrigger 
06-27 12:51:03.636   885 10843 I vendor.qti.hardware.servicetracker@1.2-service: Activity state is changed to : 3
06-27 12:51:03.636   879   879 I ANDR-PERF-LM: LMPerfGlue: perfmodule_submit_request() 132: perfmodule_submit_request()
06-27 12:51:03.636   879   879 I ANDR-PERF-LM: Core: getInstance() 84: LM getInstance
06-27 12:51:03.636   879   879 W ANDR-PERF-LM: WQ: push() 54: LMTriggerQ push() size=10 mFlushThreshold=10, Reached threshold => flooding detected, clearing Queue
06-27 12:51:03.636   885 10843 I vendor.qti.hardware.servicetracker@1.2-service: Activity state is changed to : 3
06-27 12:51:03.639  1919  3081 I Timeline: Timeline: App_transition_ready time:4068450
06-27 12:51:03.642 29398 29400 I cmd     : oneway function results will be dropped but finished with status OK and parcel size 4
06-27 12:51:03.653  8346  8383 D PMonitor:  onForegroundActivitiesChanged:pid = 28683,activity-uid=1000,foregroundActivities=true
06-27 12:51:03.654  8346  8389 D PMonitor:  onForegroundActivitiesChanged:pid = 20959,activity-uid=10099,foregroundActivities=false
06-27 12:51:03.654  1919  2385 I MiuiNetworkPolicy: updateUidState uid = 10099, uidState = 16
06-27 12:51:03.836   885 10843 I vendor.qti.hardware.servicetracker@1.2-service: unbindService is called for service : com.google.android.gms/.measurement.service.MeasurementBrokerService and for client com.miui.securitycenter.remote
06-27 12:51:03.836   885 10843 I vendor.qti.hardware.servicetracker@1.2-service: size of service connections for service: com.google.android.gms/.measurement.service.MeasurementBrokerServiceafter removal is 0
06-27 12:51:03.836   885 10843 I vendor.qti.hardware.servicetracker@1.2-service: size of client connections for client: com.miui.securitycenter.remoteafter removal is 4
06-27 12:51:03.840  3799  3799 D BoundBrokerSvc: onUnbind: Intent { act=com.google.android.gms.measurement.START pkg=com.google.android.gms }
06-27 12:51:03.841  9235  9448 I BtGatt.ScanManager: msg.what = 6
06-27 12:51:03.842  1919  2385 I MiuiNetworkPolicy: updateUidState uid = 99005, uidState = 6
06-27 12:51:03.842  1919  2385 I MiuiNetworkPolicy: updateUidState uid = 10183, uidState = 5
06-27 12:51:03.843   885 10843 I vendor.qti.hardware.servicetracker@1.2-service: destroyService is called for service : com.google.android.gms/.measurement.service.MeasurementBrokerService
06-27 12:51:03.852 28683 28683 D ResolverListAdapter: ResolverListAdapter: com.android.internal.app.ResolverListAdapter@3d629aa
06-27 12:51:03.882 28683 28683 D MiShareTransmissionView: initScreenView is false
06-27 12:51:03.918 28683 28990 D ResolverListAdapter: on doInBackground!!!!
06-27 12:51:03.918 28683 28990 D AbstractResolverComp: Setting watchdog timer for 500ms
06-27 12:51:03.921 28683 28683 D ResolverListAdapter: getItem: position 0 mDisplayList.size(): 0
06-27 12:51:03.921 28683 28683 D ResolverListAdapter: getItem: position 1 mDisplayList.size(): 0
06-27 12:51:03.921 28683 28683 D ResolverListAdapter: getItem: position 2 mDisplayList.size(): 0
06-27 12:51:03.921 28683 28683 D ResolverListAdapter: getItem: position 3 mDisplayList.size(): 0
06-27 12:51:03.922  1919  8366 D CompatibilityInfo: mCompatibilityFlags - 0
06-27 12:51:03.922   885 10843 I vendor.qti.hardware.servicetracker@1.2-service: bindService is called for service : com.google.android.ext.services/android.ext.services.resolver.LRResolverRankerService and for client system:ui
06-27 12:51:03.922  1919  8366 D CompatibilityInfo: applicationDensity - 440
06-27 12:51:03.922  1919  8366 D CompatibilityInfo: applicationScale - 1.0
06-27 12:51:03.922   885 10843 I vendor.qti.hardware.servicetracker@1.2-service: total connections for service : com.google.android.ext.services/android.ext.services.resolver.LRResolverRankerServiceare :1
06-27 12:51:03.922   885 10843 I vendor.qti.hardware.servicetracker@1.2-service: total connections for client : system:uiare :1
06-27 12:51:03.922   885 10843 I vendor.qti.hardware.servicetracker@1.2-service: startService() is called for servicecom.google.android.ext.services/android.ext.services.resolver.LRResolverRankerService
06-27 12:51:04.015 28683 28683 D ResolverListAdapter: ResolverListAdapter: com.android.internal.app.ResolverListAdapter@8b71f88
06-27 12:51:04.076 28683 28683 D ResolverListAdapter: ResolverListAdapter: com.android.internal.app.ResolverListAdapter@cc40d21
06-27 12:51:04.137  1919  2106 W ActivityTaskManager: Activity top resumed state loss timeout for ActivityRecord{8ce470c u0 android/com.android.internal.app.ResolverActivity t27392}
06-27 12:51:04.137  1919  2106 W ActivityTaskManager: Activity pause timeout for ActivityRecord{8ce470c u0 android/com.android.internal.app.ResolverActivity t27392}
06-27 12:51:04.138   885 10843 I vendor.qti.hardware.servicetracker@1.2-service: Activity state is changed to : 4
06-27 12:51:04.138   885 10843 I vendor.qti.hardware.servicetracker@1.2-service: Activity state is changed to : 4
06-27 12:51:04.139   885   937 I vendor.qti.hardware.servicetracker@1.2-service: Activity state is changed to : 5
06-27 12:51:04.140   885   937 I vendor.qti.hardware.servicetracker@1.2-service: Activity state is changed to : 5
06-27 12:51:04.146  2964  2964 D RecentsImpl: mActivityStateObserver com.android.internal.app.ResolverActivity
06-27 12:51:04.146 28683 28683 W Looper  : PerfMonitor looperActivity : package=android/com.android.internal.app.ResolverActivity time=0ms latency=511ms running=0ms  procState=12 ClientTransaction{ callbacks=[android.app.servertransaction.TopResumedActivityChangeItem] } historyMsgCount=2 (msgIndex=1 wall=511ms seq=269 running=194ms runnable=8ms binder=324ms h=android.app.ActivityThread$H w=159)
06-27 12:51:04.147 28683 28683 W Looper  : PerfMonitor looperActivity : package=android/com.android.internal.app.ResolverActivity time=1ms latency=510ms running=1ms  procState=12 ClientTransaction{ callbacks=[android.app.servertransaction.TopResumedActivityChangeItem] } historyMsgCount=3 (msgIndex=1 wall=511ms seq=269 running=194ms runnable=8ms binder=324ms h=android.app.ActivityThread$H w=159)
06-27 12:51:04.148 28683 28683 W Looper  : PerfMonitor looperActivity : package=android/com.android.internal.app.ResolverActivity time=1ms latency=511ms running=1ms  procState=12 ClientTransaction{ lifecycleRequest=android.app.servertransaction.PauseActivityItem } historyMsgCount=4 (msgIndex=1 wall=511ms seq=269 running=194ms runnable=8ms binder=324ms h=android.app.ActivityThread$H w=159)
06-27 12:51:04.149 28683 28683 D ResolverListAdapter: on PostExecute!!!!
06-27 12:51:04.150 28683 28683 D ResolverListAdapter: processSortedlist: ResolveInfo{673e590 com.mxtech.videoplayer.ad/.ActivityScreen m=0x608000}
06-27 12:51:04.151 28683 28683 I ResolverListAdapter: Add DisplayResolveInfo component: ComponentInfo{com.mxtech.videoplayer.ad/com.mxtech.videoplayer.ad.ActivityScreen}, intent component: ComponentInfo{com.mxtech.videoplayer.ad/com.mxtech.videoplayer.ad.ActivityScreen}
06-27 12:51:04.151 28683 28683 D ResolverListAdapter: addResolveInfo: ResolveInfo{673e590 com.mxtech.videoplayer.ad/.ActivityScreen m=0x608000}
06-27 12:51:04.151 28683 28683 D ResolverListAdapter: mDisplayList: 1
06-27 12:51:04.151 28683 28683 D ResolverListAdapter: processSortedlist: ResolveInfo{caace89 com.mxtech.videoplayer.ad/.ActivityPipScreen m=0x608000}
06-27 12:51:04.151 28683 28683 I ResolverListAdapter: Add DisplayResolveInfo component: ComponentInfo{com.mxtech.videoplayer.ad/com.mxtech.videoplayer.ad.ActivityPipScreen}, intent component: ComponentInfo{com.mxtech.videoplayer.ad/com.mxtech.videoplayer.ad.ActivityPipScreen}
06-27 12:51:04.151 28683 28683 D ResolverListAdapter: addResolveInfo: ResolveInfo{caace89 com.mxtech.videoplayer.ad/.ActivityPipScreen m=0x608000}
06-27 12:51:04.151 28683 28683 D ResolverListAdapter: mDisplayList: 2
06-27 12:51:04.151 28683 28683 D ResolverListAdapter: processSortedlist: ResolveInfo{69dde8e com.miui.player/.phone.ui.AudioPreview m=0x608000}
06-27 12:51:04.151 28683 28683 I ResolverListAdapter: Add DisplayResolveInfo component: ComponentInfo{com.miui.player/com.miui.player.phone.ui.AudioPreview}, intent component: ComponentInfo{com.miui.player/com.miui.player.phone.ui.AudioPreview}
06-27 12:51:04.151 28683 28683 D ResolverListAdapter: addResolveInfo: ResolveInfo{69dde8e com.miui.player/.phone.ui.AudioPreview m=0x608000}
06-27 12:51:04.151 28683 28683 D ResolverListAdapter: mDisplayList: 3
06-27 12:51:04.151 28683 28683 D ResolverListAdapter: processSortedlist: ResolveInfo{adb36af com.bsbportal.music/.activities.LauncherScreenActivity m=0x608000}
06-27 12:51:04.152 28683 28683 I ResolverListAdapter: Add DisplayResolveInfo component: ComponentInfo{com.bsbportal.music/com.bsbportal.music.activities.LauncherScreenActivity}, intent component: ComponentInfo{com.bsbportal.music/com.bsbportal.music.activities.LauncherScreenActivity}
06-27 12:51:04.152 28683 28683 D ResolverListAdapter: addResolveInfo: ResolveInfo{adb36af com.bsbportal.music/.activities.LauncherScreenActivity m=0x608000}
06-27 12:51:04.152 28683 28683 D ResolverListAdapter: mDisplayList: 4
06-27 12:51:04.158 28683 28683 D ResolverListAdapter: getItem: position 0 mDisplayList.size(): 4
06-27 12:51:04.158 28683 28683 D ResolverListAdapter: getItem: position 1 mDisplayList.size(): 4
06-27 12:51:04.158 28683 28683 D ResolverListAdapter: getItem: position 2 mDisplayList.size(): 4
06-27 12:51:04.158 28683 28683 D ResolverListAdapter: getItem: position 3 mDisplayList.size(): 4
06-27 12:51:04.174 28683 28683 D RAInjector: getView: position 0 info: com.android.internal.app.chooser.DisplayResolveInfo@6676bf9
06-27 12:51:04.174 28683 28683 D RAInjector: bindView: ComponentInfo{com.mxtech.videoplayer.ad/com.mxtech.videoplayer.ad.ActivityScreen}
06-27 12:51:04.174 28683 28683 D RAInjector: info.getDisplayLabel: MX Player hasDisplayIcon: false position: 0
06-27 12:51:04.174 28683 28990 D RAInjector: LoadIconTask::doInBackground ResolveInfo{673e590 com.mxtech.videoplayer.ad/.ActivityScreen m=0x608000}
06-27 12:51:04.174 28683 28683 D RAInjector: getView: position 0 info: com.android.internal.app.chooser.DisplayResolveInfo@6676bf9
06-27 12:51:04.175 28683 28683 D RAInjector: bindView: ComponentInfo{com.mxtech.videoplayer.ad/com.mxtech.videoplayer.ad.ActivityScreen}
06-27 12:51:04.175 28683 28683 D RAInjector: info.getDisplayLabel: MX Player hasDisplayIcon: false position: 0
06-27 12:51:04.175 28683 28683 D RAInjector: getView: position 0 info: com.android.internal.app.chooser.DisplayResolveInfo@6676bf9
06-27 12:51:04.175 28683 28683 D RAInjector: bindView: ComponentInfo{com.mxtech.videoplayer.ad/com.mxtech.videoplayer.ad.ActivityScreen}
06-27 12:51:04.175 28683 28683 D RAInjector: info.getDisplayLabel: MX Player hasDisplayIcon: false position: 0
06-27 12:51:04.176 28683 28683 D RAInjector: getView: position 0 info: com.android.internal.app.chooser.DisplayResolveInfo@6676bf9
06-27 12:51:04.176 28683 28683 D RAInjector: bindView: ComponentInfo{com.mxtech.videoplayer.ad/com.mxtech.videoplayer.ad.ActivityScreen}
06-27 12:51:04.176 28683 28683 D RAInjector: info.getDisplayLabel: MX Player hasDisplayIcon: false position: 0
06-27 12:51:04.176 28683 28683 D RAInjector: getView: position 0 info: com.android.internal.app.chooser.DisplayResolveInfo@6676bf9
06-27 12:51:04.176 28683 28683 D RAInjector: bindView: ComponentInfo{com.mxtech.videoplayer.ad/com.mxtech.videoplayer.ad.ActivityScreen}
06-27 12:51:04.176 28683 28683 D RAInjector: info.getDisplayLabel: MX Player hasDisplayIcon: false position: 0
06-27 12:51:04.179 28683 29408 D RAInjector: LoadIconTask::doInBackground ResolveInfo{673e590 com.mxtech.videoplayer.ad/.ActivityScreen m=0x608000}
06-27 12:51:04.180  1919  8366 I Timeline: Timeline: App_transition_ready time:4068991
06-27 12:51:04.181 28683 28990 D RAInjector: LoadIconTask::doInBackground ResolveInfo{673e590 com.mxtech.videoplayer.ad/.ActivityScreen m=0x608000}
06-27 12:51:04.181 28683 29408 D RAInjector: LoadIconTask::doInBackground ResolveInfo{673e590 com.mxtech.videoplayer.ad/.ActivityScreen m=0x608000}
06-27 12:51:04.183 28683 28990 D RAInjector: LoadIconTask::doInBackground ResolveInfo{673e590 com.mxtech.videoplayer.ad/.ActivityScreen m=0x608000}
06-27 12:51:04.183  1919  8366 I Timeline: Timeline: App_transition_ready time:4068993
06-27 12:51:04.183  1919  8366 I Timeline: Timeline: App_transition_stopped time:4068994
06-27 12:51:04.187  2671  3038 D MiuiPhoneStatusBarPolicy: updateManagedProfile: secondSpace = false
06-27 12:51:04.190   789  1760 D android.hardware.audio.service: ipc_resp_thread: opcode: 0xb, payload_size: 20, resp_buf size: 32
06-27 12:51:04.190   789  1760 D android.hardware.audio.service: pktzr_resp_cb: opcode = 0xb size = 20 token = 5
06-27 12:51:04.190   789  1760 I android.hardware.audio.service: gcs_event_cb_handler: Event received, MID = 402653185, IID = 4, PID = 76841
06-27 12:51:04.190   789  1760 I android.hardware.audio.service: gcs_event_cb_handler: Event payload = 0xed63d00c, payload_size = 4
06-27 12:51:04.190   789  1760 I android.hardware.audio.service: gcs_dispatch_event: Event found in graph_handle = 2
06-27 12:51:04.190   789  1760 D sound_trigger_hw: gcs_event_cb: Enter...
06-27 12:51:04.190   789  1760 I android.hardware.audio.service: gcs_event_cb_handler: Found 1 match for event = 76841
06-27 12:51:04.190   789  9293 D sound_trigger_hw: active_state_fn:[1] handle event id 5
06-27 12:51:04.190   789  9293 I sound_trigger_hw: process_detection_event_keyphrase:[1]
06-27 12:51:04.190   789  9293 D sound_trigger_hw: session[1]: active_state_fn ---> buffering_state_fn 
06-27 12:51:04.191   789  9293 D sound_trigger_hw: active_state_fn:[1] invoking the client callback
06-27 12:51:04.192 28683 28683 D RAInjector: getView: position 0 info: com.android.internal.app.chooser.DisplayResolveInfo@6676bf9
06-27 12:51:04.192 28683 28683 D RAInjector: bindView: ComponentInfo{com.mxtech.videoplayer.ad/com.mxtech.videoplayer.ad.ActivityScreen}
06-27 12:51:04.193 28683 28683 D RAInjector: info.getDisplayLabel: MX Player hasDisplayIcon: false position: 0
06-27 12:51:04.193  1919  2598 I SoundTriggerModule(Service): setState mState = LOADED mHandle = 1
06-27 12:51:04.193  1919  2598 I SoundTriggerModule(Service): phraseRecognitionCallback onPhraseRecognition mHandle = 1
06-27 12:51:04.193  1919  2598 I SoundTriggerMiddlewareValidation: setActivityState activity = LOADED
06-27 12:51:04.193  1919  2598 I SoundTriggerMiddlewareValidation: onPhraseRecognition modelHandle = 1
06-27 12:51:04.193  1919  2598 I SoundTriggerModule(hardWare): onPhraseRecognition
06-27 12:51:04.193 28683 28683 D RAInjector: getView: position 0 info: com.android.internal.app.chooser.DisplayResolveInfo@6676bf9
06-27 12:51:04.193 28683 28683 D RAInjector: bindView: ComponentInfo{com.mxtech.videoplayer.ad/com.mxtech.videoplayer.ad.ActivityScreen}
06-27 12:51:04.193  1919  1919 I SoundTriggerModule(hardWare): EventHandlerDelegate EVENT_RECOGNITION
06-27 12:51:04.193 28683 28683 D RAInjector: info.getDisplayLabel: MX Player hasDisplayIcon: false position: 0
06-27 12:51:04.193  1919  1919 I SoundTriggerHelper: Recognition success
06-27 12:51:04.194 28683 28683 D RAInjector: getView: position 0 info: com.android.internal.app.chooser.DisplayResolveInfo@6676bf9
06-27 12:51:04.194 28683 28683 D RAInjector: bindView: ComponentInfo{com.mxtech.videoplayer.ad/com.mxtech.videoplayer.ad.ActivityScreen}
06-27 12:51:04.194 28683 28683 D RAInjector: info.getDisplayLabel: MX Player hasDisplayIcon: false position: 0
06-27 12:51:04.194  1919  2598 I SoundTriggerMiddlewareLogging: onPhraseRecognition[this=android.hardware.soundtrigger.SoundTriggerModule$EventHandlerDelegate@b75d191, caller=1000/1919](1, { common: { audioConfig: { channelMask: 16, format: 1, frameCount: 0, offloadInfo: { bitRatePerSecond: 0, bitWidth: 0, bufferSize: 0, channelMask: 0, durationMicroseconds: 0, format: 0, hasVideo: false, isStreaming: false, sampleRateHz: 0, streamType: 0, usage: 0 }, sampleRateHz: 16000 }, captureAvailable: true, captureDelayMs: 0, capturePreambleMs: 0, captureSession: 25, data: [  ], status: 0, triggerInData: false, type: 0 }, phraseExtras: [ { confidenceLevel: 27, id: 101, levels: [  ], recognitionModes: 1 } ] })
06-27 12:51:04.194   789  9293 D sound_trigger_hw: process_lab_capture: issuing gcs_start_buff_xfer
06-27 12:51:04.194   789  9293 D ACDB-LOADER: ACDB -> ACDB_WDSP_CMD_GET_SUBGRAPH_MODULE_CALIBRATION_SIZE
06-27 12:51:04.194 28683 28683 D RAInjector: getView: position 0 info: com.android.internal.app.chooser.DisplayResolveInfo@6676bf9
06-27 12:51:04.194 28683 28683 D RAInjector: bindView: ComponentInfo{com.mxtech.videoplayer.ad/com.mxtech.videoplayer.ad.ActivityScreen}
06-27 12:51:04.194 28683 28683 D RAInjector: info.getDisplayLabel: MX Player hasDisplayIcon: false position: 0
06-27 12:51:04.194   789  9293 D ACDB-LOADER: ACDB -> ACDB_WDSP_CMD_GET_SUBGRAPH_MODULE_CALIBRATION
06-27 12:51:04.194   789  9293 D ACDB-LOADER: ACDB -> ACDB_WDSP_CMD_GET_SUBGRAPH_MODULE_CONNECTION_SIZE
06-27 12:51:04.194   789  9293 E android.hardware.audio.service: gcs_get_sg_mod_conn_and_update_pld: subgraph mod conn size 0. Exiting
06-27 12:51:04.194   789  9293 D ACDB-LOADER: ACDB -> ACDB_WDSP_CMD_GET_SUBGRAPH_CONNECTIONS_SIZE
06-27 12:51:04.194   789  9293 E android.hardware.audio.service: __gcs_get_sg_conn_and_update_pld: subgraph conn size 0. Exiting
06-27 12:51:04.194   789  9293 D ACDB-LOADER: ACDB -> ACDB_WDSP_CMD_GET_SUBGRAPH_CONNECTIONS_SIZE
06-27 12:51:04.194   789  9293 E android.hardware.audio.service: __gcs_get_sg_conn_and_update_pld: subgraph conn size 0. Exiting
06-27 12:51:04.194   789  9293 D ACDB-LOADER: ACDB -> ACDB_WDSP_CMD_GET_SUBGRAPH_CONNECTIONS_SIZE
06-27 12:51:04.194   789  9293 E android.hardware.audio.service: __gcs_get_sg_conn_and_update_pld: subgraph conn size 0. Exiting
06-27 12:51:04.194   789  9293 D ACDB-LOADER: ACDB -> ACDB_WDSP_CMD_GET_SUBGRAPH_CONNECTIONS_SIZE
06-27 12:51:04.194   789  9293 D ACDB-LOADER: ACDB -> ACDB_WDSP_CMD_GET_SUBGRAPHS_CONNECTION
06-27 12:51:04.194   789  9293 D android.hardware.audio.service: pktzr_send_cmd: opcode = 0x3, size = 92, token = 135
06-27 12:51:04.194  7063  8983 I AlwaysOnHotwordDetector: onDetected
06-27 12:51:04.195 28683 28990 D RAInjector: LoadIconTask::doInBackground ResolveInfo{673e590 com.mxtech.videoplayer.ad/.ActivityScreen m=0x608000}
06-27 12:51:04.196 28683 28683 D RAInjector: getView: position 0 info: com.android.internal.app.chooser.DisplayResolveInfo@6676bf9
06-27 12:51:04.196  7063  8063 I favt    : #onDetected. DSP hotword detected.
06-27 12:51:04.196 28683 28683 D RAInjector: bindView: ComponentInfo{com.mxtech.videoplayer.ad/com.mxtech.videoplayer.ad.ActivityScreen}
06-27 12:51:04.196 28683 28683 D RAInjector: info.getDisplayLabel: MX Player hasDisplayIcon: false position: 0
06-27 12:51:04.196  7063  8063 I faud    : getDspTriggerNotificationRequirement
06-27 12:51:04.197 28683 29408 D RAInjector: LoadIconTask::doInBackground ResolveInfo{673e590 com.mxtech.videoplayer.ad/.ActivityScreen m=0x608000}
06-27 12:51:04.197  7063  8063 I favt    : #onDetected. DSP hotword detected, will verify it with Soda.
06-27 12:51:04.197  7063  8063 I favt    : (REDACTED) Capture session id %d
06-27 12:51:04.197  7063  8063 I fauk    : (REDACTED) HDM AudioFormat: sample rate : %s, channel config/mask :  %s, encoding format :  %s
06-27 12:51:04.198  7063  8063 I fauk    : HDM Use timestamps disabled.
06-27 12:51:04.198  7063  8063 I fbbi    : #startHotwordDetectionInternal
06-27 12:51:04.199  7063  8063 I fbbi    : Set the SodaAudioAdapter
06-27 12:51:04.199  7063  8063 I fbbi    : Initialize soda not needed!
06-27 12:51:04.199 28683 28990 D RAInjector: LoadIconTask::doInBackground ResolveInfo{673e590 com.mxtech.videoplayer.ad/.ActivityScreen m=0x608000}
06-27 12:51:04.199  7063  8063 I fbbi    : (REDACTED) AudioFormat for Soda: sample rate : %s, channel count :  %s, encoding format :  %s
06-27 12:51:04.201 28683 28683 D RAInjector: getView: position 1 info: com.android.internal.app.chooser.DisplayResolveInfo@475a131
06-27 12:51:04.201  7063  8063 I native  : I0000 00:00:1751008864.200350    8063 soda_client.cc:330] Starting capture.
06-27 12:51:04.201 28683 29408 D RAInjector: LoadIconTask::doInBackground ResolveInfo{673e590 com.mxtech.videoplayer.ad/.ActivityScreen m=0x608000}
06-27 12:51:04.201  7063  8063 I native  : I0000 00:00:1751008864.201186    8063 soda_async_impl.cc:601] SODA session starting (require_hotword:1, hotword_timeout_in_millis:3000, trigger_type:TRIGGER_TYPE_UNSPECIFIED, hybrid_asr_config.mode:MODE_DEFAULT)
06-27 12:51:04.201 28683 28683 D RAInjector: bindView: ComponentInfo{com.mxtech.videoplayer.ad/com.mxtech.videoplayer.ad.ActivityPipScreen}
06-27 12:51:04.201 28683 28683 D RAInjector: info.getDisplayLabel: MX Pop-up mode hasDisplayIcon: false position: 1
06-27 12:51:04.201  7063  8063 I native  : I0000 00:00:1751008864.201445    8063 hotword_processor.cc:504] Updated hotword timeout: 3000
06-27 12:51:04.201   789  1760 D android.hardware.audio.service: ipc_resp_thread: opcode: 0x2, payload_size: 4, resp_buf size: 16
06-27 12:51:04.201   789  1760 D android.hardware.audio.service: pktzr_resp_cb: opcode = 0x2 size = 4 token = 135
06-27 12:51:04.201   789  1760 D android.hardware.audio.service: pktzr_resp_cb: token 135 matched
06-27 12:51:04.202   789  9293 D android.hardware.audio.service: pktzr_send_cmd: opcode = 0xc, size = 24, token = 136
06-27 12:51:04.203   789  9293 D android.hardware.audio.service: pktzr_send_cmd: opcode = 0xc, size = 24, token = 137
06-27 12:51:04.204 28683 28990 D RAInjector: LoadIconTask::doInBackground ResolveInfo{673e590 com.mxtech.videoplayer.ad/.ActivityScreen m=0x608000}
06-27 12:51:04.204 28683 28683 D RAInjector: getView: position 2 info: com.android.internal.app.chooser.DisplayResolveInfo@2616bf0
06-27 12:51:04.205 28683 28683 D RAInjector: bindView: ComponentInfo{com.miui.player/com.miui.player.phone.ui.AudioPreview}
06-27 12:51:04.205 28683 28683 D RAInjector: info.getDisplayLabel: Music hasDisplayIcon: false position: 2
06-27 12:51:04.205  7063  8063 I dosg    : onStartCapture
06-27 12:51:04.205  7063  8063 I dosg    : Register SodaAudioAdapter.
06-27 12:51:04.205 28683 29408 D RAInjector: LoadIconTask::doInBackground ResolveInfo{caace89 com.mxtech.videoplayer.ad/.ActivityPipScreen m=0x608000}
06-27 12:51:04.205  7063  8063 I esys    : (REDACTED) #audio# registering new source: %s
06-27 12:51:04.205  7063  8063 I esuf    : (REDACTED) #audio# registerAudioAdapter (%s)
06-27 12:51:04.205  7063  8063 I ethu    : (REDACTED) #audio# cancel timeout(token(%s))
06-27 12:51:04.206 28683 28990 D RAInjector: LoadIconTask::doInBackground ResolveInfo{69dde8e com.miui.player/.phone.ui.AudioPreview m=0x608000}
06-27 12:51:04.207  7063  8064 I fbbi    : #startPushingAudio
06-27 12:51:04.207  7063  8064 I fbai    : (REDACTED) pushAudioToSoda. stopPushAudio is %b
06-27 12:51:04.207  7063  7982 I fbai    : (REDACTED) Opening hotword mic with params: sourceType=%s,sampleRate=%sHz,channelConfig=%s,encodingFormat=%s, use push mechanism : %b. hotwordAudioRouteRequestParamsOptional.isPresent() : %b. hotword capture mode : %s.
06-27 12:51:04.207  7063  7982 I etfm    : (REDACTED) #audio# routing hotword client to(%s)
06-27 12:51:04.207  7063  7982 I eubj    : (REDACTED) #audio# updating hotword to route(token(%d), %s)
06-27 12:51:04.208  7063  7982 I eubj    : #audio# enforcing concurrency state on a new hotword route
06-27 12:51:04.208  7063  7982 I eubj    : (REDACTED) #audio# disconnecting(%s) hotword %s
06-27 12:51:04.208  7063  7982 I eubj    : (REDACTED) #audio# hotword route(token(%d), %s) OK to update
06-27 12:51:04.208  7063  8011 I ethp    : (REDACTED) #audio# de-referencing(%s) from(%s), (%s)
06-27 12:51:04.209 28683 28683 D RAInjector: getView: position 3 info: com.android.internal.app.chooser.DisplayResolveInfo@9434eab
06-27 12:51:04.209  7063  7999 I eudy    : (REDACTED) #audio# route(%s) for hotword client disconnected(reason(%s))
06-27 12:51:04.209 28683 28683 D RAInjector: bindView: ComponentInfo{com.bsbportal.music/com.bsbportal.music.activities.LauncherScreenActivity}
06-27 12:51:04.209 28683 28683 D RAInjector: info.getDisplayLabel: Wynk Music hasDisplayIcon: false position: 3
06-27 12:51:04.209 28683 28990 D RAInjector: LoadIconTask::doInBackground ResolveInfo{adb36af com.bsbportal.music/.activities.LauncherScreenActivity m=0x608000}
06-27 12:51:04.210  7063  7982 I eubj    : (REDACTED) #audio# starting connection to hotword route(token(%d), %s)
06-27 12:51:04.210  7063  8010 I ethp    : (REDACTED) #audio# referencing(%s) to(%s), (%s)
06-27 12:51:04.211  7063  8010 I eudy    : (REDACTED) #audio# route(%s) for hotword client updated with status(%s)
06-27 12:51:04.211  7063  7982 I etph    : (REDACTED) #audio# starting hotword session(%d) for %s
06-27 12:51:04.211  7063  8063 I etkt    : (REDACTED) #audio# audio routing(%s) took %d(ms)
06-27 12:51:04.211  7063  7982 I etph    : #audio# enforcing concurrency state on a new hotword session
06-27 12:51:04.211  7063  7982 I etph    : (REDACTED) #audio# hotword session(%d) OK to start
06-27 12:51:04.211  7063  7982 I etqk    : (REDACTED) #audio# starting hotword source session(%d) on %s for %s
06-27 12:51:04.211  7063  7982 I etqk    : #audio# enforcing concurrency state on a new hotword source
06-27 12:51:04.212  7063  7982 I eswj    : (REDACTED) #audio# loading processor(%s)
06-27 12:51:04.212  7063  7982 I eswd    : (REDACTED) #audio# loading processor(%s)
06-27 12:51:04.213  7063  7999 I ethp    : (REDACTED) #audio# referencing(%s) to(%s), (%s)
06-27 12:51:04.213  7063 29140 I etnt    : (REDACTED) #audio# opening audio source(%s), offset(%s)
06-27 12:51:04.213  7063  7982 I eufj    : (REDACTED) #audio# skipping session(%s) storing process, not enabled
06-27 12:51:04.213  7063 29140 I esyt    : (REDACTED) #audio# delegating source(%s) opening to(%s)
06-27 12:51:04.213  7063 29140 I esyl    : (REDACTED) #audio# open audio source(%s)
06-27 12:51:04.213  7063 29140 I esxu    : #audio# createDspAudioRecord
06-27 12:51:04.213  7063 29140 I esyi    : #audio# no audio record attribution specified, continue without...
06-27 12:51:04.213  7063 29140 D AudioRecord: set(): inputSource 1999, sampleRate 16000, format 0x1, channelMask 0x10, frameCount 160000, notificationFrames 0, sessionId 25, transferType 0, flags 0, opPackageName com.google.android.googlequicksearchbox uid -1, pid -1
06-27 12:51:04.218   885   937 I vendor.qti.hardware.servicetracker@1.2-service: Activity state is changed to : 7
06-27 12:51:04.218   885   937 I vendor.qti.hardware.servicetracker@1.2-service: Activity state is changed to : 7
06-27 12:51:04.218   943  1606 D ServiceUtilities: Request app pkg name: com.google.android.googlequicksearchbox
06-27 12:51:04.219   885   937 I vendor.qti.hardware.servicetracker@1.2-service: Activity state is changed to : 7
06-27 12:51:04.220   885   937 I vendor.qti.hardware.servicetracker@1.2-service: Activity state is changed to : 8
06-27 12:51:04.220   885   937 I vendor.qti.hardware.servicetracker@1.2-service: Activity state is changed to : 8
06-27 12:51:04.220   943  1606 D ServiceUtilities: Request app pkg name: com.google.android.googlequicksearchbox
06-27 12:51:04.220   943  1606 I ConfigStore: vendor::qti::hardware::audiohalext::V1_0::IAudioHalExt::getApmConfigs retrieved:  (default)
06-27 12:51:04.221   943  1606 D APM_AudioPolicyManager: getInputForAttr() source 1999, sampling rate 16000, format 0x1, channel mask 0x10, session 25, flags 0 attributes={ Content type: AUDIO_CONTENT_TYPE_UNKNOWN Usage: AUDIO_USAGE_UNKNOWN Source: AUDIO_SOURCE_HOTWORD Flags: 0x800 Tags:  }
06-27 12:51:04.222   943  1606 D APM_AudioPolicyManager: profile selected with name: surround_sound, client UID 10188 
06-27 12:51:04.223   789   862 D audio_hw_primary: adev_open_input_stream is_karaoke_fastcapture=0 source=1999
06-27 12:51:04.223   789   862 D audio_hw_primary: adev_open_input_stream: enter: sample_rate(16000) channel_mask(0x10) devices(0x80000004)        stream_handle(0xed6c1000) io_handle(70) source(1999) format 1
06-27 12:51:04.223   789   862 D soundtrigger: audio_extn_sound_trigger_check_and_get_session: capture_handle 70 is sound trigger
06-27 12:51:04.223   789   862 D audio_hw_primary: io_streams_map_insert: Added stream in io_streams_map with handle 70
06-27 12:51:04.223   789   862 E device_utils: update_device_list: Invalid device: 0
06-27 12:51:04.223   789  1760 D android.hardware.audio.service: ipc_resp_thread: opcode: 0xd, payload_size: 3876, resp_buf size: 3888
06-27 12:51:04.223   789  1760 D android.hardware.audio.service: pktzr_resp_cb: opcode = 0xd size = 3876 token = 136
06-27 12:51:04.223   789  1760 D android.hardware.audio.service: pktzr_resp_cb: token 136 matched
06-27 12:51:04.224   789  9293 D android.hardware.audio.service: pktzr_send_cmd: opcode = 0xc, size = 24, token = 138
06-27 12:51:04.224  1437  1437 D MediaMetricsService: submitInternal: isTrusted:1 given uid -1; sanitized uid: 1041 sanitized pkg: audioserver sanitized pkg version: 0
06-27 12:51:04.224  1437  1437 D MediaMetricsService: submitInternal: item->getKey().c_str() = audio.thread.70
06-27 12:51:04.224  1437  1437 D MediaMetricsService: submitInternal: item->getCString(kCodecPackageName, &msg_send->packgeName) = 0
06-27 12:51:04.224  1437  1437 D MediaMetricsService: submitInternal: item->getInt32(kCodecHdrInfo, &msg_send->hdr) = 0
06-27 12:51:04.224  1437  1437 D MediaMetricsService: submitInternal: item->getInt32(kCodecFrameRateCal, &msg_send->frameRateCal) = 0
06-27 12:51:04.224  1437  1437 D MediaMetricsService: submitInternal: msg_send->frameRateCal = 1667592804
06-27 12:51:04.227   789  1760 D android.hardware.audio.service: ipc_resp_thread: opcode: 0xd, payload_size: 3876, resp_buf size: 3888
06-27 12:51:04.227   789  1760 D android.hardware.audio.service: pktzr_resp_cb: opcode = 0xd size = 3876 token = 137
06-27 12:51:04.227   789  1760 D android.hardware.audio.service: pktzr_resp_cb: token 137 matched
06-27 12:51:04.227   789  9293 D android.hardware.audio.service: pktzr_send_cmd: opcode = 0xc, size = 24, token = 139
06-27 12:51:04.228  8346  8389 D PMonitor:  onForegroundActivitiesChanged:pid = 28683,activity-uid=1000,foregroundActivities=false
06-27 12:51:04.229  1437  1437 D MediaMetricsService: submitInternal: isTrusted:1 given uid -1; sanitized uid: 1041 sanitized pkg: audioserver sanitized pkg version: 0
06-27 12:51:04.229  1437  1437 D MediaMetricsService: submitInternal: item->getKey().c_str() = audio.thread.70
06-27 12:51:04.229  1437  1437 D MediaMetricsService: submitInternal: item->getCString(kCodecPackageName, &msg_send->packgeName) = 0
06-27 12:51:04.229  1437  1437 D MediaMetricsService: submitInternal: item->getInt32(kCodecHdrInfo, &msg_send->hdr) = 0
06-27 12:51:04.229  1437  1437 D MediaMetricsService: submitInternal: item->getInt32(kCodecFrameRateCal, &msg_send->frameRateCal) = 0
06-27 12:51:04.229  1437  1437 D MediaMetricsService: submitInternal: msg_send->frameRateCal = 1667328356
06-27 12:51:04.229 28683 28683 D RAInjector: LoadIconTask::onPostExecute ResolveInfo{673e590 com.mxtech.videoplayer.ad/.ActivityScreen m=0x608000}
06-27 12:51:04.229 28683 28683 I chatty  : uid=1000 system:ui identical 3 lines
06-27 12:51:04.230 28683 28683 D RAInjector: LoadIconTask::onPostExecute ResolveInfo{673e590 com.mxtech.videoplayer.ad/.ActivityScreen m=0x608000}
06-27 12:51:04.230   943 29412 I AudioFlinger: AudioFlinger's thread 0xb400007383dd5700 tid=29412 ready to run
06-27 12:51:04.230   789   862 D audio_hw_primary: in_standby: enter: stream (0xed6c1000) usecase(23: audio-record)
06-27 12:51:04.230 28683 28683 D RAInjector: LoadIconTask::onPostExecute ResolveInfo{673e590 com.mxtech.videoplayer.ad/.ActivityScreen m=0x608000}
06-27 12:51:04.230 28683 28683 I chatty  : uid=1000 system:ui identical 3 lines
06-27 12:51:04.230 28683 28683 D RAInjector: LoadIconTask::onPostExecute ResolveInfo{673e590 com.mxtech.videoplayer.ad/.ActivityScreen m=0x608000}
06-27 12:51:04.230 28683 28683 D RAInjector: LoadIconTask::onPostExecute ResolveInfo{caace89 com.mxtech.videoplayer.ad/.ActivityPipScreen m=0x608000}
06-27 12:51:04.231 28683 28683 D RAInjector: LoadIconTask::onPostExecute ResolveInfo{69dde8e com.miui.player/.phone.ui.AudioPreview m=0x608000}
06-27 12:51:04.231 28683 28683 D RAInjector: LoadIconTask::onPostExecute ResolveInfo{adb36af com.bsbportal.music/.activities.LauncherScreenActivity m=0x608000}
06-27 12:51:04.231   943  1606 D APM_AudioPolicyManager: getInputForAttr() returns input 70 type 0 selectedDeviceId 22 for port ID 56
06-27 12:51:04.232   885   937 I vendor.qti.hardware.servicetracker@1.2-service: unbindService is called for service : com.google.android.ext.services/android.ext.services.resolver.LRResolverRankerService and for client system:ui
06-27 12:51:04.232   885   937 I vendor.qti.hardware.servicetracker@1.2-service: size of service connections for service: com.google.android.ext.services/android.ext.services.resolver.LRResolverRankerServiceafter removal is 0
06-27 12:51:04.232   885   937 I vendor.qti.hardware.servicetracker@1.2-service: size of client connections for client: system:uiafter removal is 0
06-27 12:51:04.233   943 29412 D AudioFlinger: updateWakeLockUids_l AudioIn_46 uids:
06-27 12:51:04.234   789   862 D audio_hw_primary: in_standby: enter: stream (0xed6c1000) usecase(23: audio-record)
06-27 12:51:04.235   885   937 I vendor.qti.hardware.servicetracker@1.2-service: destroyService is called for service : com.google.android.ext.services/android.ext.services.resolver.LRResolverRankerService
06-27 12:51:04.236  8346  8389 D PMonitor:  onForegroundActivitiesChanged:pid = 20959,activity-uid=10099,foregroundActivities=true
06-27 12:51:04.236  1919  2385 I MiuiNetworkPolicy: updateUidState uid = 10099, uidState = 12
06-27 12:51:04.239  1919  3081 I system_server: oneway function results will be dropped but finished with status OK and parcel size 4
06-27 12:51:04.240  1919  3081 I system_server: oneway function results will be dropped but finished with status OK and parcel size 4
06-27 12:51:04.240   789  1760 D android.hardware.audio.service: ipc_resp_thread: opcode: 0xd, payload_size: 3876, resp_buf size: 3888
06-27 12:51:04.240   789  1760 D android.hardware.audio.service: pktzr_resp_cb: opcode = 0xd size = 3876 token = 138
06-27 12:51:04.240   789  1760 D android.hardware.audio.service: pktzr_resp_cb: token 138 matched
06-27 12:51:04.241   789  9293 D android.hardware.audio.service: pktzr_send_cmd: opcode = 0xc, size = 24, token = 140
06-27 12:51:04.241  1919  3081 I system_server: oneway function results will be dropped but finished with status OK and parcel size 4
06-27 12:51:04.241   789  1760 D android.hardware.audio.service: ipc_resp_thread: opcode: 0xd, payload_size: 3876, resp_buf size: 3888
06-27 12:51:04.241   789  1760 D android.hardware.audio.service: pktzr_resp_cb: opcode = 0xd size = 3876 token = 139
06-27 12:51:04.241   789  1760 D android.hardware.audio.service: pktzr_resp_cb: token 139 matched
06-27 12:51:04.242   789  9293 D android.hardware.audio.service: pktzr_send_cmd: opcode = 0xc, size = 24, token = 141
06-27 12:51:04.245  1437  1437 D MediaMetricsService: submitInternal: isTrusted:1 given uid 10188; sanitized uid: 10188 sanitized pkg: com.google.android.googlequicksearchbox sanitized pkg version: 301527834
06-27 12:51:04.245  1437  1437 D MediaMetricsService: submitInternal: item->getKey().c_str() = audio.record.56
06-27 12:51:04.245  1437  1437 D MediaMetricsService: submitInternal: item->getCString(kCodecPackageName, &msg_send->packgeName) = 0
06-27 12:51:04.245  1437  1437 D MediaMetricsService: submitInternal: item->getInt32(kCodecHdrInfo, &msg_send->hdr) = 0
06-27 12:51:04.245  1437  1437 D MediaMetricsService: submitInternal: item->getInt32(kCodecFrameRateCal, &msg_send->frameRateCal) = 0
06-27 12:51:04.245  1437  1437 D MediaMetricsService: submitInternal: msg_send->frameRateCal = 1731093609
06-27 12:51:04.245  1437  1437 D MediaMetricsService: submitInternal: isTrusted:0 given uid -1; sanitized uid: 10188 sanitized pkg: com.google.android.googlequicksearchbox sanitized pkg version: 301527834
06-27 12:51:04.245  1437  1437 D MediaMetricsService: submitInternal: item->getKey().c_str() = audio.record.56
06-27 12:51:04.245  1437  1437 D MediaMetricsService: submitInternal: item->getCString(kCodecPackageName, &msg_send->packgeName) = 0
06-27 12:51:04.245  1437  1437 D MediaMetricsService: submitInternal: item->getInt32(kCodecHdrInfo, &msg_send->hdr) = 0
06-27 12:51:04.245  1437  1437 D MediaMetricsService: submitInternal: item->getInt32(kCodecFrameRateCal, &msg_send->frameRateCal) = 0
06-27 12:51:04.245  1437  1437 D MediaMetricsService: submitInternal: msg_send->frameRateCal = 1731093609
06-27 12:51:04.246  7063 29140 I esyl    : (REDACTED) #audio# create stream of audio record source(identity(%s), recordId(%d))
06-27 12:51:04.246  7063 29140 D AudioRecord: start(56): sync event 0 trigger session 0, mSessionID=25
06-27 12:51:04.246  9395 21030 I SCTaskStackListener: onTaskStackChanged! inSplit = false
06-27 12:51:04.246  9395 10041 I SCTaskStackListener: onTaskStackChanged! inSplit = false
06-27 12:51:04.247   885   937 I vendor.qti.hardware.servicetracker@1.2-service: Activity state is changed to : 9
06-27 12:51:04.247   885   937 I vendor.qti.hardware.servicetracker@1.2-service: Activity state is changed to : 9
06-27 12:51:04.250   943  3796 D AudioPolicyManagerCustom: startInput portId 56
06-27 12:51:04.250   943  3796 D AudioPolicyManagerCustom: startInput() input:70, session:25 [uid=10188 apptype=40])
06-27 12:51:04.250   943  3796 I ConfigStore: vendor::qti::hardware::audiohalext::V1_0::IAudioHalExt::getApmConfigs retrieved:  (default)
06-27 12:51:04.251   789  1760 D android.hardware.audio.service: ipc_resp_thread: opcode: 0xd, payload_size: 3876, resp_buf size: 3888
06-27 12:51:04.251   943 29412 D AudioFlinger: updateWakeLockUids_l AudioIn_46 uids:10188 
06-27 12:51:04.251   789  1760 D android.hardware.audio.service: pktzr_resp_cb: opcode = 0xd size = 3876 token = 140
06-27 12:51:04.251   789  1760 D android.hardware.audio.service: pktzr_resp_cb: token 140 matched
06-27 12:51:04.251   789  9293 D android.hardware.audio.service: pktzr_send_cmd: opcode = 0xc, size = 24, token = 142
06-27 12:51:04.251   943 29412 I AudioFlinger: checkForGameParameter_l() set events appname=+com.google.android.googlequicksearchbox
06-27 12:51:04.252   789   862 D audio_hw_primary: in_set_parameters: enter: kvpairs=appname=+com.google.android.googlequicksearchbox
06-27 12:51:04.252  1919  8366 I system_server: oneway function results will be dropped but finished with status OK and parcel size 4
06-27 12:51:04.252   789   862 E device_utils: update_device_list: Invalid device: 0
06-27 12:51:04.252  1919  8366 I system_server: oneway function results will be dropped but finished with status OK and parcel size 4
06-27 12:51:04.253  2671  2671 D AppMiniWindowManager: topActivity updated in onTaskStackChanged
06-27 12:51:04.253   789  2281 D audio_hw_primary: adev_create_audio_patch: enter: num sources 1, num_sinks 1, handle 0
06-27 12:51:04.253   789  2281 D audio_hw_primary: adev_create_audio_patch: Capture patch from device 80000004 to mix 70
06-27 12:51:04.253   789  2281 D audio_hw_primary: update_patch: enter
06-27 12:51:04.253   789  2281 D audio_hw_primary: route_input_stream: exit: status(0)
06-27 12:51:04.253   789  2281 D audio_hw_primary: adev_create_audio_patch: Added a new patch with handle 12
06-27 12:51:04.254  1437  1437 D MediaMetricsService: submitInternal: isTrusted:1 given uid -1; sanitized uid: 1041 sanitized pkg: audioserver sanitized pkg version: 0
06-27 12:51:04.254  1437  1437 D MediaMetricsService: submitInternal: item->getKey().c_str() = audio.thread.70
06-27 12:51:04.254  1437  1437 D MediaMetricsService: submitInternal: item->getCString(kCodecPackageName, &msg_send->packgeName) = 0
06-27 12:51:04.254  1437  1437 D MediaMetricsService: submitInternal: item->getInt32(kCodecHdrInfo, &msg_send->hdr) = 0
06-27 12:51:04.254  1437  1437 D MediaMetricsService: submitInternal: item->getInt32(kCodecFrameRateCal, &msg_send->frameRateCal) = 0
06-27 12:51:04.254  1437  1437 D MediaMetricsService: submitInternal: msg_send->frameRateCal = 1667328356
06-27 12:51:04.254  1437  1437 D MediaMetricsService: submitInternal: isTrusted:1 given uid -1; sanitized uid: 1041 sanitized pkg: audioserver sanitized pkg version: 0
06-27 12:51:04.254  1437  1437 D MediaMetricsService: submitInternal: item->getKey().c_str() = audio.thread.70
06-27 12:51:04.254  1437  1437 D MediaMetricsService: submitInternal: item->getCString(kCodecPackageName, &msg_send->packgeName) = 0
06-27 12:51:04.254  1437  1437 D MediaMetricsService: submitInternal: item->getInt32(kCodecHdrInfo, &msg_send->hdr) = 0
06-27 12:51:04.254  1437  1437 D MediaMetricsService: submitInternal: item->getInt32(kCodecFrameRateCal, &msg_send->frameRateCal) = 0
06-27 12:51:04.254  1437  1437 D MediaMetricsService: submitInternal: msg_send->frameRateCal = 0
06-27 12:51:04.254  1437  1437 D MediaMetricsService: submitInternal: isTrusted:1 given uid -1; sanitized uid: 1041 sanitized pkg: audioserver sanitized pkg version: 0
06-27 12:51:04.254  1437  1437 D MediaMetricsService: submitInternal: item->getKey().c_str() = audio.record.56
06-27 12:51:04.254  1437  1437 D MediaMetricsService: submitInternal: item->getCString(kCodecPackageName, &msg_send->packgeName) = 0
06-27 12:51:04.254  1437  1437 D MediaMetricsService: submitInternal: item->getInt32(kCodecHdrInfo, &msg_send->hdr) = 0
06-27 12:51:04.254  1437  1437 D MediaMetricsService: submitInternal: item->getInt32(kCodecFrameRateCal, &msg_send->frameRateCal) = 0
06-27 12:51:04.254  1437  1437 D MediaMetricsService: submitInternal: msg_send->frameRateCal = 0
06-27 12:51:04.255   789  1760 D android.hardware.audio.service: ipc_resp_thread: opcode: 0xd, payload_size: 3876, resp_buf size: 3888
06-27 12:51:04.255   789  1760 D android.hardware.audio.service: pktzr_resp_cb: opcode = 0xd size = 3876 token = 141
06-27 12:51:04.255   789  1760 D android.hardware.audio.service: pktzr_resp_cb: token 141 matched
06-27 12:51:04.256   789  9293 D android.hardware.audio.service: pktzr_send_cmd: opcode = 0xc, size = 24, token = 143
06-27 12:51:04.257   943  3796 I ConfigStore: vendor::qti::hardware::audiohalext::V1_0::IAudioHalExt::getApmConfigs retrieved:  (default)
06-27 12:51:04.257   943  3796 D AudioPolicyManagerCustom: startInput: setCaptureState true for sva
06-27 12:51:04.258  1919  8333 I SoundTriggerMiddlewareLogging: setCaptureState[this=com.android.server.soundtrigger_middleware.SoundTriggerMiddlewareImpl@5173254, caller=1041/943](true)
06-27 12:51:04.258   943  3796 D AudioPolicyManagerCustom: startInput input 70 source = 1999 exit
06-27 12:51:04.258   943  3796 I ConfigStore: vendor::qti::hardware::audiohalext::V1_0::IAudioHalExt::getApmConfigs retrieved:  (default)
