06-27 12:30:06.471   885 10843 I vendor.qti.hardware.servicetracker@1.2-service: size of service connections for service: com.google.android.gms/.measurement.service.MeasurementBrokerServiceafter removal is 5
06-27 12:30:06.471   885 10843 I vendor.qti.hardware.servicetracker@1.2-service: size of service connections for service: com.google.android.gms/.chimera.GmsApiServiceafter removal is 6
06-27 12:30:06.471   885 10843 I vendor.qti.hardware.servicetracker@1.2-service: removing client with pid 19291process namecom.myntra.android
06-27 12:30:06.472   885 10843 I vendor.qti.hardware.servicetracker@1.2-service: destroyService is called for service : com.myntra.android/.notifications.services.MyntraFirebaseMessagingService
06-27 12:30:06.472   885 10843 I vendor.qti.hardware.servicetracker@1.2-service: destroyService is called for service : com.myntra.android/com.google.firebase.sessions.SessionLifecycleService
06-27 12:30:06.472  8346  8389 I com.xiaomi.xms: oneway function results will be dropped but finished with status UNKNOWN_TRANSACTION and parcel size 0
06-27 12:30:06.472  1919  2134 I libprocessgroup: Successfully killed process cgroup uid 10251 pid 19291 in 112ms
06-27 12:30:06.477  1919  2385 I MiuiNetworkPolicy: removeUidState uid = 10251
06-27 12:30:06.531 20746 20942 W MDCLLight: Failed to load class from parent: com.fasterxml.jackson.databind.ext.Java7SupportImpl
06-27 12:30:06.531 20746 20942 W MDCLLight: java.lang.ClassNotFoundException: com.fasterxml.jackson.databind.ext.Java7SupportImpl
06-27 12:30:06.531 20746 20942 W MDCLLight: 	at java.lang.Class.classForName(Native Method)
06-27 12:30:06.531 20746 20942 W MDCLLight: 	at java.lang.BootClassLoader.findClass(ClassLoader.java:1358)
06-27 12:30:06.531 20746 20942 W MDCLLight: 	at java.lang.BootClassLoader.loadClass(ClassLoader.java:1418)
06-27 12:30:06.531 20746 20942 W MDCLLight: 	at java.lang.ClassLoader.loadClass(ClassLoader.java:312)
06-27 12:30:06.531 20746 20942 W MDCLLight: 	at com.facebook.common.dextricks.MultiDexClassLoaderLight.loadFromParent(:4)
06-27 12:30:06.531 20746 20942 W MDCLLight: 	at com.facebook.common.dextricks.MultiDexClassLoaderLight.loadClass(:38)
06-27 12:30:06.531 20746 20942 W MDCLLight: 	at java.lang.ClassLoader.loadClass(ClassLoader.java:367)
06-27 12:30:06.531 20746 20942 W MDCLLight: 	at java.lang.ClassLoader.loadClass(ClassLoader.java:312)
06-27 12:30:06.531 20746 20942 W MDCLLight: 	at java.lang.Class.classForName(Native Method)
06-27 12:30:06.531 20746 20942 W MDCLLight: 	at java.lang.Class.forName(Class.java:454)
06-27 12:30:06.531 20746 20942 W MDCLLight: 	at java.lang.Class.forName(Class.java:379)
06-27 12:30:06.531 20746 20942 W MDCLLight: 	at X.7yH.<clinit>(:2)
06-27 12:30:06.531 20746 20942 W MDCLLight: 	at X.7yF.<clinit>(:38)
06-27 12:30:06.531 20746 20942 W MDCLLight: 	at X.7yC.<clinit>(:0)
06-27 12:30:06.531 20746 20942 W MDCLLight: 	at X.4Ta.parseFromJson(:784)
06-27 12:30:06.531 20746 20942 W MDCLLight: 	at X.4Ta.parseFromJson(:579)
06-27 12:30:06.531 20746 20942 W MDCLLight: 	at X.5tH.parseFromJson(:8858)
06-27 12:30:06.531 20746 20942 W MDCLLight: 	at X.7sh.run(:334)
06-27 12:30:06.531 20746 20942 W MDCLLight: 	at X.3ld.run(:25)
06-27 12:30:06.531 20746 20942 W MDCLLight: 	at X.3lh.run(:43)
06-27 12:30:06.531 20746 20942 W MDCLLight: 	at X.3ld.run(:25)
06-27 12:30:06.531 20746 20942 W MDCLLight: 	at X.3ld.run(:25)
06-27 12:30:06.531 20746 20942 W MDCLLight: 	at X.3lo.A00(:110)
06-27 12:30:06.531 20746 20942 W MDCLLight: 	at X.3lo.run(:108)
06-27 12:30:06.531 20746 20942 W MDCLLight: Caused by: java.lang.NoClassDefFoundError: Class not found using the boot class loader; no stack trace available
06-27 12:30:06.531 20746 20942 W MDCLLight: Trying to fallback load dexcom.fasterxml.jackson.databind.ext.Java7SupportImpl moduleHint = null
06-27 12:30:06.531 20746 20942 E MDCLLight: Fallback load dex failed for com.fasterxml.jackson.databind.ext.Java7SupportImpl
06-27 12:30:06.602 20746 20942 E PendingMediaStoreSerializer: finish reading pending media 
06-27 12:30:06.602 20746 20942 E PendingMediaStoreSerializer: Set the submedia on albums
06-27 12:30:06.602 20746 20942 E PendingMediaStoreSerializer: Set the submedia on post threads
06-27 12:30:06.602 20746 20942 E PendingMediaStoreSerializer: Set the submedia on story templates
06-27 12:30:06.602 20746 20942 E PendingMediaStoreSerializer: deserialize is done. start calling callbacks
06-27 12:30:06.602 20746 20942 E PendingMediaStoreSerializer: deserialize end
06-27 12:30:06.603 20746 20746 E PendingMediaStoreSerializer: wait for deserialization lock
06-27 12:30:06.603 20746 20746 E PendingMediaStoreSerializer: calling callbacks
06-27 12:30:06.660   885   937 I vendor.qti.hardware.servicetracker@1.2-service: unbindService is called for service : com.google.android.gms/.auth.GetToken and for client com.google.android.googlequicksearchbox:googleapp
06-27 12:30:06.660   885   937 I vendor.qti.hardware.servicetracker@1.2-service: size of service connections for service: com.google.android.gms/.auth.GetTokenafter removal is 1
06-27 12:30:06.660   885   937 I vendor.qti.hardware.servicetracker@1.2-service: size of client connections for client: com.google.android.googlequicksearchbox:googleappafter removal is 6
06-27 12:30:06.677  7088 10777 I com.miui.daemo: oneway function results will be dropped but finished with status OK and parcel size 4
06-27 12:30:06.677  7088 10777 I com.miui.daemo: oneway function results will be dropped but finished with status OK and parcel size 4
06-27 12:30:06.759   885   937 I vendor.qti.hardware.servicetracker@1.2-service: unbindService is called for service : com.google.android.gms/.auth.GetToken and for client com.android.chrome
06-27 12:30:06.759   885   937 I vendor.qti.hardware.servicetracker@1.2-service: size of service connections for service: com.google.android.gms/.auth.GetTokenafter removal is 0
06-27 12:30:06.759   885   937 I vendor.qti.hardware.servicetracker@1.2-service: size of client connections for client: com.android.chromeafter removal is 6
06-27 12:30:06.760   885   937 I vendor.qti.hardware.servicetracker@1.2-service: destroyService is called for service : com.google.android.gms/.auth.GetToken
06-27 12:30:07.333 20746 21174 W IgMetaConfig: Could not obtain MC: not_user_session session=X.3eq@d098e34
06-27 12:30:07.333 20746 21174 W IgMetaConfig: java.lang.RuntimeException: Could not obtain MC, call-site will receive default values
06-27 12:30:07.333 20746 21174 W IgMetaConfig: 	at X.4mp.A06(:4)
06-27 12:30:07.333 20746 21174 W IgMetaConfig: 	at X.4mp.A05(:8)
06-27 12:30:07.333 20746 21174 W IgMetaConfig: 	at X.4mp.A03(:2)
06-27 12:30:07.333 20746 21174 W IgMetaConfig: 	at X.3a8.A00(:8)
06-27 12:30:07.333 20746 21174 W IgMetaConfig: 	at X.3a8.A03(:8)
06-27 12:30:07.333 20746 21174 W IgMetaConfig: 	at X.9tj.run(:7)
06-27 12:30:07.333 20746 21174 W IgMetaConfig: 	at X.3ld.run(:25)
06-27 12:30:07.333 20746 21174 W IgMetaConfig: 	at android.os.Handler.handleCallback(Handler.java:938)
06-27 12:30:07.333 20746 21174 W IgMetaConfig: 	at android.os.Handler.dispatchMessage(Handler.java:99)
06-27 12:30:07.333 20746 21174 W IgMetaConfig: 	at android.os.Looper.loop(Looper.java:236)
06-27 12:30:07.333 20746 21174 W IgMetaConfig: 	at android.os.HandlerThread.run(HandlerThread.java:67)
06-27 12:30:07.490 20476 20495 I .android.chrom: Waiting for a blocking GC ProfileSaver
06-27 12:30:07.506 20476 20495 I .android.chrom: ProcessProfilingInfo new_methods=194 is saved saved_to_disk=1 resolve_classes_delay=8000
06-27 12:30:07.512   885   937 I vendor.qti.hardware.servicetracker@1.2-service: unbindService is called for service : com.google.android.gms/.chimera.GmsBoundBrokerService and for client com.miui.android.fashiongallery
06-27 12:30:07.526  7088  7120 I com.miui.daemo: oneway function results will be dropped but finished with status OK and parcel size 4
06-27 12:30:07.527  7088  7120 I com.miui.daemo: oneway function results will be dropped but finished with status OK and parcel size 4
06-27 12:30:07.552   885   937 I vendor.qti.hardware.servicetracker@1.2-service: unbindService is called for service : com.google.android.gms/.chimera.GmsBoundBrokerService and for client com.miui.android.fashiongallery
06-27 12:30:07.552   885   937 I vendor.qti.hardware.servicetracker@1.2-service: size of service connections for service: com.google.android.gms/.chimera.GmsBoundBrokerServiceafter removal is 8
06-27 12:30:07.552   885   937 I vendor.qti.hardware.servicetracker@1.2-service: size of client connections for client: com.miui.android.fashiongalleryafter removal is 3
06-27 12:30:07.552   885   937 I vendor.qti.hardware.servicetracker@1.2-service: unbindService is called for service : com.google.android.gms/.chimera.PersistentDirectBootAwareApiService and for client com.miui.android.fashiongallery
06-27 12:30:07.552   885   937 I vendor.qti.hardware.servicetracker@1.2-service: size of service connections for service: com.google.android.gms/.chimera.PersistentDirectBootAwareApiServiceafter removal is 21
06-27 12:30:07.552   885   937 I vendor.qti.hardware.servicetracker@1.2-service: size of client connections for client: com.miui.android.fashiongalleryafter removal is 2
06-27 12:30:07.648   885   937 I vendor.qti.hardware.servicetracker@1.2-service: bindService is called for service : com.google.android.gms/.chimera.PersistentDirectBootAwareApiService and for client com.miui.android.fashiongallery
06-27 12:30:07.648   885   937 I vendor.qti.hardware.servicetracker@1.2-service: total connections for service : com.google.android.gms/.chimera.PersistentDirectBootAwareApiServiceare :22
06-27 12:30:07.648   885   937 I vendor.qti.hardware.servicetracker@1.2-service: total connections for client : com.miui.android.fashiongalleryare :3
06-27 12:30:07.855 19231 21375 E FilePhenotypeFlags: Config package com.google.android.gms.clearcut_client#com.miui.android.fashiongallery cannot use FILE backing without declarative registration. See go/phenotype-android-integration#phenotype for more information. This will lead to stale flags.
06-27 12:30:07.907 19231 21375 E FilePhenotypeFlags: Config package com.google.android.gms.clearcut_client#com.miui.android.fashiongallery cannot use FILE backing without declarative registration. See go/phenotype-android-integration#phenotype for more information. This will lead to stale flags.
06-27 12:30:07.909   885   937 I vendor.qti.hardware.servicetracker@1.2-service: bindService is called for service : com.google.android.gms/.chimera.PersistentApiService and for client com.miui.android.fashiongallery
06-27 12:30:07.909   885   937 I vendor.qti.hardware.servicetracker@1.2-service: total connections for service : com.google.android.gms/.chimera.PersistentApiServiceare :18
06-27 12:30:07.910   885   937 I vendor.qti.hardware.servicetracker@1.2-service: total connections for client : com.miui.android.fashiongalleryare :4
06-27 12:30:07.917  1919  6942 E TaskPersister: File error accessing recents directory (directory doesn't exist?).
06-27 12:30:07.970 20746 20823 I stagram.androi: Waiting for a blocking GC ProfileSaver
06-27 12:30:07.979 20746 20823 I stagram.androi: WaitForGcToComplete blocked ProfileSaver on RunEmptyCheckpoint for 9.755ms
06-27 12:30:08.053 20746 20765 I stagram.androi: WaitForGcToComplete blocked Background on ProfileSaver for 37.886ms
06-27 12:30:08.197   885   937 I vendor.qti.hardware.servicetracker@1.2-service: unbindService is called for service : com.truecaller/.messaging.data.MessagesDataService and for client system
06-27 12:30:08.197   885   937 I vendor.qti.hardware.servicetracker@1.2-service: size of service connections for service: com.truecaller/.messaging.data.MessagesDataServiceafter removal is 0
06-27 12:30:08.197   885   937 I vendor.qti.hardware.servicetracker@1.2-service: size of client connections for client: systemafter removal is 23
06-27 12:30:08.199   885   937 I vendor.qti.hardware.servicetracker@1.2-service: destroyService is called for service : com.truecaller/.messaging.data.MessagesDataService
06-27 12:30:08.209  1919  7657 I ActivityManager: Killing 19855:sun.way2sms.hyd.com/u0a257 (adj 975): empty #17
06-27 12:30:08.209   969   969 W SurfaceFlingerInspector: slow HwComposer, duration=5s, total=358, timeOut=7, Max=10ms, timeOutAvg=6ms.
06-27 12:30:08.210  1919  7657 I Process : PerfMonitor : current process sending signal quiet. PID: 19855 SIG: 9
06-27 12:30:08.211  1919  2134 I Process : PerfMonitor : current process killing process group. PID: 19855
06-27 12:30:08.212   879   879 I ANDR-PERF-LM: LMPerfGlue: perfmodule_submit_request() 132: perfmodule_submit_request()
06-27 12:30:08.212   879   879 I ANDR-PERF-LM: Core: getInstance() 84: LM getInstance
06-27 12:30:08.212   879   879 I ANDR-PERF-LM: WQ: push() 59: LMTriggerQ push() size=0
06-27 12:30:08.212   879   879 I ANDR-PERF-LM: WQ: push() 61: LMTriggerQ push() done size=1
06-27 12:30:08.212   879   984 I ANDR-PERF-LM: WQ: pop() 42: LMTriggerQ pop() done size=0
06-27 12:30:08.212  1919  7657 I ActivityManager: Killing 19470:com.twitter.android/u0a274 (adj 945): empty #18
06-27 12:30:08.212   879   984 I ANDR-PERF-LM: Core: lmMain() 373: Waiting on trigger Queue
06-27 12:30:08.212   879   984 I ANDR-PERF-LM: WQ: pop() 31: LMTriggerQ pop() size=0
06-27 12:30:08.212  1919  7657 I Process : PerfMonitor : current process sending signal quiet. PID: 19470 SIG: 9
06-27 12:30:08.213   879   879 I ANDR-PERF-LM: LMPerfGlue: perfmodule_submit_request() 132: perfmodule_submit_request()
06-27 12:30:08.213   879   879 I ANDR-PERF-LM: Core: getInstance() 84: LM getInstance
06-27 12:30:08.213   879   879 I ANDR-PERF-LM: WQ: push() 59: LMTriggerQ push() size=0
06-27 12:30:08.213   879   879 I ANDR-PERF-LM: WQ: push() 61: LMTriggerQ push() done size=1
06-27 12:30:08.213   879   984 I ANDR-PERF-LM: WQ: pop() 42: LMTriggerQ pop() done size=0
06-27 12:30:08.213   879   984 I ANDR-PERF-LM: Core: lmMain() 373: Waiting on trigger Queue
06-27 12:30:08.213   879   984 I ANDR-PERF-LM: WQ: pop() 31: LMTriggerQ pop() size=0
06-27 12:30:08.214  1919  2385 I MiuiNetworkPolicy: updateUidState uid = 10287, uidState = 19
06-27 12:30:08.214  1919  2385 I MiuiNetworkPolicy: updateUidState uid = 99003, uidState = 19
06-27 12:30:08.216 20519 20540 V ClearcutMetricXmitter: Transmission is done.
06-27 12:30:08.229 20746 21217 W SoLoader: SoLoader already initialized
06-27 12:30:08.230 20746 21216 W IgMetaConfig: Could not obtain MC: not_user_session session=X.3eq@d098e34
06-27 12:30:08.230 20746 21216 W IgMetaConfig: java.lang.RuntimeException: Could not obtain MC, call-site will receive default values
06-27 12:30:08.230 20746 21216 W IgMetaConfig: 	at X.4mp.A06(:4)
06-27 12:30:08.230 20746 21216 W IgMetaConfig: 	at X.4mp.A05(:8)
06-27 12:30:08.230 20746 21216 W IgMetaConfig: 	at X.4mp.A03(:2)
06-27 12:30:08.230 20746 21216 W IgMetaConfig: 	at X.3a8.A00(:8)
06-27 12:30:08.230 20746 21216 W IgMetaConfig: 	at X.3a8.A03(:8)
06-27 12:30:08.230 20746 21216 W IgMetaConfig: 	at X.8yf.A00(:6)
06-27 12:30:08.230 20746 21216 W IgMetaConfig: 	at X.9kx.G2I(:63)
06-27 12:30:08.230 20746 21216 W IgMetaConfig: 	at X.9qn.handleMessage(:63)
06-27 12:30:08.230 20746 21216 W IgMetaConfig: 	at android.os.Handler.dispatchMessage(Handler.java:106)
06-27 12:30:08.230 20746 21216 W IgMetaConfig: 	at android.os.Looper.loop(Looper.java:236)
06-27 12:30:08.230 20746 21216 W IgMetaConfig: 	at android.os.HandlerThread.run(HandlerThread.java:67)
06-27 12:30:08.233 20746 20746 W SWPool3_t1of1: type=1400 audit(0.0:3330): avc: granted { execute } for path="/data/data/com.instagram.android/lib-compressed/libbreakpad-fatal-java-exception-description-handler-jni.so" dev="sda31" ino=6801462 scontext=u:r:untrusted_app:s0:c8,c257,c512,c768 tcontext=u:object_r:app_data_file:s0:c8,c257,c512,c768 tclass=file app=com.instagram.android
06-27 12:30:08.256 20746 20942 E msys    : E[N mns]_MNSTLSContextCreate(225)=>NORI: MBEDTLS_VERSION_MAJOR >= 3
06-27 12:30:08.257 20746 20942 E msys    : E[N mns]_MNSTLSContextCreate(225)=>NORI: MBEDTLS_VERSION_MAJOR >= 3
06-27 12:30:08.257 20746 20942 W DGWClientHolder: DGWClientConfig IG4A\B4A: {deviceOS:android,isWorkBuild:false,appVersion:385.0.0.47.74,appId:567067343352427,streamIdleTimeoutMs:1800000,responseCompression:,enableHTTP3:false,zeroRatingEnabled:false,zeroUrlRewritingV2Enabled:false,gatewayDomain:gateway.instagram.com,streamGroupPingPeriod:0,streamGroupPingTimeout:0,streamGroupStopBgPingDelay:0,debugCallbackCrashes2:true,useCachedStreamGroupsStatus:false,closeNetworkConnectionOnTimeout:true,connectivityManagerOptions:{enablePingInBackground:true,bgPingIntervalMs:60000,pingIntervalInMs:{HIGH:0,MID:0,LOW:0,DEFAULT:60000},pingTimeoutInMs:{HIGH:0,MID:0,LOW:0,DEFAULT:5000},pingLatencyInMs:{HIGH:0, MID:0},skipPingAfterIngressTraffic:true,disablePingWhileNoActiveStream:false,sendPingOnAppForeground:false,pingTrafficTracingSamplingRate:0,initAppStateAsBackground:true,ignoreOnNetworkDisconnectedSignalForPing:true,initialUnreachableDelayFastMode:1000,ignoreOnNetworkDisconnectedSignalAndSendPing:false,markDisconnectedInBackground:false,shouldSetNotStartedOnFg:false,enableNetworkMonitorV2:false,extendedFgIntervalSeconds:120,useExtendedFgInterval:false,disableTransportInitFromNetworkMonitor:false,useExtendedFgIntervalNetworkChangeOnly:false},personalizationConfig:{enabled:false,streamEstablishmentLatencyInMs:{HIGH:0, MID:0},streamEstablishmentTimeoutInSeconds:{HIGH:10,MID:10,LOW:10,DEFAULT:30},publishTimeoutInSeconds:{HIGH:10,MID:10,LOW:10,DEFAULT:10},resetPersonalizationClassOnTimeout:false,sgConnectTimeoutInSeconds:{HIGH:0,MID:0,LOW:0,DEFAULT:0},sgPingTimeoutInSeconds:{HIGH:0,MID:0,LOW:0,DEFAULT:0},tunnelConnectTimeoutInSeconds:{HIGH:0,MID:0,LOW:0,DEFAULT:0},tunnelConnectAckTimeoutInSeconds:{HIGH:0,MID:0,LOW:0,DEFAULT:0},trackSgDataLatency:false},eagerStreamGroupEnabled:false,bufferRequestWhileConnectivityNotStarted:false,keepStreamGroupAliveAfterLastStream:false,enableFetchRegionHintFromWww:false,regionHintCacheTtlHours:0,matchMqttWakeup:false,enableTunnelRetriableLayer:true,useExecutorProxies:false,avoidCopyingBuffer:false,fallbackConfig:null,retryableLayerConfig:{useStreamGroupsForConnectivity: false, maxRetries: 10, connectTimeoutSeconds: 10, bgTeardownDelaySeconds: 0, connectSchedulerConfig: {numberOfFastModeRetries: 2, initialUnreachableDelayFastMode: 200, additionalBackgroundDelayFastMode: 100, additionalDelayPerTryFastMode: 100, initialReachableDelayBackOffMode: 500, initialUnreachableDelayBackOffMode: 1000, additionalBackgroundDelayBackOffMode: 300, maxDelayBackOffMode: 40000, randomizeFactorBackOffModeEnabled: true, triesOffsetBackOffMode: 0}, closeConnectionOnNetworkInterfaceChange: true, closeConnectionOnSuspended: false},enableEligibilityHashHeader:false,userAgent:,removeAsyncExecutorFromTunnelNetworkCallbacks:false,enableCallingSgErrorOnlyOnceInSgt:false,msysStreamGroupTransportSampleRate:0,msysStreamLifecycleSampleRate:0,msysNotifyStreamGroupOnPubAckTimeout:false,closeNetworkRequestOnTunnelStreamDestruct:true,useMSG_NOSIGNALForAndroid:false,allowRetriableWithConnectivityAwareLayer:false,msysBufferRequestWhileNoConnectivity:true, disableRetriableLayer:false, disableCancellationForTigonRequests:false, msysBufferRequestWhileConnectivityNotStarted:true}
06-27 12:30:08.257 20746 20942 W DGWClientHolder: DGWMNSConfig IG4A\B4A: MNSDGWNetworkStackConfig: dnsCacheDir:/data/user/0/com.instagram.android/files/android_ig_mns_dgw_dns_cache, quicEnabled:false, quicIdleTimeoutSec:1800, quicKeepAliveTimeoutSec:25, quicHandshakeTimeoutSec:5, http2PingIntervalSec:30, http2MaxRequestsPerConnection:0, userAgent:Instagram 385.0.0.47.74 Android (30/11; 440dpi; 1080x2296; Xiaomi; Redmi K20 Pro; raphaelin; qcom; en_IN; 750732695), enableQuicEarlyData:false, tcpDelayMs:200, tcpHappyEyeballsDelayMs:150, tcpConnectTimeoutSec:30, highPriorityEvLoopThread:false, enableHttpVersionCache:false, quicKnobs:, trustSandboxCertificates:false, useMvfstMobileLibrary:true, enableQlog:false, maxQlogLines:500, mvfstUseHandshakeTimeout:false, preferIPv6ForBothTCPAndQUIC:false, closeWhenNoRequests:false,  useMSG_NOSIGNALForAndroid:true, closeConnectionThrottlingWindowMs:0
06-27 12:30:08.284 20746 20943 W DirectSQLiteDiskIO: Retrieving the inbox from SQLite took 2549 ms
06-27 12:30:08.308 20746 21373 W DirectSQLiteDiskIO: retrieveRemainingInboxFromDisk
06-27 12:30:08.316 20746 21373 W DirectSQLiteDiskIO: Fetched 5 raw threads and 15 messages from disk
06-27 12:30:08.320   885   937 I vendor.qti.hardware.servicetracker@1.2-service: unbindService is called for service : com.google.android.gms/.measurement.service.MeasurementBrokerService and for client in.startv.hotstar
06-27 12:30:08.320   885   937 I vendor.qti.hardware.servicetracker@1.2-service: size of service connections for service: com.google.android.gms/.measurement.service.MeasurementBrokerServiceafter removal is 4
06-27 12:30:08.320   885   937 I vendor.qti.hardware.servicetracker@1.2-service: size of client connections for client: in.startv.hotstarafter removal is 2
06-27 12:30:08.324 20746 21399 W MqttDozeAwareClientWrapper: Doze mode disabled. Starting client
06-27 12:30:08.342  1919  2478 D SlaveWifiManager: getWifiSlaveConnectionInfo
06-27 12:30:08.345  1919  2478 I chatty  : uid=1000(system) ConnectivitySer identical 78 lines
06-27 12:30:08.345  1919  2478 D SlaveWifiManager: getWifiSlaveConnectionInfo
06-27 12:30:08.350 20746 21221 W RealtimeClientManager: Channel state: MqttChannelState{mConnectionState=CONNECTING, mDisconnectionReason=null, mLastConnectionMs=0, mLastDisconnectMs=0}
06-27 12:30:08.362  1560  1560 I cnss-daemon: nl80211 response handler invoked
06-27 12:30:08.362  1560  1560 I cnss-daemon: nl80211_response_handler: cmd 103, vendorID 4980, subcmd 13  received
06-27 12:30:08.362   847  2607 I WifiHAL : event received NL80211_CMD_VENDOR, vendor_id = 0x1374, subcmd = 0xd
06-27 12:30:08.372 20746 21221 W RealtimeClientManager: Channel state: MqttChannelState{mConnectionState=CONNECTED, mDisconnectionReason=null, mLastConnectionMs=0, mLastDisconnectMs=0}
06-27 12:30:08.384 20746 20942 E msys    : E[N mns]_MNSTLSContextCreate(225)=>NORI: MBEDTLS_VERSION_MAJOR >= 3
06-27 12:30:08.385 20746 20942 E msys    : E[N mns]_MNSTLSContextCreate(225)=>NORI: MBEDTLS_VERSION_MAJOR >= 3
06-27 12:30:08.385 20746 20942 W DGWClientHolder: DGWClientConfig IG4A\B4A: {deviceOS:android,isWorkBuild:false,appVersion:385.0.0.47.74,appId:567067343352427,streamIdleTimeoutMs:1800000,responseCompression:,enableHTTP3:false,zeroRatingEnabled:false,zeroUrlRewritingV2Enabled:false,gatewayDomain:gateway.instagram.com,streamGroupPingPeriod:0,streamGroupPingTimeout:0,streamGroupStopBgPingDelay:0,debugCallbackCrashes2:true,useCachedStreamGroupsStatus:false,closeNetworkConnectionOnTimeout:true,connectivityManagerOptions:{enablePingInBackground:true,bgPingIntervalMs:60000,pingIntervalInMs:{HIGH:0,MID:0,LOW:0,DEFAULT:60000},pingTimeoutInMs:{HIGH:0,MID:0,LOW:0,DEFAULT:5000},pingLatencyInMs:{HIGH:0, MID:0},skipPingAfterIngressTraffic:true,disablePingWhileNoActiveStream:false,sendPingOnAppForeground:false,pingTrafficTracingSamplingRate:0,initAppStateAsBackground:true,ignoreOnNetworkDisconnectedSignalForPing:true,initialUnreachableDelayFastMode:1000,ignoreOnNetworkDisconnectedSignalAndSendPing:false,markDisconnectedInBackground:false,shouldSetNotStartedOnFg:false,enableNetworkMonitorV2:false,extendedFgIntervalSeconds:120,useExtendedFgInterval:false,disableTransportInitFromNetworkMonitor:false,useExtendedFgIntervalNetworkChangeOnly:false},personalizationConfig:{enabled:false,streamEstablishmentLatencyInMs:{HIGH:0, MID:0},streamEstablishmentTimeoutInSeconds:{HIGH:10,MID:10,LOW:10,DEFAULT:30},publishTimeoutInSeconds:{HIGH:10,MID:10,LOW:10,DEFAULT:10},resetPersonalizationClassOnTimeout:false,sgConnectTimeoutInSeconds:{HIGH:0,MID:0,LOW:0,DEFAULT:0},sgPingTimeoutInSeconds:{HIGH:0,MID:0,LOW:0,DEFAULT:0},tunnelConnectTimeoutInSeconds:{HIGH:0,MID:0,LOW:0,DEFAULT:0},tunnelConnectAckTimeoutInSeconds:{HIGH:0,MID:0,LOW:0,DEFAULT:0},trackSgDataLatency:false},eagerStreamGroupEnabled:false,bufferRequestWhileConnectivityNotStarted:false,keepStreamGroupAliveAfterLastStream:false,enableFetchRegionHintFromWww:false,regionHintCacheTtlHours:0,matchMqttWakeup:false,enableTunnelRetriableLayer:true,useExecutorProxies:false,avoidCopyingBuffer:false,fallbackConfig:null,retryableLayerConfig:{useStreamGroupsForConnectivity: false, maxRetries: 10, connectTimeoutSeconds: 10, bgTeardownDelaySeconds: 0, connectSchedulerConfig: {numberOfFastModeRetries: 2, initialUnreachableDelayFastMode: 200, additionalBackgroundDelayFastMode: 100, additionalDelayPerTryFastMode: 100, initialReachableDelayBackOffMode: 500, initialUnreachableDelayBackOffMode: 1000, additionalBackgroundDelayBackOffMode: 300, maxDelayBackOffMode: 40000, randomizeFactorBackOffModeEnabled: true, triesOffsetBackOffMode: 0}, closeConnectionOnNetworkInterfaceChange: true, closeConnectionOnSuspended: false},enableEligibilityHashHeader:false,userAgent:,removeAsyncExecutorFromTunnelNetworkCallbacks:false,enableCallingSgErrorOnlyOnceInSgt:false,msysStreamGroupTransportSampleRate:0,msysStreamLifecycleSampleRate:0,msysNotifyStreamGroupOnPubAckTimeout:false,closeNetworkRequestOnTunnelStreamDestruct:true,useMSG_NOSIGNALForAndroid:false,allowRetriableWithConnectivityAwareLayer:false,msysBufferRequestWhileNoConnectivity:true, disableRetriableLayer:false, disableCancellationForTigonRequests:false, msysBufferRequestWhileConnectivityNotStarted:true}
06-27 12:30:08.385 20746 20942 W DGWClientHolder: DGWMNSConfig IG4A\B4A: MNSDGWNetworkStackConfig: dnsCacheDir:/data/user/0/com.instagram.android/files/android_ig_mns_dgw_dns_cache, quicEnabled:false, quicIdleTimeoutSec:1800, quicKeepAliveTimeoutSec:25, quicHandshakeTimeoutSec:5, http2PingIntervalSec:30, http2MaxRequestsPerConnection:0, userAgent:Instagram 385.0.0.47.74 Android (30/11; 440dpi; 1080x2296; Xiaomi; Redmi K20 Pro; raphaelin; qcom; en_IN; 750732695), enableQuicEarlyData:false, tcpDelayMs:200, tcpHappyEyeballsDelayMs:150, tcpConnectTimeoutSec:30, highPriorityEvLoopThread:false, enableHttpVersionCache:false, quicKnobs:, trustSandboxCertificates:false, useMvfstMobileLibrary:true, enableQlog:false, maxQlogLines:500, mvfstUseHandshakeTimeout:false, preferIPv6ForBothTCPAndQUIC:false, closeWhenNoRequests:false,  useMSG_NOSIGNALForAndroid:true, closeConnectionThrottlingWindowMs:0
06-27 12:30:08.395   879   879 I ANDR-PERF-LM: LMPerfGlue: perfmodule_submit_request() 132: perfmodule_submit_request()
06-27 12:30:08.395   879   879 I ANDR-PERF-LM: Core: getInstance() 84: LM getInstance
06-27 12:30:08.395   879   879 I ANDR-PERF-LM: WQ: push() 59: LMTriggerQ push() size=0
06-27 12:30:08.395   879   879 I ANDR-PERF-LM: WQ: push() 61: LMTriggerQ push() done size=1
06-27 12:30:08.395   879   984 I ANDR-PERF-LM: WQ: pop() 42: LMTriggerQ pop() done size=0
06-27 12:30:08.395   879   984 I ANDR-PERF-LM: Core: lmMain() 373: Waiting on trigger Queue
06-27 12:30:08.395   879   984 I ANDR-PERF-LM: WQ: pop() 31: LMTriggerQ pop() size=0
06-27 12:30:08.395   698   698 I Zygote  : Process 19855 exited due to signal 9 (Killed)
06-27 12:30:08.396  1919  2134 I libprocessgroup: Successfully killed process cgroup uid 10257 pid 19855 in 184ms
06-27 12:30:08.396  1919  2134 I Process : PerfMonitor : current process killing process group. PID: 19470
06-27 12:30:08.396   885   937 I vendor.qti.hardware.servicetracker@1.2-service: killProcess is called for pid : 19855
06-27 12:30:08.396   885   937 I vendor.qti.hardware.servicetracker@1.2-service: process with pid 19855 is service
06-27 12:30:08.396   885   937 I vendor.qti.hardware.servicetracker@1.2-service: size of client connections for client: sun.way2sms.hyd.comafter removal is 0
06-27 12:30:08.396   885   937 I vendor.qti.hardware.servicetracker@1.2-service: process with pid 19855 is client
06-27 12:30:08.396   885   937 I vendor.qti.hardware.servicetracker@1.2-service: removing client with pid 19855process namesun.way2sms.hyd.com
06-27 12:30:08.396   885   937 I vendor.qti.hardware.servicetracker@1.2-service: destroyService is called for service : sun.way2sms.hyd.com/.services.MyFirebaseMessagingService
06-27 12:30:08.397  1919  7212 W ANRStateManager: clear state, but process isn't exist. hash=257574497 uid=10257 pid=19855 state=16
06-27 12:30:08.398  8346  8389 I com.xiaomi.xms: oneway function results will be dropped but finished with status UNKNOWN_TRANSACTION and parcel size 0
06-27 12:30:08.401  1919  2385 I MiuiNetworkPolicy: removeUidState uid = 10257
06-27 12:30:08.504   879   879 I ANDR-PERF-LM: LMPerfGlue: perfmodule_submit_request() 132: perfmodule_submit_request()
06-27 12:30:08.504   879   879 I ANDR-PERF-LM: Core: getInstance() 84: LM getInstance
06-27 12:30:08.504   879   879 I ANDR-PERF-LM: WQ: push() 59: LMTriggerQ push() size=0
06-27 12:30:08.504   879   879 I ANDR-PERF-LM: WQ: push() 61: LMTriggerQ push() done size=1
06-27 12:30:08.504   879   984 I ANDR-PERF-LM: WQ: pop() 42: LMTriggerQ pop() done size=0
06-27 12:30:08.504   879   984 I ANDR-PERF-LM: Core: lmMain() 373: Waiting on trigger Queue
06-27 12:30:08.504   879   984 I ANDR-PERF-LM: WQ: pop() 31: LMTriggerQ pop() size=0
06-27 12:30:08.507   885  2734 I vendor.qti.hardware.servicetracker@1.2-service: killProcess is called for pid : 19470
06-27 12:30:08.507   885  2734 I vendor.qti.hardware.servicetracker@1.2-service: process with pid 19470 is service
06-27 12:30:08.507   885  2734 I vendor.qti.hardware.servicetracker@1.2-service: size of client connections for client: com.twitter.androidafter removal is 7
06-27 12:30:08.507   885  2734 I vendor.qti.hardware.servicetracker@1.2-service: process with pid 19470 is service
06-27 12:30:08.507   885  2734 I vendor.qti.hardware.servicetracker@1.2-service: size of client connections for client: com.twitter.androidafter removal is 6
06-27 12:30:08.507   885  2734 I vendor.qti.hardware.servicetracker@1.2-service: process with pid 19470 is client
06-27 12:30:08.507   885  2734 I vendor.qti.hardware.servicetracker@1.2-service: size of service connections for service: com.google.android.gms/com.google.android.location.internal.GoogleLocationManagerServiceafter removal is 3
06-27 12:30:08.507   885  2734 I vendor.qti.hardware.servicetracker@1.2-service: size of service connections for service: com.google.android.gms/.chimera.PersistentDirectBootAwareApiServiceafter removal is 21
06-27 12:30:08.507   885  2734 I vendor.qti.hardware.servicetracker@1.2-service: size of service connections for service: com.google.android.gms/.chimera.PersistentApiServiceafter removal is 17
06-27 12:30:08.507   885  2734 I vendor.qti.hardware.servicetracker@1.2-service: removing client with pid 19470process namecom.twitter.android
06-27 12:30:08.507   885  2734 I vendor.qti.hardware.servicetracker@1.2-service: destroyService is called for service : com.twitter.android/org.chromium.content.app.SandboxedProcessService0:0
06-27 12:30:08.508   885  2734 I vendor.qti.hardware.servicetracker@1.2-service: destroyService is called for service : com.twitter.android/com.google.firebase.sessions.SessionLifecycleService
06-27 12:30:08.508   885 10843 I vendor.qti.hardware.servicetracker@1.2-service: destroyService is called for service : com.twitter.android/com.twitter.notification.service.firebase.TwitterFirebaseMessagingService
06-27 12:30:08.508  1919  3752 W ANRStateManager: clear state, but process isn't exist. hash=27572047 uid=10274 pid=19470 state=16
06-27 12:30:08.510  1919  3752 I ActivityManager: Killing 20344:com.google.android.webview:sandboxed_process0:org.chromium.content.app.SandboxedProcessService0:0/u0a274i6 (adj 0): isolated not needed
06-27 12:30:08.511  1919  3752 I Process : PerfMonitor : current process sending signal quiet. PID: 20344 SIG: 9
06-27 12:30:08.511   879   879 I ANDR-PERF-LM: LMPerfGlue: perfmodule_submit_request() 132: perfmodule_submit_request()
06-27 12:30:08.511   879   879 I ANDR-PERF-LM: Core: getInstance() 84: LM getInstance
06-27 12:30:08.511   879   879 I ANDR-PERF-LM: WQ: push() 59: LMTriggerQ push() size=0
06-27 12:30:08.511   879   879 I ANDR-PERF-LM: WQ: push() 61: LMTriggerQ push() done size=1
06-27 12:30:08.511   879   984 I ANDR-PERF-LM: WQ: pop() 42: LMTriggerQ pop() done size=0
06-27 12:30:08.511   879   984 I ANDR-PERF-LM: Core: lmMain() 373: Waiting on trigger Queue
06-27 12:30:08.511   879   984 I ANDR-PERF-LM: WQ: pop() 31: LMTriggerQ pop() size=0
06-27 12:30:08.512  1919  2385 I MiuiNetworkPolicy: updateUidState uid = 99006, uidState = 19
06-27 12:30:08.512  1919  2385 I MiuiNetworkPolicy: removeUidState uid = 10274
06-27 12:30:08.513  8346  8389 I com.xiaomi.xms: oneway function results will be dropped but finished with status UNKNOWN_TRANSACTION and parcel size 0
06-27 12:30:08.545   698   698 I Zygote  : Process 19470 exited due to signal 9 (Killed)
06-27 12:30:08.547  2764  2764 I Zygote  : Process 20344 exited cleanly (0)
06-27 12:30:08.547   879   879 I ANDR-PERF-LM: LMPerfGlue: perfmodule_submit_request() 132: perfmodule_submit_request()
06-27 12:30:08.547   879   879 I ANDR-PERF-LM: Core: getInstance() 84: LM getInstance
06-27 12:30:08.547   879   879 I ANDR-PERF-LM: WQ: push() 59: LMTriggerQ push() size=0
06-27 12:30:08.547   879   879 I ANDR-PERF-LM: WQ: push() 61: LMTriggerQ push() done size=1
06-27 12:30:08.547   879   984 I ANDR-PERF-LM: WQ: pop() 42: LMTriggerQ pop() done size=0
06-27 12:30:08.547   879   984 I ANDR-PERF-LM: Core: lmMain() 373: Waiting on trigger Queue
06-27 12:30:08.547   879   984 I ANDR-PERF-LM: WQ: pop() 31: LMTriggerQ pop() size=0
06-27 12:30:08.548   885 10843 I vendor.qti.hardware.servicetracker@1.2-service: killProcess is called for pid : 20344
06-27 12:30:08.548  1919  7211 W ANRStateManager: clear state, but process isn't exist. hash=102621257 uid=99006 pid=20344 state=16
06-27 12:30:08.548  8346  8389 I com.xiaomi.xms: oneway function results will be dropped but finished with status UNKNOWN_TRANSACTION and parcel size 0
06-27 12:30:08.548  1919  2134 I libprocessgroup: Successfully killed process cgroup uid 10274 pid 19470 in 152ms
06-27 12:30:08.549  1919  2134 I Process : PerfMonitor : current process killing process group. PID: 20344
06-27 12:30:08.549  1919  2134 I libprocessgroup: Successfully killed process cgroup uid 99006 pid 20344 in 0ms
06-27 12:30:08.543 14895 14895 W ThreadPoolForeg: type=1400 audit(0.0:3331): avc: denied { write } for name="traced_producer" dev="tmpfs" ino=39154 scontext=u:r:gmscore_app:s0:c512,c768 tcontext=u:object_r:traced_producer_socket:s0 tclass=sock_file permissive=0 app=com.google.android.gms
06-27 12:30:08.557  1919  2385 I MiuiNetworkPolicy: removeUidState uid = 99006
06-27 12:30:08.568   656   663 E android.system.suspend@1.0-service: Error opening kernel wakelock stats for: wakeup38: Permission denied
06-27 12:30:08.553   656   656 W Binder:656_2: type=1400 audit(0.0:3332): avc: denied { open } for path="/sys/devices/virtual/misc/msm_qcelp/wakeup38" dev="sysfs" ino=79600 scontext=u:r:system_suspend:s0 tcontext=u:object_r:sysfs:s0 tclass=dir permissive=0
06-27 12:30:08.568   656   663 E android.system.suspend@1.0-service: Error opening kernel wakelock stats for: wakeup28: Permission denied
06-27 12:30:08.553   656   656 W Binder:656_2: type=1400 audit(0.0:3333): avc: denied { open } for path="/sys/devices/virtual/misc/msm_alac/wakeup28" dev="sysfs" ino=79228 scontext=u:r:system_suspend:s0 tcontext=u:object_r:sysfs:s0 tclass=dir permissive=0
06-27 12:30:08.569   656   663 E android.system.suspend@1.0-service: Error opening kernel wakelock stats for: wakeup18: Permission denied
06-27 12:30:08.563   656   656 W Binder:656_2: type=1400 audit(0.0:3334): avc: denied { read } for name="wakeup18" dev="sysfs" ino=73893 scontext=u:r:system_suspend:s0 tcontext=u:object_r:vendor_sysfs_battery_supply:s0 tclass=dir permissive=0
06-27 12:30:08.570   656   663 E android.system.suspend@1.0-service: Error opening kernel wakelock stats for: wakeup36: Permission denied
06-27 12:30:08.570   656   663 E android.system.suspend@1.0-service: Error opening kernel wakelock stats for: wakeup26: Permission denied
06-27 12:30:08.571   656   663 E android.system.suspend@1.0-service: Error opening kernel wakelock stats for: wakeup16: Permission denied
06-27 12:30:08.572   656   663 E android.system.suspend@1.0-service: Error opening kernel wakelock stats for: wakeup34: Permission denied
06-27 12:30:08.572   656   663 E android.system.suspend@1.0-service: Error opening kernel wakelock stats for: wakeup24: Permission denied
06-27 12:30:08.572   656   663 E android.system.suspend@1.0-service: Error opening kernel wakelock stats for: wakeup9: Permission denied
06-27 12:30:08.573   656   663 E android.system.suspend@1.0-service: Error opening kernel wakelock stats for: wakeup14: Permission denied
06-27 12:30:08.574   656   663 E android.system.suspend@1.0-service: Error opening kernel wakelock stats for: wakeup32: Permission denied
06-27 12:30:08.574   656   663 E android.system.suspend@1.0-service: Error opening kernel wakelock stats for: wakeup22: Permission denied
06-27 12:30:08.575   656   663 E android.system.suspend@1.0-service: Error opening kernel wakelock stats for: wakeup12: Permission denied
06-27 12:30:08.575   656   663 E android.system.suspend@1.0-service: Error opening kernel wakelock stats for: wakeup40: Permission denied
06-27 12:30:08.576   656   663 E android.system.suspend@1.0-service: Error opening kernel wakelock stats for: wakeup30: Permission denied
06-27 12:30:08.576   656   663 E android.system.suspend@1.0-service: Error opening kernel wakelock stats for: wakeup20: Permission denied
06-27 12:30:08.577   656   663 E android.system.suspend@1.0-service: Error opening kernel wakelock stats for: wakeup10: Permission denied
06-27 12:30:08.577   656   663 E android.system.suspend@1.0-service: Error opening kernel wakelock stats for: wakeup39: Permission denied
06-27 12:30:08.578   656   663 E android.system.suspend@1.0-service: Error opening kernel wakelock stats for: wakeup29: Permission denied
06-27 12:30:08.578   656   663 E android.system.suspend@1.0-service: Error opening kernel wakelock stats for: wakeup19: Permission denied
06-27 12:30:08.579   656   663 E android.system.suspend@1.0-service: Error opening kernel wakelock stats for: wakeup37: Permission denied
06-27 12:30:08.579   656   663 E android.system.suspend@1.0-service: Error opening kernel wakelock stats for: wakeup27: Permission denied
06-27 12:30:08.581   656   663 E android.system.suspend@1.0-service: Error opening kernel wakelock stats for: wakeup35: Permission denied
06-27 12:30:08.581   656   663 E android.system.suspend@1.0-service: Error opening kernel wakelock stats for: wakeup25: Permission denied
06-27 12:30:08.582   656   663 E android.system.suspend@1.0-service: Error opening kernel wakelock stats for: wakeup43: Permission denied
06-27 12:30:08.582   656   663 E android.system.suspend@1.0-service: Error opening kernel wakelock stats for: wakeup33: Permission denied
06-27 12:30:08.583   656   663 E android.system.suspend@1.0-service: Error opening kernel wakelock stats for: wakeup23: Permission denied
06-27 12:30:08.583   656   663 E android.system.suspend@1.0-service: Error opening kernel wakelock stats for: wakeup13: Permission denied
06-27 12:30:08.584   656   663 E android.system.suspend@1.0-service: Error opening kernel wakelock stats for: wakeup31: Permission denied
06-27 12:30:08.584   656   663 E android.system.suspend@1.0-service: Error opening kernel wakelock stats for: wakeup21: Permission denied
06-27 12:30:08.585   656   663 E android.system.suspend@1.0-service: Error opening kernel wakelock stats for: wakeup11: Permission denied
06-27 12:30:08.594 20746 21221 W RealtimeClientManager: Channel state: MqttChannelState{mConnectionState=CONNECTED_AND_ACKED, mDisconnectionReason=null, mLastConnectionMs=2813405, mLastDisconnectMs=0}
06-27 12:30:08.636  1919  2478 D SlaveWifiManager: getWifiSlaveConnectionInfo
06-27 12:30:08.643  1919  2478 I chatty  : uid=1000(system) ConnectivitySer identical 75 lines
06-27 12:30:08.643  1919  2478 D SlaveWifiManager: getWifiSlaveConnectionInfo
06-27 12:30:08.644  1919  2402 D UntrustedWifiNetworkFactory: got request NetworkRequest [ TRACK_DEFAULT id=183, [ Capabilities: INTERNET&NOT_RESTRICTED&TRUSTED Uid: 10264 AdministratorUids: [] RequestorUid: 10264 RequestorPackageName: com.instagram.android] ] with score 60 and providerId 6
06-27 12:30:08.644  1919  2402 D WifiNetworkFactory: got request NetworkRequest [ TRACK_DEFAULT id=183, [ Capabilities: INTERNET&NOT_RESTRICTED&TRUSTED Uid: 10264 AdministratorUids: [] RequestorUid: 10264 RequestorPackageName: com.instagram.android] ] with score 60 and providerId 6
06-27 12:30:08.644  1919  2402 D WifiSlaveNetworkFactory: got request NetworkRequest [ TRACK_DEFAULT id=183, [ Capabilities: INTERNET&NOT_RESTRICTED&TRUSTED Uid: 10264 AdministratorUids: [] RequestorUid: 10264 RequestorPackageName: com.instagram.android] ] with score 60 and providerId 6
06-27 12:30:08.644  1919  2402 D UntrustedWifiNetworkFactory: got request NetworkRequest [ TRACK_DEFAULT id=183, [ Capabilities: INTERNET&NOT_RESTRICTED&TRUSTED Uid: 10264 AdministratorUids: [] RequestorUid: 10264 RequestorPackageName: com.instagram.android] ] with score 60 and providerId 6
06-27 12:30:08.644  1919  2574 D Ethernet: got request NetworkRequest [ TRACK_DEFAULT id=183, [ Capabilities: INTERNET&NOT_RESTRICTED&TRUSTED Uid: 10264 AdministratorUids: [] RequestorUid: 10264 RequestorPackageName: com.instagram.android] ] with score 60 and providerId 6
06-27 12:30:08.644  1919  2571 D WIFI_AWARE_FACTORY: got request NetworkRequest [ TRACK_DEFAULT id=183, [ Capabilities: INTERNET&NOT_RESTRICTED&TRUSTED Uid: 10264 AdministratorUids: [] RequestorUid: 10264 RequestorPackageName: com.instagram.android] ] with score 60 and providerId 6
06-27 12:30:08.645  2914  2914 D PhoneSwitcherNetworkRequstListener: got request NetworkRequest [ TRACK_DEFAULT id=183, [ Capabilities: INTERNET&NOT_RESTRICTED&TRUSTED Uid: 10264 AdministratorUids: [] RequestorUid: 10264 RequestorPackageName: com.instagram.android] ] with score 60 and providerId 6
06-27 12:30:08.647 20746 21377 W DirectSQLiteDiskIO: maybeRetrieveInboxFromDiskSync isAtAppStart: false, trigger: HandleSendNextMutation-null, isSQLiteFailed: false, isMinimalLoadComplete: true
06-27 12:30:08.674   885 10843 I vendor.qti.hardware.servicetracker@1.2-service: bindService is called for service : com.instagram.android/com.facebook.video.heroplayer.service.HeroKeepAliveService and for client com.instagram.android
06-27 12:30:08.675   885 10843 I vendor.qti.hardware.servicetracker@1.2-service: total connections for service : com.instagram.android/com.facebook.video.heroplayer.service.HeroKeepAliveServiceare :1
06-27 12:30:08.675   885 10843 I vendor.qti.hardware.servicetracker@1.2-service: total connections for client : com.instagram.androidare :1
06-27 12:30:08.675  1919  8334 D CompatibilityInfo: mCompatibilityFlags - 0
06-27 12:30:08.675  1919  8334 D CompatibilityInfo: applicationDensity - 440
06-27 12:30:08.675  1919  8334 D CompatibilityInfo: applicationScale - 1.0
06-27 12:30:08.677   885 10843 I vendor.qti.hardware.servicetracker@1.2-service: startService() is called for servicecom.instagram.android/com.facebook.video.heroplayer.service.HeroKeepAliveService
06-27 12:30:08.690 20746 20942 D MobileBoostJNI: Successfully hooked _ZN3art4LICM3RunEv
06-27 12:30:08.693 20746 20942 E msys    : E[N mns]_MNSTLSContextCreate(225)=>NORI: MBEDTLS_VERSION_MAJOR >= 3
06-27 12:30:08.694 20746 20942 E msys    : E[N mns]_MNSTLSContextCreate(225)=>NORI: MBEDTLS_VERSION_MAJOR >= 3
06-27 12:30:08.695 20746 20942 W DGWClientHolder: DGWClientConfig IG4A\B4A: {deviceOS:android,isWorkBuild:false,appVersion:385.0.0.47.74,appId:567067343352427,streamIdleTimeoutMs:1800000,responseCompression:,enableHTTP3:false,zeroRatingEnabled:false,zeroUrlRewritingV2Enabled:false,gatewayDomain:gateway.instagram.com,streamGroupPingPeriod:0,streamGroupPingTimeout:0,streamGroupStopBgPingDelay:0,debugCallbackCrashes2:true,useCachedStreamGroupsStatus:false,closeNetworkConnectionOnTimeout:true,connectivityManagerOptions:{enablePingInBackground:true,bgPingIntervalMs:60000,pingIntervalInMs:{HIGH:0,MID:0,LOW:0,DEFAULT:60000},pingTimeoutInMs:{HIGH:0,MID:0,LOW:0,DEFAULT:5000},pingLatencyInMs:{HIGH:0, MID:0},skipPingAfterIngressTraffic:true,disablePingWhileNoActiveStream:false,sendPingOnAppForeground:false,pingTrafficTracingSamplingRate:0,initAppStateAsBackground:true,ignoreOnNetworkDisconnectedSignalForPing:true,initialUnreachableDelayFastMode:1000,ignoreOnNetworkDisconnectedSignalAndSendPing:false,markDisconnectedInBackground:false,shouldSetNotStartedOnFg:false,enableNetworkMonitorV2:false,extendedFgIntervalSeconds:120,useExtendedFgInterval:false,disableTransportInitFromNetworkMonitor:false,useExtendedFgIntervalNetworkChangeOnly:false},personalizationConfig:{enabled:false,streamEstablishmentLatencyInMs:{HIGH:0, MID:0},streamEstablishmentTimeoutInSeconds:{HIGH:10,MID:10,LOW:10,DEFAULT:30},publishTimeoutInSeconds:{HIGH:10,MID:10,LOW:10,DEFAULT:10},resetPersonalizationClassOnTimeout:false,sgConnectTimeoutInSeconds:{HIGH:0,MID:0,LOW:0,DEFAULT:0},sgPingTimeoutInSeconds:{HIGH:0,MID:0,LOW:0,DEFAULT:0},tunnelConnectTimeoutInSeconds:{HIGH:0,MID:0,LOW:0,DEFAULT:0},tunnelConnectAckTimeoutInSeconds:{HIGH:0,MID:0,LOW:0,DEFAULT:0},trackSgDataLatency:false},eagerStreamGroupEnabled:false,bufferRequestWhileConnectivityNotStarted:false,keepStreamGroupAliveAfterLastStream:false,enableFetchRegionHintFromWww:false,regionHintCacheTtlHours:0,matchMqttWakeup:false,enableTunnelRetriableLayer:true,useExecutorProxies:false,avoidCopyingBuffer:false,fallbackConfig:null,retryableLayerConfig:{useStreamGroupsForConnectivity: false, maxRetries: 10, connectTimeoutSeconds: 10, bgTeardownDelaySeconds: 0, connectSchedulerConfig: {numberOfFastModeRetries: 2, initialUnreachableDelayFastMode: 200, additionalBackgroundDelayFastMode: 100, additionalDelayPerTryFastMode: 100, initialReachableDelayBackOffMode: 500, initialUnreachableDelayBackOffMode: 1000, additionalBackgroundDelayBackOffMode: 300, maxDelayBackOffMode: 40000, randomizeFactorBackOffModeEnabled: true, triesOffsetBackOffMode: 0}, closeConnectionOnNetworkInterfaceChange: true, closeConnectionOnSuspended: false},enableEligibilityHashHeader:false,userAgent:,removeAsyncExecutorFromTunnelNetworkCallbacks:false,enableCallingSgErrorOnlyOnceInSgt:false,msysStreamGroupTransportSampleRate:0,msysStreamLifecycleSampleRate:0,msysNotifyStreamGroupOnPubAckTimeout:false,closeNetworkRequestOnTunnelStreamDestruct:true,useMSG_NOSIGNALForAndroid:false,allowRetriableWithConnectivityAwareLayer:false,msysBufferRequestWhileNoConnectivity:true, disableRetriableLayer:false, disableCancellationForTigonRequests:false, msysBufferRequestWhileConnectivityNotStarted:true}
06-27 12:30:08.695 20746 20942 W DGWClientHolder: DGWMNSConfig IG4A\B4A: MNSDGWNetworkStackConfig: dnsCacheDir:/data/user/0/com.instagram.android/files/android_ig_mns_dgw_dns_cache, quicEnabled:false, quicIdleTimeoutSec:1800, quicKeepAliveTimeoutSec:25, quicHandshakeTimeoutSec:5, http2PingIntervalSec:30, http2MaxRequestsPerConnection:0, userAgent:Instagram 385.0.0.47.74 Android (30/11; 440dpi; 1080x2296; Xiaomi; Redmi K20 Pro; raphaelin; qcom; en_IN; 750732695), enableQuicEarlyData:false, tcpDelayMs:200, tcpHappyEyeballsDelayMs:150, tcpConnectTimeoutSec:30, highPriorityEvLoopThread:false, enableHttpVersionCache:false, quicKnobs:, trustSandboxCertificates:false, useMvfstMobileLibrary:true, enableQlog:false, maxQlogLines:500, mvfstUseHandshakeTimeout:false, preferIPv6ForBothTCPAndQUIC:false, closeWhenNoRequests:false,  useMSG_NOSIGNALForAndroid:true, closeConnectionThrottlingWindowMs:0
06-27 12:30:08.711 20746 20746 W FrscLanguagePack: FRSC English string not found for ID #0x7f1301a6
06-27 12:30:08.768 20746 20942 E ActionQueryTaskListener: 0 onTaskStart BACKGROUND modules: [s_executorch_pytorch(*),pytorch]
06-27 12:30:08.770 20746 20942 E libprocessgroup: set_timerslack_ns write failed: Operation not permitted
06-27 12:30:08.983  2841  2841 D QtiCarrierConfigHelper: WARNING, no carrier configs on phone Id: 0
06-27 12:30:08.985  9395  9395 I PowerSaveService: onReceive: android.intent.action.BATTERY_CHANGED
06-27 12:30:08.987  2671  2671 D KeyguardUpdateMonitor: received broadcast android.intent.action.BATTERY_CHANGED
06-27 12:30:08.987  2671  2671 D BatteryController: onReceive: Intent = Intent { act=android.intent.action.BATTERY_CHANGED flg=0x60000010 (has extras) } action = android.intent.action.BATTERY_CHANGED
06-27 12:30:08.987  9739  9968 D PowerCheckerService: onBatteryChanged, mBatteryLevel = 33, status = 2, level = 33, plug = 2, scale = 100
06-27 12:30:08.988  9395  9395 I PowerNoticeUI: handleBatteryChanged oldPlugType 2 mPlugType 2 oldBatteryLevel 33 mBatteryLevel 33 temperature 262
06-27 12:30:08.989  9395  9395 I ChargerBatteryIntelligenceReceiver: onBatteryChanged temperature26,plugType:2
06-27 12:30:08.989  9395  9395 I PowerFeatureUtils: getVendorName:qcom
06-27 12:30:08.992  2881  2881 D DeviceStatisticsService: chargerType=2 batteryLevel=33 totalBatteryCapacity=2261300
06-27 12:30:09.179  1919  2385 I MiuiNetworkPolicy: updateUidState uid = 10122, uidState = 19
06-27 12:30:09.271   885 10843 I vendor.qti.hardware.servicetracker@1.2-service: unbindService is called for service : com.google.android.gms/.chimera.PersistentDirectBootAwareApiService and for client com.google.android.gms.persistent
06-27 12:30:09.321 20657 20778 V ClearcutMetricXmitter: Transmission is done.
06-27 12:30:09.377   885 10843 I vendor.qti.hardware.servicetracker@1.2-service: bindService is called for service : com.google.android.apps.photos/.dbprocessor.impl.DatabaseProcessorJobService and for client system
