--------- beginning of main
06-27 10:47:54.924   744   744 E PQ_HDR  : DpAsyncBlitStream:: thie platform unsupport compress format
06-27 10:47:54.924   744   744 E PQ_HDR  : DpAsyncBlitStream:: thie platform unsupport compress format
06-27 10:47:54.924   744   744 E PQ_HDR  : DpAsyncBlitStream:: thie platform unsupport compress format
06-27 10:47:54.924   744   744 E PQ_HDR  : DpAsyncBlitStream:: thie platform unsupport compress format
06-27 10:47:54.936   744   744 E PQ_HDR  : DpAsyncBlitStream:: thie platform unsupport compress format
06-27 10:47:54.936   744   744 E PQ_HDR  : DpAsyncBlitStream:: thie platform unsupport compress format
06-27 10:47:54.936   744   744 E PQ_HDR  : DpAsyncBlitStream:: thie platform unsupport compress format
06-27 10:47:54.936   744   744 E PQ_HDR  : DpAsyncBlitStream:: thie platform unsupport compress format
06-27 10:47:54.946   744   744 E PQ_HDR  : DpAsyncBlitStream:: thie platform unsupport compress format
06-27 10:47:54.946   744   744 E PQ_HDR  : DpAsyncBlitStream:: thie platform unsupport compress format
06-27 10:47:54.946   744   744 E PQ_HDR  : DpAsyncBlitStream:: thie platform unsupport compress format
06-27 10:47:54.946   744   744 E PQ_HDR  : DpAsyncBlitStream:: thie platform unsupport compress format
06-27 10:47:54.957   744   744 E PQ_HDR  : DpAsyncBlitStream:: thie platform unsupport compress format
06-27 10:47:54.957   744   744 E PQ_HDR  : DpAsyncBlitStream:: thie platform unsupport compress format
06-27 10:47:54.957   744   744 E PQ_HDR  : DpAsyncBlitStream:: thie platform unsupport compress format
06-27 10:47:54.957   744   744 E PQ_HDR  : DpAsyncBlitStream:: thie platform unsupport compress format
06-27 10:47:54.968   744   744 E PQ_HDR  : DpAsyncBlitStream:: thie platform unsupport compress format
06-27 10:47:54.968   744   744 E PQ_HDR  : DpAsyncBlitStream:: thie platform unsupport compress format
06-27 10:47:54.968   744   744 E PQ_HDR  : DpAsyncBlitStream:: thie platform unsupport compress format
06-27 10:47:54.968   744   744 E PQ_HDR  : DpAsyncBlitStream:: thie platform unsupport compress format
06-27 10:47:54.971   747   787 E HfLooper: dst->data[5.000000,0.000000,0.000000]
06-27 10:47:55.015   772   829 I libPerfCtl: xgfGetFPS pid:1357 fps:-1
06-27 10:47:55.015   772   829 I libPerfCtl: xgfGetFPS pid:1621 fps:-1
06-27 10:47:55.015   772   829 I libPerfCtl: xgfGetFPS pid:1911 fps:-1
06-27 10:47:55.032   744  1195 I hwcomposer: [HWC] (0)fire a callback of refresh to SF[4]  
06-27 10:47:55.034   744   744 E PQ_HDR  : DpAsyncBlitStream:: thie platform unsupport compress format
06-27 10:47:55.034   744   744 E PQ_HDR  : DpAsyncBlitStream:: thie platform unsupport compress format
06-27 10:47:55.034   744   744 E PQ_HDR  : DpAsyncBlitStream:: thie platform unsupport compress format
06-27 10:47:55.034   744   744 E PQ_HDR  : DpAsyncBlitStream:: thie platform unsupport compress format
06-27 10:47:55.071   747   787 E HfLooper: dst->data[5.000000,0.000000,0.000000]
--------- beginning of system
06-27 10:47:55.077  1357  1357 I BrightnessSynchronizer: [163] New Update 255(i) set brightness values: 1.0(f) 
06-27 10:47:55.084  1357  1414 I DisplayPowerController2[0]: BrightnessEvent: disp=0, physDisp=local:4627039422300187648, displayState=ON, displayPolicy=BRIGHT, brt=1.0(user_set), initBrt=0.0012418429, rcmdBrt=1.0, preBrt=0.0012418429, lux=5.128213, preLux=0.0, hbmMax=1.0, hbmMode=off, rbcStrength=50, thrmMax=1.0, powerFactor=1.0, wasShortTermModelActive=false, flags=user_set , reason=automatic [ auto_adj ], autoBrightness=true, strategy=InvalidBrightnessStrategy, autoBrightnessMode=default
06-27 10:47:55.085  1357  1414 I DisplayPowerController2[0]: BrightnessEvent: disp=0, physDisp=local:4627039422300187648, displayState=ON, displayPolicy=BRIGHT, brt=1.0, initBrt=1.0, rcmdBrt=1.0, preBrt=0.0012418429, lux=5.128213, preLux=0.0, hbmMax=1.0, hbmMode=off, rbcStrength=50, thrmMax=1.0, powerFactor=1.0, wasShortTermModelActive=true, flags=, reason=automatic, autoBrightness=true, strategy=InvalidBrightnessStrategy, autoBrightnessMode=default
06-27 10:47:55.086  1357  1357 I BrightnessSynchronizer: Swallowing update of 1.0(f) by update: {[163] 255(i), mUpdatedTypes=2, mConfirmedTypes=2, mTimeUpdated=30651676}
06-27 10:47:55.086  1357  1357 I BrightnessSynchronizer: Completed Update: {[163] 255(i), mUpdatedTypes=2, mConfirmedTypes=2, mTimeUpdated=30651676}
06-27 10:47:55.089   744   744 E PQ_HDR  : DpAsyncBlitStream:: thie platform unsupport compress format
06-27 10:47:55.089   744   744 E PQ_HDR  : DpAsyncBlitStream:: thie platform unsupport compress format
06-27 10:47:55.089   744   744 E PQ_HDR  : DpAsyncBlitStream:: thie platform unsupport compress format
06-27 10:47:55.089   744   744 E PQ_HDR  : DpAsyncBlitStream:: thie platform unsupport compress format
06-27 10:47:55.100   744   744 E PQ_HDR  : DpAsyncBlitStream:: thie platform unsupport compress format
06-27 10:47:55.100   744   744 E PQ_HDR  : DpAsyncBlitStream:: thie platform unsupport compress format
06-27 10:47:55.100   744   744 E PQ_HDR  : DpAsyncBlitStream:: thie platform unsupport compress format
06-27 10:47:55.100   744   744 E PQ_HDR  : DpAsyncBlitStream:: thie platform unsupport compress format
06-27 10:47:55.111   744   744 E PQ_HDR  : DpAsyncBlitStream:: thie platform unsupport compress format
06-27 10:47:55.111   744   744 E PQ_HDR  : DpAsyncBlitStream:: thie platform unsupport compress format
06-27 10:47:55.111   744   744 E PQ_HDR  : DpAsyncBlitStream:: thie platform unsupport compress format
06-27 10:47:55.111   744   744 E PQ_HDR  : DpAsyncBlitStream:: thie platform unsupport compress format
06-27 10:47:55.118   780   828 I mtkpower@impl: [powerd_req] TIMER_MSG_PERF_LOCK_TIMEOUT hdl:6709
06-27 10:47:55.118   780   828 I libPowerHal: [perfLockRel] hdl:6709, idx:3
06-27 10:47:55.118   780   828 I libPowerHal: [unsetGPUFreq] current min:0, max:0; scn_gpu_min:0, scn_gpu_max:-1; scn_gpu_min(HL):-1, scn_gpu_max(HL):-1
06-27 10:47:55.118   780   828 I libPowerHal: [setGPUFreq] Soft min/max = (0, 0); Hard min/max = (42, 0)
06-27 10:47:55.118   780   828 I libPowerHal: [setGPUFreq] final min/max = (0, 0)
06-27 10:47:55.119   780   828 I libPowerHal: INTERACTION: set gpu opp level: 0
06-27 10:47:55.119   780   828 I libPowerHal: INTERACTION: set gpu opp level max: 0
06-27 10:47:55.122   744   744 E PQ_HDR  : DpAsyncBlitStream:: thie platform unsupport compress format
06-27 10:47:55.122   744   744 E PQ_HDR  : DpAsyncBlitStream:: thie platform unsupport compress format
06-27 10:47:55.122   744   744 E PQ_HDR  : DpAsyncBlitStream:: thie platform unsupport compress format
06-27 10:47:55.122   744   744 E PQ_HDR  : DpAsyncBlitStream:: thie platform unsupport compress format
06-27 10:47:55.133   744   744 E PQ_HDR  : DpAsyncBlitStream:: thie platform unsupport compress format
06-27 10:47:55.133   744   744 E PQ_HDR  : DpAsyncBlitStream:: thie platform unsupport compress format
06-27 10:47:55.133   744   744 E PQ_HDR  : DpAsyncBlitStream:: thie platform unsupport compress format
06-27 10:47:55.133   744   744 E PQ_HDR  : DpAsyncBlitStream:: thie platform unsupport compress format
06-27 10:47:55.144   744   744 E PQ_HDR  : DpAsyncBlitStream:: thie platform unsupport compress format
06-27 10:47:55.144   744   744 E PQ_HDR  : DpAsyncBlitStream:: thie platform unsupport compress format
06-27 10:47:55.144   744   744 E PQ_HDR  : DpAsyncBlitStream:: thie platform unsupport compress format
06-27 10:47:55.144   744   744 E PQ_HDR  : DpAsyncBlitStream:: thie platform unsupport compress format
06-27 10:47:55.155   744   744 E PQ_HDR  : DpAsyncBlitStream:: thie platform unsupport compress format
06-27 10:47:55.155   744   744 E PQ_HDR  : DpAsyncBlitStream:: thie platform unsupport compress format
06-27 10:47:55.155   744   744 E PQ_HDR  : DpAsyncBlitStream:: thie platform unsupport compress format
06-27 10:47:55.155   744   744 E PQ_HDR  : DpAsyncBlitStream:: thie platform unsupport compress format
06-27 10:47:55.166   744   744 E PQ_HDR  : DpAsyncBlitStream:: thie platform unsupport compress format
06-27 10:47:55.166   744   744 E PQ_HDR  : DpAsyncBlitStream:: thie platform unsupport compress format
06-27 10:47:55.166   744   744 E PQ_HDR  : DpAsyncBlitStream:: thie platform unsupport compress format
06-27 10:47:55.166   744   744 E PQ_HDR  : DpAsyncBlitStream:: thie platform unsupport compress format
06-27 10:47:55.171   747   787 E HfLooper: dst->data[5.000000,0.000000,0.000000]
06-27 10:47:55.177   744   744 E PQ_HDR  : DpAsyncBlitStream:: thie platform unsupport compress format
06-27 10:47:55.177   744   744 E PQ_HDR  : DpAsyncBlitStream:: thie platform unsupport compress format
06-27 10:47:55.177   744   744 E PQ_HDR  : DpAsyncBlitStream:: thie platform unsupport compress format
06-27 10:47:55.177   744   744 E PQ_HDR  : DpAsyncBlitStream:: thie platform unsupport compress format
06-27 10:47:55.189   744   744 E PQ_HDR  : DpAsyncBlitStream:: thie platform unsupport compress format
06-27 10:47:55.189   744   744 E PQ_HDR  : DpAsyncBlitStream:: thie platform unsupport compress format
06-27 10:47:55.189   744   744 E PQ_HDR  : DpAsyncBlitStream:: thie platform unsupport compress format
06-27 10:47:55.189   744   744 E PQ_HDR  : DpAsyncBlitStream:: thie platform unsupport compress format
06-27 10:47:55.199   744   744 E PQ_HDR  : DpAsyncBlitStream:: thie platform unsupport compress format
06-27 10:47:55.199   744   744 E PQ_HDR  : DpAsyncBlitStream:: thie platform unsupport compress format
06-27 10:47:55.199   744   744 E PQ_HDR  : DpAsyncBlitStream:: thie platform unsupport compress format
06-27 10:47:55.199   744   744 E PQ_HDR  : DpAsyncBlitStream:: thie platform unsupport compress format
06-27 10:47:55.210   744   744 E PQ_HDR  : DpAsyncBlitStream:: thie platform unsupport compress format
06-27 10:47:55.211   744   744 E PQ_HDR  : DpAsyncBlitStream:: thie platform unsupport compress format
06-27 10:47:55.211   744   744 E PQ_HDR  : DpAsyncBlitStream:: thie platform unsupport compress format
06-27 10:47:55.211   744   744 E PQ_HDR  : DpAsyncBlitStream:: thie platform unsupport compress format
06-27 10:47:55.222   744   744 E PQ_HDR  : DpAsyncBlitStream:: thie platform unsupport compress format
06-27 10:47:55.222   744   744 E PQ_HDR  : DpAsyncBlitStream:: thie platform unsupport compress format
06-27 10:47:55.222   744   744 E PQ_HDR  : DpAsyncBlitStream:: thie platform unsupport compress format
06-27 10:47:55.222   744   744 E PQ_HDR  : DpAsyncBlitStream:: thie platform unsupport compress format
06-27 10:47:55.233   744   744 E PQ_HDR  : DpAsyncBlitStream:: thie platform unsupport compress format
06-27 10:47:55.233   744   744 E PQ_HDR  : DpAsyncBlitStream:: thie platform unsupport compress format
06-27 10:47:55.233   744   744 E PQ_HDR  : DpAsyncBlitStream:: thie platform unsupport compress format
06-27 10:47:55.233   744   744 E PQ_HDR  : DpAsyncBlitStream:: thie platform unsupport compress format
06-27 10:47:55.244   744   744 E PQ_HDR  : DpAsyncBlitStream:: thie platform unsupport compress format
06-27 10:47:55.244   744   744 E PQ_HDR  : DpAsyncBlitStream:: thie platform unsupport compress format
06-27 10:47:55.244   744   744 E PQ_HDR  : DpAsyncBlitStream:: thie platform unsupport compress format
06-27 10:47:55.244   744   744 E PQ_HDR  : DpAsyncBlitStream:: thie platform unsupport compress format
06-27 10:47:55.255   744   744 E PQ_HDR  : DpAsyncBlitStream:: thie platform unsupport compress format
06-27 10:47:55.255   744   744 E PQ_HDR  : DpAsyncBlitStream:: thie platform unsupport compress format
06-27 10:47:55.255   744   744 E PQ_HDR  : DpAsyncBlitStream:: thie platform unsupport compress format
06-27 10:47:55.255   744   744 E PQ_HDR  : DpAsyncBlitStream:: thie platform unsupport compress format
06-27 10:47:55.266   744   744 E PQ_HDR  : DpAsyncBlitStream:: thie platform unsupport compress format
06-27 10:47:55.266   744   744 E PQ_HDR  : DpAsyncBlitStream:: thie platform unsupport compress format
06-27 10:47:55.266   744   744 E PQ_HDR  : DpAsyncBlitStream:: thie platform unsupport compress format
06-27 10:47:55.266   744   744 E PQ_HDR  : DpAsyncBlitStream:: thie platform unsupport compress format
06-27 10:47:55.271   747   787 E HfLooper: dst->data[5.000000,0.000000,0.000000]
06-27 10:47:55.274  1357  1373 I WindowManager: Using new display size: 1080x2340
06-27 10:47:55.277   744   744 E PQ_HDR  : DpAsyncBlitStream:: thie platform unsupport compress format
06-27 10:47:55.277   744   744 E PQ_HDR  : DpAsyncBlitStream:: thie platform unsupport compress format
06-27 10:47:55.277   744   744 E PQ_HDR  : DpAsyncBlitStream:: thie platform unsupport compress format
06-27 10:47:55.277   744   744 E PQ_HDR  : DpAsyncBlitStream:: thie platform unsupport compress format
06-27 10:47:55.288   744   744 E PQ_HDR  : DpAsyncBlitStream:: thie platform unsupport compress format
06-27 10:47:55.288   744   744 E PQ_HDR  : DpAsyncBlitStream:: thie platform unsupport compress format
06-27 10:47:55.288   744   744 E PQ_HDR  : DpAsyncBlitStream:: thie platform unsupport compress format
06-27 10:47:55.288   744   744 E PQ_HDR  : DpAsyncBlitStream:: thie platform unsupport compress format
06-27 10:47:55.299   744   744 E PQ_HDR  : DpAsyncBlitStream:: thie platform unsupport compress format
06-27 10:47:55.299   744   744 E PQ_HDR  : DpAsyncBlitStream:: thie platform unsupport compress format
06-27 10:47:55.299   744   744 E PQ_HDR  : DpAsyncBlitStream:: thie platform unsupport compress format
06-27 10:47:55.299   744   744 E PQ_HDR  : DpAsyncBlitStream:: thie platform unsupport compress format
06-27 10:47:55.310   744   744 E PQ_HDR  : DpAsyncBlitStream:: thie platform unsupport compress format
06-27 10:47:55.310   744   744 E PQ_HDR  : DpAsyncBlitStream:: thie platform unsupport compress format
06-27 10:47:55.310   744   744 E PQ_HDR  : DpAsyncBlitStream:: thie platform unsupport compress format
06-27 10:47:55.310   744   744 E PQ_HDR  : DpAsyncBlitStream:: thie platform unsupport compress format
06-27 10:47:55.321   744   744 E PQ_HDR  : DpAsyncBlitStream:: thie platform unsupport compress format
06-27 10:47:55.321   744   744 E PQ_HDR  : DpAsyncBlitStream:: thie platform unsupport compress format
06-27 10:47:55.321   744   744 E PQ_HDR  : DpAsyncBlitStream:: thie platform unsupport compress format
06-27 10:47:55.321   744   744 E PQ_HDR  : DpAsyncBlitStream:: thie platform unsupport compress format
06-27 10:47:55.332   744   744 E PQ_HDR  : DpAsyncBlitStream:: thie platform unsupport compress format
06-27 10:47:55.332   744   744 E PQ_HDR  : DpAsyncBlitStream:: thie platform unsupport compress format
06-27 10:47:55.332   744   744 E PQ_HDR  : DpAsyncBlitStream:: thie platform unsupport compress format
06-27 10:47:55.332   744   744 E PQ_HDR  : DpAsyncBlitStream:: thie platform unsupport compress format
06-27 10:47:55.343   744   744 E PQ_HDR  : DpAsyncBlitStream:: thie platform unsupport compress format
06-27 10:47:55.343   744   744 E PQ_HDR  : DpAsyncBlitStream:: thie platform unsupport compress format
06-27 10:47:55.343   744   744 E PQ_HDR  : DpAsyncBlitStream:: thie platform unsupport compress format
06-27 10:47:55.343   744   744 E PQ_HDR  : DpAsyncBlitStream:: thie platform unsupport compress format
06-27 10:47:55.354   744   744 E PQ_HDR  : DpAsyncBlitStream:: thie platform unsupport compress format
06-27 10:47:55.354   744   744 E PQ_HDR  : DpAsyncBlitStream:: thie platform unsupport compress format
06-27 10:47:55.354   744   744 E PQ_HDR  : DpAsyncBlitStream:: thie platform unsupport compress format
06-27 10:47:55.354   744   744 E PQ_HDR  : DpAsyncBlitStream:: thie platform unsupport compress format
06-27 10:47:55.365   744   744 E PQ_HDR  : DpAsyncBlitStream:: thie platform unsupport compress format
06-27 10:47:55.365   744   744 E PQ_HDR  : DpAsyncBlitStream:: thie platform unsupport compress format
06-27 10:47:55.365   744   744 E PQ_HDR  : DpAsyncBlitStream:: thie platform unsupport compress format
06-27 10:47:55.365   744   744 E PQ_HDR  : DpAsyncBlitStream:: thie platform unsupport compress format
06-27 10:47:55.371   747   787 E HfLooper: dst->data[5.000000,0.000000,0.000000]
06-27 10:47:55.376   744   744 E PQ_HDR  : DpAsyncBlitStream:: thie platform unsupport compress format
06-27 10:47:55.376   744   744 E PQ_HDR  : DpAsyncBlitStream:: thie platform unsupport compress format
06-27 10:47:55.376   744   744 E PQ_HDR  : DpAsyncBlitStream:: thie platform unsupport compress format
06-27 10:47:55.376   744   744 E PQ_HDR  : DpAsyncBlitStream:: thie platform unsupport compress format
06-27 10:47:55.387   744   744 E PQ_HDR  : DpAsyncBlitStream:: thie platform unsupport compress format
06-27 10:47:55.387   744   744 E PQ_HDR  : DpAsyncBlitStream:: thie platform unsupport compress format
06-27 10:47:55.387   744   744 E PQ_HDR  : DpAsyncBlitStream:: thie platform unsupport compress format
06-27 10:47:55.387   744   744 E PQ_HDR  : DpAsyncBlitStream:: thie platform unsupport compress format
06-27 10:47:55.396   909   909 I touch_boost: enable=1, render_deboost=1, active_time=100, duration=200, idleprefer(TA,FG)=(1,1), util(TA,FG)=(80,80), freq(c0,c1,c2)=(1800000,2200000,0)
06-27 10:47:55.396   909   909 I mtkpower_client: perf_lock_acq, hdl:0, dur:200, num:14, tid:909
06-27 10:47:55.397   909   909 I mtkpower_client: ret_hdl:6757
06-27 10:47:55.397   780   828 I libPowerHal: [perfLockAcq] idx:0 hdl:6757 hint:-1 pid:909 tid:909 duration:200 lock_user:touch_boost => ret_hdl:6757
06-27 10:47:55.397   780   828 I libPowerHal: [setClusterFreq] touch_boost set cpufreq[0] min:1800000 max:-1 cpufreq[1] min:2200000 max:-1 
06-27 10:47:55.397   780   828 I libPowerHal: [PE] touch_boost update cmd:1404100, param:1
06-27 10:47:55.397   780   828 I libPowerHal: [PE] touch_boost update cmd:1404300, param:1
06-27 10:47:55.398   744   744 E PQ_HDR  : DpAsyncBlitStream:: thie platform unsupport compress format
06-27 10:47:55.398   744   744 E PQ_HDR  : DpAsyncBlitStream:: thie platform unsupport compress format
06-27 10:47:55.398   744   744 E PQ_HDR  : DpAsyncBlitStream:: thie platform unsupport compress format
06-27 10:47:55.398   744   744 E PQ_HDR  : DpAsyncBlitStream:: thie platform unsupport compress format
06-27 10:47:55.398   780   828 I libPowerHal: [PE] touch_boost update cmd:1408100, param:80
06-27 10:47:55.399   780   828 I libPowerHal: [PE] touch_boost update cmd:1408300, param:80
06-27 10:47:55.400   780   828 I libPowerHal: [perfLockAcq] idx:1 hdl:6758 hint:53 pid:780 tid:780 duration:80 lock_user:mtkpower@1.0-se => ret_hdl:6758
06-27 10:47:55.400   780   828 I libPowerHal: [setClusterFreq] INTERACTION set cpufreq[0] min:2000000 max:-1 cpufreq[1] min:2400000 max:-1 
06-27 10:47:55.400   780   828 I libPowerHal: [setGPUFreq] INTERACTION user set gpu freq min:0, max:-1
06-27 10:47:55.400   780   828 I libPowerHal: INTERACTION: set gpu opp level max: 0
06-27 10:47:55.400   780   828 I libPowerHal: [setGPUFreq] Soft min/max = (0, 0); Hard min/max = (42, 0)
06-27 10:47:55.400   780   828 I libPowerHal: [setGPUFreq] final min/max = (0, 0)
06-27 10:47:55.400   780   828 I libPowerHal: INTERACTION: set gpu opp level: 0
06-27 10:47:55.401   780   828 I libPowerHal: INTERACTION: set gpu opp level max: 0
06-27 10:47:55.403   780   828 I libPowerHal: [perfLockAcq] idx:2 hdl:6759 hint:53 pid:780 tid:780 duration:80 lock_user:mtkpower@1.0-se => ret_hdl:6759
06-27 10:47:55.403   780   828 I libPowerHal: [setClusterFreq] INTERACTION set cpufreq[0] min:2000000 max:-1 cpufreq[1] min:2400000 max:-1 
06-27 10:47:55.403   780   828 I libPowerHal: [setGPUFreq] INTERACTION user set gpu freq min:0, max:-1
06-27 10:47:55.403   780   828 I libPowerHal: INTERACTION: set gpu opp level max: 0
06-27 10:47:55.403   780   828 I libPowerHal: [setGPUFreq] Soft min/max = (0, 0); Hard min/max = (42, 0)
06-27 10:47:55.403   780   828 I libPowerHal: [setGPUFreq] final min/max = (0, 0)
06-27 10:47:55.403   780   828 I libPowerHal: INTERACTION: set gpu opp level: 0
06-27 10:47:55.403   780   828 I libPowerHal: INTERACTION: set gpu opp level max: 0
06-27 10:47:55.409   806   806 I BufferQueueProducer: [bbq-wrapper#1105](this:0xb400006fb27b6500,id:-1,api:0,p:-1,c:806) queueBuffer: fps=1.06 dur=1887.71 max=971.51 min=916.19
06-27 10:47:55.410   744   744 E PQ_HDR  : DpAsyncBlitStream:: thie platform unsupport compress format
06-27 10:47:55.410   744   744 E PQ_HDR  : DpAsyncBlitStream:: thie platform unsupport compress format
06-27 10:47:55.410   744   744 E PQ_HDR  : DpAsyncBlitStream:: thie platform unsupport compress format
06-27 10:47:55.410   744   744 E PQ_HDR  : DpAsyncBlitStream:: thie platform unsupport compress format
06-27 10:47:55.420   744   744 E PQ_HDR  : DpAsyncBlitStream:: thie platform unsupport compress format
06-27 10:47:55.420   744   744 E PQ_HDR  : DpAsyncBlitStream:: thie platform unsupport compress format
06-27 10:47:55.420   744   744 E PQ_HDR  : DpAsyncBlitStream:: thie platform unsupport compress format
06-27 10:47:55.420   744   744 E PQ_HDR  : DpAsyncBlitStream:: thie platform unsupport compress format
06-27 10:47:55.424   780   828 I libPowerHal: [perfLockAcq] idx:3 hdl:6760 hint:53 pid:780 tid:780 duration:80 lock_user:mtkpower@1.0-se => ret_hdl:6760
06-27 10:47:55.424   780   828 I libPowerHal: [setClusterFreq] INTERACTION set cpufreq[0] min:2000000 max:-1 cpufreq[1] min:2400000 max:-1 
06-27 10:47:55.424   780   828 I libPowerHal: [setGPUFreq] INTERACTION user set gpu freq min:0, max:-1
06-27 10:47:55.424   780   828 I libPowerHal: INTERACTION: set gpu opp level max: 0
06-27 10:47:55.424   780   828 I libPowerHal: [setGPUFreq] Soft min/max = (0, 0); Hard min/max = (42, 0)
06-27 10:47:55.424   780   828 I libPowerHal: [setGPUFreq] final min/max = (0, 0)
06-27 10:47:55.424   780   828 I libPowerHal: INTERACTION: set gpu opp level: 0
06-27 10:47:55.425   780   828 I libPowerHal: INTERACTION: set gpu opp level max: 0
06-27 10:47:55.429   780   828 I libPowerHal: [perfLockAcq] idx:4 hdl:6761 hint:53 pid:780 tid:780 duration:80 lock_user:mtkpower@1.0-se => ret_hdl:6761
06-27 10:47:55.429   780   828 I libPowerHal: [setClusterFreq] INTERACTION set cpufreq[0] min:2000000 max:-1 cpufreq[1] min:2400000 max:-1 
06-27 10:47:55.429   780   828 I libPowerHal: [setGPUFreq] INTERACTION user set gpu freq min:0, max:-1
06-27 10:47:55.430   780   828 I libPowerHal: INTERACTION: set gpu opp level max: 0
06-27 10:47:55.430   780   828 I libPowerHal: [setGPUFreq] Soft min/max = (0, 0); Hard min/max = (42, 0)
06-27 10:47:55.430   780   828 I libPowerHal: [setGPUFreq] final min/max = (0, 0)
06-27 10:47:55.430   780   828 I libPowerHal: INTERACTION: set gpu opp level: 0
06-27 10:47:55.430   780   828 I libPowerHal: INTERACTION: set gpu opp level max: 0
06-27 10:47:55.431   744   744 E PQ_HDR  : DpAsyncBlitStream:: thie platform unsupport compress format
06-27 10:47:55.431   744   744 E PQ_HDR  : DpAsyncBlitStream:: thie platform unsupport compress format
06-27 10:47:55.431   744   744 E PQ_HDR  : DpAsyncBlitStream:: thie platform unsupport compress format
06-27 10:47:55.431   744   744 E PQ_HDR  : DpAsyncBlitStream:: thie platform unsupport compress format
06-27 10:47:55.435   780   828 I libPowerHal: [perfLockAcq] idx:5 hdl:6762 hint:53 pid:780 tid:780 duration:80 lock_user:mtkpower@1.0-se => ret_hdl:6762
06-27 10:47:55.435   780   828 I libPowerHal: [setClusterFreq] INTERACTION set cpufreq[0] min:2000000 max:-1 cpufreq[1] min:2400000 max:-1 
06-27 10:47:55.435   780   828 I libPowerHal: [setGPUFreq] INTERACTION user set gpu freq min:0, max:-1
06-27 10:47:55.435   780   828 I libPowerHal: INTERACTION: set gpu opp level max: 0
06-27 10:47:55.436   780   828 I libPowerHal: [setGPUFreq] Soft min/max = (0, 0); Hard min/max = (42, 0)
06-27 10:47:55.436   780   828 I libPowerHal: [setGPUFreq] final min/max = (0, 0)
06-27 10:47:55.436   780   828 I libPowerHal: INTERACTION: set gpu opp level: 0
06-27 10:47:55.436   780   828 I libPowerHal: INTERACTION: set gpu opp level max: 0
06-27 10:47:55.437   780   828 I libPowerHal: [perfLockAcq] idx:7 hdl:6763 hint:25 pid:780 tid:780 duration:10000 lock_user:mtkpower@1.0-se => ret_hdl:6763
06-27 10:47:55.438   780   828 I libPowerHal: [PE] MTKPOWER_HINT_APP_TOUCH update cmd:3408b00 param:1
06-27 10:47:55.440   780   828 I libPowerHal: [perfLockAcq] idx:8 hdl:6764 hint:53 pid:780 tid:780 duration:80 lock_user:mtkpower@1.0-se => ret_hdl:6764
06-27 10:47:55.440   780   828 I libPowerHal: [setClusterFreq] INTERACTION set cpufreq[0] min:2000000 max:-1 cpufreq[1] min:2400000 max:-1 
06-27 10:47:55.440   780   828 I libPowerHal: [setGPUFreq] INTERACTION user set gpu freq min:0, max:-1
06-27 10:47:55.441   780   828 I libPowerHal: INTERACTION: set gpu opp level max: 0
06-27 10:47:55.441   780   828 I libPowerHal: [setGPUFreq] Soft min/max = (0, 0); Hard min/max = (42, 0)
06-27 10:47:55.441   780   828 I libPowerHal: [setGPUFreq] final min/max = (0, 0)
06-27 10:47:55.441   780   828 I libPowerHal: INTERACTION: set gpu opp level: 0
06-27 10:47:55.441   780   828 I libPowerHal: INTERACTION: set gpu opp level max: 0
06-27 10:47:55.443   744   744 E PQ_HDR  : DpAsyncBlitStream:: thie platform unsupport compress format
06-27 10:47:55.443   744   744 E PQ_HDR  : DpAsyncBlitStream:: thie platform unsupport compress format
06-27 10:47:55.443   744   744 E PQ_HDR  : DpAsyncBlitStream:: thie platform unsupport compress format
06-27 10:47:55.443   744   744 E PQ_HDR  : DpAsyncBlitStream:: thie platform unsupport compress format
06-27 10:47:55.446   780   828 I libPowerHal: [perfLockAcq] idx:9 hdl:6765 hint:53 pid:780 tid:780 duration:80 lock_user:mtkpower@1.0-se => ret_hdl:6765
06-27 10:47:55.446   780   828 I libPowerHal: [setClusterFreq] INTERACTION set cpufreq[0] min:2000000 max:-1 cpufreq[1] min:2400000 max:-1 
06-27 10:47:55.446   780   828 I libPowerHal: [setGPUFreq] INTERACTION user set gpu freq min:0, max:-1
06-27 10:47:55.446   780   828 I libPowerHal: INTERACTION: set gpu opp level max: 0
06-27 10:47:55.447   780   828 I libPowerHal: [setGPUFreq] Soft min/max = (0, 0); Hard min/max = (42, 0)
06-27 10:47:55.447   780   828 I libPowerHal: [setGPUFreq] final min/max = (0, 0)
06-27 10:47:55.447   780   828 I libPowerHal: INTERACTION: set gpu opp level: 0
06-27 10:47:55.447   780   828 I libPowerHal: INTERACTION: set gpu opp level max: 0
06-27 10:47:55.452   780   828 I libPowerHal: [perfLockAcq] idx:10 hdl:6766 hint:53 pid:780 tid:780 duration:80 lock_user:mtkpower@1.0-se => ret_hdl:6766
06-27 10:47:55.452   780   828 I libPowerHal: [setClusterFreq] INTERACTION set cpufreq[0] min:2000000 max:-1 cpufreq[1] min:2400000 max:-1 
06-27 10:47:55.452   780   828 I libPowerHal: [setGPUFreq] INTERACTION user set gpu freq min:0, max:-1
06-27 10:47:55.452   780   828 I libPowerHal: INTERACTION: set gpu opp level max: 0
06-27 10:47:55.452   780   828 I libPowerHal: [setGPUFreq] Soft min/max = (0, 0); Hard min/max = (42, 0)
06-27 10:47:55.452   780   828 I libPowerHal: [setGPUFreq] final min/max = (0, 0)
06-27 10:47:55.452   780   828 I libPowerHal: INTERACTION: set gpu opp level: 0
06-27 10:47:55.452   780   828 I libPowerHal: INTERACTION: set gpu opp level max: 0
06-27 10:47:55.454   744   744 E PQ_HDR  : DpAsyncBlitStream:: thie platform unsupport compress format
06-27 10:47:55.454   744   744 E PQ_HDR  : DpAsyncBlitStream:: thie platform unsupport compress format
06-27 10:47:55.454   744   744 E PQ_HDR  : DpAsyncBlitStream:: thie platform unsupport compress format
06-27 10:47:55.454   744   744 E PQ_HDR  : DpAsyncBlitStream:: thie platform unsupport compress format
06-27 10:47:55.458   780   828 I libPowerHal: [perfLockAcq] idx:11 hdl:6767 hint:53 pid:780 tid:780 duration:80 lock_user:mtkpower@1.0-se => ret_hdl:6767
06-27 10:47:55.458   780   828 I libPowerHal: [setClusterFreq] INTERACTION set cpufreq[0] min:2000000 max:-1 cpufreq[1] min:2400000 max:-1 
06-27 10:47:55.458   780   828 I libPowerHal: [setGPUFreq] INTERACTION user set gpu freq min:0, max:-1
06-27 10:47:55.458   780   828 I libPowerHal: INTERACTION: set gpu opp level max: 0
06-27 10:47:55.459   780   828 I libPowerHal: [setGPUFreq] Soft min/max = (0, 0); Hard min/max = (42, 0)
06-27 10:47:55.459   780   828 I libPowerHal: [setGPUFreq] final min/max = (0, 0)
06-27 10:47:55.459   780   828 I libPowerHal: INTERACTION: set gpu opp level: 0
06-27 10:47:55.459   780   828 I libPowerHal: INTERACTION: set gpu opp level max: 0
06-27 10:47:55.460  1621  1684 I QuickAccessWalletTile: QAW service is unavailable, recreating the wallet client.
06-27 10:47:55.463   780   828 I libPowerHal: [perfLockAcq] idx:12 hdl:6768 hint:53 pid:780 tid:780 duration:80 lock_user:mtkpower@1.0-se => ret_hdl:6768
06-27 10:47:55.463   780   828 I libPowerHal: [setClusterFreq] INTERACTION set cpufreq[0] min:2000000 max:-1 cpufreq[1] min:2400000 max:-1 
06-27 10:47:55.463   780   828 I libPowerHal: [setGPUFreq] INTERACTION user set gpu freq min:0, max:-1
06-27 10:47:55.463   780   828 I libPowerHal: INTERACTION: set gpu opp level max: 0
06-27 10:47:55.463   780   828 I libPowerHal: [setGPUFreq] Soft min/max = (0, 0); Hard min/max = (42, 0)
06-27 10:47:55.463   780   828 I libPowerHal: [setGPUFreq] final min/max = (0, 0)
06-27 10:47:55.463   780   828 I libPowerHal: INTERACTION: set gpu opp level: 0
06-27 10:47:55.463   780   828 I libPowerHal: INTERACTION: set gpu opp level max: 0
06-27 10:47:55.465   744   744 E PQ_HDR  : DpAsyncBlitStream:: thie platform unsupport compress format
06-27 10:47:55.465   744   744 E PQ_HDR  : DpAsyncBlitStream:: thie platform unsupport compress format
06-27 10:47:55.465   744   744 E PQ_HDR  : DpAsyncBlitStream:: thie platform unsupport compress format
06-27 10:47:55.465   744   744 E PQ_HDR  : DpAsyncBlitStream:: thie platform unsupport compress format
06-27 10:47:55.469   780   828 I libPowerHal: [perfLockAcq] idx:13 hdl:6769 hint:53 pid:780 tid:780 duration:80 lock_user:mtkpower@1.0-se => ret_hdl:6769
06-27 10:47:55.469   780   828 I libPowerHal: [setClusterFreq] INTERACTION set cpufreq[0] min:2000000 max:-1 cpufreq[1] min:2400000 max:-1 
06-27 10:47:55.469   780   828 I libPowerHal: [setGPUFreq] INTERACTION user set gpu freq min:0, max:-1
06-27 10:47:55.469   780   828 I libPowerHal: INTERACTION: set gpu opp level max: 0
06-27 10:47:55.469   780   828 I libPowerHal: [setGPUFreq] Soft min/max = (0, 0); Hard min/max = (42, 0)
06-27 10:47:55.469   780   828 I libPowerHal: [setGPUFreq] final min/max = (0, 0)
06-27 10:47:55.469   780   828 I libPowerHal: INTERACTION: set gpu opp level: 0
06-27 10:47:55.469   780   828 I libPowerHal: INTERACTION: set gpu opp level max: 0
06-27 10:47:55.471   747   787 E HfLooper: dst->data[5.000000,35.000000,9736.000000]
06-27 10:47:55.474   780   828 I libPowerHal: [perfLockAcq] idx:14 hdl:6770 hint:53 pid:780 tid:780 duration:80 lock_user:mtkpower@1.0-se => ret_hdl:6770
06-27 10:47:55.474   780   828 I libPowerHal: [setClusterFreq] INTERACTION set cpufreq[0] min:2000000 max:-1 cpufreq[1] min:2400000 max:-1 
06-27 10:47:55.474   780   828 I libPowerHal: [setGPUFreq] INTERACTION user set gpu freq min:0, max:-1
06-27 10:47:55.474   780   828 I libPowerHal: INTERACTION: set gpu opp level max: 0
06-27 10:47:55.474   780   828 I libPowerHal: [setGPUFreq] Soft min/max = (0, 0); Hard min/max = (42, 0)
06-27 10:47:55.474   780   828 I libPowerHal: [setGPUFreq] final min/max = (0, 0)
06-27 10:47:55.474   780   828 I libPowerHal: INTERACTION: set gpu opp level: 0
06-27 10:47:55.474   780   828 I libPowerHal: INTERACTION: set gpu opp level max: 0
06-27 10:47:55.476   744   744 E PQ_HDR  : DpAsyncBlitStream:: thie platform unsupport compress format
06-27 10:47:55.476   744   744 E PQ_HDR  : DpAsyncBlitStream:: thie platform unsupport compress format
06-27 10:47:55.476   744   744 E PQ_HDR  : DpAsyncBlitStream:: thie platform unsupport compress format
06-27 10:47:55.476   744   744 E PQ_HDR  : DpAsyncBlitStream:: thie platform unsupport compress format
06-27 10:47:55.479   780   828 I libPowerHal: [perfLockAcq] idx:15 hdl:6771 hint:53 pid:780 tid:780 duration:80 lock_user:mtkpower@1.0-se => ret_hdl:6771
06-27 10:47:55.479   780   828 I libPowerHal: [setClusterFreq] INTERACTION set cpufreq[0] min:2000000 max:-1 cpufreq[1] min:2400000 max:-1 
06-27 10:47:55.479   780   828 I libPowerHal: [setGPUFreq] INTERACTION user set gpu freq min:0, max:-1
06-27 10:47:55.479   780   828 I libPowerHal: INTERACTION: set gpu opp level max: 0
06-27 10:47:55.480   780   828 I libPowerHal: [setGPUFreq] Soft min/max = (0, 0); Hard min/max = (42, 0)
06-27 10:47:55.480   780   828 I libPowerHal: [setGPUFreq] final min/max = (0, 0)
06-27 10:47:55.480   780   828 I libPowerHal: INTERACTION: set gpu opp level: 0
06-27 10:47:55.480   780   828 I libPowerHal: INTERACTION: set gpu opp level max: 0
06-27 10:47:55.481   780   828 I mtkpower@impl: [powerd_req] TIMER_MSG_PERF_LOCK_TIMEOUT hdl:6758
06-27 10:47:55.481   780   828 I libPowerHal: [perfLockRel] hdl:6758, idx:1
06-27 10:47:55.481   780   828 I libPowerHal: [unsetGPUFreq] current min:0, max:0; scn_gpu_min:0, scn_gpu_max:-1; scn_gpu_min(HL):-1, scn_gpu_max(HL):-1
06-27 10:47:55.481   780   828 I libPowerHal: [setGPUFreq] Soft min/max = (0, 0); Hard min/max = (42, 0)
06-27 10:47:55.481   780   828 I libPowerHal: [setGPUFreq] final min/max = (0, 0)
06-27 10:47:55.481   780   828 I libPowerHal: INTERACTION: set gpu opp level: 0
06-27 10:47:55.482   780   828 I libPowerHal: INTERACTION: set gpu opp level max: 0
06-27 10:47:55.485   780   828 I libPowerHal: [perfLockAcq] idx:1 hdl:6772 hint:53 pid:780 tid:780 duration:80 lock_user:mtkpower@1.0-se => ret_hdl:6772
06-27 10:47:55.485   780   828 I libPowerHal: [setClusterFreq] INTERACTION set cpufreq[0] min:2000000 max:-1 cpufreq[1] min:2400000 max:-1 
06-27 10:47:55.485   780   828 I libPowerHal: [setGPUFreq] INTERACTION user set gpu freq min:0, max:-1
06-27 10:47:55.485   780   828 I libPowerHal: INTERACTION: set gpu opp level max: 0
06-27 10:47:55.485   780   828 I libPowerHal: [setGPUFreq] Soft min/max = (0, 0); Hard min/max = (42, 0)
06-27 10:47:55.485   780   828 I libPowerHal: [setGPUFreq] final min/max = (0, 0)
06-27 10:47:55.485   780   828 I libPowerHal: INTERACTION: set gpu opp level: 0
06-27 10:47:55.485   780   828 I libPowerHal: INTERACTION: set gpu opp level max: 0
06-27 10:47:55.487   744   744 E PQ_HDR  : DpAsyncBlitStream:: thie platform unsupport compress format
06-27 10:47:55.487   744   744 E PQ_HDR  : DpAsyncBlitStream:: thie platform unsupport compress format
06-27 10:47:55.487   744   744 E PQ_HDR  : DpAsyncBlitStream:: thie platform unsupport compress format
06-27 10:47:55.487   744   744 E PQ_HDR  : DpAsyncBlitStream:: thie platform unsupport compress format
06-27 10:47:55.491   780   828 I libPowerHal: [perfLockAcq] idx:16 hdl:6773 hint:53 pid:780 tid:780 duration:80 lock_user:mtkpower@1.0-se => ret_hdl:6773
06-27 10:47:55.491   780   828 I libPowerHal: [setClusterFreq] INTERACTION set cpufreq[0] min:2000000 max:-1 cpufreq[1] min:2400000 max:-1 
06-27 10:47:55.491   780   828 I libPowerHal: [setGPUFreq] INTERACTION user set gpu freq min:0, max:-1
06-27 10:47:55.491   780   828 I libPowerHal: INTERACTION: set gpu opp level max: 0
06-27 10:47:55.492   780   828 I libPowerHal: [setGPUFreq] Soft min/max = (0, 0); Hard min/max = (42, 0)
06-27 10:47:55.492   780   828 I libPowerHal: [setGPUFreq] final min/max = (0, 0)
06-27 10:47:55.492   780   828 I libPowerHal: INTERACTION: set gpu opp level: 0
06-27 10:47:55.492   780   828 I libPowerHal: INTERACTION: set gpu opp level max: 0
06-27 10:47:55.496   780   828 I libPowerHal: [perfLockAcq] idx:17 hdl:6774 hint:53 pid:780 tid:780 duration:80 lock_user:mtkpower@1.0-se => ret_hdl:6774
06-27 10:47:55.496   780   828 I libPowerHal: [setClusterFreq] INTERACTION set cpufreq[0] min:2000000 max:-1 cpufreq[1] min:2400000 max:-1 
06-27 10:47:55.496   780   828 I libPowerHal: [setGPUFreq] INTERACTION user set gpu freq min:0, max:-1
06-27 10:47:55.496   780   828 I libPowerHal: INTERACTION: set gpu opp level max: 0
06-27 10:47:55.496   780   828 I libPowerHal: [setGPUFreq] Soft min/max = (0, 0); Hard min/max = (42, 0)
06-27 10:47:55.496   780   828 I libPowerHal: [setGPUFreq] final min/max = (0, 0)
06-27 10:47:55.496   780   828 I libPowerHal: INTERACTION: set gpu opp level: 0
06-27 10:47:55.496   780   828 I libPowerHal: INTERACTION: set gpu opp level max: 0
06-27 10:47:55.498   744   744 E PQ_HDR  : DpAsyncBlitStream:: thie platform unsupport compress format
06-27 10:47:55.498   744   744 E PQ_HDR  : DpAsyncBlitStream:: thie platform unsupport compress format
06-27 10:47:55.498   744   744 E PQ_HDR  : DpAsyncBlitStream:: thie platform unsupport compress format
06-27 10:47:55.498   744   744 E PQ_HDR  : DpAsyncBlitStream:: thie platform unsupport compress format
06-27 10:47:55.501   780   828 I libPowerHal: [perfLockAcq] idx:18 hdl:6775 hint:53 pid:780 tid:780 duration:80 lock_user:mtkpower@1.0-se => ret_hdl:6775
06-27 10:47:55.501   780   828 I libPowerHal: [setClusterFreq] INTERACTION set cpufreq[0] min:2000000 max:-1 cpufreq[1] min:2400000 max:-1 
06-27 10:47:55.501   780   828 I libPowerHal: [setGPUFreq] INTERACTION user set gpu freq min:0, max:-1
06-27 10:47:55.501   780   828 I libPowerHal: INTERACTION: set gpu opp level max: 0
06-27 10:47:55.502   780   828 I libPowerHal: [setGPUFreq] Soft min/max = (0, 0); Hard min/max = (42, 0)
06-27 10:47:55.502   780   828 I libPowerHal: [setGPUFreq] final min/max = (0, 0)
06-27 10:47:55.502   780   828 I libPowerHal: INTERACTION: set gpu opp level: 0
06-27 10:47:55.502   780   828 I libPowerHal: INTERACTION: set gpu opp level max: 0
06-27 10:47:55.507   780   828 I libPowerHal: [perfLockAcq] idx:19 hdl:6776 hint:53 pid:780 tid:780 duration:80 lock_user:mtkpower@1.0-se => ret_hdl:6776
06-27 10:47:55.507   780   828 I libPowerHal: [setClusterFreq] INTERACTION set cpufreq[0] min:2000000 max:-1 cpufreq[1] min:2400000 max:-1 
06-27 10:47:55.507   780   828 I libPowerHal: [setGPUFreq] INTERACTION user set gpu freq min:0, max:-1
06-27 10:47:55.507   780   828 I libPowerHal: INTERACTION: set gpu opp level max: 0
06-27 10:47:55.507   780   828 I libPowerHal: [setGPUFreq] Soft min/max = (0, 0); Hard min/max = (42, 0)
06-27 10:47:55.507   780   828 I libPowerHal: [setGPUFreq] final min/max = (0, 0)
06-27 10:47:55.507   780   828 I libPowerHal: INTERACTION: set gpu opp level: 0
06-27 10:47:55.507   780   828 I libPowerHal: INTERACTION: set gpu opp level max: 0
06-27 10:47:55.509   744   744 E PQ_HDR  : DpAsyncBlitStream:: thie platform unsupport compress format
06-27 10:47:55.509   744   744 E PQ_HDR  : DpAsyncBlitStream:: thie platform unsupport compress format
06-27 10:47:55.509   744   744 E PQ_HDR  : DpAsyncBlitStream:: thie platform unsupport compress format
06-27 10:47:55.509   744   744 E PQ_HDR  : DpAsyncBlitStream:: thie platform unsupport compress format
06-27 10:47:55.513   780   828 I libPowerHal: [perfLockAcq] idx:20 hdl:6777 hint:53 pid:780 tid:780 duration:80 lock_user:mtkpower@1.0-se => ret_hdl:6777
06-27 10:47:55.513   780   828 I libPowerHal: [setClusterFreq] INTERACTION set cpufreq[0] min:2000000 max:-1 cpufreq[1] min:2400000 max:-1 
06-27 10:47:55.513   780   828 I libPowerHal: [setGPUFreq] INTERACTION user set gpu freq min:0, max:-1
06-27 10:47:55.513   780   828 I libPowerHal: INTERACTION: set gpu opp level max: 0
06-27 10:47:55.513   780   828 I libPowerHal: [setGPUFreq] Soft min/max = (0, 0); Hard min/max = (42, 0)
06-27 10:47:55.513   780   828 I libPowerHal: [setGPUFreq] final min/max = (0, 0)
06-27 10:47:55.513   780   828 I libPowerHal: INTERACTION: set gpu opp level: 0
06-27 10:47:55.514   780   828 I libPowerHal: INTERACTION: set gpu opp level max: 0
06-27 10:47:55.518   780   828 I libPowerHal: [perfLockAcq] idx:21 hdl:6778 hint:53 pid:780 tid:780 duration:80 lock_user:mtkpower@1.0-se => ret_hdl:6778
06-27 10:47:55.518   780   828 I libPowerHal: [setClusterFreq] INTERACTION set cpufreq[0] min:2000000 max:-1 cpufreq[1] min:2400000 max:-1 
06-27 10:47:55.518   780   828 I libPowerHal: [setGPUFreq] INTERACTION user set gpu freq min:0, max:-1
06-27 10:47:55.518   780   828 I libPowerHal: INTERACTION: set gpu opp level max: 0
06-27 10:47:55.518   780   828 I libPowerHal: [setGPUFreq] Soft min/max = (0, 0); Hard min/max = (42, 0)
06-27 10:47:55.518   780   828 I libPowerHal: [setGPUFreq] final min/max = (0, 0)
06-27 10:47:55.518   780   828 I libPowerHal: INTERACTION: set gpu opp level: 0
06-27 10:47:55.518   780   828 I libPowerHal: INTERACTION: set gpu opp level max: 0
06-27 10:47:55.520   744   744 E PQ_HDR  : DpAsyncBlitStream:: thie platform unsupport compress format
06-27 10:47:55.520   744   744 E PQ_HDR  : DpAsyncBlitStream:: thie platform unsupport compress format
06-27 10:47:55.520   744   744 E PQ_HDR  : DpAsyncBlitStream:: thie platform unsupport compress format
06-27 10:47:55.520   744   744 E PQ_HDR  : DpAsyncBlitStream:: thie platform unsupport compress format
06-27 10:47:55.524   780   828 I libPowerHal: [perfLockAcq] idx:22 hdl:6779 hint:53 pid:780 tid:780 duration:80 lock_user:mtkpower@1.0-se => ret_hdl:6779
06-27 10:47:55.524   780   828 I libPowerHal: [setClusterFreq] INTERACTION set cpufreq[0] min:2000000 max:-1 cpufreq[1] min:2400000 max:-1 
06-27 10:47:55.524   780   828 I libPowerHal: [setGPUFreq] INTERACTION user set gpu freq min:0, max:-1
06-27 10:47:55.524   780   828 I libPowerHal: INTERACTION: set gpu opp level max: 0
06-27 10:47:55.525   780   828 I libPowerHal: [setGPUFreq] Soft min/max = (0, 0); Hard min/max = (42, 0)
06-27 10:47:55.525   780   828 I libPowerHal: [setGPUFreq] final min/max = (0, 0)
06-27 10:47:55.525   780   828 I libPowerHal: INTERACTION: set gpu opp level: 0
06-27 10:47:55.525   780   828 I libPowerHal: INTERACTION: set gpu opp level max: 0
06-27 10:47:55.529   780   828 I libPowerHal: [perfLockAcq] idx:23 hdl:6780 hint:53 pid:780 tid:780 duration:80 lock_user:mtkpower@1.0-se => ret_hdl:6780
06-27 10:47:55.529   780   828 I libPowerHal: [setClusterFreq] INTERACTION set cpufreq[0] min:2000000 max:-1 cpufreq[1] min:2400000 max:-1 
06-27 10:47:55.529   780   828 I libPowerHal: [setGPUFreq] INTERACTION user set gpu freq min:0, max:-1
06-27 10:47:55.529   780   828 I libPowerHal: INTERACTION: set gpu opp level max: 0
06-27 10:47:55.529   780   828 I libPowerHal: [setGPUFreq] Soft min/max = (0, 0); Hard min/max = (42, 0)
06-27 10:47:55.529   780   828 I libPowerHal: [setGPUFreq] final min/max = (0, 0)
06-27 10:47:55.529   780   828 I libPowerHal: INTERACTION: set gpu opp level: 0
06-27 10:47:55.529   780   828 I libPowerHal: INTERACTION: set gpu opp level max: 0
06-27 10:47:55.531   744   744 E PQ_HDR  : DpAsyncBlitStream:: thie platform unsupport compress format
06-27 10:47:55.531   744   744 E PQ_HDR  : DpAsyncBlitStream:: thie platform unsupport compress format
06-27 10:47:55.531   744   744 E PQ_HDR  : DpAsyncBlitStream:: thie platform unsupport compress format
06-27 10:47:55.531   744   744 E PQ_HDR  : DpAsyncBlitStream:: thie platform unsupport compress format
06-27 10:47:55.533   806   806 I BufferQueueProducer: [FramebufferSurface](this:0xb40000700264c2f0,id:-1,api:1,p:806,c:806) queueBuffer: fps=81.59 dur=1004.98 max=68.40 min=7.59
06-27 10:47:55.533   744   744 I hwcomposer: [HWCDisplay] [Display_0 (type:1, mode:2)] fps:81.595116,dur:1004.96,max:68.54,min:7.42  
06-27 10:47:55.535   780   828 I libPowerHal: [perfLockAcq] idx:24 hdl:6781 hint:53 pid:780 tid:780 duration:80 lock_user:mtkpower@1.0-se => ret_hdl:6781
06-27 10:47:55.535   780   828 I libPowerHal: [setClusterFreq] INTERACTION set cpufreq[0] min:2000000 max:-1 cpufreq[1] min:2400000 max:-1 
06-27 10:47:55.535   780   828 I libPowerHal: [setGPUFreq] INTERACTION user set gpu freq min:0, max:-1
06-27 10:47:55.535   780   828 I libPowerHal: INTERACTION: set gpu opp level max: 0
06-27 10:47:55.535   780   828 I libPowerHal: [setGPUFreq] Soft min/max = (0, 0); Hard min/max = (42, 0)
06-27 10:47:55.535   780   828 I libPowerHal: [setGPUFreq] final min/max = (0, 0)
06-27 10:47:55.535   780   828 I libPowerHal: INTERACTION: set gpu opp level: 0
06-27 10:47:55.535   780   828 I libPowerHal: INTERACTION: set gpu opp level max: 0
06-27 10:47:55.540   780   828 I libPowerHal: [perfLockAcq] idx:25 hdl:6782 hint:53 pid:780 tid:780 duration:80 lock_user:mtkpower@1.0-se => ret_hdl:6782
06-27 10:47:55.540   780   828 I libPowerHal: [setClusterFreq] INTERACTION set cpufreq[0] min:2000000 max:-1 cpufreq[1] min:2400000 max:-1 
06-27 10:47:55.540   780   828 I libPowerHal: [setGPUFreq] INTERACTION user set gpu freq min:0, max:-1
06-27 10:47:55.540   780   828 I libPowerHal: INTERACTION: set gpu opp level max: 0
06-27 10:47:55.540   780   828 I libPowerHal: [setGPUFreq] Soft min/max = (0, 0); Hard min/max = (42, 0)
06-27 10:47:55.540   780   828 I libPowerHal: [setGPUFreq] final min/max = (0, 0)
06-27 10:47:55.540   780   828 I libPowerHal: INTERACTION: set gpu opp level: 0
06-27 10:47:55.540   780   828 I libPowerHal: INTERACTION: set gpu opp level max: 0
06-27 10:47:55.542   744   744 E PQ_HDR  : DpAsyncBlitStream:: thie platform unsupport compress format
06-27 10:47:55.542   744   744 E PQ_HDR  : DpAsyncBlitStream:: thie platform unsupport compress format
06-27 10:47:55.542   744   744 E PQ_HDR  : DpAsyncBlitStream:: thie platform unsupport compress format
06-27 10:47:55.542   744   744 E PQ_HDR  : DpAsyncBlitStream:: thie platform unsupport compress format
06-27 10:47:55.546   780   828 I libPowerHal: [perfLockAcq] idx:26 hdl:6783 hint:53 pid:780 tid:780 duration:80 lock_user:mtkpower@1.0-se => ret_hdl:6783
06-27 10:47:55.546   780   828 I libPowerHal: [setClusterFreq] INTERACTION set cpufreq[0] min:2000000 max:-1 cpufreq[1] min:2400000 max:-1 
06-27 10:47:55.546   780   828 I libPowerHal: [setGPUFreq] INTERACTION user set gpu freq min:0, max:-1
06-27 10:47:55.546   780   828 I libPowerHal: INTERACTION: set gpu opp level max: 0
06-27 10:47:55.546   780   828 I libPowerHal: [setGPUFreq] Soft min/max = (0, 0); Hard min/max = (42, 0)
06-27 10:47:55.547   780   828 I libPowerHal: [setGPUFreq] final min/max = (0, 0)
06-27 10:47:55.547   780   828 I libPowerHal: INTERACTION: set gpu opp level: 0
06-27 10:47:55.547   780   828 I libPowerHal: INTERACTION: set gpu opp level max: 0
06-27 10:47:55.551   780   828 I libPowerHal: [perfLockAcq] idx:27 hdl:6784 hint:53 pid:780 tid:780 duration:80 lock_user:mtkpower@1.0-se => ret_hdl:6784
06-27 10:47:55.551   780   828 I libPowerHal: [setClusterFreq] INTERACTION set cpufreq[0] min:2000000 max:-1 cpufreq[1] min:2400000 max:-1 
06-27 10:47:55.551   780   828 I libPowerHal: [setGPUFreq] INTERACTION user set gpu freq min:0, max:-1
06-27 10:47:55.551   780   828 I libPowerHal: INTERACTION: set gpu opp level max: 0
06-27 10:47:55.551   780   828 I libPowerHal: [setGPUFreq] Soft min/max = (0, 0); Hard min/max = (42, 0)
06-27 10:47:55.551   780   828 I libPowerHal: [setGPUFreq] final min/max = (0, 0)
06-27 10:47:55.552   780   828 I libPowerHal: INTERACTION: set gpu opp level: 0
06-27 10:47:55.552   780   828 I libPowerHal: INTERACTION: set gpu opp level max: 0
06-27 10:47:55.553   744   744 E PQ_HDR  : DpAsyncBlitStream:: thie platform unsupport compress format
06-27 10:47:55.553   744   744 E PQ_HDR  : DpAsyncBlitStream:: thie platform unsupport compress format
06-27 10:47:55.553   744   744 E PQ_HDR  : DpAsyncBlitStream:: thie platform unsupport compress format
06-27 10:47:55.554   744   744 E PQ_HDR  : DpAsyncBlitStream:: thie platform unsupport compress format
06-27 10:47:55.557   780   828 I libPowerHal: [perfLockAcq] idx:28 hdl:6785 hint:53 pid:780 tid:780 duration:80 lock_user:mtkpower@1.0-se => ret_hdl:6785
06-27 10:47:55.557   780   828 I libPowerHal: [setClusterFreq] INTERACTION set cpufreq[0] min:2000000 max:-1 cpufreq[1] min:2400000 max:-1 
06-27 10:47:55.557   780   828 I libPowerHal: [setGPUFreq] INTERACTION user set gpu freq min:0, max:-1
06-27 10:47:55.557   780   828 I libPowerHal: INTERACTION: set gpu opp level max: 0
06-27 10:47:55.557   780   828 I libPowerHal: [setGPUFreq] Soft min/max = (0, 0); Hard min/max = (42, 0)
06-27 10:47:55.557   780   828 I libPowerHal: [setGPUFreq] final min/max = (0, 0)
06-27 10:47:55.558   780   828 I libPowerHal: INTERACTION: set gpu opp level: 0
06-27 10:47:55.558   780   828 I libPowerHal: INTERACTION: set gpu opp level max: 0
06-27 10:47:55.562   780   828 I libPowerHal: [perfLockAcq] idx:29 hdl:6786 hint:53 pid:780 tid:780 duration:80 lock_user:mtkpower@1.0-se => ret_hdl:6786
06-27 10:47:55.562   780   828 I libPowerHal: [setClusterFreq] INTERACTION set cpufreq[0] min:2000000 max:-1 cpufreq[1] min:2400000 max:-1 
06-27 10:47:55.562   780   828 I libPowerHal: [setGPUFreq] INTERACTION user set gpu freq min:0, max:-1
06-27 10:47:55.562   780   828 I libPowerHal: INTERACTION: set gpu opp level max: 0
06-27 10:47:55.562   780   828 I libPowerHal: [setGPUFreq] Soft min/max = (0, 0); Hard min/max = (42, 0)
06-27 10:47:55.562   780   828 I libPowerHal: [setGPUFreq] final min/max = (0, 0)
06-27 10:47:55.562   780   828 I libPowerHal: INTERACTION: set gpu opp level: 0
06-27 10:47:55.562   780   828 I libPowerHal: INTERACTION: set gpu opp level max: 0
06-27 10:47:55.564   744   744 E PQ_HDR  : DpAsyncBlitStream:: thie platform unsupport compress format
06-27 10:47:55.564   744   744 E PQ_HDR  : DpAsyncBlitStream:: thie platform unsupport compress format
06-27 10:47:55.564   744   744 E PQ_HDR  : DpAsyncBlitStream:: thie platform unsupport compress format
06-27 10:47:55.564   744   744 E PQ_HDR  : DpAsyncBlitStream:: thie platform unsupport compress format
06-27 10:47:55.565   780   828 I mtkpower@impl: [powerd_req] TIMER_MSG_PERF_LOCK_TIMEOUT hdl:6772
06-27 10:47:55.565   780   828 I libPowerHal: [perfLockRel] hdl:6772, idx:1
06-27 10:47:55.566   780   828 I libPowerHal: [unsetGPUFreq] current min:0, max:0; scn_gpu_min:0, scn_gpu_max:-1; scn_gpu_min(HL):-1, scn_gpu_max(HL):-1
06-27 10:47:55.566   780   828 I libPowerHal: [setGPUFreq] Soft min/max = (0, 0); Hard min/max = (42, 0)
06-27 10:47:55.566   780   828 I libPowerHal: [setGPUFreq] final min/max = (0, 0)
