06-27 10:47:53.798   744   744 E PQ_HDR  : DpAsyncBlitStream:: thie platform unsupport compress format
06-27 10:47:53.798   744   744 E PQ_HDR  : DpAsyncBlitStream:: thie platform unsupport compress format
06-27 10:47:53.798   744   744 E PQ_HDR  : DpAsyncBlitStream:: thie platform unsupport compress format
06-27 10:47:53.800   780   828 I mtkpower@impl: [powerd_req] TIMER_MSG_PERF_LOCK_TIMEOUT hdl:6693
06-27 10:47:53.800   780   828 I libPowerHal: [perfLockRel] hdl:6693, idx:3
06-27 10:47:53.800   780   828 I libPowerHal: [unsetGPUFreq] current min:0, max:0; scn_gpu_min:0, scn_gpu_max:-1; scn_gpu_min(HL):-1, scn_gpu_max(HL):-1
06-27 10:47:53.800   780   828 I libPowerHal: [setGPUFreq] Soft min/max = (0, 0); Hard min/max = (42, 0)
06-27 10:47:53.800   780   828 I libPowerHal: [setGPUFreq] final min/max = (0, 0)
06-27 10:47:53.800   780   828 I libPowerHal: INTERACTION: set gpu opp level: 0
06-27 10:47:53.800   780   828 I libPowerHal: INTERACTION: set gpu opp level max: 0
06-27 10:47:53.802   780   828 I libPowerHal: [perfLockAcq] idx:0 hdl:6708 hint:53 pid:780 tid:780 duration:80 lock_user:mtkpower@1.0-se => ret_hdl:6708
06-27 10:47:53.802   780   828 I libPowerHal: [setClusterFreq] INTERACTION set cpufreq[0] min:2000000 max:-1 cpufreq[1] min:2400000 max:-1 
06-27 10:47:53.802   780   828 I libPowerHal: [setGPUFreq] INTERACTION user set gpu freq min:0, max:-1
06-27 10:47:53.802   780   828 I libPowerHal: INTERACTION: set gpu opp level max: 0
06-27 10:47:53.802   780   828 I libPowerHal: [setGPUFreq] Soft min/max = (0, 0); Hard min/max = (42, 0)
06-27 10:47:53.803   780   828 I libPowerHal: [setGPUFreq] final min/max = (0, 0)
06-27 10:47:53.803   780   828 I libPowerHal: INTERACTION: set gpu opp level: 0
06-27 10:47:53.803   780   828 I libPowerHal: INTERACTION: set gpu opp level max: 0
06-27 10:47:53.804   780   828 I mtkpower@impl: [powerd_req] TIMER_MSG_PERF_LOCK_TIMEOUT hdl:6694
06-27 10:47:53.804   780   828 I libPowerHal: [perfLockRel] hdl:6694, idx:1
06-27 10:47:53.804   780   828 I libPowerHal: [unsetGPUFreq] current min:0, max:0; scn_gpu_min:0, scn_gpu_max:-1; scn_gpu_min(HL):-1, scn_gpu_max(HL):-1
06-27 10:47:53.804   780   828 I libPowerHal: [setGPUFreq] Soft min/max = (0, 0); Hard min/max = (42, 0)
06-27 10:47:53.804   780   828 I libPowerHal: [setGPUFreq] final min/max = (0, 0)
06-27 10:47:53.804   780   828 I libPowerHal: INTERACTION: set gpu opp level: 0
06-27 10:47:53.804   780   828 I libPowerHal: INTERACTION: set gpu opp level max: 0
06-27 10:47:53.804   780   828 I libPowerHal: [perfLockRel] hdl:6663, idx:8
06-27 10:47:53.805   780   828 I libPowerHal: [PD] MTKPOWER_HINT_APP_TOUCH update cmd:3408b00 param:0
06-27 10:47:53.806   780   828 I libPowerHal: [perfLockAcq] idx:3 hdl:6709 hint:53 pid:780 tid:780 duration:1312 lock_user:mtkpower@1.0-se => ret_hdl:6709
06-27 10:47:53.806   780   828 I libPowerHal: [setClusterFreq] INTERACTION set cpufreq[0] min:2000000 max:-1 cpufreq[1] min:2400000 max:-1 
06-27 10:47:53.806   780   828 I libPowerHal: [setGPUFreq] INTERACTION user set gpu freq min:0, max:-1
06-27 10:47:53.806   780   828 I libPowerHal: INTERACTION: set gpu opp level max: 0
06-27 10:47:53.806   780   828 I libPowerHal: [setGPUFreq] Soft min/max = (0, 0); Hard min/max = (42, 0)
06-27 10:47:53.806   780   828 I libPowerHal: [setGPUFreq] final min/max = (0, 0)
06-27 10:47:53.806   780   828 I libPowerHal: INTERACTION: set gpu opp level: 0
06-27 10:47:53.806   780   828 I libPowerHal: INTERACTION: set gpu opp level max: 0
06-27 10:47:53.809   780   828 I mtkpower@impl: [powerd_req] TIMER_MSG_PERF_LOCK_TIMEOUT hdl:6695
06-27 10:47:53.810   780   828 I libPowerHal: [perfLockRel] hdl:6695, idx:4
06-27 10:47:53.810   780   828 I libPowerHal: [unsetGPUFreq] current min:0, max:0; scn_gpu_min:0, scn_gpu_max:-1; scn_gpu_min(HL):-1, scn_gpu_max(HL):-1
06-27 10:47:53.810   780   828 I libPowerHal: [setGPUFreq] Soft min/max = (0, 0); Hard min/max = (42, 0)
06-27 10:47:53.810   780   828 I libPowerHal: [setGPUFreq] final min/max = (0, 0)
06-27 10:47:53.810   780   828 I libPowerHal: INTERACTION: set gpu opp level: 0
06-27 10:47:53.810   780   828 I libPowerHal: INTERACTION: set gpu opp level max: 0
06-27 10:47:53.810   744   744 E PQ_HDR  : DpAsyncBlitStream:: thie platform unsupport compress format
06-27 10:47:53.810   744   744 E PQ_HDR  : DpAsyncBlitStream:: thie platform unsupport compress format
06-27 10:47:53.810   744   744 E PQ_HDR  : DpAsyncBlitStream:: thie platform unsupport compress format
06-27 10:47:53.810   744   744 E PQ_HDR  : DpAsyncBlitStream:: thie platform unsupport compress format
06-27 10:47:53.815   780   828 I mtkpower@impl: [powerd_req] TIMER_MSG_PERF_LOCK_TIMEOUT hdl:6696
06-27 10:47:53.816   780   828 I libPowerHal: [perfLockRel] hdl:6696, idx:5
06-27 10:47:53.816   780   828 I libPowerHal: [unsetGPUFreq] current min:0, max:0; scn_gpu_min:0, scn_gpu_max:-1; scn_gpu_min(HL):-1, scn_gpu_max(HL):-1
06-27 10:47:53.816   780   828 I libPowerHal: [setGPUFreq] Soft min/max = (0, 0); Hard min/max = (42, 0)
06-27 10:47:53.816   780   828 I libPowerHal: [setGPUFreq] final min/max = (0, 0)
06-27 10:47:53.816   780   828 I libPowerHal: INTERACTION: set gpu opp level: 0
06-27 10:47:53.816   780   828 I libPowerHal: INTERACTION: set gpu opp level max: 0
06-27 10:47:53.820   744   744 E PQ_HDR  : DpAsyncBlitStream:: thie platform unsupport compress format
06-27 10:47:53.820   744   744 E PQ_HDR  : DpAsyncBlitStream:: thie platform unsupport compress format
06-27 10:47:53.820   744   744 E PQ_HDR  : DpAsyncBlitStream:: thie platform unsupport compress format
06-27 10:47:53.820   744   744 E PQ_HDR  : DpAsyncBlitStream:: thie platform unsupport compress format
06-27 10:47:53.821   780   828 I mtkpower@impl: [powerd_req] TIMER_MSG_PERF_LOCK_TIMEOUT hdl:6697
06-27 10:47:53.821   780   828 I libPowerHal: [perfLockRel] hdl:6697, idx:6
06-27 10:47:53.821   780   828 I libPowerHal: [unsetGPUFreq] current min:0, max:0; scn_gpu_min:0, scn_gpu_max:-1; scn_gpu_min(HL):-1, scn_gpu_max(HL):-1
06-27 10:47:53.821   780   828 I libPowerHal: [setGPUFreq] Soft min/max = (0, 0); Hard min/max = (42, 0)
06-27 10:47:53.821   780   828 I libPowerHal: [setGPUFreq] final min/max = (0, 0)
06-27 10:47:53.821   780   828 I libPowerHal: INTERACTION: set gpu opp level: 0
06-27 10:47:53.821   780   828 I libPowerHal: INTERACTION: set gpu opp level max: 0
06-27 10:47:53.829   780   828 I mtkpower@impl: [powerd_req] TIMER_MSG_PERF_LOCK_TIMEOUT hdl:6698
06-27 10:47:53.829   780   828 I libPowerHal: [perfLockRel] hdl:6698, idx:7
06-27 10:47:53.829   780   828 I libPowerHal: [unsetGPUFreq] current min:0, max:0; scn_gpu_min:0, scn_gpu_max:-1; scn_gpu_min(HL):-1, scn_gpu_max(HL):-1
06-27 10:47:53.829   780   828 I libPowerHal: [setGPUFreq] Soft min/max = (0, 0); Hard min/max = (42, 0)
06-27 10:47:53.829   780   828 I libPowerHal: [setGPUFreq] final min/max = (0, 0)
06-27 10:47:53.829   780   828 I libPowerHal: INTERACTION: set gpu opp level: 0
06-27 10:47:53.829   780   828 I libPowerHal: INTERACTION: set gpu opp level max: 0
06-27 10:47:53.831   744   744 E PQ_HDR  : DpAsyncBlitStream:: thie platform unsupport compress format
06-27 10:47:53.831   744   744 E PQ_HDR  : DpAsyncBlitStream:: thie platform unsupport compress format
06-27 10:47:53.831   744   744 E PQ_HDR  : DpAsyncBlitStream:: thie platform unsupport compress format
06-27 10:47:53.831   744   744 E PQ_HDR  : DpAsyncBlitStream:: thie platform unsupport compress format
06-27 10:47:53.832   780   828 I mtkpower@impl: [powerd_req] TIMER_MSG_PERF_LOCK_TIMEOUT hdl:6699
06-27 10:47:53.832   780   828 I libPowerHal: [perfLockRel] hdl:6699, idx:9
06-27 10:47:53.832   780   828 I libPowerHal: [unsetGPUFreq] current min:0, max:0; scn_gpu_min:0, scn_gpu_max:-1; scn_gpu_min(HL):-1, scn_gpu_max(HL):-1
06-27 10:47:53.832   780   828 I libPowerHal: [setGPUFreq] Soft min/max = (0, 0); Hard min/max = (42, 0)
06-27 10:47:53.832   780   828 I libPowerHal: [setGPUFreq] final min/max = (0, 0)
06-27 10:47:53.832   780   828 I libPowerHal: INTERACTION: set gpu opp level: 0
06-27 10:47:53.832   780   828 I libPowerHal: INTERACTION: set gpu opp level max: 0
06-27 10:47:53.839   780   828 I mtkpower@impl: [powerd_req] TIMER_MSG_PERF_LOCK_TIMEOUT hdl:6700
06-27 10:47:53.839   780   828 I libPowerHal: [perfLockRel] hdl:6700, idx:10
06-27 10:47:53.839  1621  1621 W FrameTracker: Missing HWUI jank callback for vsyncId: 846860, CUJ=J<NOTIFICATION_SHADE_ROW_EXPAND>
06-27 10:47:53.839   780   828 I libPowerHal: [unsetGPUFreq] current min:0, max:0; scn_gpu_min:0, scn_gpu_max:-1; scn_gpu_min(HL):-1, scn_gpu_max(HL):-1
06-27 10:47:53.839  1621  1621 W FrameTracker: Missing HWUI jank callback for vsyncId: 846882, CUJ=J<NOTIFICATION_SHADE_ROW_EXPAND>
06-27 10:47:53.839   780   828 I libPowerHal: [setGPUFreq] Soft min/max = (0, 0); Hard min/max = (42, 0)
06-27 10:47:53.839  1621  1621 W FrameTracker: Missed App frame:JANK_APP_DEADLINE_MISSED, 846926, 23736848, CUJ=J<NOTIFICATION_SHADE_ROW_EXPAND>
06-27 10:47:53.839   780   828 I libPowerHal: [setGPUFreq] final min/max = (0, 0)
06-27 10:47:53.839   780   828 I libPowerHal: INTERACTION: set gpu opp level: 0
06-27 10:47:53.839   780   828 I libPowerHal: INTERACTION: set gpu opp level max: 0
06-27 10:47:53.842   744   744 E PQ_HDR  : DpAsyncBlitStream:: thie platform unsupport compress format
06-27 10:47:53.842   744   744 E PQ_HDR  : DpAsyncBlitStream:: thie platform unsupport compress format
06-27 10:47:53.842   744   744 E PQ_HDR  : DpAsyncBlitStream:: thie platform unsupport compress format
06-27 10:47:53.842   744   744 E PQ_HDR  : DpAsyncBlitStream:: thie platform unsupport compress format
06-27 10:47:53.844   780   828 I mtkpower@impl: [powerd_req] TIMER_MSG_PERF_LOCK_TIMEOUT hdl:6701
06-27 10:47:53.844   780   828 I libPowerHal: [perfLockRel] hdl:6701, idx:11
06-27 10:47:53.844   780   828 I libPowerHal: [unsetGPUFreq] current min:0, max:0; scn_gpu_min:0, scn_gpu_max:-1; scn_gpu_min(HL):-1, scn_gpu_max(HL):-1
06-27 10:47:53.844   780   828 I libPowerHal: [setGPUFreq] Soft min/max = (0, 0); Hard min/max = (42, 0)
06-27 10:47:53.844   780   828 I libPowerHal: [setGPUFreq] final min/max = (0, 0)
06-27 10:47:53.844   780   828 I libPowerHal: INTERACTION: set gpu opp level: 0
06-27 10:47:53.844   780   828 I libPowerHal: INTERACTION: set gpu opp level max: 0
06-27 10:47:53.850   780   828 I mtkpower@impl: [powerd_req] TIMER_MSG_PERF_LOCK_TIMEOUT hdl:6702
06-27 10:47:53.850   780   828 I libPowerHal: [perfLockRel] hdl:6702, idx:12
06-27 10:47:53.850   780   828 I libPowerHal: [unsetGPUFreq] current min:0, max:0; scn_gpu_min:0, scn_gpu_max:-1; scn_gpu_min(HL):-1, scn_gpu_max(HL):-1
06-27 10:47:53.850   780   828 I libPowerHal: [setGPUFreq] Soft min/max = (0, 0); Hard min/max = (42, 0)
06-27 10:47:53.850   780   828 I libPowerHal: [setGPUFreq] final min/max = (0, 0)
06-27 10:47:53.850   780   828 I libPowerHal: INTERACTION: set gpu opp level: 0
06-27 10:47:53.850   780   828 I libPowerHal: INTERACTION: set gpu opp level max: 0
06-27 10:47:53.853   744   744 E PQ_HDR  : DpAsyncBlitStream:: thie platform unsupport compress format
06-27 10:47:53.853   744   744 E PQ_HDR  : DpAsyncBlitStream:: thie platform unsupport compress format
06-27 10:47:53.853   744   744 E PQ_HDR  : DpAsyncBlitStream:: thie platform unsupport compress format
06-27 10:47:53.853   744   744 E PQ_HDR  : DpAsyncBlitStream:: thie platform unsupport compress format
06-27 10:47:53.855   780   828 I mtkpower@impl: [powerd_req] TIMER_MSG_PERF_LOCK_TIMEOUT hdl:6703
06-27 10:47:53.855   780   828 I libPowerHal: [perfLockRel] hdl:6703, idx:13
06-27 10:47:53.855   780   828 I libPowerHal: [unsetGPUFreq] current min:0, max:0; scn_gpu_min:0, scn_gpu_max:-1; scn_gpu_min(HL):-1, scn_gpu_max(HL):-1
06-27 10:47:53.855   780   828 I libPowerHal: [setGPUFreq] Soft min/max = (0, 0); Hard min/max = (42, 0)
06-27 10:47:53.855   780   828 I libPowerHal: [setGPUFreq] final min/max = (0, 0)
06-27 10:47:53.855   780   828 I libPowerHal: INTERACTION: set gpu opp level: 0
06-27 10:47:53.855   780   828 I libPowerHal: INTERACTION: set gpu opp level max: 0
06-27 10:47:53.860  1621  1621 W FrameTracker: Missing HWUI jank callback for vsyncId: 846860, CUJ=J<NOTIFICATION_SHADE_SCROLL_FLING>
06-27 10:47:53.860  1621  1621 W FrameTracker: Missing HWUI jank callback for vsyncId: 846882, CUJ=J<NOTIFICATION_SHADE_SCROLL_FLING>
06-27 10:47:53.860  1621  1621 W FrameTracker: Missed App frame:JANK_APP_DEADLINE_MISSED, 846926, 23736848, CUJ=J<NOTIFICATION_SHADE_SCROLL_FLING>
06-27 10:47:53.860   780   828 I mtkpower@impl: [powerd_req] TIMER_MSG_PERF_LOCK_TIMEOUT hdl:6704
06-27 10:47:53.861   780   828 I libPowerHal: [perfLockRel] hdl:6704, idx:14
06-27 10:47:53.861   780   828 I libPowerHal: [unsetGPUFreq] current min:0, max:0; scn_gpu_min:0, scn_gpu_max:-1; scn_gpu_min(HL):-1, scn_gpu_max(HL):-1
06-27 10:47:53.861   780   828 I libPowerHal: [setGPUFreq] Soft min/max = (0, 0); Hard min/max = (42, 0)
06-27 10:47:53.861   780   828 I libPowerHal: [setGPUFreq] final min/max = (0, 0)
06-27 10:47:53.861   780   828 I libPowerHal: INTERACTION: set gpu opp level: 0
06-27 10:47:53.861   780   828 I libPowerHal: INTERACTION: set gpu opp level max: 0
06-27 10:47:53.864   744   744 E PQ_HDR  : DpAsyncBlitStream:: thie platform unsupport compress format
06-27 10:47:53.864   744   744 E PQ_HDR  : DpAsyncBlitStream:: thie platform unsupport compress format
06-27 10:47:53.864   744   744 E PQ_HDR  : DpAsyncBlitStream:: thie platform unsupport compress format
06-27 10:47:53.864   744   744 E PQ_HDR  : DpAsyncBlitStream:: thie platform unsupport compress format
06-27 10:47:53.865   780   828 I mtkpower@impl: [powerd_req] TIMER_MSG_PERF_LOCK_TIMEOUT hdl:6705
06-27 10:47:53.865   780   828 I libPowerHal: [perfLockRel] hdl:6705, idx:15
06-27 10:47:53.866   780   828 I libPowerHal: [unsetGPUFreq] current min:0, max:0; scn_gpu_min:0, scn_gpu_max:-1; scn_gpu_min(HL):-1, scn_gpu_max(HL):-1
06-27 10:47:53.866   780   828 I libPowerHal: [setGPUFreq] Soft min/max = (0, 0); Hard min/max = (42, 0)
06-27 10:47:53.866   780   828 I libPowerHal: [setGPUFreq] final min/max = (0, 0)
06-27 10:47:53.866   780   828 I libPowerHal: INTERACTION: set gpu opp level: 0
06-27 10:47:53.866   780   828 I libPowerHal: INTERACTION: set gpu opp level max: 0
06-27 10:47:53.871   747   787 E HfLooper: dst->data[5.000000,0.000000,0.000000]
06-27 10:47:53.872   780   828 I mtkpower@impl: [powerd_req] TIMER_MSG_PERF_LOCK_TIMEOUT hdl:6706
06-27 10:47:53.872   780   828 I libPowerHal: [perfLockRel] hdl:6706, idx:16
06-27 10:47:53.873   780   828 I libPowerHal: [unsetGPUFreq] current min:0, max:0; scn_gpu_min:0, scn_gpu_max:-1; scn_gpu_min(HL):-1, scn_gpu_max(HL):-1
06-27 10:47:53.873   780   828 I libPowerHal: [setGPUFreq] Soft min/max = (0, 0); Hard min/max = (42, 0)
06-27 10:47:53.873   780   828 I libPowerHal: [setGPUFreq] final min/max = (0, 0)
06-27 10:47:53.873   780   828 I libPowerHal: INTERACTION: set gpu opp level: 0
06-27 10:47:53.873   780   828 I libPowerHal: INTERACTION: set gpu opp level max: 0
06-27 10:47:53.875   744   744 E PQ_HDR  : DpAsyncBlitStream:: thie platform unsupport compress format
06-27 10:47:53.875   744   744 E PQ_HDR  : DpAsyncBlitStream:: thie platform unsupport compress format
06-27 10:47:53.875   744   744 E PQ_HDR  : DpAsyncBlitStream:: thie platform unsupport compress format
06-27 10:47:53.875   744   744 E PQ_HDR  : DpAsyncBlitStream:: thie platform unsupport compress format
06-27 10:47:53.877   780   828 I mtkpower@impl: [powerd_req] TIMER_MSG_PERF_LOCK_TIMEOUT hdl:6707
06-27 10:47:53.877   780   828 I libPowerHal: [perfLockRel] hdl:6707, idx:18
06-27 10:47:53.877   780   828 I libPowerHal: [unsetGPUFreq] current min:0, max:0; scn_gpu_min:0, scn_gpu_max:-1; scn_gpu_min(HL):-1, scn_gpu_max(HL):-1
06-27 10:47:53.877   780   828 I libPowerHal: [setGPUFreq] Soft min/max = (0, 0); Hard min/max = (42, 0)
06-27 10:47:53.878   780   828 I libPowerHal: [setGPUFreq] final min/max = (0, 0)
06-27 10:47:53.878   780   828 I libPowerHal: INTERACTION: set gpu opp level: 0
06-27 10:47:53.878   780   828 I libPowerHal: INTERACTION: set gpu opp level max: 0
06-27 10:47:53.882   780   828 I mtkpower@impl: [powerd_req] TIMER_MSG_PERF_LOCK_TIMEOUT hdl:6708
06-27 10:47:53.882   780   828 I libPowerHal: [perfLockRel] hdl:6708, idx:0
06-27 10:47:53.882   780   828 I libPowerHal: [unsetGPUFreq] current min:0, max:0; scn_gpu_min:0, scn_gpu_max:-1; scn_gpu_min(HL):-1, scn_gpu_max(HL):-1
06-27 10:47:53.882   780   828 I libPowerHal: [setGPUFreq] Soft min/max = (0, 0); Hard min/max = (42, 0)
06-27 10:47:53.882   780   828 I libPowerHal: [setGPUFreq] final min/max = (0, 0)
06-27 10:47:53.883   780   828 I libPowerHal: INTERACTION: set gpu opp level: 0
06-27 10:47:53.883   780   828 I libPowerHal: INTERACTION: set gpu opp level max: 0
06-27 10:47:53.886   744   744 E PQ_HDR  : DpAsyncBlitStream:: thie platform unsupport compress format
06-27 10:47:53.886   744   744 E PQ_HDR  : DpAsyncBlitStream:: thie platform unsupport compress format
06-27 10:47:53.886   744   744 E PQ_HDR  : DpAsyncBlitStream:: thie platform unsupport compress format
06-27 10:47:53.886   744   744 E PQ_HDR  : DpAsyncBlitStream:: thie platform unsupport compress format
06-27 10:47:53.897   744   744 E PQ_HDR  : DpAsyncBlitStream:: thie platform unsupport compress format
06-27 10:47:53.897   744   744 E PQ_HDR  : DpAsyncBlitStream:: thie platform unsupport compress format
06-27 10:47:53.897   744   744 E PQ_HDR  : DpAsyncBlitStream:: thie platform unsupport compress format
06-27 10:47:53.897   744   744 E PQ_HDR  : DpAsyncBlitStream:: thie platform unsupport compress format
06-27 10:47:53.908   744   744 E PQ_HDR  : DpAsyncBlitStream:: thie platform unsupport compress format
06-27 10:47:53.908   744   744 E PQ_HDR  : DpAsyncBlitStream:: thie platform unsupport compress format
06-27 10:47:53.908   744   744 E PQ_HDR  : DpAsyncBlitStream:: thie platform unsupport compress format
06-27 10:47:53.908   744   744 E PQ_HDR  : DpAsyncBlitStream:: thie platform unsupport compress format
06-27 10:47:53.920   744   744 E PQ_HDR  : DpAsyncBlitStream:: thie platform unsupport compress format
06-27 10:47:53.921   744   744 E PQ_HDR  : DpAsyncBlitStream:: thie platform unsupport compress format
06-27 10:47:53.921   744   744 E PQ_HDR  : DpAsyncBlitStream:: thie platform unsupport compress format
06-27 10:47:53.921   744   744 E PQ_HDR  : DpAsyncBlitStream:: thie platform unsupport compress format
