--------- beginning of system
06-27 10:33:31.928  1357  4317 E WindowManager: Inject keyevent when screen off. ignore! keyevent=KeyEvent { action=ACTION_DOWN, keyCode=KEYCODE_POWER, scanCode=0, metaState=0, flags=0x0, repeatCount=0, eventTime=29788527000000, downTime=29788527000000, deviceId=-1, source=0x0, displayId=-1 }
06-27 10:33:31.933  1357  4317 I PowerGroup: Waking up power group from Asleep (groupId=0, uid=1000, reason=WAKE_REASON_POWER_BUTTON, details=android.policy:POWER)...
06-27 10:33:31.934  1357  4317 I PowerManagerService: Waking up from Asleep (uid=1000, reason=WAKE_REASON_POWER_BUTTON, details=android.policy:POWER)...
--------- beginning of main
06-27 10:33:31.939   780   828 I libPowerHal: [perfLockAcq] idx:0 hdl:6481 hint:53 pid:780 tid:780 duration:80 lock_user:mtkpower@1.0-se => ret_hdl:6481
06-27 10:33:31.940   780   828 I libPowerHal: [setClusterFreq] INTERACTION set cpufreq[0] min:2000000 max:-1 cpufreq[1] min:2400000 max:-1 
06-27 10:33:31.940   780   828 I libPowerHal: [setGPUFreq] INTERACTION user set gpu freq min:0, max:-1
06-27 10:33:31.940   780   828 I libPowerHal: INTERACTION: set gpu opp level: 0
06-27 10:33:31.941   780   828 I libPowerHal: INTERACTION: set gpu opp level max: 0
06-27 10:33:31.941   780   828 I libPowerHal: [setGPUFreq] Soft min/max = (0, 0); Hard min/max = (42, 0)
06-27 10:33:31.941   780   828 I libPowerHal: [setGPUFreq] final min/max = (0, 0)
06-27 10:33:31.942   780   828 I libPowerHal: INTERACTION: set gpu opp level: 0
06-27 10:33:31.942   780   828 I libPowerHal: INTERACTION: set gpu opp level max: 0
06-27 10:33:31.942   780   828 I libPowerHal: [setClusterFreq]  set cpu_ctrl cpufreq: 2000000 -1 2400000 -1 
06-27 10:33:31.943   780   828 I libPowerHal: [PE] INTERACTION update cmd:2020000, param:5
06-27 10:33:31.943   780   828 I libPowerHal: [PE] (more) /sys/kernel/cm_mgr/dbg_cm_mgr set +prefix:dsu_mode 1;
06-27 10:33:31.944   780   803 I mtkpower@impl: [setMode] type:7, enabled:1
06-27 10:33:31.944   780   828 I libPowerHal: [setDvfsrcDevFreqOpp] opp:0, freq:4266000000
06-27 10:33:31.944   780   803 I mtkpower@impl: [setMode] Restore All
06-27 10:33:31.944   780   828 I libPowerHal: [PE] INTERACTION update cmd:1000000 param:0
06-27 10:33:31.945   780   828 I libPowerHal: [perfUserScnRestoreAll] 
06-27 10:33:31.946  1357  1571 I MR2ServiceImpl: Updating composite discovery preference | preference: RouteDiscoveryRequest{ preferredFeatures={}, activeScan=false }, active routers: []
06-27 10:33:31.946  1357  1414 I DisplayPowerController2[0]: Blocking screen on until initial contents have been drawn.
06-27 10:33:31.947  1357  1414 I DisplayBrightnessStrategySelector: Changing the DisplayBrightnessStrategy from ScreenOffBrightnessStrategy to InvalidBrightnessStrategy for display 0
06-27 10:33:31.947  1357  1378 E ApplicationHelper: Fail to get PackageManager
06-27 10:33:31.947  1357  1378 E ApplicationHelper: Fail to get PackageManager
06-27 10:33:31.947  1357  1378 E ApplicationHelper: Fail to get PackageManager
06-27 10:33:31.947   747   747 I OriginChannel: batch: [5,250000000,0]
06-27 10:33:31.947  1357  1378 E ApplicationHelper: Fail to get PackageManager
06-27 10:33:31.947  1357  1378 E ApplicationHelper: Fail to get PackageManager
06-27 10:33:31.947  1357  1378 E ApplicationHelper: Fail to get PackageManager
06-27 10:33:31.947  1357  1378 E ApplicationHelper: Fail to get PackageManager
06-27 10:33:31.947   747   747 I OriginChannel: activate: [5,1]
06-27 10:33:31.948  1357  1378 I SideFpsEventHandler: notifyPowerPressed
06-27 10:33:31.948  1357  1378 I FingerprintManager: onPowerPressed
06-27 10:33:31.948  1357  1378 I WindowManager: Suppressed redundant power key press while already in the process of turning the screen on.
06-27 10:33:31.949   727   727 I netd    : tetherGetStats() -> {[]} <3.31ms>
06-27 10:33:31.955  1357  1414 I DisplayPowerController2[0]: BrightnessEvent: disp=0, physDisp=local:4627039422300187648, displayState=ON, displayPolicy=BRIGHT, brt=1.0, initBrt=0.0, rcmdBrt=NaN, preBrt=NaN, lux=NaN, preLux=NaN, hbmMax=1.0, hbmMode=off, rbcStrength=50, thrmMax=1.0, powerFactor=1.0, wasShortTermModelActive=true, flags=invalid_lux , reason=manual, autoBrightness=true, strategy=InvalidBrightnessStrategy, autoBrightnessMode=default
06-27 10:33:31.956   780   803 I mtkpower@impl: [setMode] type:9, enabled:0
06-27 10:33:31.956   780   803 E mtkpower@impl: [setMode] unknown type
06-27 10:33:31.958  1357  1380 I DisplayDeviceRepository: Display device changed state: "Built-in Screen", ON
06-27 10:33:31.958   744   744 I hwcomposer: [HWCDisplay] Display(0) SetPowerMode(2) current mode(0), scene(0)  
06-27 10:33:31.958   744   744 W hwcomposer: [DRMDEV] Failed to open fb0 device: No such file or directory  
06-27 10:33:31.959  1357  1380 I InputManager-JNI: Viewport [0] to add: local:4627039422300187648, isActive: true
06-27 10:33:31.960  1357  1482 I InputReader: Reconfiguring input devices, changes=DISPLAY_INFO
06-27 10:33:31.961  1357  1482 I InputReader: Device reconfigured: id=5, name='ILITEK_TDDI', size 720x1600, orientation Rotation0, mode DIRECT, display id 0
06-27 10:33:31.962  1357  1378 I DisplayDevice: [0] Layerstack set to 0 for local:4627039422300187648
06-27 10:33:31.966   747   747 I OriginChannel: batch: [8,20000000,0]
06-27 10:33:31.966   747   747 I OriginChannel: activate: [8,1]
06-27 10:33:31.966  1357  1357 W WindowTokenClientController: Can't find attached WindowTokenClient for android.window.WindowTokenClient@6f64768
06-27 10:33:31.967  1357  1357 E ScreenIntentReceiver: notifyChange failed
06-27 10:33:31.981  1357  1378 E ApplicationHelper: Fail to get PackageManager
06-27 10:33:31.981  1357  1378 E ApplicationHelper: Fail to get PackageManager
06-27 10:33:31.981  1357  1378 E ApplicationHelper: Fail to get PackageManager
06-27 10:33:31.981  1357  1378 E ApplicationHelper: Fail to get PackageManager
06-27 10:33:31.981  1357  1378 E ApplicationHelper: Fail to get PackageManager
06-27 10:33:31.981  1357  1378 E ApplicationHelper: Fail to get PackageManager
06-27 10:33:31.993  1357  1378 I Pointer : Device Changed: Input Device 5: ILITEK_TDDI
06-27 10:33:31.993  1357  1378 I Pointer :   Descriptor: ce54e173162f908fc75d1d0abe2023f80d6773d1
06-27 10:33:31.993  1357  1378 I Pointer :   Generation: 83
06-27 10:33:31.993  1357  1378 I Pointer :   Location: built-in
06-27 10:33:31.993  1357  1378 I Pointer :   Enabled: true
06-27 10:33:31.993  1357  1378 I Pointer :   Keyboard Type: non-alphabetic
06-27 10:33:31.993  1357  1378 I Pointer :   Has Vibrator: false
06-27 10:33:31.993  1357  1378 I Pointer :   Has Sensor: false
06-27 10:33:31.993  1357  1378 I Pointer :   Has battery: false
06-27 10:33:31.993  1357  1378 I Pointer :   Has mic: false
06-27 10:33:31.993  1357  1378 I Pointer :   USI Version: null
06-27 10:33:31.993  1357  1378 I Pointer :   Sources: 0x1103 ( keyboard touchscreen )
06-27 10:33:31.993  1357  1378 I Pointer :     AXIS_X: source=0x1002 min=0.0 max=719.0 flat=0.0 fuzz=0.0 resolution=0.0
06-27 10:33:31.993  1357  1378 I Pointer :     AXIS_Y: source=0x1002 min=0.0 max=1599.0 flat=0.0 fuzz=0.0 resolution=0.0
06-27 10:33:31.993  1357  1378 I Pointer :     AXIS_PRESSURE: source=0x1002 min=0.0 max=1.0 flat=0.0 fuzz=0.0 resolution=0.0
06-27 10:33:31.993  1357  1378 I Pointer :     AXIS_SIZE: source=0x1002 min=0.0 max=1.0 flat=0.0 fuzz=0.0 resolution=0.0
06-27 10:33:31.993  1357  1378 I Pointer :     AXIS_TOUCH_MAJOR: source=0x1002 min=0.0 max=1754.537 flat=0.0 fuzz=0.0 resolution=0.0
06-27 10:33:31.993  1357  1378 I Pointer :     AXIS_TOUCH_MINOR: source=0x1002 min=0.0 max=1754.537 flat=0.0 fuzz=0.0 resolution=0.0
06-27 10:33:31.993  1357  1378 I Pointer :     AXIS_TOOL_MAJOR: source=0x1002 min=0.0 max=1754.537 flat=0.0 fuzz=0.0 resolution=0.0
06-27 10:33:31.993  1357  1378 I Pointer :     AXIS_TOOL_MINOR: source=0x1002 min=0.0 max=1754.537 flat=0.0 fuzz=0.0 resolution=0.0
06-27 10:33:31.997   747   787 I HfLooper: distance = 5.000000
06-27 10:33:31.998  1357  1455 W JobServiceContext: Sending onNetworkChanged for a job that isn't started. JobStatus{c89a6f4 androidx.work.systemjobscheduler:u0a153/717 @androidx.work.systemjobscheduler@com.google.android.youtube/androidx.work.impl.background.systemjob.SystemJobService u=0 s=10153 TIME=-2m41s292ms:none NET READY}
