--------- beginning of main
06-27 12:50:40.969  3385  4067 I NotificationController: getSortedKey: size 3
06-27 12:50:40.969  3385  4067 I NotificationController: getSortedKey: -1|android|26|null|1000__0|com.android.shell|2020|test_channel|2000__-1|android|32|null|1000__
06-27 12:50:40.983  3385  4067 I NotificationController: printNotificationData: notificationDataList 3
06-27 12:50:40.983  3385  4067 I NotificationController: { mPackageName: android mClassName  mIsForegroundService false}
06-27 12:50:40.983  3385  4067 I NotificationController: { mPackageName: com.android.shell mClassName  mIsForegroundService false}
06-27 12:50:40.983  3385  4067 I NotificationController: { mPackageName: android mClassName  mIsForegroundService false}
--------- beginning of system
06-27 12:50:41.191  1919  8333 I ActivityTaskManager: START u0 {act=android.intent.action.VIEW dat=file:///sdcard/Music/sample.mp3 typ=audio/* flg=0x10000000 cmp=android/com.android.internal.app.ResolverActivity} from uid 2000
06-27 12:50:41.191  1919  8333 D MiuiMultiWindowAdapter: MiuiMultiWindowAdapter::getFreeformBlackList::sSmallWindowBlackList = [com.miui.securitycenter, com.miui.weather2, com.miui.miservice, com.android.calendar, com.xiaomi.calendar, com.android.contacts, com.miui.mishare.connectivity, com.android.settings, com.android.printspooler, com.miui.backup, com.miui.huanji, com.miui.calculator, com.android.deskclock, com.android.thememanager, com.mfashiongallery.emag, com.miui.virtualsim, com.miui.smarttravel, com.mi.health, com.android.camera, com.lbe.security.miui, com.miui.cleanmaster, com.miui.newhome, com.miui.voiceassist, com.android.phone, com.miui.yellowpage, com.android.updater, com.miui.tsmclient, com.miui.securitycore, com.xiaomi.account, com.xiaomi.shop, com.mipay.wallet, com.xiaomi.youpin, com.xiaomi.hm.health, com.miui.bugreport, com.xiaomi.mibrain.speech, com.xiaomi.mimoji, com.xiaomi.scanner, com.duokan.phone.remotecontroller, com.miui.hybrid, com.android.incallui, com.miui.video, com.miui.videoplayer, com.miui.player, com.miui.fm, com.miui.packageinstaller, com.mi.android.globallauncher, com.google.android.dialer, com.google.android.apps.magazines, com.miui.compass, com.miui.greenguard, com.kiteguard, com.google.android.apps.prodcasts, com.google.ar.lens, com.xiangkan.android, com.android.bankabc, com.sohu.inputmethod.sogou, com.tencent.mtt, com.shyz.toutiao, com.netease.mc.mi, com.outfit7.talkingtomgoldrun.mi, com.doudz.mi, com.wepie.snake.new.mi, cn.jj, com.standddz002.mi, com.miHoYo.bh3.mi, com.qqgame.hlddz, com.happyelements.AndroidAnimal, com.minitech.miniworld.TMobile.mi, com.mfp.jelly.xiaomi, com.lilithgames.afk.mi, com.tencent.peng, com.teenpatti.hd.gold, blockpuzzle.jewelgames.jewelslegend, com.playgendary.tanks, com.chillingo.robberybobfree.android.row, com.episodeinteractive.android.catalog, com.playrix.township, com.ansangha.drdriving, com.google.android.youtube, com.gbits.atm.mi]
06-27 12:50:41.192   885 10843 I vendor.qti.hardware.servicetracker@1.2-service: Activity state is changed to : 0
06-27 12:50:41.193   885 10843 I vendor.qti.hardware.servicetracker@1.2-service: Activity state is changed to : 0
06-27 12:50:41.195   879   879 I ANDR-PERF-LM: LMPerfGlue: perfmodule_submit_request() 132: perfmodule_submit_request()
06-27 12:50:41.195   879   879 I ANDR-PERF-LM: Core: getInstance() 84: LM getInstance
06-27 12:50:41.195   879   879 I ANDR-PERF-LM: WQ: push() 59: LMTriggerQ push() size=9
06-27 12:50:41.195   879   879 I ANDR-PERF-LM: WQ: push() 61: LMTriggerQ push() done size=10
06-27 12:50:41.195   879   879 I ANDR-PERF-LM: LMPerfGlue: perfmodule_submit_request() 132: perfmodule_submit_request()
06-27 12:50:41.195   879   879 I ANDR-PERF-LM: Core: getInstance() 84: LM getInstance
06-27 12:50:41.195   879   879 W ANDR-PERF-LM: WQ: push() 54: LMTriggerQ push() size=10 mFlushThreshold=10, Reached threshold => flooding detected, clearing Queue
06-27 12:50:41.195   879   879 I ANDR-PERF-LM: LMPerfGlue: perfmodule_submit_request() 132: perfmodule_submit_request()
06-27 12:50:41.195   879   879 I ANDR-PERF-LM: Core: getInstance() 84: LM getInstance
06-27 12:50:41.195   879   879 D ANDR-PERF-LM: Feature: lookup() 101: Feature Name = AppClassifier, total featuers = 3, featureFound = 1
06-27 12:50:41.196   879   879 D ANDR-PERF-LM: Feature: getData() 112: data.data = 0
06-27 12:50:41.196   879   879 I ANDR-PERF-LM: FeedbackAPI: getFeedback() 60: app:android feature:AppClassifier feedback = 0
06-27 12:50:41.196   879   879 I ANDR-PERF-LM: LMPerfGlue: perfmodule_submit_request() 132: perfmodule_submit_request()
06-27 12:50:41.196   879   879 I ANDR-PERF-LM: Core: getInstance() 84: LM getInstance
06-27 12:50:41.196   879   879 I ANDR-PERF-LM: WQ: push() 59: LMTriggerQ push() size=0
06-27 12:50:41.196   879   879 I ANDR-PERF-LM: WQ: push() 61: LMTriggerQ push() done size=1
06-27 12:50:41.196  1919  8333 E ANDR-PERF-JNI: com_qualcomm_qtiperformance_native_perf_io_prefetch_start
06-27 12:50:41.199   879   879 I ANDR-PERF-LM: LMPerfGlue: perfmodule_submit_request() 132: perfmodule_submit_request()
06-27 12:50:41.199   879   879 I ANDR-PERF-LM: Core: getInstance() 84: LM getInstance
06-27 12:50:41.199   879   879 I ANDR-PERF-LM: WQ: push() 59: LMTriggerQ push() size=1
06-27 12:50:41.199   879   879 I ANDR-PERF-LM: WQ: push() 61: LMTriggerQ push() done size=2
06-27 12:50:41.199   879   879 I ANDR-PERF-LM: LMPerfGlue: perfmodule_submit_request() 132: perfmodule_submit_request()
06-27 12:50:41.199   879   879 I ANDR-PERF-LM: Core: getInstance() 84: LM getInstance
06-27 12:50:41.199   879   879 I ANDR-PERF-LM: WQ: push() 59: LMTriggerQ push() size=2
06-27 12:50:41.199   879   879 I ANDR-PERF-LM: WQ: push() 61: LMTriggerQ push() done size=3
06-27 12:50:41.199   969   969 D CompositionEngine: updateFodFlag FOD Add hbm_overlay
06-27 12:50:41.201  1919  8333 D CompatibilityInfo: mCompatibilityFlags - 0
06-27 12:50:41.201  1919  8333 D CompatibilityInfo: applicationDensity - 440
06-27 12:50:41.201  1919  8333 D CompatibilityInfo: applicationScale - 1.0
06-27 12:50:41.202   879   879 I ANDR-PERF-LM: LMPerfGlue: perfmodule_submit_request() 132: perfmodule_submit_request()
06-27 12:50:41.202   879   879 I ANDR-PERF-LM: Core: getInstance() 84: LM getInstance
06-27 12:50:41.202   879   879 I ANDR-PERF-LM: WQ: push() 59: LMTriggerQ push() size=3
06-27 12:50:41.202   885 10843 I vendor.qti.hardware.servicetracker@1.2-service: Activity state is changed to : 2
06-27 12:50:41.202   879   879 I ANDR-PERF-LM: WQ: push() 61: LMTriggerQ push() done size=4
06-27 12:50:41.202  1919  8333 I ActivityTaskManager: The Process system:ui Already Exists in BG. So sending its PID: 28683
06-27 12:50:41.202   879   879 I ANDR-PERF-LM: LMPerfGlue: perfmodule_submit_request() 132: perfmodule_submit_request()
06-27 12:50:41.202   879   879 I ANDR-PERF-LM: Core: getInstance() 84: LM getInstance
06-27 12:50:41.202   879   879 I ANDR-PERF-LM: WQ: push() 59: LMTriggerQ push() size=4
06-27 12:50:41.202   879   879 I ANDR-PERF-LM: WQ: push() 61: LMTriggerQ push() done size=5
06-27 12:50:41.202  1919  8333 W ActivityTaskManager: Tried to set launchTime (0) < mLastActivityLaunchTime (4043092)
06-27 12:50:41.203  1919  8333 D CompatibilityInfo: mCompatibilityFlags - 0
06-27 12:50:41.203  1919  8333 D CompatibilityInfo: applicationDensity - 440
06-27 12:50:41.203  1919  8333 D CompatibilityInfo: applicationScale - 1.0
06-27 12:50:41.203   885 10843 I vendor.qti.hardware.servicetracker@1.2-service: Activity state is changed to : 2
06-27 12:50:41.203   885 10843 I vendor.qti.hardware.servicetracker@1.2-service: Activity state is changed to : 2
06-27 12:50:41.204  1919  8333 D ActivityTrigger: ActivityTrigger activityPauseTrigger 
06-27 12:50:41.204   885   937 I vendor.qti.hardware.servicetracker@1.2-service: Activity state is changed to : 3
06-27 12:50:41.204   879   879 I ANDR-PERF-LM: LMPerfGlue: perfmodule_submit_request() 132: perfmodule_submit_request()
06-27 12:50:41.204   879   879 I ANDR-PERF-LM: Core: getInstance() 84: LM getInstance
06-27 12:50:41.204   879   879 I ANDR-PERF-LM: WQ: push() 59: LMTriggerQ push() size=5
06-27 12:50:41.204   879   879 I ANDR-PERF-LM: WQ: push() 61: LMTriggerQ push() done size=6
06-27 12:50:41.204   885   937 I vendor.qti.hardware.servicetracker@1.2-service: Activity state is changed to : 3
06-27 12:50:41.205  1919  8333 I Timeline: Timeline: App_transition_ready time:4046016
06-27 12:50:41.206 29076 29078 I cmd     : oneway function results will be dropped but finished with status OK and parcel size 4
06-27 12:50:41.207   876   907 E ANDR-IOP: io prefetch is disabled
06-27 12:50:41.208  8346  8383 D PMonitor:  onForegroundActivitiesChanged:pid = 28683,activity-uid=1000,foregroundActivities=true
06-27 12:50:41.212  8346  8383 D PMonitor:  onForegroundActivitiesChanged:pid = 20959,activity-uid=10099,foregroundActivities=false
06-27 12:50:41.212  1919  2385 I MiuiNetworkPolicy: updateUidState uid = 10099, uidState = 16
06-27 12:50:41.216   969   969 D CompositionEngine: updateFodFlag FOD Add hbm_overlay
06-27 12:50:41.302 28683 28683 D ResolverListAdapter: ResolverListAdapter: com.android.internal.app.ResolverListAdapter@1a9fee0
06-27 12:50:41.318 28683 28683 D MiShareTransmissionView: initScreenView is false
06-27 12:50:41.341 28683 28990 D ResolverListAdapter: on doInBackground!!!!
06-27 12:50:41.341 28683 28990 D AbstractResolverComp: Setting watchdog timer for 500ms
06-27 12:50:41.343   885   937 I vendor.qti.hardware.servicetracker@1.2-service: bindService is called for service : com.google.android.ext.services/android.ext.services.resolver.LRResolverRankerService and for client system:ui
06-27 12:50:41.343   885   937 I vendor.qti.hardware.servicetracker@1.2-service: total connections for service : com.google.android.ext.services/android.ext.services.resolver.LRResolverRankerServiceare :1
06-27 12:50:41.343   885   937 I vendor.qti.hardware.servicetracker@1.2-service: total connections for client : system:uiare :1
06-27 12:50:41.343  1919  3247 D CompatibilityInfo: mCompatibilityFlags - 0
06-27 12:50:41.343  1919  3247 D CompatibilityInfo: applicationDensity - 440
06-27 12:50:41.343  1919  3247 D CompatibilityInfo: applicationScale - 1.0
06-27 12:50:41.343   885   937 I vendor.qti.hardware.servicetracker@1.2-service: startService() is called for servicecom.google.android.ext.services/android.ext.services.resolver.LRResolverRankerService
06-27 12:50:41.345 28683 28683 D ResolverListAdapter: getItem: position 0 mDisplayList.size(): 0
06-27 12:50:41.345 28683 28683 D ResolverListAdapter: getItem: position 1 mDisplayList.size(): 0
06-27 12:50:41.345 28683 28683 D ResolverListAdapter: getItem: position 2 mDisplayList.size(): 0
06-27 12:50:41.345 28683 28683 D ResolverListAdapter: getItem: position 3 mDisplayList.size(): 0
06-27 12:50:41.399 28683 28683 D ResolverListAdapter: ResolverListAdapter: com.android.internal.app.ResolverListAdapter@e0ec63a
06-27 12:50:41.453 28683 28683 D ResolverListAdapter: ResolverListAdapter: com.android.internal.app.ResolverListAdapter@78c42eb
06-27 12:50:41.496  2964  2964 D RecentsImpl: mActivityStateObserver com.android.internal.app.ResolverActivity
06-27 12:50:41.497   885   937 I vendor.qti.hardware.servicetracker@1.2-service: Activity state is changed to : 4
06-27 12:50:41.497   885 10843 I vendor.qti.hardware.servicetracker@1.2-service: Activity state is changed to : 4
06-27 12:50:41.498   969   969 D CompositionEngine: updateFodFlag FOD Add hbm_overlay
06-27 12:50:41.506 28683 28683 D RAInjector: getView: position 0 info: null
06-27 12:50:41.511  1919  3247 I Timeline: Timeline: App_transition_ready time:4046321
06-27 12:50:41.511  1919  3247 I Timeline: Timeline: App_transition_ready time:4046322
06-27 12:50:41.512  1919  3247 I Timeline: Timeline: App_transition_ready time:4046323
06-27 12:50:41.512  1919  3247 I Timeline: Timeline: App_transition_stopped time:4046323
06-27 12:50:41.508 28683 28683 I chatty  : uid=1000 system:ui identical 3 lines
06-27 12:50:41.508 28683 28683 D RAInjector: getView: position 0 info: null
06-27 12:50:41.513  2671  3038 D MiuiPhoneStatusBarPolicy: updateManagedProfile: secondSpace = false
06-27 12:50:41.514   969   969 D CompositionEngine: updateFodFlag FOD Add hbm_overlay
06-27 12:50:41.516 28683 28683 D RAInjector: getView: position 0 info: null
06-27 12:50:41.517 28683 28683 I chatty  : uid=1000 system:ui identical 3 lines
06-27 12:50:41.518 28683 28683 D RAInjector: getView: position 0 info: null
06-27 12:50:41.521 28683 28683 D RAInjector: getView: position 1 info: null
06-27 12:50:41.522 28683 28683 D RAInjector: getView: position 2 info: null
06-27 12:50:41.524 28683 28683 D RAInjector: getView: position 3 info: null
06-27 12:50:41.535 28683 28683 D AbstractResolverComp: RANKER_SERVICE_RESULT
06-27 12:50:41.535   879   879 I ANDR-PERF-LM: LMPerfGlue: perfmodule_submit_request() 132: perfmodule_submit_request()
06-27 12:50:41.535   879   879 I ANDR-PERF-LM: Core: getInstance() 84: LM getInstance
06-27 12:50:41.535   879   879 I ANDR-PERF-LM: WQ: push() 59: LMTriggerQ push() size=6
06-27 12:50:41.535   879   879 I ANDR-PERF-LM: WQ: push() 61: LMTriggerQ push() done size=7
06-27 12:50:41.547   969   969 D CompositionEngine: updateFodFlag FOD Add hbm_overlay
06-27 12:50:41.549 28683 28683 D ResolverListAdapter: on PostExecute!!!!
06-27 12:50:41.549 28683 28683 D ResolverListAdapter: processSortedlist: ResolveInfo{a77e044 com.mxtech.videoplayer.ad/.ActivityScreen m=0x608000}
06-27 12:50:41.549 28683 28683 I ResolverListAdapter: Add DisplayResolveInfo component: ComponentInfo{com.mxtech.videoplayer.ad/com.mxtech.videoplayer.ad.ActivityScreen}, intent component: ComponentInfo{com.mxtech.videoplayer.ad/com.mxtech.videoplayer.ad.ActivityScreen}
06-27 12:50:41.549 28683 28683 D ResolverListAdapter: addResolveInfo: ResolveInfo{a77e044 com.mxtech.videoplayer.ad/.ActivityScreen m=0x608000}
06-27 12:50:41.549 28683 28683 D ResolverListAdapter: mDisplayList: 1
06-27 12:50:41.549 28683 28683 D ResolverListAdapter: processSortedlist: ResolveInfo{3f7652d com.mxtech.videoplayer.ad/.ActivityPipScreen m=0x608000}
06-27 12:50:41.550 28683 28683 I ResolverListAdapter: Add DisplayResolveInfo component: ComponentInfo{com.mxtech.videoplayer.ad/com.mxtech.videoplayer.ad.ActivityPipScreen}, intent component: ComponentInfo{com.mxtech.videoplayer.ad/com.mxtech.videoplayer.ad.ActivityPipScreen}
06-27 12:50:41.550 28683 28683 D ResolverListAdapter: addResolveInfo: ResolveInfo{3f7652d com.mxtech.videoplayer.ad/.ActivityPipScreen m=0x608000}
06-27 12:50:41.550 28683 28683 D ResolverListAdapter: mDisplayList: 2
06-27 12:50:41.550 28683 28683 D ResolverListAdapter: processSortedlist: ResolveInfo{ef7fa62 com.miui.player/.phone.ui.AudioPreview m=0x608000}
06-27 12:50:41.550 28683 28683 I ResolverListAdapter: Add DisplayResolveInfo component: ComponentInfo{com.miui.player/com.miui.player.phone.ui.AudioPreview}, intent component: ComponentInfo{com.miui.player/com.miui.player.phone.ui.AudioPreview}
06-27 12:50:41.550 28683 28683 D ResolverListAdapter: addResolveInfo: ResolveInfo{ef7fa62 com.miui.player/.phone.ui.AudioPreview m=0x608000}
06-27 12:50:41.550 28683 28683 D ResolverListAdapter: mDisplayList: 3
06-27 12:50:41.550 28683 28683 D ResolverListAdapter: processSortedlist: ResolveInfo{7aba7f3 com.bsbportal.music/.activities.LauncherScreenActivity m=0x608000}
06-27 12:50:41.550 28683 28683 I ResolverListAdapter: Add DisplayResolveInfo component: ComponentInfo{com.bsbportal.music/com.bsbportal.music.activities.LauncherScreenActivity}, intent component: ComponentInfo{com.bsbportal.music/com.bsbportal.music.activities.LauncherScreenActivity}
06-27 12:50:41.550 28683 28683 D ResolverListAdapter: addResolveInfo: ResolveInfo{7aba7f3 com.bsbportal.music/.activities.LauncherScreenActivity m=0x608000}
06-27 12:50:41.550 28683 28683 D ResolverListAdapter: mDisplayList: 4
06-27 12:50:41.554 28683 28683 D ResolverListAdapter: getItem: position 0 mDisplayList.size(): 4
06-27 12:50:41.554 28683 28683 D ResolverListAdapter: getItem: position 1 mDisplayList.size(): 4
06-27 12:50:41.555 28683 28683 D ResolverListAdapter: getItem: position 2 mDisplayList.size(): 4
06-27 12:50:41.555 28683 28683 D ResolverListAdapter: getItem: position 3 mDisplayList.size(): 4
06-27 12:50:41.557 28683 28683 D RAInjector: getView: position 0 info: com.android.internal.app.chooser.DisplayResolveInfo@79c1186
06-27 12:50:41.557 28683 28683 D RAInjector: bindView: ComponentInfo{com.mxtech.videoplayer.ad/com.mxtech.videoplayer.ad.ActivityScreen}
06-27 12:50:41.557 28683 28683 D RAInjector: info.getDisplayLabel: MX Player hasDisplayIcon: false position: 0
06-27 12:50:41.557 28683 28990 D RAInjector: LoadIconTask::doInBackground ResolveInfo{a77e044 com.mxtech.videoplayer.ad/.ActivityScreen m=0x608000}
06-27 12:50:41.564 28683 28683 D RAInjector: getView: position 0 info: com.android.internal.app.chooser.DisplayResolveInfo@79c1186
06-27 12:50:41.564 28683 28683 D RAInjector: bindView: ComponentInfo{com.mxtech.videoplayer.ad/com.mxtech.videoplayer.ad.ActivityScreen}
06-27 12:50:41.564 28683 28683 D RAInjector: info.getDisplayLabel: MX Player hasDisplayIcon: false position: 0
06-27 12:50:41.564 28683 28990 D RAInjector: LoadIconTask::doInBackground ResolveInfo{a77e044 com.mxtech.videoplayer.ad/.ActivityScreen m=0x608000}
06-27 12:50:41.564 28683 28683 D RAInjector: getView: position 0 info: com.android.internal.app.chooser.DisplayResolveInfo@79c1186
06-27 12:50:41.564 28683 28683 D RAInjector: bindView: ComponentInfo{com.mxtech.videoplayer.ad/com.mxtech.videoplayer.ad.ActivityScreen}
06-27 12:50:41.564 28683 28683 D RAInjector: info.getDisplayLabel: MX Player hasDisplayIcon: false position: 0
06-27 12:50:41.565 28683 28683 D RAInjector: getView: position 0 info: com.android.internal.app.chooser.DisplayResolveInfo@79c1186
06-27 12:50:41.565 28683 28683 D RAInjector: bindView: ComponentInfo{com.mxtech.videoplayer.ad/com.mxtech.videoplayer.ad.ActivityScreen}
06-27 12:50:41.565 28683 28683 D RAInjector: info.getDisplayLabel: MX Player hasDisplayIcon: false position: 0
06-27 12:50:41.565 28683 28683 D RAInjector: getView: position 0 info: com.android.internal.app.chooser.DisplayResolveInfo@79c1186
06-27 12:50:41.565 28683 28683 D RAInjector: bindView: ComponentInfo{com.mxtech.videoplayer.ad/com.mxtech.videoplayer.ad.ActivityScreen}
06-27 12:50:41.565 28683 28683 D RAInjector: info.getDisplayLabel: MX Player hasDisplayIcon: false position: 0
06-27 12:50:41.567 28683 29085 D RAInjector: LoadIconTask::doInBackground ResolveInfo{a77e044 com.mxtech.videoplayer.ad/.ActivityScreen m=0x608000}
06-27 12:50:41.568 28683 28683 D RAInjector: getView: position 0 info: com.android.internal.app.chooser.DisplayResolveInfo@79c1186
06-27 12:50:41.568 28683 28990 D RAInjector: LoadIconTask::doInBackground ResolveInfo{a77e044 com.mxtech.videoplayer.ad/.ActivityScreen m=0x608000}
06-27 12:50:41.568 28683 28683 D RAInjector: bindView: ComponentInfo{com.mxtech.videoplayer.ad/com.mxtech.videoplayer.ad.ActivityScreen}
06-27 12:50:41.569 28683 28683 D RAInjector: info.getDisplayLabel: MX Player hasDisplayIcon: false position: 0
06-27 12:50:41.569 28683 28683 D RAInjector: getView: position 0 info: com.android.internal.app.chooser.DisplayResolveInfo@79c1186
06-27 12:50:41.569 28683 28683 D RAInjector: bindView: ComponentInfo{com.mxtech.videoplayer.ad/com.mxtech.videoplayer.ad.ActivityScreen}
06-27 12:50:41.569 28683 28683 D RAInjector: info.getDisplayLabel: MX Player hasDisplayIcon: false position: 0
06-27 12:50:41.570 28683 28683 D RAInjector: getView: position 0 info: com.android.internal.app.chooser.DisplayResolveInfo@79c1186
06-27 12:50:41.570 28683 28683 D RAInjector: bindView: ComponentInfo{com.mxtech.videoplayer.ad/com.mxtech.videoplayer.ad.ActivityScreen}
06-27 12:50:41.570 28683 28683 D RAInjector: info.getDisplayLabel: MX Player hasDisplayIcon: false position: 0
06-27 12:50:41.570 28683 28683 D RAInjector: getView: position 0 info: com.android.internal.app.chooser.DisplayResolveInfo@79c1186
06-27 12:50:41.570 28683 28683 D RAInjector: bindView: ComponentInfo{com.mxtech.videoplayer.ad/com.mxtech.videoplayer.ad.ActivityScreen}
06-27 12:50:41.570 28683 28683 D RAInjector: info.getDisplayLabel: MX Player hasDisplayIcon: false position: 0
06-27 12:50:41.570 28683 29085 D RAInjector: LoadIconTask::doInBackground ResolveInfo{a77e044 com.mxtech.videoplayer.ad/.ActivityScreen m=0x608000}
06-27 12:50:41.571 28683 28683 D RAInjector: getView: position 0 info: com.android.internal.app.chooser.DisplayResolveInfo@79c1186
06-27 12:50:41.571 28683 28683 D RAInjector: bindView: ComponentInfo{com.mxtech.videoplayer.ad/com.mxtech.videoplayer.ad.ActivityScreen}
06-27 12:50:41.571 28683 28683 D RAInjector: info.getDisplayLabel: MX Player hasDisplayIcon: false position: 0
06-27 12:50:41.571 28683 28990 D RAInjector: LoadIconTask::doInBackground ResolveInfo{a77e044 com.mxtech.videoplayer.ad/.ActivityScreen m=0x608000}
06-27 12:50:41.573 28683 28683 D RAInjector: getView: position 1 info: com.android.internal.app.chooser.DisplayResolveInfo@62dcb5e
06-27 12:50:41.573 28683 28683 D RAInjector: bindView: ComponentInfo{com.mxtech.videoplayer.ad/com.mxtech.videoplayer.ad.ActivityPipScreen}
06-27 12:50:41.573 28683 28683 D RAInjector: info.getDisplayLabel: MX Pop-up mode hasDisplayIcon: false position: 1
06-27 12:50:41.575 28683 28683 D RAInjector: getView: position 2 info: com.android.internal.app.chooser.DisplayResolveInfo@af7d5d1
06-27 12:50:41.575 28683 28683 D RAInjector: bindView: ComponentInfo{com.miui.player/com.miui.player.phone.ui.AudioPreview}
06-27 12:50:41.575 28683 28683 D RAInjector: info.getDisplayLabel: Music hasDisplayIcon: false position: 2
06-27 12:50:41.577 28683 28683 D RAInjector: getView: position 3 info: com.android.internal.app.chooser.DisplayResolveInfo@f1c5310
06-27 12:50:41.577 28683 28683 D RAInjector: bindView: ComponentInfo{com.bsbportal.music/com.bsbportal.music.activities.LauncherScreenActivity}
06-27 12:50:41.577 28683 28683 D RAInjector: info.getDisplayLabel: Wynk Music hasDisplayIcon: false position: 3
06-27 12:50:41.587 28683 29085 D RAInjector: LoadIconTask::doInBackground ResolveInfo{a77e044 com.mxtech.videoplayer.ad/.ActivityScreen m=0x608000}
06-27 12:50:41.587 28683 28683 D RAInjector: LoadIconTask::onPostExecute ResolveInfo{a77e044 com.mxtech.videoplayer.ad/.ActivityScreen m=0x608000}
06-27 12:50:41.587 28683 28683 I chatty  : uid=1000 system:ui identical 4 lines
06-27 12:50:41.587 28683 28683 D RAInjector: LoadIconTask::onPostExecute ResolveInfo{a77e044 com.mxtech.videoplayer.ad/.ActivityScreen m=0x608000}
06-27 12:50:41.588 28683 28990 D RAInjector: LoadIconTask::doInBackground ResolveInfo{a77e044 com.mxtech.videoplayer.ad/.ActivityScreen m=0x608000}
06-27 12:50:41.589 28683 29085 D RAInjector: LoadIconTask::doInBackground ResolveInfo{a77e044 com.mxtech.videoplayer.ad/.ActivityScreen m=0x608000}
06-27 12:50:41.590 28683 28990 D RAInjector: LoadIconTask::doInBackground ResolveInfo{a77e044 com.mxtech.videoplayer.ad/.ActivityScreen m=0x608000}
06-27 12:50:41.590 28683 29085 D RAInjector: LoadIconTask::doInBackground ResolveInfo{3f7652d com.mxtech.videoplayer.ad/.ActivityPipScreen m=0x608000}
06-27 12:50:41.591 28683 28990 D RAInjector: LoadIconTask::doInBackground ResolveInfo{ef7fa62 com.miui.player/.phone.ui.AudioPreview m=0x608000}
06-27 12:50:41.597  9395 28841 I SCTaskStackListener: onTaskStackChanged! inSplit = false
06-27 12:50:41.598  2671  2671 D AppMiniWindowManager: topActivity updated in onTaskStackChanged
06-27 12:50:41.598  9395  9435 I SCTaskStackListener: onTaskStackChanged! inSplit = false
06-27 12:50:41.599 28683 28683 D RAInjector: getView: position 0 info: com.android.internal.app.chooser.DisplayResolveInfo@79c1186
06-27 12:50:41.599 28683 28683 D RAInjector: bindView: ComponentInfo{com.mxtech.videoplayer.ad/com.mxtech.videoplayer.ad.ActivityScreen}
06-27 12:50:41.599 28683 28683 D RAInjector: info.getDisplayLabel: MX Player hasDisplayIcon: true position: 0
06-27 12:50:41.600 28683 28683 D RAInjector: getView: position 0 info: com.android.internal.app.chooser.DisplayResolveInfo@79c1186
06-27 12:50:41.600 28683 28683 D RAInjector: bindView: ComponentInfo{com.mxtech.videoplayer.ad/com.mxtech.videoplayer.ad.ActivityScreen}
06-27 12:50:41.600 28683 28683 D RAInjector: info.getDisplayLabel: MX Player hasDisplayIcon: true position: 0
06-27 12:50:41.600 28683 28683 D RAInjector: getView: position 0 info: com.android.internal.app.chooser.DisplayResolveInfo@79c1186
06-27 12:50:41.600 28683 28683 D RAInjector: bindView: ComponentInfo{com.mxtech.videoplayer.ad/com.mxtech.videoplayer.ad.ActivityScreen}
06-27 12:50:41.600 28683 28683 D RAInjector: info.getDisplayLabel: MX Player hasDisplayIcon: true position: 0
06-27 12:50:41.600 28683 28683 D RAInjector: getView: position 0 info: com.android.internal.app.chooser.DisplayResolveInfo@79c1186
06-27 12:50:41.601 28683 28683 D RAInjector: bindView: ComponentInfo{com.mxtech.videoplayer.ad/com.mxtech.videoplayer.ad.ActivityScreen}
06-27 12:50:41.601 28683 28683 D RAInjector: info.getDisplayLabel: MX Player hasDisplayIcon: true position: 0
06-27 12:50:41.604 28683 28683 D RAInjector: getView: position 0 info: com.android.internal.app.chooser.DisplayResolveInfo@79c1186
06-27 12:50:41.604 28683 28683 D RAInjector: bindView: ComponentInfo{com.mxtech.videoplayer.ad/com.mxtech.videoplayer.ad.ActivityScreen}
06-27 12:50:41.604 28683 28683 D RAInjector: info.getDisplayLabel: MX Player hasDisplayIcon: true position: 0
06-27 12:50:41.604 28683 28683 D RAInjector: getView: position 0 info: com.android.internal.app.chooser.DisplayResolveInfo@79c1186
06-27 12:50:41.604 28683 28683 D RAInjector: bindView: ComponentInfo{com.mxtech.videoplayer.ad/com.mxtech.videoplayer.ad.ActivityScreen}
06-27 12:50:41.604 28683 28683 D RAInjector: info.getDisplayLabel: MX Player hasDisplayIcon: true position: 0
06-27 12:50:41.604 28683 28683 D RAInjector: getView: position 0 info: com.android.internal.app.chooser.DisplayResolveInfo@79c1186
06-27 12:50:41.604 28683 28683 D RAInjector: bindView: ComponentInfo{com.mxtech.videoplayer.ad/com.mxtech.videoplayer.ad.ActivityScreen}
06-27 12:50:41.604 28683 28683 D RAInjector: info.getDisplayLabel: MX Player hasDisplayIcon: true position: 0
06-27 12:50:41.605 28683 28683 D RAInjector: getView: position 0 info: com.android.internal.app.chooser.DisplayResolveInfo@79c1186
06-27 12:50:41.605 28683 28683 D RAInjector: bindView: ComponentInfo{com.mxtech.videoplayer.ad/com.mxtech.videoplayer.ad.ActivityScreen}
06-27 12:50:41.605 28683 28683 D RAInjector: info.getDisplayLabel: MX Player hasDisplayIcon: true position: 0
06-27 12:50:41.605 28683 28683 D RAInjector: getView: position 0 info: com.android.internal.app.chooser.DisplayResolveInfo@79c1186
06-27 12:50:41.605 28683 28683 D RAInjector: bindView: ComponentInfo{com.mxtech.videoplayer.ad/com.mxtech.videoplayer.ad.ActivityScreen}
06-27 12:50:41.605 28683 28683 D RAInjector: info.getDisplayLabel: MX Player hasDisplayIcon: true position: 0
06-27 12:50:41.606 28683 28683 D RAInjector: getView: position 1 info: com.android.internal.app.chooser.DisplayResolveInfo@62dcb5e
06-27 12:50:41.606 28683 28683 D RAInjector: bindView: ComponentInfo{com.mxtech.videoplayer.ad/com.mxtech.videoplayer.ad.ActivityPipScreen}
06-27 12:50:41.606 28683 28683 D RAInjector: info.getDisplayLabel: MX Pop-up mode hasDisplayIcon: false position: 1
06-27 12:50:41.606 28683 28683 D RAInjector: getView: position 2 info: com.android.internal.app.chooser.DisplayResolveInfo@af7d5d1
06-27 12:50:41.606 28683 28683 D RAInjector: bindView: ComponentInfo{com.miui.player/com.miui.player.phone.ui.AudioPreview}
06-27 12:50:41.606 28683 28683 D RAInjector: info.getDisplayLabel: Music hasDisplayIcon: false position: 2
06-27 12:50:41.606 28683 28683 D RAInjector: getView: position 3 info: com.android.internal.app.chooser.DisplayResolveInfo@f1c5310
06-27 12:50:41.607 28683 28683 D RAInjector: bindView: ComponentInfo{com.bsbportal.music/com.bsbportal.music.activities.LauncherScreenActivity}
06-27 12:50:41.607 28683 28683 D RAInjector: info.getDisplayLabel: Wynk Music hasDisplayIcon: false position: 3
06-27 12:50:41.608 28683 29085 D RAInjector: LoadIconTask::doInBackground ResolveInfo{7aba7f3 com.bsbportal.music/.activities.LauncherScreenActivity m=0x608000}
06-27 12:50:41.609 28683 28990 D RAInjector: LoadIconTask::doInBackground ResolveInfo{3f7652d com.mxtech.videoplayer.ad/.ActivityPipScreen m=0x608000}
06-27 12:50:41.610 28683 29085 D RAInjector: LoadIconTask::doInBackground ResolveInfo{ef7fa62 com.miui.player/.phone.ui.AudioPreview m=0x608000}
06-27 12:50:41.611 28683 28990 D RAInjector: LoadIconTask::doInBackground ResolveInfo{7aba7f3 com.bsbportal.music/.activities.LauncherScreenActivity m=0x608000}
06-27 12:50:41.619 28683 28683 D RAInjector: LoadIconTask::onPostExecute ResolveInfo{a77e044 com.mxtech.videoplayer.ad/.ActivityScreen m=0x608000}
06-27 12:50:41.619 28683 28683 I chatty  : uid=1000 system:ui identical 2 lines
06-27 12:50:41.620 28683 28683 D RAInjector: LoadIconTask::onPostExecute ResolveInfo{a77e044 com.mxtech.videoplayer.ad/.ActivityScreen m=0x608000}
06-27 12:50:41.620 28683 28683 D RAInjector: LoadIconTask::onPostExecute ResolveInfo{3f7652d com.mxtech.videoplayer.ad/.ActivityPipScreen m=0x608000}
06-27 12:50:41.620 28683 28683 D RAInjector: LoadIconTask::onPostExecute ResolveInfo{ef7fa62 com.miui.player/.phone.ui.AudioPreview m=0x608000}
06-27 12:50:41.620 28683 28683 D RAInjector: LoadIconTask::onPostExecute ResolveInfo{7aba7f3 com.bsbportal.music/.activities.LauncherScreenActivity m=0x608000}
06-27 12:50:41.620 28683 28683 D RAInjector: LoadIconTask::onPostExecute ResolveInfo{3f7652d com.mxtech.videoplayer.ad/.ActivityPipScreen m=0x608000}
06-27 12:50:41.620 28683 28683 D RAInjector: LoadIconTask::onPostExecute ResolveInfo{ef7fa62 com.miui.player/.phone.ui.AudioPreview m=0x608000}
06-27 12:50:41.620 28683 28683 D RAInjector: LoadIconTask::onPostExecute ResolveInfo{7aba7f3 com.bsbportal.music/.activities.LauncherScreenActivity m=0x608000}
06-27 12:50:41.623 28683 28683 D RAInjector: getView: position 0 info: com.android.internal.app.chooser.DisplayResolveInfo@79c1186
06-27 12:50:41.623 28683 28683 D RAInjector: bindView: ComponentInfo{com.mxtech.videoplayer.ad/com.mxtech.videoplayer.ad.ActivityScreen}
06-27 12:50:41.623 28683 28683 D RAInjector: info.getDisplayLabel: MX Player hasDisplayIcon: true position: 0
06-27 12:50:41.623 28683 28683 D RAInjector: getView: position 0 info: com.android.internal.app.chooser.DisplayResolveInfo@79c1186
06-27 12:50:41.623 28683 28683 D RAInjector: bindView: ComponentInfo{com.mxtech.videoplayer.ad/com.mxtech.videoplayer.ad.ActivityScreen}
06-27 12:50:41.623 28683 28683 D RAInjector: info.getDisplayLabel: MX Player hasDisplayIcon: true position: 0
06-27 12:50:41.623 28683 28683 D RAInjector: getView: position 0 info: com.android.internal.app.chooser.DisplayResolveInfo@79c1186
06-27 12:50:41.623 28683 28683 D RAInjector: bindView: ComponentInfo{com.mxtech.videoplayer.ad/com.mxtech.videoplayer.ad.ActivityScreen}
06-27 12:50:41.623 28683 28683 D RAInjector: info.getDisplayLabel: MX Player hasDisplayIcon: true position: 0
06-27 12:50:41.623 28683 28683 D RAInjector: getView: position 0 info: com.android.internal.app.chooser.DisplayResolveInfo@79c1186
06-27 12:50:41.624 28683 28683 D RAInjector: bindView: ComponentInfo{com.mxtech.videoplayer.ad/com.mxtech.videoplayer.ad.ActivityScreen}
06-27 12:50:41.624 28683 28683 D RAInjector: info.getDisplayLabel: MX Player hasDisplayIcon: true position: 0
06-27 12:50:41.626   885 10843 I vendor.qti.hardware.servicetracker@1.2-service: Activity state is changed to : 5
06-27 12:50:41.626   885 10843 I vendor.qti.hardware.servicetracker@1.2-service: Activity state is changed to : 5
06-27 12:50:41.626 28683 28683 D RAInjector: getView: position 0 info: com.android.internal.app.chooser.DisplayResolveInfo@79c1186
06-27 12:50:41.627 28683 28683 D RAInjector: bindView: ComponentInfo{com.mxtech.videoplayer.ad/com.mxtech.videoplayer.ad.ActivityScreen}
06-27 12:50:41.627 28683 28683 D RAInjector: info.getDisplayLabel: MX Player hasDisplayIcon: true position: 0
06-27 12:50:41.627 28683 28683 D RAInjector: getView: position 0 info: com.android.internal.app.chooser.DisplayResolveInfo@79c1186
06-27 12:50:41.627 28683 28683 D RAInjector: bindView: ComponentInfo{com.mxtech.videoplayer.ad/com.mxtech.videoplayer.ad.ActivityScreen}
06-27 12:50:41.627 28683 28683 D RAInjector: info.getDisplayLabel: MX Player hasDisplayIcon: true position: 0
06-27 12:50:41.627 28683 28683 D RAInjector: getView: position 0 info: com.android.internal.app.chooser.DisplayResolveInfo@79c1186
06-27 12:50:41.627 28683 28683 D RAInjector: bindView: ComponentInfo{com.mxtech.videoplayer.ad/com.mxtech.videoplayer.ad.ActivityScreen}
06-27 12:50:41.627 28683 28683 D RAInjector: info.getDisplayLabel: MX Player hasDisplayIcon: true position: 0
06-27 12:50:41.627 28683 28683 D RAInjector: getView: position 0 info: com.android.internal.app.chooser.DisplayResolveInfo@79c1186
06-27 12:50:41.627 28683 28683 D RAInjector: bindView: ComponentInfo{com.mxtech.videoplayer.ad/com.mxtech.videoplayer.ad.ActivityScreen}
06-27 12:50:41.627 28683 28683 D RAInjector: info.getDisplayLabel: MX Player hasDisplayIcon: true position: 0
06-27 12:50:41.628 28683 28683 D RAInjector: getView: position 0 info: com.android.internal.app.chooser.DisplayResolveInfo@79c1186
06-27 12:50:41.628 28683 28683 D RAInjector: bindView: ComponentInfo{com.mxtech.videoplayer.ad/com.mxtech.videoplayer.ad.ActivityScreen}
06-27 12:50:41.628 28683 28683 D RAInjector: info.getDisplayLabel: MX Player hasDisplayIcon: true position: 0
06-27 12:50:41.628 28683 28683 D RAInjector: getView: position 1 info: com.android.internal.app.chooser.DisplayResolveInfo@62dcb5e
06-27 12:50:41.629 28683 28683 D RAInjector: bindView: ComponentInfo{com.mxtech.videoplayer.ad/com.mxtech.videoplayer.ad.ActivityPipScreen}
06-27 12:50:41.629 28683 28683 D RAInjector: info.getDisplayLabel: MX Pop-up mode hasDisplayIcon: true position: 1
06-27 12:50:41.629 28683 28683 D RAInjector: getView: position 2 info: com.android.internal.app.chooser.DisplayResolveInfo@af7d5d1
06-27 12:50:41.629 28683 28683 D RAInjector: bindView: ComponentInfo{com.miui.player/com.miui.player.phone.ui.AudioPreview}
06-27 12:50:41.629 28683 28683 D RAInjector: info.getDisplayLabel: Music hasDisplayIcon: true position: 2
06-27 12:50:41.629 28683 28683 D RAInjector: getView: position 3 info: com.android.internal.app.chooser.DisplayResolveInfo@f1c5310
06-27 12:50:41.630 28683 28683 D RAInjector: bindView: ComponentInfo{com.bsbportal.music/com.bsbportal.music.activities.LauncherScreenActivity}
06-27 12:50:41.630 28683 28683 D RAInjector: info.getDisplayLabel: Wynk Music hasDisplayIcon: true position: 3
06-27 12:50:41.653   885 10843 I vendor.qti.hardware.servicetracker@1.2-service: Activity state is changed to : 7
06-27 12:50:41.653   885 10843 I chatty  : uid=1000(system) HwBinder:885_4 identical 1 line
06-27 12:50:41.653   885 10843 I vendor.qti.hardware.servicetracker@1.2-service: Activity state is changed to : 7
06-27 12:50:41.653   885 10843 I vendor.qti.hardware.servicetracker@1.2-service: Activity state is changed to : 8
06-27 12:50:41.653   885 10843 I vendor.qti.hardware.servicetracker@1.2-service: Activity state is changed to : 8
06-27 12:50:41.655  8346  8383 D PMonitor:  onForegroundActivitiesChanged:pid = 28683,activity-uid=1000,foregroundActivities=false
06-27 12:50:41.660   885 10843 I vendor.qti.hardware.servicetracker@1.2-service: unbindService is called for service : com.google.android.ext.services/android.ext.services.resolver.LRResolverRankerService and for client system:ui
06-27 12:50:41.661   885 10843 I vendor.qti.hardware.servicetracker@1.2-service: size of service connections for service: com.google.android.ext.services/android.ext.services.resolver.LRResolverRankerServiceafter removal is 0
06-27 12:50:41.661   885 10843 I vendor.qti.hardware.servicetracker@1.2-service: size of client connections for client: system:uiafter removal is 0
06-27 12:50:41.661   885 10843 I vendor.qti.hardware.servicetracker@1.2-service: destroyService is called for service : com.google.android.ext.services/android.ext.services.resolver.LRResolverRankerService
06-27 12:50:41.662  8346  8383 D PMonitor:  onForegroundActivitiesChanged:pid = 20959,activity-uid=10099,foregroundActivities=true
06-27 12:50:41.662  1919  2385 I MiuiNetworkPolicy: updateUidState uid = 10099, uidState = 12
06-27 12:50:41.663   969   969 D CompositionEngine: updateFodFlag FOD Add hbm_overlay
06-27 12:50:41.666   885 10843 I vendor.qti.hardware.servicetracker@1.2-service: Activity state is changed to : 9
06-27 12:50:41.670 28683 28683 E ActivityThread: Activity com.android.internal.app.ResolverActivity has leaked IntentReceiver com.android.internal.app.ResolverActivity$5@7869fe4 that was originally registered here. Are you missing a call to unregisterReceiver()?
06-27 12:50:41.670 28683 28683 E ActivityThread: android.app.IntentReceiverLeaked: Activity com.android.internal.app.ResolverActivity has leaked IntentReceiver com.android.internal.app.ResolverActivity$5@7869fe4 that was originally registered here. Are you missing a call to unregisterReceiver()?
06-27 12:50:41.670 28683 28683 E ActivityThread: 	at android.app.LoadedApk$ReceiverDispatcher.<init>(LoadedApk.java:1607)
06-27 12:50:41.670 28683 28683 E ActivityThread: 	at android.app.LoadedApk.getReceiverDispatcher(LoadedApk.java:1378)
06-27 12:50:41.670 28683 28683 E ActivityThread: 	at android.app.ContextImpl.registerReceiverInternal(ContextImpl.java:1624)
06-27 12:50:41.670 28683 28683 E ActivityThread: 	at android.app.ContextImpl.registerReceiverAsUser(ContextImpl.java:1611)
06-27 12:50:41.670 28683 28683 E ActivityThread: 	at android.content.ContextWrapper.registerReceiverAsUser(ContextWrapper.java:720)
06-27 12:50:41.670 28683 28683 E ActivityThread: 	at com.android.internal.app.ResolverActivity.registerWorkProfileStateReceiver(ResolverActivity.java:1087)
06-27 12:50:41.670 28683 28683 E ActivityThread: 	at com.android.internal.app.ResolverActivity.onStart(ResolverActivity.java:1068)
06-27 12:50:41.670 28683 28683 E ActivityThread: 	at android.app.Instrumentation.callActivityOnStart(Instrumentation.java:1436)
06-27 12:50:41.670 28683 28683 E ActivityThread: 	at android.app.Activity.performStart(Activity.java:8158)
06-27 12:50:41.670 28683 28683 E ActivityThread: 	at android.app.ActivityThread.handleStartActivity(ActivityThread.java:3566)
06-27 12:50:41.670 28683 28683 E ActivityThread: 	at android.app.servertransaction.TransactionExecutor.performLifecycleSequence(TransactionExecutor.java:221)
06-27 12:50:41.670 28683 28683 E ActivityThread: 	at android.app.servertransaction.TransactionExecutor.cycleToPath(TransactionExecutor.java:201)
06-27 12:50:41.670 28683 28683 E ActivityThread: 	at android.app.servertransaction.TransactionExecutor.executeLifecycleState(TransactionExecutor.java:173)
06-27 12:50:41.670 28683 28683 E ActivityThread: 	at android.app.servertransaction.TransactionExecutor.execute(TransactionExecutor.java:97)
06-27 12:50:41.670 28683 28683 E ActivityThread: 	at android.app.ActivityThread$H.handleMessage(ActivityThread.java:2136)
06-27 12:50:41.670 28683 28683 E ActivityThread: 	at android.os.Handler.dispatchMessage(Handler.java:106)
06-27 12:50:41.670 28683 28683 E ActivityThread: 	at android.os.Looper.loop(Looper.java:236)
06-27 12:50:41.670 28683 28683 E ActivityThread: 	at android.app.ActivityThread.main(ActivityThread.java:8061)
06-27 12:50:41.670 28683 28683 E ActivityThread: 	at java.lang.reflect.Method.invoke(Native Method)
06-27 12:50:41.670 28683 28683 E ActivityThread: 	at com.android.internal.os.RuntimeInit$MethodAndArgsCaller.run(RuntimeInit.java:656)
06-27 12:50:41.670 28683 28683 E ActivityThread: 	at com.android.internal.os.ZygoteInit.main(ZygoteInit.java:967)
06-27 12:50:41.670 28683 28683 E ActivityThread: Activity com.android.internal.app.ResolverActivity has leaked IntentReceiver com.android.internal.app.ResolverActivity$1@7e9e0fd that was originally registered here. Are you missing a call to unregisterReceiver()?
06-27 12:50:41.670 28683 28683 E ActivityThread: android.app.IntentReceiverLeaked: Activity com.android.internal.app.ResolverActivity has leaked IntentReceiver com.android.internal.app.ResolverActivity$1@7e9e0fd that was originally registered here. Are you missing a call to unregisterReceiver()?
06-27 12:50:41.670 28683 28683 E ActivityThread: 	at android.app.LoadedApk$ReceiverDispatcher.<init>(LoadedApk.java:1607)
06-27 12:50:41.670 28683 28683 E ActivityThread: 	at android.app.LoadedApk.getReceiverDispatcher(LoadedApk.java:1378)
06-27 12:50:41.670 28683 28683 E ActivityThread: 	at android.app.ContextImpl.registerReceiverInternal(ContextImpl.java:1624)
06-27 12:50:41.670 28683 28683 E ActivityThread: 	at android.app.ContextImpl.registerReceiverAsUser(ContextImpl.java:1611)
06-27 12:50:41.670 28683 28683 E ActivityThread: 	at android.content.ContextWrapper.registerReceiverAsUser(ContextWrapper.java:720)
06-27 12:50:41.670 28683 28683 E ActivityThread: 	at com.android.internal.content.PackageMonitor.register(PackageMonitor.java:98)
06-27 12:50:41.670 28683 28683 E ActivityThread: 	at com.android.internal.content.PackageMonitor.register(PackageMonitor.java:86)
06-27 12:50:41.670 28683 28683 E ActivityThread: 	at com.android.internal.app.ResolverActivity.onCreate(ResolverActivity.java:523)
06-27 12:50:41.670 28683 28683 E ActivityThread: 	at com.android.internal.app.ResolverActivity.onCreate(ResolverActivity.java:380)
06-27 12:50:41.670 28683 28683 E ActivityThread: 	at android.app.Activity.performCreate(Activity.java:8127)
06-27 12:50:41.670 28683 28683 E ActivityThread: 	at android.app.Activity.performCreate(Activity.java:8098)
06-27 12:50:41.670 28683 28683 E ActivityThread: 	at android.app.Instrumentation.callActivityOnCreate(Instrumentation.java:1310)
06-27 12:50:41.670 28683 28683 E ActivityThread: 	at android.app.ActivityThread.performLaunchActivity(ActivityThread.java:3513)
06-27 12:50:41.670 28683 28683 E ActivityThread: 	at android.app.ActivityThread.handleLaunchActivity(ActivityThread.java:3700)
06-27 12:50:41.670 28683 28683 E ActivityThread: 	at android.app.servertransaction.LaunchActivityItem.execute(LaunchActivityItem.java:85)
06-27 12:50:41.670 28683 28683 E ActivityThread: 	at android.app.servertransaction.TransactionExecutor.executeCallbacks(TransactionExecutor.java:135)
06-27 12:50:41.670 28683 28683 E ActivityThread: 	at android.app.servertransaction.TransactionExecutor.execute(TransactionExecutor.java:95)
06-27 12:50:41.670 28683 28683 E ActivityThread: 	at android.app.ActivityThread$H.handleMessage(ActivityThread.java:2136)
06-27 12:50:41.670 28683 28683 E ActivityThread: 	at android.os.Handler.dispatchMessage(Handler.java:106)
06-27 12:50:41.670 28683 28683 E ActivityThread: 	at android.os.Looper.loop(Looper.java:236)
06-27 12:50:41.670 28683 28683 E ActivityThread: 	at android.app.ActivityThread.main(ActivityThread.java:8061)
06-27 12:50:41.670 28683 28683 E ActivityThread: 	at java.lang.reflect.Method.invoke(Native Method)
06-27 12:50:41.670 28683 28683 E ActivityThread: 	at com.android.internal.os.RuntimeInit$MethodAndArgsCaller.run(RuntimeInit.java:656)
06-27 12:50:41.670 28683 28683 E ActivityThread: 	at com.android.internal.os.ZygoteInit.main(ZygoteInit.java:967)
06-27 12:50:41.666   885 10843 I vendor.qti.hardware.servicetracker@1.2-service: Activity state is changed to : 9
06-27 12:50:41.680   969   969 D CompositionEngine: updateFodFlag FOD Add hbm_overlay
06-27 12:50:41.846   969  1239 D SurfaceFlinger: getHBMOverlayAlpha backlight=1132, mFodSystemBacklight=272, mBrightnessBackup=1132
06-27 12:50:41.846   905   993 D DisplayFeatureHal: set brightness to 565, virtual brightness 1132
06-27 12:50:41.846   969  1239 D SurfaceFlinger: brightness=1132; alpha=0.521484 mode=2, doze_state:0
06-27 12:50:41.846   969  1239 D SurfaceFlinger: set FOD HBM alpha = 0.521484
06-27 12:50:41.846   969  1239 D SurfaceFlinger: getHBMOverlayAlpha backlight=1132, mFodSystemBacklight=272, mBrightnessBackup=1132
06-27 12:50:41.846   905   992 D DisplayFeatureHal: writeDCBacklight setting backlight to 567
06-27 12:50:41.850   899  1840 D libsensor-B2SNotifier: Backlight2SlpiNotifier brightness = 567
06-27 12:50:41.854   905   992 D DisplayFeatureHal: successfully write 567 into /sys/class/backlight/panel0-backlight/brightness
06-27 12:50:41.855   899  1840 D libsensor-B2SNotifier: Backlight2SlpiNotifier brightness = 567
06-27 12:50:41.862   969   969 D CompositionEngine: updateFodFlag FOD Add hbm_overlay
06-27 12:50:41.863   969  1239 D SurfaceFlinger: getHBMOverlayAlpha backlight=1084, mFodSystemBacklight=272, mBrightnessBackup=1084
06-27 12:50:41.863   905   993 D DisplayFeatureHal: set brightness to 541, virtual brightness 1084
06-27 12:50:41.863   969  1239 D SurfaceFlinger: brightness=1084; alpha=0.530762 mode=2, doze_state:0
06-27 12:50:41.863   969  1239 D SurfaceFlinger: set FOD HBM alpha = 0.530762
06-27 12:50:41.863   969  1239 D SurfaceFlinger: getHBMOverlayAlpha backlight=1084, mFodSystemBacklight=272, mBrightnessBackup=1084
06-27 12:50:41.863   905   992 D DisplayFeatureHal: writeDCBacklight setting backlight to 543
06-27 12:50:41.866   905   992 D DisplayFeatureHal: successfully write 543 into /sys/class/backlight/panel0-backlight/brightness
06-27 12:50:41.866   899  1840 D libsensor-B2SNotifier: Backlight2SlpiNotifier brightness = 541
06-27 12:50:41.872   899  1840 D libsensor-B2SNotifier: Backlight2SlpiNotifier brightness = 541
06-27 12:50:41.879   969   969 D CompositionEngine: updateFodFlag FOD Add hbm_overlay
06-27 12:50:41.880   969  1239 D SurfaceFlinger: getHBMOverlayAlpha backlight=1036, mFodSystemBacklight=272, mBrightnessBackup=1036
06-27 12:50:41.880   905   993 D DisplayFeatureHal: set brightness to 517, virtual brightness 1036
06-27 12:50:41.880   969  1239 D SurfaceFlinger: brightness=1036; alpha=0.540527 mode=2, doze_state:0
06-27 12:50:41.880   969  1239 D SurfaceFlinger: set FOD HBM alpha = 0.540527
06-27 12:50:41.880   969  1239 D SurfaceFlinger: getHBMOverlayAlpha backlight=1036, mFodSystemBacklight=272, mBrightnessBackup=1036
06-27 12:50:41.880   905   992 D DisplayFeatureHal: writeDCBacklight setting backlight to 519
06-27 12:50:41.892   905   992 D DisplayFeatureHal: successfully write 519 into /sys/class/backlight/panel0-backlight/brightness
06-27 12:50:41.892   899  1840 D libsensor-B2SNotifier: Backlight2SlpiNotifier brightness = 519
06-27 12:50:41.895   969   969 D CompositionEngine: updateFodFlag FOD Add hbm_overlay
06-27 12:50:41.896   969  1239 D SurfaceFlinger: getHBMOverlayAlpha backlight=988, mFodSystemBacklight=272, mBrightnessBackup=988
06-27 12:50:41.896   905   993 D DisplayFeatureHal: set brightness to 493, virtual brightness 988
06-27 12:50:41.896   969  1239 D SurfaceFlinger: brightness=988; alpha=0.550293 mode=2, doze_state:0
06-27 12:50:41.896   969  1239 D SurfaceFlinger: set FOD HBM alpha = 0.550293
06-27 12:50:41.896   969  1239 D SurfaceFlinger: getHBMOverlayAlpha backlight=988, mFodSystemBacklight=272, mBrightnessBackup=988
06-27 12:50:41.896   905   992 D DisplayFeatureHal: writeDCBacklight setting backlight to 495
06-27 12:50:41.902   899  1840 D libsensor-B2SNotifier: Backlight2SlpiNotifier brightness = 493
06-27 12:50:41.908   905   992 D DisplayFeatureHal: successfully write 495 into /sys/class/backlight/panel0-backlight/brightness
06-27 12:50:41.908   899  1840 D libsensor-B2SNotifier: Backlight2SlpiNotifier brightness = 495
06-27 12:50:41.912   969   969 D CompositionEngine: updateFodFlag FOD Add hbm_overlay
06-27 12:50:41.913   969  1239 D SurfaceFlinger: getHBMOverlayAlpha backlight=940, mFodSystemBacklight=272, mBrightnessBackup=940
06-27 12:50:41.913   905   993 D DisplayFeatureHal: set brightness to 469, virtual brightness 940
06-27 12:50:41.913   969  1239 D SurfaceFlinger: brightness=940; alpha=0.560547 mode=2, doze_state:0
06-27 12:50:41.913   969  1239 D SurfaceFlinger: set FOD HBM alpha = 0.560547
06-27 12:50:41.913   969  1239 D SurfaceFlinger: getHBMOverlayAlpha backlight=940, mFodSystemBacklight=272, mBrightnessBackup=940
06-27 12:50:41.913   905   992 D DisplayFeatureHal: writeDCBacklight setting backlight to 471
06-27 12:50:41.925   899  1840 D libsensor-B2SNotifier: Backlight2SlpiNotifier brightness = 471
06-27 12:50:41.925   905   992 D DisplayFeatureHal: successfully write 471 into /sys/class/backlight/panel0-backlight/brightness
06-27 12:50:41.928   969   969 D CompositionEngine: updateFodFlag FOD Add hbm_overlay
06-27 12:50:41.929   969  1239 D SurfaceFlinger: getHBMOverlayAlpha backlight=892, mFodSystemBacklight=272, mBrightnessBackup=892
06-27 12:50:41.929   969  1239 D SurfaceFlinger: brightness=892; alpha=0.570801 mode=2, doze_state:0
06-27 12:50:41.929   905   993 D DisplayFeatureHal: set brightness to 445, virtual brightness 892
06-27 12:50:41.929   969  1239 D SurfaceFlinger: set FOD HBM alpha = 0.570801
06-27 12:50:41.929   969  1239 D SurfaceFlinger: getHBMOverlayAlpha backlight=892, mFodSystemBacklight=272, mBrightnessBackup=892
06-27 12:50:41.929   905   992 D DisplayFeatureHal: writeDCBacklight setting backlight to 447
06-27 12:50:41.932   899  1840 D libsensor-B2SNotifier: Backlight2SlpiNotifier brightness = 445
06-27 12:50:41.941   899  1840 D libsensor-B2SNotifier: Backlight2SlpiNotifier brightness = 447
06-27 12:50:41.942   905   992 D DisplayFeatureHal: successfully write 447 into /sys/class/backlight/panel0-backlight/brightness
06-27 12:50:41.945   969   969 D CompositionEngine: updateFodFlag FOD Add hbm_overlay
06-27 12:50:41.946   969  1239 D SurfaceFlinger: getHBMOverlayAlpha backlight=844, mFodSystemBacklight=272, mBrightnessBackup=844
06-27 12:50:41.946   905   993 D DisplayFeatureHal: set brightness to 421, virtual brightness 844
