--------- beginning of main
06-27 12:50:31.537  2841  2841 D QtiCarrierConfigHelper: WARNING, no carrier configs on phone Id: 0
06-27 12:50:31.538  3385  3385 I BatteryController: notifyBatteryStatusChanged:  status: 2 isPlugged: 2 level: 40 wireState: 11 chargeSpeed: 0 mWiredChargeType: 0 mWirelessChargeType: 0 chargeDeviceType: 0
--------- beginning of system
06-27 12:50:31.540  2671  2671 I MiuiChargeManager: notifyBatteryStatusChanged:  status: 2 isPlugged: 2 level: 40 wireState: 11 chargeSpeed: 0 mWiredChargeType: 0 mWirelessChargeType: 0 chargeDeviceType: 0 maxChargingWattage: 2500000 SUPPORT_BROADCAST_QUICK_CHARGE: true
06-27 12:50:31.540  2671  2671 D KeyguardUpdateMonitor: handleBatteryUpdate
06-27 12:50:31.541  2671  2671 D KeyguardIndication:  switchIndication:Charging 39%
06-27 12:50:31.543  2671  2671 I MiuiChargeController: checkBatteryStatus: wireState 11 status 2 plugged 2 chargeSpeed 0 maxChargingWattage 2500000 isRapidCharge false isSuperCharge false isStrongSuperCharge false isCarMode false mChargeDeviceType 0 mChargeDeviceForAnalytic -1 SUPPORT_NEW_ANIMATION true isChargeAnimationDisabled false
06-27 12:50:31.543  2671  2671 I MiuiChargeController: dealWithAnimationShow mWireState=11,wireState=11
06-27 12:50:31.543  2671  2671 I MiuiChargeController:  dealWithAnimationShow 相同 
06-27 12:50:31.545  9395  9435 I PowerCenterProvider: call METHOD_GET_BATTERY_INFO
06-27 12:50:31.545  9395  9435 W BatteryHistoryLoadMgr: getHistoryInfo begin
06-27 12:50:31.547  2671  2671 D KeyguardUpdateMonitor: received broadcast android.intent.action.BATTERY_CHANGED
06-27 12:50:31.547  2671  2671 D BatteryController: onReceive: Intent = Intent { act=android.intent.action.BATTERY_CHANGED flg=0x60000010 (has extras) } action = android.intent.action.BATTERY_CHANGED
06-27 12:50:31.549  9395  9395 I PowerSaveService: onReceive: android.intent.action.BATTERY_CHANGED
06-27 12:50:31.549  9395  9524 W BatteryHistoryLoadMgr: getHistoryInfo begin
06-27 12:50:31.549  9739  9968 D PowerCheckerService: onBatteryChanged, mBatteryLevel = 39, status = 2, level = 40, plug = 2, scale = 100
06-27 12:50:31.552  1919  2121 D CompatibilityInfo: mCompatibilityFlags - 0
06-27 12:50:31.552  1919  2121 D CompatibilityInfo: applicationDensity - 440
06-27 12:50:31.552  1919  2121 D CompatibilityInfo: applicationScale - 1.0
06-27 12:50:31.552  9395  9395 D PowerSaveService: checkPowerSaverStatus, current power is 40
06-27 12:50:31.553  9395  9395 I PowerSaverUtils: Enter PowerSaveMode setWifiAntHalfStatus: false
06-27 12:50:31.553  9395  9395 E PowerSaverUtils: PowerSaveMode setWifiAntHalfStatus exception : java.lang.NoSuchMethodException: android.net.wifi.MiuiWifiManager.setAntHalf [int]
06-27 12:50:31.553  1919  2385 I MiuiNetworkPolicy: updateUidState uid = 10186, uidState = 11
06-27 12:50:31.553  9395  9395 I PowerNoticeUI: handleBatteryChanged oldPlugType 2 mPlugType 2 oldBatteryLevel 39 mBatteryLevel 40 temperature 255
06-27 12:50:31.554  9395  9395 I ChargerBatteryIntelligenceReceiver: onBatteryChanged temperature：25,plugType:2
06-27 12:50:31.554  9395  9395 I PowerFeatureUtils: getVendorName:qcom
06-27 12:50:31.554  1919  2402 E WifiNative: Could not get Iface object for interface null
06-27 12:50:31.555  2881  2881 D DeviceStatisticsService: chargerType=2 batteryLevel=40 totalBatteryCapacity=2166300
06-27 12:50:31.558  1919  2385 I MiuiNetworkPolicy: updateUidState uid = 10186, uidState = 19
06-27 12:50:31.568  1919  7660 I ActivityTaskManager: START u0 {act=android.intent.action.VIEW dat=file:///sdcard/Music/sample.mp3 typ=audio/* flg=0x10000000 cmp=android/com.android.internal.app.ResolverActivity} from uid 2000
06-27 12:50:31.568  1919  7660 D MiuiMultiWindowAdapter: MiuiMultiWindowAdapter::getFreeformBlackList::sSmallWindowBlackList = [com.miui.securitycenter, com.miui.weather2, com.miui.miservice, com.android.calendar, com.xiaomi.calendar, com.android.contacts, com.miui.mishare.connectivity, com.android.settings, com.android.printspooler, com.miui.backup, com.miui.huanji, com.miui.calculator, com.android.deskclock, com.android.thememanager, com.mfashiongallery.emag, com.miui.virtualsim, com.miui.smarttravel, com.mi.health, com.android.camera, com.lbe.security.miui, com.miui.cleanmaster, com.miui.newhome, com.miui.voiceassist, com.android.phone, com.miui.yellowpage, com.android.updater, com.miui.tsmclient, com.miui.securitycore, com.xiaomi.account, com.xiaomi.shop, com.mipay.wallet, com.xiaomi.youpin, com.xiaomi.hm.health, com.miui.bugreport, com.xiaomi.mibrain.speech, com.xiaomi.mimoji, com.xiaomi.scanner, com.duokan.phone.remotecontroller, com.miui.hybrid, com.android.incallui, com.miui.video, com.miui.videoplayer, com.miui.player, com.miui.fm, com.miui.packageinstaller, com.mi.android.globallauncher, com.google.android.dialer, com.google.android.apps.magazines, com.miui.compass, com.miui.greenguard, com.kiteguard, com.google.android.apps.prodcasts, com.google.ar.lens, com.xiangkan.android, com.android.bankabc, com.sohu.inputmethod.sogou, com.tencent.mtt, com.shyz.toutiao, com.netease.mc.mi, com.outfit7.talkingtomgoldrun.mi, com.doudz.mi, com.wepie.snake.new.mi, cn.jj, com.standddz002.mi, com.miHoYo.bh3.mi, com.qqgame.hlddz, com.happyelements.AndroidAnimal, com.minitech.miniworld.TMobile.mi, com.mfp.jelly.xiaomi, com.lilithgames.afk.mi, com.tencent.peng, com.teenpatti.hd.gold, blockpuzzle.jewelgames.jewelslegend, com.playgendary.tanks, com.chillingo.robberybobfree.android.row, com.episodeinteractive.android.catalog, com.playrix.township, com.ansangha.drdriving, com.google.android.youtube, com.gbits.atm.mi]
06-27 12:50:31.569   589   589 I hwservicemanager: getTransport: Cannot find entry android.hardware.power.stats@1.0::IPowerStats/default in either framework or device manifest.
06-27 12:50:31.569   589   589 I hwservicemanager: getTransport: Cannot find entry android.hardware.power@1.0::IPower/default in either framework or device manifest.
06-27 12:50:31.569  1919  2233 E BatteryStatsService: Unable to load Power Hal or power.stats HAL
06-27 12:50:31.569   589   589 I hwservicemanager: getTransport: Cannot find entry android.hardware.power.stats@1.0::IPowerStats/default in either framework or device manifest.
06-27 12:50:31.570   885 10843 I vendor.qti.hardware.servicetracker@1.2-service: Activity state is changed to : 0
06-27 12:50:31.570   885 10843 I vendor.qti.hardware.servicetracker@1.2-service: Activity state is changed to : 0
06-27 12:50:31.570   589   589 I hwservicemanager: getTransport: Cannot find entry android.hardware.power@1.0::IPower/default in either framework or device manifest.
06-27 12:50:31.570  1919  2233 E BatteryStatsService: Unable to load Power Hal or power.stats HAL
06-27 12:50:31.571   879   879 I ANDR-PERF-LM: LMPerfGlue: perfmodule_submit_request() 132: perfmodule_submit_request()
06-27 12:50:31.571   879   879 I ANDR-PERF-LM: Core: getInstance() 84: LM getInstance
06-27 12:50:31.571   879   879 I ANDR-PERF-LM: WQ: push() 59: LMTriggerQ push() size=0
06-27 12:50:31.571   879   879 I ANDR-PERF-LM: WQ: push() 61: LMTriggerQ push() done size=1
06-27 12:50:31.571   879   984 I ANDR-PERF-LM: WQ: pop() 42: LMTriggerQ pop() done size=0
06-27 12:50:31.571   879   984 I ANDR-PERF-LM: Core: lmMain() 381: Calling runAsync for AdaptLaunch
06-27 12:50:31.571   879   984 I ANDR-PERF-LM: Core: lmMain() 391: runAsync for AdaptLaunch returned
06-27 12:50:31.571   879   984 I ANDR-PERF-LM: Core: lmMain() 373: Waiting on trigger Queue
06-27 12:50:31.571   879   984 I ANDR-PERF-LM: WQ: pop() 31: LMTriggerQ pop() size=0
06-27 12:50:31.571   879   879 I ANDR-PERF-LM: LMPerfGlue: perfmodule_submit_request() 132: perfmodule_submit_request()
06-27 12:50:31.571   879   879 I ANDR-PERF-LM: Core: getInstance() 84: LM getInstance
06-27 12:50:31.571   879   879 I ANDR-PERF-LM: WQ: push() 59: LMTriggerQ push() size=0
06-27 12:50:31.571   879   879 I ANDR-PERF-LM: WQ: push() 61: LMTriggerQ push() done size=1
06-27 12:50:31.571   879   984 I ANDR-PERF-LM: WQ: pop() 42: LMTriggerQ pop() done size=0
06-27 12:50:31.571   879   984 I ANDR-PERF-LM: Core: lmMain() 381: Calling runAsync for AdaptLaunch
06-27 12:50:31.571   879   879 I ANDR-PERF-LM: LMPerfGlue: perfmodule_submit_request() 132: perfmodule_submit_request()
06-27 12:50:31.571   879   879 I ANDR-PERF-LM: Core: getInstance() 84: LM getInstance
06-27 12:50:31.571   879   879 D ANDR-PERF-LM: Feature: lookup() 101: Feature Name = AppClassifier, total featuers = 3, featureFound = 1
06-27 12:50:31.571   879   984 I ANDR-PERF-LM: MetaMeter: isValidAsync() 194: AsyncInfo: hintID = 4225
06-27 12:50:31.571   879   984 I ANDR-PERF-LM: hintType: 2
06-27 12:50:31.571   879   984 I ANDR-PERF-LM: isPrimary = 0
06-27 12:50:31.571   879   879 D ANDR-PERF-LM: Feature: getData() 112: data.data = 0
06-27 12:50:31.571   879   984 I ANDR-PERF-LM: MetaMeter: isValidAsync() 203: Invalid (hintID,hintType,appName,duration,appPID,appThreadTID) = (4225, 2,android,-1,1919,7660)
06-27 12:50:31.571   879   879 I ANDR-PERF-LM: FeedbackAPI: getFeedback() 60: app:android feature:AppClassifier feedback = 0
06-27 12:50:31.571   879   984 E ANDR-PERF-LM: MetaMeter: handleAsync() 164: AdaptLaunch Invalid Async
06-27 12:50:31.571   879   984 I ANDR-PERF-LM: Core: lmMain() 391: runAsync for AdaptLaunch returned
06-27 12:50:31.571   879   984 I ANDR-PERF-LM: Core: lmMain() 373: Waiting on trigger Queue
06-27 12:50:31.571   879   984 I ANDR-PERF-LM: WQ: pop() 31: LMTriggerQ pop() size=0
06-27 12:50:31.572   879   879 I ANDR-PERF-LM: LMPerfGlue: perfmodule_submit_request() 132: perfmodule_submit_request()
06-27 12:50:31.572   879   879 I ANDR-PERF-LM: Core: getInstance() 84: LM getInstance
06-27 12:50:31.572   879   879 I ANDR-PERF-LM: WQ: push() 59: LMTriggerQ push() size=0
06-27 12:50:31.572   879   879 I ANDR-PERF-LM: WQ: push() 61: LMTriggerQ push() done size=1
06-27 12:50:31.572   879   984 I ANDR-PERF-LM: WQ: pop() 42: LMTriggerQ pop() done size=0
06-27 12:50:31.572   879   984 I ANDR-PERF-LM: Core: lmMain() 381: Calling runAsync for AdaptLaunch
06-27 12:50:31.572  1919  7660 E ANDR-PERF-JNI: com_qualcomm_qtiperformance_native_perf_io_prefetch_start
06-27 12:50:31.572   879   984 I ANDR-PERF-LM: MetaMeter: isValidAsync() 194: AsyncInfo: hintID = 4225
06-27 12:50:31.572   879   984 I ANDR-PERF-LM: hintType: 3
06-27 12:50:31.572   879   984 I ANDR-PERF-LM: isPrimary = 0
06-27 12:50:31.572   879   984 I ANDR-PERF-LM: MetaMeter: isValidAsync() 203: Invalid (hintID,hintType,appName,duration,appPID,appThreadTID) = (4225, 3,android,-1,1919,7660)
06-27 12:50:31.572   879   984 E ANDR-PERF-LM: MetaMeter: handleAsync() 164: AdaptLaunch Invalid Async
06-27 12:50:31.572   879   984 I ANDR-PERF-LM: Core: lmMain() 391: runAsync for AdaptLaunch returned
06-27 12:50:31.572   879   984 I ANDR-PERF-LM: Core: lmMain() 373: Waiting on trigger Queue
06-27 12:50:31.572   879   984 I ANDR-PERF-LM: WQ: pop() 31: LMTriggerQ pop() size=0
06-27 12:50:31.576   879   879 I ANDR-PERF-LM: LMPerfGlue: perfmodule_submit_request() 132: perfmodule_submit_request()
06-27 12:50:31.576   879   879 I ANDR-PERF-LM: Core: getInstance() 84: LM getInstance
06-27 12:50:31.576   879   879 I ANDR-PERF-LM: WQ: push() 59: LMTriggerQ push() size=0
06-27 12:50:31.576   879   879 I ANDR-PERF-LM: WQ: push() 61: LMTriggerQ push() done size=1
06-27 12:50:31.576   879   984 I ANDR-PERF-LM: WQ: pop() 42: LMTriggerQ pop() done size=0
06-27 12:50:31.576   879   984 I ANDR-PERF-LM: Core: lmMain() 381: Calling runAsync for AdaptLaunch
06-27 12:50:31.576   879   984 I ANDR-PERF-LM: Core: lmMain() 391: runAsync for AdaptLaunch returned
06-27 12:50:31.576   879   984 I ANDR-PERF-LM: Core: lmMain() 373: Waiting on trigger Queue
06-27 12:50:31.576   879   984 I ANDR-PERF-LM: WQ: pop() 31: LMTriggerQ pop() size=0
06-27 12:50:31.576   879   879 I ANDR-PERF-LM: LMPerfGlue: perfmodule_submit_request() 132: perfmodule_submit_request()
06-27 12:50:31.576   879   879 I ANDR-PERF-LM: Core: getInstance() 84: LM getInstance
06-27 12:50:31.576   879   879 I ANDR-PERF-LM: WQ: push() 59: LMTriggerQ push() size=0
06-27 12:50:31.576   879   879 I ANDR-PERF-LM: WQ: push() 61: LMTriggerQ push() done size=1
06-27 12:50:31.576   879   984 I ANDR-PERF-LM: WQ: pop() 42: LMTriggerQ pop() done size=0
06-27 12:50:31.576   879   984 I ANDR-PERF-LM: Core: lmMain() 381: Calling runAsync for AdaptLaunch
06-27 12:50:31.576   879   984 I ANDR-PERF-LM: Core: lmMain() 391: runAsync for AdaptLaunch returned
06-27 12:50:31.576   879   984 I ANDR-PERF-LM: Core: lmMain() 373: Waiting on trigger Queue
06-27 12:50:31.576   879   984 I ANDR-PERF-LM: WQ: pop() 31: LMTriggerQ pop() size=0
06-27 12:50:31.579  1919  7660 D CompatibilityInfo: mCompatibilityFlags - 0
06-27 12:50:31.579  1919  7660 D CompatibilityInfo: applicationDensity - 440
06-27 12:50:31.579  1919  7660 D CompatibilityInfo: applicationScale - 1.0
06-27 12:50:31.579   879   879 I ANDR-PERF-LM: LMPerfGlue: perfmodule_submit_request() 132: perfmodule_submit_request()
06-27 12:50:31.579   879   879 I ANDR-PERF-LM: Core: getInstance() 84: LM getInstance
06-27 12:50:31.579   885 10843 I vendor.qti.hardware.servicetracker@1.2-service: Activity state is changed to : 2
06-27 12:50:31.579   879   879 I ANDR-PERF-LM: WQ: push() 59: LMTriggerQ push() size=0
06-27 12:50:31.579   879   879 I ANDR-PERF-LM: WQ: push() 61: LMTriggerQ push() done size=1
06-27 12:50:31.579   879   984 I ANDR-PERF-LM: WQ: pop() 42: LMTriggerQ pop() done size=0
06-27 12:50:31.579   879   984 I ANDR-PERF-LM: Core: lmMain() 381: Calling runAsync for GameOptimization
06-27 12:50:31.579   879   984 D ANDR-PERF-LM: Feature: lookup() 101: Feature Name = AppClassifier, total featuers = 3, featureFound = 1
06-27 12:50:31.580   876   907 E ANDR-IOP: io prefetch is disabled
06-27 12:50:31.580   879   984 D ANDR-PERF-LM: Feature: getData() 112: data.data = 0
06-27 12:50:31.580   879   984 I ANDR-PERF-LM: Core: lmMain() 391: runAsync for GameOptimization returned
06-27 12:50:31.580   879   984 I ANDR-PERF-LM: Core: lmMain() 373: Waiting on trigger Queue
06-27 12:50:31.580   879   984 I ANDR-PERF-LM: WQ: pop() 31: LMTriggerQ pop() size=0
06-27 12:50:31.580  1919  7660 I ActivityTaskManager: The Process system:ui Already Exists in BG. So sending its PID: 28683
06-27 12:50:31.580   879   879 I ANDR-PERF-LM: LMPerfGlue: perfmodule_submit_request() 132: perfmodule_submit_request()
06-27 12:50:31.580   879   879 I ANDR-PERF-LM: Core: getInstance() 84: LM getInstance
06-27 12:50:31.580   879   879 I ANDR-PERF-LM: WQ: push() 59: LMTriggerQ push() size=0
06-27 12:50:31.580   879   879 I ANDR-PERF-LM: WQ: push() 61: LMTriggerQ push() done size=1
06-27 12:50:31.580   879   984 I ANDR-PERF-LM: WQ: pop() 42: LMTriggerQ pop() done size=0
06-27 12:50:31.581   879   984 I ANDR-PERF-LM: Core: lmMain() 381: Calling runAsync for AdaptLaunch
06-27 12:50:31.581  1919  7660 W ActivityTaskManager: Tried to set launchTime (0) < mLastActivityLaunchTime (4031052)
06-27 12:50:31.581   879   984 I ANDR-PERF-LM: MetaMeter: isValidAsync() 194: AsyncInfo: hintID = 4225
06-27 12:50:31.581   879   984 I ANDR-PERF-LM: hintType: 102
06-27 12:50:31.581   879   984 I ANDR-PERF-LM: isPrimary = 0
06-27 12:50:31.581   879   984 I ANDR-PERF-LM: MetaMeter: isValidAsync() 203: Invalid (hintID,hintType,appName,duration,appPID,appThreadTID) = (4225, 102,system:ui,28683,1919,7660)
06-27 12:50:31.581   879   984 E ANDR-PERF-LM: MetaMeter: handleAsync() 164: AdaptLaunch Invalid Async
06-27 12:50:31.581   879   984 I ANDR-PERF-LM: Core: lmMain() 391: runAsync for AdaptLaunch returned
06-27 12:50:31.581   879   984 I ANDR-PERF-LM: Core: lmMain() 373: Waiting on trigger Queue
06-27 12:50:31.581   879   984 I ANDR-PERF-LM: WQ: pop() 31: LMTriggerQ pop() size=0
06-27 12:50:31.581  1919  7660 D CompatibilityInfo: mCompatibilityFlags - 0
06-27 12:50:31.582  1919  7660 D CompatibilityInfo: applicationDensity - 440
06-27 12:50:31.582  1919  7660 D CompatibilityInfo: applicationScale - 1.0
06-27 12:50:31.582   885 10843 I vendor.qti.hardware.servicetracker@1.2-service: Activity state is changed to : 2
06-27 12:50:31.583   885 10843 I vendor.qti.hardware.servicetracker@1.2-service: Activity state is changed to : 2
06-27 12:50:31.584  1919  7660 D ActivityTrigger: ActivityTrigger activityPauseTrigger 
06-27 12:50:31.584   885 10843 I vendor.qti.hardware.servicetracker@1.2-service: Activity state is changed to : 3
06-27 12:50:31.584   879   879 I ANDR-PERF-LM: LMPerfGlue: perfmodule_submit_request() 132: perfmodule_submit_request()
06-27 12:50:31.584   879   879 I ANDR-PERF-LM: Core: getInstance() 84: LM getInstance
06-27 12:50:31.584   879   879 I ANDR-PERF-LM: WQ: push() 59: LMTriggerQ push() size=0
06-27 12:50:31.584   879   879 I ANDR-PERF-LM: WQ: push() 61: LMTriggerQ push() done size=1
06-27 12:50:31.585   879   984 I ANDR-PERF-LM: WQ: pop() 42: LMTriggerQ pop() done size=0
06-27 12:50:31.585   879   984 I ANDR-PERF-LM: Core: lmMain() 381: Calling runAsync for GameOptimization
06-27 12:50:31.585   879   984 D ANDR-PERF-LM: Feature: lookup() 101: Feature Name = AppClassifier, total featuers = 3, featureFound = 1
06-27 12:50:31.585   885 10843 I vendor.qti.hardware.servicetracker@1.2-service: Activity state is changed to : 3
06-27 12:50:31.585   879   984 D ANDR-PERF-LM: Feature: getData() 112: data.data = 0
06-27 12:50:31.585   879   984 I ANDR-PERF-LM: Core: lmMain() 391: runAsync for GameOptimization returned
06-27 12:50:31.585   879   984 I ANDR-PERF-LM: Core: lmMain() 373: Waiting on trigger Queue
06-27 12:50:31.585   879   984 I ANDR-PERF-LM: WQ: pop() 31: LMTriggerQ pop() size=0
06-27 12:50:31.588  1919  7660 I Timeline: Timeline: App_transition_ready time:4036398
06-27 12:50:31.590  1919  8335 I Timeline: Timeline: App_transition_ready time:4036400
06-27 12:50:31.591 28980 28982 I cmd     : oneway function results will be dropped but finished with status OK and parcel size 4
06-27 12:50:31.595   656   663 E android.system.suspend@1.0-service: Error opening kernel wakelock stats for: wakeup38: Permission denied
06-27 12:50:31.595   656   663 E android.system.suspend@1.0-service: Error opening kernel wakelock stats for: wakeup28: Permission denied
06-27 12:50:31.595   656   663 E android.system.suspend@1.0-service: Error opening kernel wakelock stats for: wakeup18: Permission denied
06-27 12:50:31.595   656   663 E android.system.suspend@1.0-service: Error opening kernel wakelock stats for: wakeup36: Permission denied
06-27 12:50:31.583   656   656 W Binder:656_2: type=1400 audit(0.0:4854): avc: denied { open } for path="/sys/devices/virtual/misc/msm_qcelp/wakeup38" dev="sysfs" ino=79600 scontext=u:r:system_suspend:s0 tcontext=u:object_r:sysfs:s0 tclass=dir permissive=0
06-27 12:50:31.583   656   656 W Binder:656_2: type=1400 audit(0.0:4855): avc: denied { open } for path="/sys/devices/virtual/misc/msm_alac/wakeup28" dev="sysfs" ino=79228 scontext=u:r:system_suspend:s0 tcontext=u:object_r:sysfs:s0 tclass=dir permissive=0
06-27 12:50:31.596   656   663 E android.system.suspend@1.0-service: Error opening kernel wakelock stats for: wakeup26: Permission denied
06-27 12:50:31.596   656   663 E android.system.suspend@1.0-service: Error opening kernel wakelock stats for: wakeup16: Permission denied
06-27 12:50:31.583   656   656 W Binder:656_2: type=1400 audit(0.0:4856): avc: denied { read } for name="wakeup18" dev="sysfs" ino=73893 scontext=u:r:system_suspend:s0 tcontext=u:object_r:vendor_sysfs_battery_supply:s0 tclass=dir permissive=0
06-27 12:50:31.596   656   663 E android.system.suspend@1.0-service: Error opening kernel wakelock stats for: wakeup34: Permission denied
06-27 12:50:31.583   656   656 W Binder:656_2: type=1400 audit(0.0:4857): avc: denied { open } for path="/sys/devices/virtual/misc/msm_mp3/wakeup36" dev="sysfs" ino=79528 scontext=u:r:system_suspend:s0 tcontext=u:object_r:sysfs:s0 tclass=dir permissive=0
06-27 12:50:31.583   656   656 W Binder:656_2: type=1400 audit(0.0:4858): avc: denied { open } for path="/sys/devices/platform/soc/soc:gpio_keys/wakeup/wakeup26" dev="sysfs" ino=76208 scontext=u:r:system_suspend:s0 tcontext=u:object_r:sysfs:s0 tclass=dir permissive=0
06-27 12:50:31.596   656   663 E android.system.suspend@1.0-service: Error opening kernel wakelock stats for: wakeup24: Permission denied
06-27 12:50:31.583   656   656 W Binder:656_2: type=1400 audit(0.0:4859): avc: denied { open } for path="/sys/devices/platform/soc/c440000.qcom,spmi/spmi-0/spmi0-02/c440000.qcom,spmi:qcom,pm8150b@2:qcom,qpnp-smb5/wakeup/wakeup16" dev="sysfs" ino=73764 scontext=u:r:system_suspend:s0 tcontext=u:object_r:sysfs:s0 tclass=dir permissive=0
06-27 12:50:31.597   656   663 E android.system.suspend@1.0-service: Error opening kernel wakelock stats for: wakeup9: Permission denied
06-27 12:50:31.597   656   663 E android.system.suspend@1.0-service: Error opening kernel wakelock stats for: wakeup14: Permission denied
06-27 12:50:31.597   656   663 E android.system.suspend@1.0-service: Error opening kernel wakelock stats for: wakeup32: Permission denied
06-27 12:50:31.597   656   663 E android.system.suspend@1.0-service: Error opening kernel wakelock stats for: wakeup22: Permission denied
06-27 12:50:31.598   656   663 E android.system.suspend@1.0-service: Error opening kernel wakelock stats for: wakeup12: Permission denied
06-27 12:50:31.598   656   663 E android.system.suspend@1.0-service: Error opening kernel wakelock stats for: wakeup40: Permission denied
06-27 12:50:31.598   656   663 E android.system.suspend@1.0-service: Error opening kernel wakelock stats for: wakeup30: Permission denied
06-27 12:50:31.598   656   663 E android.system.suspend@1.0-service: Error opening kernel wakelock stats for: wakeup20: Permission denied
06-27 12:50:31.599   656   663 E android.system.suspend@1.0-service: Error opening kernel wakelock stats for: wakeup10: Permission denied
06-27 12:50:31.599   656   663 E android.system.suspend@1.0-service: Error opening kernel wakelock stats for: wakeup39: Permission denied
06-27 12:50:31.599   656   663 E android.system.suspend@1.0-service: Error opening kernel wakelock stats for: wakeup29: Permission denied
06-27 12:50:31.599   656   663 E android.system.suspend@1.0-service: Error opening kernel wakelock stats for: wakeup19: Permission denied
06-27 12:50:31.600   656   663 E android.system.suspend@1.0-service: Error opening kernel wakelock stats for: wakeup37: Permission denied
06-27 12:50:31.600   656   663 E android.system.suspend@1.0-service: Error opening kernel wakelock stats for: wakeup27: Permission denied
06-27 12:50:31.600   656   663 E android.system.suspend@1.0-service: Error opening kernel wakelock stats for: wakeup35: Permission denied
06-27 12:50:31.601   656   663 E android.system.suspend@1.0-service: Error opening kernel wakelock stats for: wakeup25: Permission denied
06-27 12:50:31.601   656   663 E android.system.suspend@1.0-service: Error opening kernel wakelock stats for: wakeup43: Permission denied
06-27 12:50:31.601   656   663 E android.system.suspend@1.0-service: Error opening kernel wakelock stats for: wakeup33: Permission denied
06-27 12:50:31.601   656   663 E android.system.suspend@1.0-service: Error opening kernel wakelock stats for: wakeup23: Permission denied
06-27 12:50:31.601   656   663 E android.system.suspend@1.0-service: Error opening kernel wakelock stats for: wakeup13: Permission denied
06-27 12:50:31.602   656   663 E android.system.suspend@1.0-service: Error opening kernel wakelock stats for: wakeup31: Permission denied
06-27 12:50:31.602   656   663 E android.system.suspend@1.0-service: Error opening kernel wakelock stats for: wakeup21: Permission denied
06-27 12:50:31.602   656   663 E android.system.suspend@1.0-service: Error opening kernel wakelock stats for: wakeup11: Permission denied
06-27 12:50:31.603   589   589 I hwservicemanager: getTransport: Cannot find entry android.hardware.power.stats@1.0::IPowerStats/default in either framework or device manifest.
06-27 12:50:31.604   589   589 I hwservicemanager: getTransport: Cannot find entry android.hardware.power@1.0::IPower/default in either framework or device manifest.
06-27 12:50:31.604  1919  2150 E BatteryStatsService: Unable to load Power Hal or power.stats HAL
06-27 12:50:31.607  8346  8383 D PMonitor:  onForegroundActivitiesChanged:pid = 28683,activity-uid=1000,foregroundActivities=true
06-27 12:50:31.617  1919  2402 E WifiNative: Could not get Iface object for interface null
06-27 12:50:31.629  8346  8383 D PMonitor:  onForegroundActivitiesChanged:pid = 20959,activity-uid=10099,foregroundActivities=false
06-27 12:50:31.630  1919  2385 I MiuiNetworkPolicy: updateUidState uid = 10099, uidState = 16
06-27 12:50:31.647   656   663 E android.system.suspend@1.0-service: Error opening kernel wakelock stats for: wakeup38: Permission denied
06-27 12:50:31.647   656   663 E android.system.suspend@1.0-service: Error opening kernel wakelock stats for: wakeup28: Permission denied
06-27 12:50:31.648   656   663 E android.system.suspend@1.0-service: Error opening kernel wakelock stats for: wakeup18: Permission denied
06-27 12:50:31.648   656   663 E android.system.suspend@1.0-service: Error opening kernel wakelock stats for: wakeup36: Permission denied
06-27 12:50:31.649   656   663 E android.system.suspend@1.0-service: Error opening kernel wakelock stats for: wakeup26: Permission denied
06-27 12:50:31.649   656   663 E android.system.suspend@1.0-service: Error opening kernel wakelock stats for: wakeup16: Permission denied
06-27 12:50:31.650   656   663 E android.system.suspend@1.0-service: Error opening kernel wakelock stats for: wakeup34: Permission denied
06-27 12:50:31.651   656   663 E android.system.suspend@1.0-service: Error opening kernel wakelock stats for: wakeup24: Permission denied
06-27 12:50:31.651   656   663 E android.system.suspend@1.0-service: Error opening kernel wakelock stats for: wakeup9: Permission denied
06-27 12:50:31.651   656   663 E android.system.suspend@1.0-service: Error opening kernel wakelock stats for: wakeup14: Permission denied
06-27 12:50:31.652   656   663 E android.system.suspend@1.0-service: Error opening kernel wakelock stats for: wakeup32: Permission denied
06-27 12:50:31.652   656   663 E android.system.suspend@1.0-service: Error opening kernel wakelock stats for: wakeup22: Permission denied
06-27 12:50:31.653   656   663 E android.system.suspend@1.0-service: Error opening kernel wakelock stats for: wakeup12: Permission denied
06-27 12:50:31.653   656   663 E android.system.suspend@1.0-service: Error opening kernel wakelock stats for: wakeup40: Permission denied
06-27 12:50:31.654   656   663 E android.system.suspend@1.0-service: Error opening kernel wakelock stats for: wakeup30: Permission denied
06-27 12:50:31.655   656   663 E android.system.suspend@1.0-service: Error opening kernel wakelock stats for: wakeup20: Permission denied
06-27 12:50:31.656   656   663 E android.system.suspend@1.0-service: Error opening kernel wakelock stats for: wakeup10: Permission denied
06-27 12:50:31.656   656   663 E android.system.suspend@1.0-service: Error opening kernel wakelock stats for: wakeup39: Permission denied
06-27 12:50:31.657   656   663 E android.system.suspend@1.0-service: Error opening kernel wakelock stats for: wakeup29: Permission denied
06-27 12:50:31.658   656   663 E android.system.suspend@1.0-service: Error opening kernel wakelock stats for: wakeup19: Permission denied
06-27 12:50:31.659   656   663 E android.system.suspend@1.0-service: Error opening kernel wakelock stats for: wakeup37: Permission denied
06-27 12:50:31.659   656   663 E android.system.suspend@1.0-service: Error opening kernel wakelock stats for: wakeup27: Permission denied
06-27 12:50:31.661   656   663 E android.system.suspend@1.0-service: Error opening kernel wakelock stats for: wakeup35: Permission denied
06-27 12:50:31.662   656   663 E android.system.suspend@1.0-service: Error opening kernel wakelock stats for: wakeup25: Permission denied
06-27 12:50:31.663   656   663 E android.system.suspend@1.0-service: Error opening kernel wakelock stats for: wakeup43: Permission denied
06-27 12:50:31.663   656   663 E android.system.suspend@1.0-service: Error opening kernel wakelock stats for: wakeup33: Permission denied
06-27 12:50:31.663   656   663 E android.system.suspend@1.0-service: Error opening kernel wakelock stats for: wakeup23: Permission denied
06-27 12:50:31.664   656   663 E android.system.suspend@1.0-service: Error opening kernel wakelock stats for: wakeup13: Permission denied
06-27 12:50:31.665   656   663 E android.system.suspend@1.0-service: Error opening kernel wakelock stats for: wakeup31: Permission denied
06-27 12:50:31.665   656   663 E android.system.suspend@1.0-service: Error opening kernel wakelock stats for: wakeup21: Permission denied
06-27 12:50:31.665   656   663 E android.system.suspend@1.0-service: Error opening kernel wakelock stats for: wakeup11: Permission denied
06-27 12:50:31.682   885 10843 I vendor.qti.hardware.servicetracker@1.2-service: unbindService is called for service : com.google.android.gms/.measurement.service.MeasurementBrokerService and for client com.miui.securitycenter.remote
06-27 12:50:31.682   885 10843 I vendor.qti.hardware.servicetracker@1.2-service: size of service connections for service: com.google.android.gms/.measurement.service.MeasurementBrokerServiceafter removal is 0
06-27 12:50:31.682   885 10843 I vendor.qti.hardware.servicetracker@1.2-service: size of client connections for client: com.miui.securitycenter.remoteafter removal is 4
06-27 12:50:31.693   885 10843 I vendor.qti.hardware.servicetracker@1.2-service: destroyService is called for service : com.google.android.gms/.measurement.service.MeasurementBrokerService
06-27 12:50:31.694  3799  3799 D BoundBrokerSvc: onUnbind: Intent { act=com.google.android.gms.measurement.START pkg=com.google.android.gms }
06-27 12:50:31.695  1919  2385 I MiuiNetworkPolicy: updateUidState uid = 99005, uidState = 6
06-27 12:50:31.695  1919  2385 I MiuiNetworkPolicy: updateUidState uid = 10183, uidState = 5
06-27 12:50:31.695  9235  9448 I BtGatt.ScanManager: msg.what = 6
06-27 12:50:31.716 28683 28683 D ResolverListAdapter: ResolverListAdapter: com.android.internal.app.ResolverListAdapter@250ff5b
06-27 12:50:31.738 28683 28683 D MiShareTransmissionView: initScreenView is false
06-27 12:50:31.765 28683 28715 D ResolverListAdapter: on doInBackground!!!!
06-27 12:50:31.765 28683 28715 D AbstractResolverComp: Setting watchdog timer for 500ms
06-27 12:50:31.767   885 10843 I vendor.qti.hardware.servicetracker@1.2-service: bindService is called for service : com.google.android.ext.services/android.ext.services.resolver.LRResolverRankerService and for client system:ui
06-27 12:50:31.767   885 10843 I vendor.qti.hardware.servicetracker@1.2-service: total connections for service : com.google.android.ext.services/android.ext.services.resolver.LRResolverRankerServiceare :1
06-27 12:50:31.767   885 10843 I vendor.qti.hardware.servicetracker@1.2-service: total connections for client : system:uiare :1
06-27 12:50:31.768  1919  7655 D CompatibilityInfo: mCompatibilityFlags - 0
06-27 12:50:31.768  1919  7655 D CompatibilityInfo: applicationDensity - 440
06-27 12:50:31.768  1919  7655 D CompatibilityInfo: applicationScale - 1.0
06-27 12:50:31.768   885 10843 I vendor.qti.hardware.servicetracker@1.2-service: startService() is called for servicecom.google.android.ext.services/android.ext.services.resolver.LRResolverRankerService
06-27 12:50:31.768 28683 28683 D ResolverListAdapter: getItem: position 0 mDisplayList.size(): 0
06-27 12:50:31.768 28683 28683 D ResolverListAdapter: getItem: position 1 mDisplayList.size(): 0
06-27 12:50:31.768 28683 28683 D ResolverListAdapter: getItem: position 2 mDisplayList.size(): 0
06-27 12:50:31.768 28683 28683 D ResolverListAdapter: getItem: position 3 mDisplayList.size(): 0
06-27 12:50:31.773  9395  9524 I BatteryHistoryLoadMgr: lastIncreasingIntervalStartIndex=0
06-27 12:50:31.773  9395  9524 W BatteryHistoryLoadMgr: get firstHistoryInfo time: 154243687
06-27 12:50:31.773  9395  9524 D BatteryHistoryLoadMgr: getHistoryInfo end
06-27 12:50:31.773  9395  9524 I BatteryInfoReceiver: update charge detail 342
06-27 12:50:31.774  9395  9524 I PowerUtils: Device name:raphaelin
06-27 12:50:31.774  9395  9524 W PowerUtils: should not use this capacity value 4000
06-27 12:50:31.775  9395  9524 I PowerUtils: Device name:raphaelin
06-27 12:50:31.775  9395  9524 W PowerUtils: should not use this capacity value 4000
06-27 12:50:31.776  9395  9524 I PowerUtils: Device name:raphaelin
06-27 12:50:31.776  9395  9524 W PowerUtils: should not use this capacity value 4000
06-27 12:50:31.777  9395  9524 I PowerUtils: Device name:raphaelin
06-27 12:50:31.777  9395  9524 W PowerUtils: should not use this capacity value 4000
06-27 12:50:31.777  9395  9524 I PowerFeatureUtils: getVendorName:qcom
06-27 12:50:31.777  9395  9524 I BatteryChargeTimeHelper: Left charge time, 0.6 4h1s500ms
06-27 12:50:31.823  9395  9435 I BatteryHistoryLoadMgr: lastIncreasingIntervalStartIndex=0
06-27 12:50:31.823  9395  9435 W BatteryHistoryLoadMgr: get firstHistoryInfo time: 154243687
06-27 12:50:31.823  9395  9435 D BatteryHistoryLoadMgr: getHistoryInfo end
06-27 12:50:31.825  9395  9435 I PowerUtils: Device name:raphaelin
06-27 12:50:31.825  9395  9435 W PowerUtils: should not use this capacity value 4000
06-27 12:50:31.826  9395  9435 I PowerUtils: Device name:raphaelin
06-27 12:50:31.826  9395  9435 W PowerUtils: should not use this capacity value 4000
06-27 12:50:31.828  9395  9435 I PowerUtils: Device name:raphaelin
06-27 12:50:31.829  9395  9435 W PowerUtils: should not use this capacity value 4000
06-27 12:50:31.830  9395  9435 I PowerUtils: Device name:raphaelin
06-27 12:50:31.830  9395  9435 W PowerUtils: should not use this capacity value 4000
06-27 12:50:31.830 28683 28683 D ResolverListAdapter: ResolverListAdapter: com.android.internal.app.ResolverListAdapter@8dac4eb
06-27 12:50:31.831  9395  9435 I PowerFeatureUtils: getVendorName:qcom
06-27 12:50:31.831  9395  9435 I BatteryChargeTimeHelper: Left charge time, 0.6 4h1s500ms
06-27 12:50:31.832  9395  9435 I PowerUtils: Device name:raphaelin
06-27 12:50:31.832  9395  9435 W PowerUtils: should not use this capacity value 4000
06-27 12:50:31.832  2671  7681 W BpBinder: PerfMonitor binderTransact :  time=288ms interface=android.content.IContentProvider code=21
06-27 12:50:31.832  2671  2671 I KeyguardIndicationInjector: handleChargeTextAnimation: false;powerPluggedIn=true
06-27 12:50:31.833  2671  2671 D KeyguardIndication:  switchIndication:Charging 40%
06-27 12:50:31.914 28683 28683 D ResolverListAdapter: ResolverListAdapter: com.android.internal.app.ResolverListAdapter@5e7a248
06-27 12:50:31.986  2964  2964 D RecentsImpl: mActivityStateObserver com.android.internal.app.ResolverActivity
06-27 12:50:31.986 28683 28683 W Looper  : PerfMonitor looperActivity : package=android/com.android.internal.app.ResolverActivity time=0ms latency=402ms running=0ms  procState=12 ClientTransaction{ callbacks=[android.app.servertransaction.TopResumedActivityChangeItem] } historyMsgCount=2 (msgIndex=1 wall=403ms seq=112 running=191ms runnable=5ms binder=215ms h=android.app.ActivityThread$H w=159)
06-27 12:50:31.986 28683 28683 W Looper  : PerfMonitor looperActivity : package=android/com.android.internal.app.ResolverActivity time=0ms latency=401ms running=1ms  procState=12 ClientTransaction{ callbacks=[android.app.servertransaction.TopResumedActivityChangeItem] } historyMsgCount=3 (msgIndex=1 wall=403ms seq=112 running=191ms runnable=5ms binder=215ms h=android.app.ActivityThread$H w=159)
06-27 12:50:31.987   885 10843 I vendor.qti.hardware.servicetracker@1.2-service: Activity state is changed to : 4
06-27 12:50:31.987   885 10843 I vendor.qti.hardware.servicetracker@1.2-service: Activity state is changed to : 4
06-27 12:50:31.989   885 10843 I vendor.qti.hardware.servicetracker@1.2-service: Activity state is changed to : 5
06-27 12:50:31.989 28683 28683 W Looper  : PerfMonitor looperActivity : package=android/com.android.internal.app.ResolverActivity time=3ms latency=401ms running=0ms  procState=12 ClientTransaction{ lifecycleRequest=android.app.servertransaction.PauseActivityItem } historyMsgCount=4 (msgIndex=1 wall=403ms seq=112 running=191ms runnable=5ms binder=215ms h=android.app.ActivityThread$H w=159)
06-27 12:50:31.989   885 10843 I vendor.qti.hardware.servicetracker@1.2-service: Activity state is changed to : 5
06-27 12:50:31.990 28683 28683 D ResolverListAdapter: on PostExecute!!!!
06-27 12:50:31.990 28683 28683 D ResolverListAdapter: processSortedlist: ResolveInfo{f15e613 com.mxtech.videoplayer.ad/.ActivityScreen m=0x608000}
06-27 12:50:31.991 28683 28683 I ResolverListAdapter: Add DisplayResolveInfo component: ComponentInfo{com.mxtech.videoplayer.ad/com.mxtech.videoplayer.ad.ActivityScreen}, intent component: ComponentInfo{com.mxtech.videoplayer.ad/com.mxtech.videoplayer.ad.ActivityScreen}
06-27 12:50:31.991 28683 28683 D ResolverListAdapter: addResolveInfo: ResolveInfo{f15e613 com.mxtech.videoplayer.ad/.ActivityScreen m=0x608000}
06-27 12:50:31.991 28683 28683 D ResolverListAdapter: mDisplayList: 1
06-27 12:50:31.991 28683 28683 D ResolverListAdapter: processSortedlist: ResolveInfo{e1ef050 com.mxtech.videoplayer.ad/.ActivityPipScreen m=0x608000}
06-27 12:50:31.991 28683 28683 I ResolverListAdapter: Add DisplayResolveInfo component: ComponentInfo{com.mxtech.videoplayer.ad/com.mxtech.videoplayer.ad.ActivityPipScreen}, intent component: ComponentInfo{com.mxtech.videoplayer.ad/com.mxtech.videoplayer.ad.ActivityPipScreen}
06-27 12:50:31.991 28683 28683 D ResolverListAdapter: addResolveInfo: ResolveInfo{e1ef050 com.mxtech.videoplayer.ad/.ActivityPipScreen m=0x608000}
06-27 12:50:31.991 28683 28683 D ResolverListAdapter: mDisplayList: 2
06-27 12:50:31.991 28683 28683 D ResolverListAdapter: processSortedlist: ResolveInfo{e44e249 com.miui.player/.phone.ui.AudioPreview m=0x608000}
06-27 12:50:31.991 28683 28683 I ResolverListAdapter: Add DisplayResolveInfo component: ComponentInfo{com.miui.player/com.miui.player.phone.ui.AudioPreview}, intent component: ComponentInfo{com.miui.player/com.miui.player.phone.ui.AudioPreview}
06-27 12:50:31.991 28683 28683 D ResolverListAdapter: addResolveInfo: ResolveInfo{e44e249 com.miui.player/.phone.ui.AudioPreview m=0x608000}
06-27 12:50:31.991 28683 28683 D ResolverListAdapter: mDisplayList: 3
06-27 12:50:31.991 28683 28683 D ResolverListAdapter: processSortedlist: ResolveInfo{dbcc74e com.bsbportal.music/.activities.LauncherScreenActivity m=0x608000}
06-27 12:50:31.991 28683 28683 I ResolverListAdapter: Add DisplayResolveInfo component: ComponentInfo{com.bsbportal.music/com.bsbportal.music.activities.LauncherScreenActivity}, intent component: ComponentInfo{com.bsbportal.music/com.bsbportal.music.activities.LauncherScreenActivity}
06-27 12:50:31.991 28683 28683 D ResolverListAdapter: addResolveInfo: ResolveInfo{dbcc74e com.bsbportal.music/.activities.LauncherScreenActivity m=0x608000}
06-27 12:50:31.992 28683 28683 D ResolverListAdapter: mDisplayList: 4
06-27 12:50:31.999 28683 28683 D ResolverListAdapter: getItem: position 0 mDisplayList.size(): 4
06-27 12:50:31.999 28683 28683 D ResolverListAdapter: getItem: position 1 mDisplayList.size(): 4
06-27 12:50:31.999 28683 28683 D ResolverListAdapter: getItem: position 2 mDisplayList.size(): 4
06-27 12:50:31.999 28683 28683 D ResolverListAdapter: getItem: position 3 mDisplayList.size(): 4
06-27 12:50:32.013 28683 28683 D RAInjector: getView: position 0 info: com.android.internal.app.chooser.DisplayResolveInfo@f8defb9
06-27 12:50:32.014 28683 28683 D RAInjector: bindView: ComponentInfo{com.mxtech.videoplayer.ad/com.mxtech.videoplayer.ad.ActivityScreen}
06-27 12:50:32.014 28683 28683 D RAInjector: info.getDisplayLabel: MX Player hasDisplayIcon: false position: 0
06-27 12:50:32.014 28683 28715 D RAInjector: LoadIconTask::doInBackground ResolveInfo{f15e613 com.mxtech.videoplayer.ad/.ActivityScreen m=0x608000}
06-27 12:50:32.015 28683 28683 D RAInjector: getView: position 0 info: com.android.internal.app.chooser.DisplayResolveInfo@f8defb9
06-27 12:50:32.015 28683 28683 D RAInjector: bindView: ComponentInfo{com.mxtech.videoplayer.ad/com.mxtech.videoplayer.ad.ActivityScreen}
06-27 12:50:32.015 28683 28683 D RAInjector: info.getDisplayLabel: MX Player hasDisplayIcon: false position: 0
06-27 12:50:32.015 28683 28683 D RAInjector: getView: position 0 info: com.android.internal.app.chooser.DisplayResolveInfo@f8defb9
06-27 12:50:32.015 28683 28683 D RAInjector: bindView: ComponentInfo{com.mxtech.videoplayer.ad/com.mxtech.videoplayer.ad.ActivityScreen}
06-27 12:50:32.015 28683 28683 D RAInjector: info.getDisplayLabel: MX Player hasDisplayIcon: false position: 0
06-27 12:50:32.016 28683 28683 D RAInjector: getView: position 0 info: com.android.internal.app.chooser.DisplayResolveInfo@f8defb9
06-27 12:50:32.016 28683 28683 D RAInjector: bindView: ComponentInfo{com.mxtech.videoplayer.ad/com.mxtech.videoplayer.ad.ActivityScreen}
06-27 12:50:32.016 28683 28683 D RAInjector: info.getDisplayLabel: MX Player hasDisplayIcon: false position: 0
06-27 12:50:32.016 28683 28683 D RAInjector: getView: position 0 info: com.android.internal.app.chooser.DisplayResolveInfo@f8defb9
06-27 12:50:32.016 28683 28683 D RAInjector: bindView: ComponentInfo{com.mxtech.videoplayer.ad/com.mxtech.videoplayer.ad.ActivityScreen}
06-27 12:50:32.016 28683 28683 D RAInjector: info.getDisplayLabel: MX Player hasDisplayIcon: false position: 0
06-27 12:50:32.020 28683 28990 D RAInjector: LoadIconTask::doInBackground ResolveInfo{f15e613 com.mxtech.videoplayer.ad/.ActivityScreen m=0x608000}
06-27 12:50:32.021  1919  7660 I Timeline: Timeline: App_transition_ready time:4036832
06-27 12:50:32.021 28683 28715 D RAInjector: LoadIconTask::doInBackground ResolveInfo{f15e613 com.mxtech.videoplayer.ad/.ActivityScreen m=0x608000}
06-27 12:50:32.023 28683 28990 D RAInjector: LoadIconTask::doInBackground ResolveInfo{f15e613 com.mxtech.videoplayer.ad/.ActivityScreen m=0x608000}
06-27 12:50:32.023  1919  7660 I Timeline: Timeline: App_transition_ready time:4036834
06-27 12:50:32.023  1919  7660 I Timeline: Timeline: App_transition_stopped time:4036834
06-27 12:50:32.024 28683 28715 D RAInjector: LoadIconTask::doInBackground ResolveInfo{f15e613 com.mxtech.videoplayer.ad/.ActivityScreen m=0x608000}
06-27 12:50:32.026  2671  3038 D MiuiPhoneStatusBarPolicy: updateManagedProfile: secondSpace = false
06-27 12:50:32.028 28683 28683 D RAInjector: getView: position 0 info: com.android.internal.app.chooser.DisplayResolveInfo@f8defb9
06-27 12:50:32.029 28683 28683 D RAInjector: bindView: ComponentInfo{com.mxtech.videoplayer.ad/com.mxtech.videoplayer.ad.ActivityScreen}
06-27 12:50:32.029 28683 28683 D RAInjector: info.getDisplayLabel: MX Player hasDisplayIcon: false position: 0
06-27 12:50:32.029 28683 28715 D RAInjector: LoadIconTask::doInBackground ResolveInfo{f15e613 com.mxtech.videoplayer.ad/.ActivityScreen m=0x608000}
06-27 12:50:32.029 28683 28683 D RAInjector: getView: position 0 info: com.android.internal.app.chooser.DisplayResolveInfo@f8defb9
06-27 12:50:32.029 28683 28683 D RAInjector: bindView: ComponentInfo{com.mxtech.videoplayer.ad/com.mxtech.videoplayer.ad.ActivityScreen}
06-27 12:50:32.029 28683 28683 D RAInjector: info.getDisplayLabel: MX Player hasDisplayIcon: false position: 0
06-27 12:50:32.030 28683 28683 D RAInjector: getView: position 0 info: com.android.internal.app.chooser.DisplayResolveInfo@f8defb9
06-27 12:50:32.030 28683 28683 D RAInjector: bindView: ComponentInfo{com.mxtech.videoplayer.ad/com.mxtech.videoplayer.ad.ActivityScreen}
06-27 12:50:32.030 28683 28683 D RAInjector: info.getDisplayLabel: MX Player hasDisplayIcon: false position: 0
06-27 12:50:32.030 28683 28683 D RAInjector: getView: position 0 info: com.android.internal.app.chooser.DisplayResolveInfo@f8defb9
06-27 12:50:32.030 28683 28683 D RAInjector: bindView: ComponentInfo{com.mxtech.videoplayer.ad/com.mxtech.videoplayer.ad.ActivityScreen}
06-27 12:50:32.030 28683 28683 D RAInjector: info.getDisplayLabel: MX Player hasDisplayIcon: false position: 0
06-27 12:50:32.030 28683 28990 D RAInjector: LoadIconTask::doInBackground ResolveInfo{f15e613 com.mxtech.videoplayer.ad/.ActivityScreen m=0x608000}
06-27 12:50:32.031 28683 28683 D RAInjector: getView: position 0 info: com.android.internal.app.chooser.DisplayResolveInfo@f8defb9
06-27 12:50:32.031 28683 28683 D RAInjector: bindView: ComponentInfo{com.mxtech.videoplayer.ad/com.mxtech.videoplayer.ad.ActivityScreen}
06-27 12:50:32.031 28683 28683 D RAInjector: info.getDisplayLabel: MX Player hasDisplayIcon: false position: 0
06-27 12:50:32.031 28683 28715 D RAInjector: LoadIconTask::doInBackground ResolveInfo{f15e613 com.mxtech.videoplayer.ad/.ActivityScreen m=0x608000}
06-27 12:50:32.032 28683 28990 D RAInjector: LoadIconTask::doInBackground ResolveInfo{f15e613 com.mxtech.videoplayer.ad/.ActivityScreen m=0x608000}
06-27 12:50:32.033 28683 28715 D RAInjector: LoadIconTask::doInBackground ResolveInfo{f15e613 com.mxtech.videoplayer.ad/.ActivityScreen m=0x608000}
06-27 12:50:32.034 28683 28683 D RAInjector: getView: position 1 info: com.android.internal.app.chooser.DisplayResolveInfo@bf0dcf1
06-27 12:50:32.034 28683 28683 D RAInjector: bindView: ComponentInfo{com.mxtech.videoplayer.ad/com.mxtech.videoplayer.ad.ActivityPipScreen}
06-27 12:50:32.034 28683 28683 D RAInjector: info.getDisplayLabel: MX Pop-up mode hasDisplayIcon: false position: 1
06-27 12:50:32.035 28683 28990 D RAInjector: LoadIconTask::doInBackground ResolveInfo{e1ef050 com.mxtech.videoplayer.ad/.ActivityPipScreen m=0x608000}
06-27 12:50:32.036 28683 28683 D RAInjector: getView: position 2 info: com.android.internal.app.chooser.DisplayResolveInfo@ae8d6b0
06-27 12:50:32.037 28683 28683 D RAInjector: bindView: ComponentInfo{com.miui.player/com.miui.player.phone.ui.AudioPreview}
06-27 12:50:32.037 28683 28683 D RAInjector: info.getDisplayLabel: Music hasDisplayIcon: false position: 2
06-27 12:50:32.037 28683 28990 D RAInjector: LoadIconTask::doInBackground ResolveInfo{e44e249 com.miui.player/.phone.ui.AudioPreview m=0x608000}
06-27 12:50:32.038 28683 28683 D RAInjector: getView: position 3 info: com.android.internal.app.chooser.DisplayResolveInfo@544a46b
06-27 12:50:32.039 28683 28683 D RAInjector: bindView: ComponentInfo{com.bsbportal.music/com.bsbportal.music.activities.LauncherScreenActivity}
06-27 12:50:32.039 28683 28683 D RAInjector: info.getDisplayLabel: Wynk Music hasDisplayIcon: false position: 3
06-27 12:50:32.050   885 10843 I vendor.qti.hardware.servicetracker@1.2-service: Activity state is changed to : 7
06-27 12:50:32.050   885 10843 I vendor.qti.hardware.servicetracker@1.2-service: Activity state is changed to : 7
06-27 12:50:32.051   885   937 I vendor.qti.hardware.servicetracker@1.2-service: Activity state is changed to : 7
06-27 12:50:32.051   885   937 I vendor.qti.hardware.servicetracker@1.2-service: Activity state is changed to : 8
06-27 12:50:32.051   885   937 I vendor.qti.hardware.servicetracker@1.2-service: Activity state is changed to : 8
06-27 12:50:32.056 28683 28715 D RAInjector: LoadIconTask::doInBackground ResolveInfo{dbcc74e com.bsbportal.music/.activities.LauncherScreenActivity m=0x608000}
06-27 12:50:32.060  8346  8383 D PMonitor:  onForegroundActivitiesChanged:pid = 28683,activity-uid=1000,foregroundActivities=false
06-27 12:50:32.060 28683 28683 D RAInjector: LoadIconTask::onPostExecute ResolveInfo{f15e613 com.mxtech.videoplayer.ad/.ActivityScreen m=0x608000}
06-27 12:50:32.061 28683 28683 I chatty  : uid=1000 system:ui identical 8 lines
06-27 12:50:32.061 28683 28683 D RAInjector: LoadIconTask::onPostExecute ResolveInfo{f15e613 com.mxtech.videoplayer.ad/.ActivityScreen m=0x608000}
06-27 12:50:32.061 28683 28683 D RAInjector: LoadIconTask::onPostExecute ResolveInfo{e1ef050 com.mxtech.videoplayer.ad/.ActivityPipScreen m=0x608000}
06-27 12:50:32.063   885   937 I vendor.qti.hardware.servicetracker@1.2-service: unbindService is called for service : com.google.android.ext.services/android.ext.services.resolver.LRResolverRankerService and for client system:ui
06-27 12:50:32.063   885   937 I vendor.qti.hardware.servicetracker@1.2-service: size of service connections for service: com.google.android.ext.services/android.ext.services.resolver.LRResolverRankerServiceafter removal is 0
06-27 12:50:32.063   885   937 I vendor.qti.hardware.servicetracker@1.2-service: size of client connections for client: system:uiafter removal is 0
06-27 12:50:32.063   885   937 I vendor.qti.hardware.servicetracker@1.2-service: destroyService is called for service : com.google.android.ext.services/android.ext.services.resolver.LRResolverRankerService
06-27 12:50:32.066  1919  2385 I MiuiNetworkPolicy: updateUidState uid = 10099, uidState = 12
06-27 12:50:32.066  8346  8383 D PMonitor:  onForegroundActivitiesChanged:pid = 20959,activity-uid=10099,foregroundActivities=true
06-27 12:50:32.072 28683 28683 D RAInjector: LoadIconTask::onPostExecute ResolveInfo{e44e249 com.miui.player/.phone.ui.AudioPreview m=0x608000}
06-27 12:50:32.072 28683 28683 D RAInjector: LoadIconTask::onPostExecute ResolveInfo{dbcc74e com.bsbportal.music/.activities.LauncherScreenActivity m=0x608000}
06-27 12:50:32.073   885   937 I vendor.qti.hardware.servicetracker@1.2-service: Activity state is changed to : 9
06-27 12:50:32.085 28683 28683 E ActivityThread: Activity com.android.internal.app.ResolverActivity has leaked IntentReceiver com.android.internal.app.ResolverActivity$1@59552fd that was originally registered here. Are you missing a call to unregisterReceiver()?
06-27 12:50:32.085 28683 28683 E ActivityThread: android.app.IntentReceiverLeaked: Activity com.android.internal.app.ResolverActivity has leaked IntentReceiver com.android.internal.app.ResolverActivity$1@59552fd that was originally registered here. Are you missing a call to unregisterReceiver()?
