06-27 12:50:45.538  2671  2671 D StatusBar: disable<e i a s B H R c s > disable2<q i n >
06-27 12:50:45.544  3385  3385 I AODUpdatePositionController: updateTranslateStep: mScreenSize.y 2340 bottom 1989 mTranslationY 151  mTranslationYStep: 103.375
06-27 12:50:45.544  3385  3385 I AODUpdatePositionController: printDeviceInfo:  mGxzwIconX 0 mGxzwIconY 0 mCutoutHeight 96
06-27 12:50:45.544  3385  3385 D AODUpdatePositionController: (1, 6) position: 20 aodCurrent 38 mViewTop:510 49
06-27 12:50:45.544  3385  4062 I AdrenoGLES-0: QUALCOMM build                   : 42297a4, I9e9b240040
06-27 12:50:45.544  3385  4062 I AdrenoGLES-0: Build Date                       : 03/19/21
06-27 12:50:45.544  3385  4062 I AdrenoGLES-0: OpenGL ES Shader Compiler Version: EV031.32.02.07
06-27 12:50:45.544  3385  4062 I AdrenoGLES-0: Local Branch                     : 
06-27 12:50:45.544  3385  4062 I AdrenoGLES-0: Remote Branch                    : refs/tags/AU_LINUX_ANDROID_LA.UM.9.1.R1.11.00.00.604.070
06-27 12:50:45.544  3385  4062 I AdrenoGLES-0: Remote Branch                    : NONE
06-27 12:50:45.544  3385  4062 I AdrenoGLES-0: Reconstruct Branch               : NOTHING
06-27 12:50:45.544  3385  4062 I AdrenoGLES-0: Build Config                     : S P 10.0.6 AArch64
06-27 12:50:45.544  3385  4062 I AdrenoGLES-0: Driver Path                      : /vendor/lib64/egl/libGLESv2_adreno.so
06-27 12:50:45.546   969   969 D SurfaceFlinger: there is hbm or aod layer,set MiuiPaperContrastOverlay alpha 0
06-27 12:50:45.546   969   969 D SurfaceFlinger: AOD hasAOD =1
06-27 12:50:45.550  2964  2964 W NavStubView: onComputeInternalInsets  bounds=Rect(0, 0 - 1080, 68)   mHideGestureLine=false   mIsShowNavBar=true
06-27 12:50:45.559  3385  4062 I AdrenoGLES-0: PFP: 0x016ee190, ME: 0x00000000
06-27 12:50:45.588  3385  3385 W DozeScreenState: applyPendingScreenState: mPendingScreenState 1
06-27 12:50:45.588  3385  3385 W DozeScreenState: applyScreenState: setDozeScreenState 1
06-27 12:50:45.588  3385  3385 E DozeService: setDozeScreenState: 1 mPendingBrightness 0
06-27 12:50:45.634  4070  4070 I GoogleInputMethodService: GoogleInputMethodService.onFinishInput():1984 
06-27 12:50:45.635  4070  4070 I Module  : DeviceLockedStatusModuleProvider$Module.updateDeviceLockedStatus():100 repeatCheckTimes = 0, locked = true
06-27 12:50:45.636  4070  4070 I GoogleInputMethodService: GoogleInputMethodService.onStartInput():1248 onStartInput(EditorInfo{EditorInfo{packageName=com.miui.aod, inputType=0, inputTypeString=NULL, enableLearning=false, autoCorrection=false, autoComplete=false, imeOptions=0, privateImeOptions=null, actionName=UNSPECIFIED, actionLabel=null, initialSelStart=-1, initialSelEnd=-1, initialCapsMode=0, label=null, fieldId=2131361883, fieldName=null, extras=null, hintText=null, hintLocales=[]}}, false)
06-27 12:50:45.638  4070  4070 I Module  : DeviceLockedStatusModuleProvider$Module.updateDeviceLockedStatus():100 repeatCheckTimes = 1, locked = true
06-27 12:50:45.638  4070  4070 I Module  : DeviceLockedStatusModuleProvider$Module.updateDeviceLockedStatus():107 Scheduled to recheck device lock status
06-27 12:50:45.820  1919  1919 I WindowManager: Finished going to sleep... (why=OFF_BECAUSE_OF_TIMEOUT)
06-27 12:50:45.824  2671  3054 D KeyguardViewMediator: onFinishedGoingToSleep(3)
06-27 12:50:45.825  2671  3054 D KeyguardViewMediator: notifyFinishedGoingToSleep
06-27 12:50:45.825  2671  3054 E KeyguardViewMediator: resetStateLocked
06-27 12:50:45.827  1919  2385 I MiuiNetworkPolicy: updateUidState uid = 10239, uidState = 11
06-27 12:50:45.827  1919  2385 I MiuiNetworkPolicy: updateUidState uid = 99012, uidState = 11
06-27 12:50:45.828  2671  2671 D KeyguardViewMediator: handleNotifyFinishedGoingToSleep
06-27 12:50:45.828  2671  2671 D KeyguardViewMediator: handleReset
06-27 12:50:45.831  3578  3636 I octvm_power: power mode [idle] start 1751008845
06-27 12:50:45.831  3578  3636 E octvm   : open /sys/class/power_supply/battery/status error, Permission denied
06-27 12:50:45.831  3578  3636 I octvm_drv: common drv: get_current_battery_uAh will return 0
06-27 12:50:45.831  3578  3636 E octvm_power: mode idle do not have any actions, empty group!
06-27 12:50:45.832  3578  3636 E octvm   : open /sys/class/power_supply/battery/status error, Permission denied
06-27 12:50:45.832  3578  3636 I octvm_drv: common drv: get_current_battery_uAh will return 0
06-27 12:50:45.832  3578  3636 I octvm_power: onPowerModeChanged[idle] called
06-27 12:50:45.835  2671  2671 D StatusBar: disable<e i a s B H R c s > disable2<q i n >
06-27 12:50:45.835  1919  2385 I MiuiNetworkPolicy: updateUidState uid = 99012, uidState = 19
06-27 12:50:45.836  1919  2385 I MiuiNetworkPolicy: updateUidState uid = 10239, uidState = 19
06-27 12:50:45.836  2671  2671 D QS      : setListening true
06-27 12:50:45.836  2671  2671 D StatusBar: disable<e i a s B H R c s > disable2<q i n >
06-27 12:50:45.837  2671  2671 D StatusBar: disable<e i a s B H R c s > disable2<q i n >
06-27 12:50:45.837  2671  2671 D QS      : setListening true
06-27 12:50:45.837  2671  2671 D StatusBar: disable<e i a s B H R c s > disable2<q i n >
06-27 12:50:45.838  2671  2671 D KeyguardViewMediator: adjustStatusBarLocked: mShowing=true mOccluded=false isSecure=true force=false --> flags=0x1600000
06-27 12:50:45.842  1919  2385 I MiuiNetworkPolicy: updateUidState uid = 10246, uidState = 11
06-27 12:50:45.843  2671  2671 D KeyguardViewBase: show()
06-27 12:50:45.844  2671  2671 V KeyguardSecurityView: showPrimarySecurityScreen(turningOff=false)
06-27 12:50:45.844  2671  2671 D KeyguardSecurityView: showSecurityScreen(Pattern)
06-27 12:50:45.844  2671  2671 D MiuiFaceManager: inernational:true supportR:[ALL] nowR:IN
06-27 12:50:45.844  2671  2671 D MiuiFaceManager: inernational:true supportR:[ALL] nowR:IN
06-27 12:50:45.848  1919  2138 D Process : audio-opt: audio thread tid = 28047 could not get bg policy.
06-27 12:50:45.848  1919  2385 I MiuiNetworkPolicy: updateUidState uid = 10246, uidState = 19
06-27 12:50:45.849  1919  2402 E WifiClientModeImpl: getWifiLinkLayerStats called without an interface
06-27 12:50:45.850  1919  2402 E WifiClientModeImpl-S: getWifiLinkLayerStats called without an interface
06-27 12:50:45.850  1919  2402 E WifiClientModeImpl-S: getWifiLinkLayerStats called without an interface
06-27 12:50:45.851   943  3237 I AudioFlinger: setGameParameters keyvalue: screen_state=off
06-27 12:50:45.852  2671  2671 I KeyguardViewMediator: getBouncerPromptReason trust = false biometrics = true bleUnlock = false strongAuth = 0
06-27 12:50:45.852   789   862 D audio_hw_primary: adev_set_parameters: enter: screen_state=off
06-27 12:50:45.852   789   862 V msm8974_platform: platform_set_parameters: enter: screen_state=off
06-27 12:50:45.852   789   862 D audio_hw_hfp: hfp_set_parameters: enter
06-27 12:50:45.852   789   862 W sound_trigger_hw: sound_trigger_hw_call_back: Unknown event 19
06-27 12:50:45.852   789   862 D audio_hw_hfp: hfp_set_parameters: enter
06-27 12:50:45.852   789   862 D audio_hw_extn: audio_extn_fm_set_parameters: Enter
06-27 12:50:45.852   789   862 D audio_hw_hfp: hfp_set_parameters: enter
06-27 12:50:45.852   789   862 V mi_ultrasound_extn: mi_ultrasound_extn_set_parameters: enter
06-27 12:50:45.852   789   862 V mi_ultrasound_extn: mi_ultrasound_handle_screen_on_message: enter
06-27 12:50:45.852   789   862 V mi_ultrasound_extn: mi_ultrasound_handle_screen_on_message: exit
06-27 12:50:45.852   789   862 V mi_ultrasound_extn: mi_ultrasound_handle_sensor_fusion_message: enter
06-27 12:50:45.852   789   862 V mi_ultrasound_extn: mi_ultrasound_handle_sensor_fusion_message: exit
06-27 12:50:45.852   789   862 V mi_ultrasound_extn: mi_ultrasound_extn_set_parameters: usecase handling parms:screen_state=off
06-27 12:50:45.852  2671  2671 V KeyguardStatusView: Schedule setEnableMarquee: Disable
06-27 12:50:45.852  2671  2671 V KeyguardStatusView: Disable transport text marquee
06-27 12:50:45.852  2625  7574 D MiuiKeyguardWallpaperRemoteService: onFinishedGoingToSleep
06-27 12:50:45.852  1919  1919 D AudioService: enter startAudioVisual with android.intent.action.SCREEN_OFF
06-27 12:50:45.853  1919  1919 D AudioService: startAudioVisual exit, device not support
06-27 12:50:45.853  1919  1919 E MiSound.MQSUtils: startAudioVisual exit, device not support
06-27 12:50:45.853  2671  2671 D MiuiFaceManager: inernational:true supportR:[ALL] nowR:IN
06-27 12:50:45.853  2671  2671 D MiuiFaceManager: inernational:true supportR:[ALL] nowR:IN
06-27 12:50:45.854  1919  8333 D systemui_boost: notification panel visible=false
06-27 12:50:45.854  1919  8333 D systemui_boost: ui thread tid=2671
06-27 12:50:45.854  1919  8333 D systemui_boost: render thread tid=3197
06-27 12:50:45.854  1919  8333 D systemui_boost: thread tid=2671, priority is set to -10
06-27 12:50:45.854  1919  8333 D systemui_boost: thread tid=3197, priority is set to -10
06-27 12:50:45.854  1919  8333 D systemui_boost: ui thread and render thread are reset
06-27 12:50:45.855   841   886 I sensors-hal: activate:147, xiaomi.sensor.nonui/23 en=0
06-27 12:50:45.856   841   886 I sensors-hal: activate:158, xiaomi.sensor.nonui/23 en=0 completed
06-27 12:50:45.857  2671  2671 D StatusBar: disable<e i a s B H R c s > disable2<q i n >
06-27 12:50:45.857  2671  2671 D QS      : setListening true
06-27 12:50:45.858  2671  2671 D StatusBar: disable<e i a s B H R c s > disable2<q i n >
06-27 12:50:45.859  2671  2671 D StatusBar: disable<e i a s B H R c s > disable2<q i n >
06-27 12:50:45.859  2671  2671 D QS      : setListening true
06-27 12:50:45.859  2671  2671 D StatusBar: disable<e i a s B H R c s > disable2<q i n >
06-27 12:50:45.859  2671  2671 D MiuiGxzwOverlayView: onFinishedGoingToSleep
06-27 12:50:45.859  2671  2671 D LockScreenMagazineClient: hideOverlay animate=false;mOverlay=null
06-27 12:50:45.859  2671  2671 E LockScreenMagazinePreView: getFullScreenLayout()  mRemoteFullScreenView:null
06-27 12:50:45.859  2671  2671 E LockScreenMagazinePreView: getFullScreenLayout()  mRemoteFullScreenView:null
06-27 12:50:45.859  2671  2671 D KeyguardIndication:  clearUpArrowAnimation mUpArrow:android.widget.ImageView{bf50eca I.ED..... ......I. 540,248-540,248 #7f0a0324 app:id/keyguard_up_arrow}  mTextView:com.android.keyguard.MiuiKeyguardIndicationTextView{8211099 VFED..C.. ........ 215,94-404,136 #7f0a030d app:id/keyguard_indication_text}
06-27 12:50:45.860  2671  2671 D MiuiFaceManager: inernational:true supportR:[ALL] nowR:IN
06-27 12:50:45.860  2671  2671 I chatty  : uid=1000(system) com.android.systemui identical 1 line
06-27 12:50:45.860  2671  2671 D MiuiFaceManager: inernational:true supportR:[ALL] nowR:IN
06-27 12:50:45.860  2671  2671 I MiuiGxzwViewIcon: onFinishedGoingToSleep
06-27 12:50:45.860  2671  2671 D MiuiFaceManager: inernational:true supportR:[ALL] nowR:IN
06-27 12:50:45.860  9395 10041 I PowerCenterProvider: call METHOD_GET_BATTERY_INFO
06-27 12:50:45.861  2671  2671 D KeyguardUpdateMonitor: handleKeyguardReset
06-27 12:50:45.863  9395 10041 W BatteryHistoryLoadMgr: getHistoryInfo begin
06-27 12:50:45.864  1919  2402 E WifiNative: Could not get Iface object for interface null
06-27 12:50:45.868   841   886 I sensors-hal: batch:180, android.sensor.light/50, period=200000000, max_latency=0
06-27 12:50:45.868   841   886 I sensors-hal: batch:189, android.sensor.light/50, period=200000000, max_latency=0 request completed
06-27 12:50:45.878  2671  2671 I vol.MiuiVolumeDialogImp-plugin: dismissH mShowing:false dialog showing:false reason:4
06-27 12:50:45.886   656   663 E android.system.suspend@1.0-service: Error opening kernel wakelock stats for: wakeup38: Permission denied
06-27 12:50:45.886   656   663 E android.system.suspend@1.0-service: Error opening kernel wakelock stats for: wakeup28: Permission denied
06-27 12:50:45.886   656   663 E android.system.suspend@1.0-service: Error opening kernel wakelock stats for: wakeup18: Permission denied
06-27 12:50:45.886   656   663 E android.system.suspend@1.0-service: Error opening kernel wakelock stats for: wakeup36: Permission denied
06-27 12:50:45.887   656   663 E android.system.suspend@1.0-service: Error opening kernel wakelock stats for: wakeup26: Permission denied
06-27 12:50:45.887   656   663 E android.system.suspend@1.0-service: Error opening kernel wakelock stats for: wakeup16: Permission denied
06-27 12:50:45.887   656   663 E android.system.suspend@1.0-service: Error opening kernel wakelock stats for: wakeup34: Permission denied
06-27 12:50:45.887   656   663 E android.system.suspend@1.0-service: Error opening kernel wakelock stats for: wakeup24: Permission denied
06-27 12:50:45.887   656   663 E android.system.suspend@1.0-service: Error opening kernel wakelock stats for: wakeup9: Permission denied
06-27 12:50:45.887   656   663 E android.system.suspend@1.0-service: Error opening kernel wakelock stats for: wakeup14: Permission denied
06-27 12:50:45.888   656   663 E android.system.suspend@1.0-service: Error opening kernel wakelock stats for: wakeup32: Permission denied
06-27 12:50:45.888   656   663 E android.system.suspend@1.0-service: Error opening kernel wakelock stats for: wakeup22: Permission denied
06-27 12:50:45.888   656   663 E android.system.suspend@1.0-service: Error opening kernel wakelock stats for: wakeup12: Permission denied
06-27 12:50:45.888   656   663 E android.system.suspend@1.0-service: Error opening kernel wakelock stats for: wakeup40: Permission denied
06-27 12:50:45.889   656   663 E android.system.suspend@1.0-service: Error opening kernel wakelock stats for: wakeup30: Permission denied
06-27 12:50:45.889   656   663 E android.system.suspend@1.0-service: Error opening kernel wakelock stats for: wakeup20: Permission denied
06-27 12:50:45.889   656   663 E android.system.suspend@1.0-service: Error opening kernel wakelock stats for: wakeup10: Permission denied
06-27 12:50:45.889   656   663 E android.system.suspend@1.0-service: Error opening kernel wakelock stats for: wakeup39: Permission denied
06-27 12:50:45.889   656   663 E android.system.suspend@1.0-service: Error opening kernel wakelock stats for: wakeup29: Permission denied
06-27 12:50:45.889   656   663 E android.system.suspend@1.0-service: Error opening kernel wakelock stats for: wakeup19: Permission denied
06-27 12:50:45.890   656   663 E android.system.suspend@1.0-service: Error opening kernel wakelock stats for: wakeup37: Permission denied
06-27 12:50:45.890   656   663 E android.system.suspend@1.0-service: Error opening kernel wakelock stats for: wakeup27: Permission denied
06-27 12:50:45.890  2671  2799 D NetworkController.MobileSignalController(2): onDataActivity: direction=4
06-27 12:50:45.890   656   663 E android.system.suspend@1.0-service: Error opening kernel wakelock stats for: wakeup35: Permission denied
06-27 12:50:45.890   656   663 E android.system.suspend@1.0-service: Error opening kernel wakelock stats for: wakeup25: Permission denied
06-27 12:50:45.891   656   663 E android.system.suspend@1.0-service: Error opening kernel wakelock stats for: wakeup43: Permission denied
06-27 12:50:45.891   656   663 E android.system.suspend@1.0-service: Error opening kernel wakelock stats for: wakeup33: Permission denied
06-27 12:50:45.891   656   663 E android.system.suspend@1.0-service: Error opening kernel wakelock stats for: wakeup23: Permission denied
06-27 12:50:45.891  2671  2799 D NetworkController.MobileSignalController(2): onDataActivity: direction=4
06-27 12:50:45.891  2914  2914 D DynamicSarService: PhoneStateListener.onDataActivity: direction=4
06-27 12:50:45.891   656   663 E android.system.suspend@1.0-service: Error opening kernel wakelock stats for: wakeup13: Permission denied
06-27 12:50:45.891  2914  2914 D DynamicSarService: modem state change,messageType: 128 state: 4
06-27 12:50:45.891  2914  2914 D DynamicSarService: PhoneStateListener.onDataActivity: direction=4
06-27 12:50:45.891  2914  2914 D DynamicSarService: modem state change,messageType: 128 state: 4
06-27 12:50:45.891   656   663 E android.system.suspend@1.0-service: Error opening kernel wakelock stats for: wakeup31: Permission denied
06-27 12:50:45.891   656   663 E android.system.suspend@1.0-service: Error opening kernel wakelock stats for: wakeup21: Permission denied
06-27 12:50:45.892   656   663 E android.system.suspend@1.0-service: Error opening kernel wakelock stats for: wakeup11: Permission denied
06-27 12:50:45.893   589   589 I hwservicemanager: getTransport: Cannot find entry android.hardware.power.stats@1.0::IPowerStats/default in either framework or device manifest.
06-27 12:50:45.893   589   589 I hwservicemanager: getTransport: Cannot find entry android.hardware.power@1.0::IPower/default in either framework or device manifest.
06-27 12:50:45.893  1919  2150 E BatteryStatsService: Unable to load Power Hal or power.stats HAL
06-27 12:50:45.894   969  1059 I BpBinder: onLastStrongRef automatically unlinking death recipients: <uncached descriptor>
06-27 12:50:45.898  4070 29134 I DeviceStatusMonitor: DeviceStatusMonitor.handleBroadcast():123 onReceive() : Action = android.intent.action.SCREEN_OFF
06-27 12:50:45.899  4070 29134 I DeviceStatusMonitor: DeviceStatusMonitor.updateCountryInfo():139 updateCountryInfo(), notifyAnyway = false
06-27 12:50:45.899  4070  4070 I InputBundle: InputBundle.consumeEvent():943 Skip consuming an event as imeStatus is 0
06-27 12:50:45.900  4070  4070 I Module  : DeviceLockedStatusModuleProvider$Module.updateDeviceLockedStatus():100 repeatCheckTimes = 0, locked = true
06-27 12:50:45.925  1919  7185 W AppOps  : Noting op not finished: uid 10183 pkg com.google.android.gms code 79 startTime of in progress event=1751008831694
06-27 12:50:45.927  7063  8064 I xvh     : (REDACTED) stopListening(%s, %s)
06-27 12:50:45.930  1919  2233 D CompatibilityInfo: mCompatibilityFlags - 0
06-27 12:50:45.930  1919  2233 D CompatibilityInfo: applicationDensity - 440
06-27 12:50:45.930  1919  2233 D CompatibilityInfo: applicationScale - 1.0
06-27 12:50:45.930   885 10843 I vendor.qti.hardware.servicetracker@1.2-service: startService() is called for servicecom.google.android.gms/.chimera.PersistentIntentOperationService
06-27 12:50:45.928  1919  7185 W AppOps  : Noting op not finished: uid 10183 pkg com.google.android.gms code 79 startTime of in progress event=1751008831694
06-27 12:50:45.931  1919  8333 W AppOps  : Noting op not finished: uid 10183 pkg com.google.android.gms code 79 startTime of in progress event=1751008831694
06-27 12:50:45.931  7063  8064 I zte     : Ignoring as prefetch was recently called
06-27 12:50:45.931  3125  8779 I NearbyDiscovery: (REDACTED) FastPairHandler: Received action %s
06-27 12:50:45.932  3125  8779 I NearbyDiscovery: (REDACTED) FastPairScanner: isScreenOn=%s, isLocationEnabled=%s, disableLocationRequirement=%s, isDiscoveryScanningEnabled=%s, during24GhzWifiWarmingUpPeriod=%s
06-27 12:50:45.932  8426  8426 D BroadcastExecutor: BroadcastExecutor : 2
06-27 12:50:45.932  3125  8779 D BluetoothAdapter: isLeEnabled(): BLE_ON
06-27 12:50:45.932  3125  8779 I NearbyDiscovery: (REDACTED) FastPairScanner: eventType=%s, intReq=%s, scanning=%s, scanAllowed=%s, bleEnabled=%s, lockScanRate=%s, startScanningByLowPowerMode=%s
06-27 12:50:45.932  3125  8779 I NearbyDiscovery: FastPairController: onSystemStateChanged: skip due to flag disabled [CONTEXT service_id=265 ]
06-27 12:50:45.932  8426  8426 D BroadcastExecutor: BroadcastExecutor : 2
06-27 12:50:45.934  8247  8247 D BroadcastExecutor: BroadcastExecutor : 2
06-27 12:50:45.935  1919  7185 W AppOps  : Noting op not finished: uid 10183 pkg com.google.android.gms code 79 startTime of in progress event=1751008831694
06-27 12:50:45.939  8247  8247 D BroadcastExecutor: BroadcastExecutor : 2
06-27 12:50:45.939   885 10843 I vendor.qti.hardware.servicetracker@1.2-service: bindService is called for service : com.google.android.gms/.chimera.PersistentApiService and for client com.google.android.gms.persistent
06-27 12:50:45.939   885 10843 I vendor.qti.hardware.servicetracker@1.2-service: total connections for service : com.google.android.gms/.chimera.PersistentApiServiceare :10
06-27 12:50:45.939   885 10843 I vendor.qti.hardware.servicetracker@1.2-service: total connections for client : com.google.android.gms.persistentare :6
06-27 12:50:45.941  9395  9616 I TrafficManageService: onReceive: android.intent.action.SCREEN_OFF
06-27 12:50:45.941  3125  3125 D BoundBrokerSvc: onRebind: Intent { act=com.google.android.gms.auth.aang.events.services.START dat=chimera-action: cmp=com.google.android.gms/.chimera.PersistentApiService }
06-27 12:50:45.942  9395  9395 I PowerSaveService: onReceive: android.intent.action.SCREEN_OFF
06-27 12:50:45.942  9395  9395 I VideoToolBoxService: onReceive: android.intent.action.SCREEN_OFF
06-27 12:50:45.943 24284 24284 I DockWindowManagerService: removeView:false
06-27 12:50:45.943  9395  9626 I PowerSaveService: startMemoryCleanTask time 1751009445943
06-27 12:50:45.944  9395  9395 I GameBoosterService: onReceive: android.intent.action.SCREEN_OFF
06-27 12:50:45.944  9395  9626 D PowerNoticeUI: ScreenOffEvent
06-27 12:50:45.945  2671  2671 D KeyguardUpdateMonitor: handleTimeUpdate
06-27 12:50:45.946  1919  2121 D CompatibilityInfo: mCompatibilityFlags - 0
06-27 12:50:45.946  1919  2121 D CompatibilityInfo: applicationDensity - 440
06-27 12:50:45.946  1919  2121 D CompatibilityInfo: applicationScale - 1.0
06-27 12:50:45.947  1919  2385 I MiuiNetworkPolicy: updateUidState uid = 10184, uidState = 11
06-27 12:50:45.954  7502  7502 E SUI_svcsock: svc_sock_send_message(suisvc): invalid remote socket suitch
06-27 12:50:45.955  7502  7502 E SUI_svcsock: svc_sock_send_message(suisvc): invalid remote socket suilst
06-27 12:50:45.956  9739  9968 D PowerCheckerService: foreground, uid = 1000, app = android
06-27 12:50:45.963 14641 14641 D MiShare:MiShareService: onReceive action=android.intent.action.SCREEN_OFF
06-27 12:50:45.965  7112  7112 D PASRDozeReceiver: Received Intent Intent { act=android.intent.action.SCREEN_OFF flg=0x50200010 }
06-27 12:50:45.966  7112  7112 D PASRDozeReceiver: Sent intent Successfully
06-27 12:50:45.966  2881  2881 D DeviceStatisticsService: Send device is not interactive
06-27 12:50:45.968  7112  7112 D PASRService: PASRService started
06-27 12:50:45.968  7112  7112 D PASRService: OnStart, Intent: android.intent.action.SCREEN_OFF
06-27 12:50:45.968  7112  7112 D PASRService: Screen Off
06-27 12:50:45.970   697   773 W netd    : dnssd_clientstub DNSServiceProcessResult called with NULL DNSServiceRef
06-27 12:50:45.974 16777 27668 W Settings: Setting device_provisioned has moved from android.provider.Settings.Secure to android.provider.Settings.Global.
06-27 12:50:45.974  1919  2385 I MiuiNetworkPolicy: updateUidState uid = 10246, uidState = 11
06-27 12:50:45.977 16777 27668 W IDM-MiConnectReport: report failure -1024 0
06-27 12:50:45.977 16777 27668 E IDM-stat: MiotReportManager: not available becase: is_enable_disable_build: true
06-27 12:50:45.978   885 10843 I vendor.qti.hardware.servicetracker@1.2-service: bindService is called for service : com.miui.msa.global/com.xiaomi.ad.internal.splash.uiprocess.SplashUIService and for client com.miui.msa.global
06-27 12:50:45.978   885 10843 I vendor.qti.hardware.servicetracker@1.2-service: total connections for service : com.miui.msa.global/com.xiaomi.ad.internal.splash.uiprocess.SplashUIServiceare :1
06-27 12:50:45.978   885 10843 I vendor.qti.hardware.servicetracker@1.2-service: total connections for client : com.miui.msa.globalare :2
06-27 12:50:45.979  1919  2138 D Process : audio-opt: audio thread tid = 28047 could not get bg policy.
06-27 12:50:45.980  1919  2385 I MiuiNetworkPolicy: updateUidState uid = 10239, uidState = 11
06-27 12:50:45.980  1919  2385 I MiuiNetworkPolicy: updateUidState uid = 99012, uidState = 11
06-27 12:50:45.980  1919  2385 I MiuiNetworkPolicy: updateUidState uid = 10246, uidState = 19
06-27 12:50:45.991 28352 28352 D BroadcastExecutor: BroadcastExecutor : 2
06-27 12:50:45.992 28352 28352 D BroadcastExecutor: BroadcastExecutor : 2
06-27 12:50:45.996  1919  2385 I MiuiNetworkPolicy: updateUidState uid = 99012, uidState = 19
06-27 12:50:45.996  1919  2385 I MiuiNetworkPolicy: updateUidState uid = 10239, uidState = 19
06-27 12:50:45.996  1919  2385 I MiuiNetworkPolicy: updateUidState uid = 10099, uidState = 11
06-27 12:50:45.996  8346  8383 D PMonitor:  onForegroundActivitiesChanged:pid = 20959,activity-uid=10099,foregroundActivities=false
06-27 12:50:45.996   698   698 D Zygote  : Forked child process 29148
06-27 12:50:45.997  1919  2122 I ActivityManager: Start proc 29148:com.miui.msa.global:ui/u0a132 for service {com.miui.msa.global/com.xiaomi.ad.internal.splash.uiprocess.SplashUIService} caller=com.miui.msa.global
06-27 12:50:45.998 29148 29148 W Zygote  : Unable to open libbeluga.so: dlopen failed: library "libbeluga.so" not found.
06-27 12:50:46.001  1919  2385 I MiuiNetworkPolicy: updateUidState uid = 10099, uidState = 12
06-27 12:50:46.001  8346  8383 D PMonitor:  onForegroundActivitiesChanged:pid = 20959,activity-uid=10099,foregroundActivities=true
06-27 12:50:46.009 29148 29148 E i.msa.global:u: Not starting debugger since process cannot load the jdwp agent.
06-27 12:50:46.016  1919  2233 D CompatibilityInfo: mCompatibilityFlags - 0
06-27 12:50:46.016  1919  2233 D CompatibilityInfo: applicationDensity - 440
06-27 12:50:46.017  1919  2233 D CompatibilityInfo: applicationScale - 1.0
06-27 12:50:46.018  1919  2233 D CompatibilityInfo: mCompatibilityFlags - 0
06-27 12:50:46.018  1919  2233 D CompatibilityInfo: applicationDensity - 440
06-27 12:50:46.018  1919  2233 D CompatibilityInfo: applicationScale - 1.0
06-27 12:50:46.018   885 10843 I vendor.qti.hardware.servicetracker@1.2-service: startService() is called for servicecom.miui.msa.global/com.xiaomi.ad.internal.splash.uiprocess.SplashUIService
06-27 12:50:46.020  1919  2385 I MiuiNetworkPolicy: updateUidState uid = 10184, uidState = 19
06-27 12:50:46.053 29148 29148 I Perf    : Connecting to perf service.
06-27 12:50:46.061  9395 10041 I BatteryHistoryLoadMgr: lastIncreasingIntervalStartIndex=0
06-27 12:50:46.062  9395 10041 W BatteryHistoryLoadMgr: get firstHistoryInfo time: 154243687
06-27 12:50:46.062  9395 10041 D BatteryHistoryLoadMgr: getHistoryInfo end
06-27 12:50:46.063  9395 10041 I PowerUtils: Device name:raphaelin
06-27 12:50:46.063  9395 10041 W PowerUtils: should not use this capacity value 4000
06-27 12:50:46.065  9395 10041 I PowerUtils: Device name:raphaelin
06-27 12:50:46.065  9395 10041 W PowerUtils: should not use this capacity value 4000
06-27 12:50:46.065 29148 29148 D NetworkSecurityConfig: Using Network Security Config from resource network_security_config debugBuild: false
06-27 12:50:46.066 29148 29148 D NetworkSecurityConfig: Using Network Security Config from resource network_security_config debugBuild: false
06-27 12:50:46.068  9395 10041 I PowerUtils: Device name:raphaelin
06-27 12:50:46.068  9395 10041 W PowerUtils: should not use this capacity value 4000
06-27 12:50:46.070  9395 10041 I PowerUtils: Device name:raphaelin
06-27 12:50:46.070  9395 10041 W PowerUtils: should not use this capacity value 4000
06-27 12:50:46.072  9395 10041 I PowerFeatureUtils: getVendorName:qcom
06-27 12:50:46.072  9395 10041 I BatteryChargeTimeHelper: Left charge time, 0.6 4h1s500ms
06-27 12:50:46.074  9395 10041 I PowerUtils: Device name:raphaelin
06-27 12:50:46.074  9395 10041 W PowerUtils: should not use this capacity value 4000
06-27 12:50:46.075  2671  7681 W BpBinder: PerfMonitor binderTransact :  time=214ms interface=android.content.IContentProvider code=21
06-27 12:50:46.075  2671  2671 I KeyguardIndicationInjector: handleChargeTextAnimation: false;powerPluggedIn=true
06-27 12:50:46.075  2671  2671 D KeyguardIndication:  switchIndication:Charging 40%
06-27 12:50:46.076 29148 29174 W AD-PLUGIN-AdLauncher: msa debugOff
06-27 12:50:46.076 29148 29174 D OT-PubSub-Sdk: updateDebugSwitch sEnable: false sDebugModefalse sDebugPropertyfalse
06-27 12:50:46.076 29148 29174 W AD-PLUGIN-AdLauncher: msa stagingOff
06-27 12:50:46.077   879   879 I ANDR-PERF-LM: LMPerfGlue: perfmodule_submit_request() 132: perfmodule_submit_request()
06-27 12:50:46.077   879   879 I ANDR-PERF-LM: Core: getInstance() 84: LM getInstance
06-27 12:50:46.077   879   879 D ANDR-PERF-LM: Feature: lookup() 101: Feature Name = AppClassifier, total featuers = 3, featureFound = 1
06-27 12:50:46.077   879   879 D ANDR-PERF-LM: Feature: getData() 112: data.data = 1
06-27 12:50:46.077   879   879 I ANDR-PERF-LM: FeedbackAPI: getFeedback() 60: app:com.miui.msa.global feature:AppClassifier feedback = 1
06-27 12:50:46.078 29148 29148 E AD-PLUGIN-SplashUIService: onCreate
06-27 12:50:46.079 29148 29148 E AD-PLUGIN-SplashUIService: onBind
06-27 12:50:46.082   885 10843 I vendor.qti.hardware.servicetracker@1.2-service: unbindService is called for service : com.miui.msa.global/com.xiaomi.ad.internal.splash.uiprocess.SplashUIService and for client com.miui.msa.global
06-27 12:50:46.082   885 10843 I vendor.qti.hardware.servicetracker@1.2-service: size of service connections for service: com.miui.msa.global/com.xiaomi.ad.internal.splash.uiprocess.SplashUIServiceafter removal is 0
06-27 12:50:46.082   885 10843 I vendor.qti.hardware.servicetracker@1.2-service: size of client connections for client: com.miui.msa.globalafter removal is 1
06-27 12:50:46.082   885 10843 I vendor.qti.hardware.servicetracker@1.2-service: destroyService is called for service : com.miui.msa.global/com.xiaomi.ad.internal.splash.uiprocess.SplashUIService
06-27 12:50:46.083 29148 29148 E AD-PLUGIN-SplashUIService: onDestroy
06-27 12:50:46.084 29148 29178 I TetheringManager: registerTetheringEventCallback:com.miui.msa.global
06-27 12:50:46.086  1919  2233 I ActivityManager: Killing 27799:com.truecaller/u0a287 (adj 985): empty #17
06-27 12:50:46.087  1919  2233 I Process : PerfMonitor : current process sending signal quiet. PID: 27799 SIG: 9
06-27 12:50:46.087  1919  2134 I Process : PerfMonitor : current process killing process group. PID: 27799
06-27 12:50:46.088   879   879 I ANDR-PERF-LM: LMPerfGlue: perfmodule_submit_request() 132: perfmodule_submit_request()
06-27 12:50:46.088   879   879 I ANDR-PERF-LM: Core: getInstance() 84: LM getInstance
06-27 12:50:46.088   879   879 I ANDR-PERF-LM: WQ: push() 59: LMTriggerQ push() size=8
06-27 12:50:46.088   879   879 I ANDR-PERF-LM: WQ: push() 61: LMTriggerQ push() done size=9
06-27 12:50:46.093 29148 29177 I FirebaseApp: Device unlocked: initializing all Firebase APIs for app [DEFAULT]
06-27 12:50:46.113 29148 29177 I FirebaseCrashlytics: Initializing Firebase Crashlytics 18.4.3 for com.miui.msa.global
06-27 12:50:46.122 29148 29177 D FirebaseSessions: Registering Sessions SDK subscriber with name: CRASHLYTICS, data collection enabled: true
06-27 12:50:46.123 29148 29187 D FirebaseSessions: Data Collection is enabled for at least one Subscriber
06-27 12:50:46.132 29148 29191 E SessionConfigFetcher: Error failing to fetch the remote configs: Unable to resolve host "firebase-settings.crashlytics.com": No address associated with hostname
06-27 12:50:46.138 29148 29186 W i.msa.global:u: ClassLoaderContext classpath size mismatch. expected=12, found=0 (DLC[];PCL[base.apk*3954478138:base.apk!classes2.dex*934104914:base.apk!classes3.dex*156543503:base.apk!classes4.dex*3966455241:base.apk!classes5.dex*279722583:base.apk!classes6.dex*727634671:base.apk!classes7.dex*2632977846:base.apk!classes8.dex*3752884997:base.apk!classes9.dex*1939713283:base.apk!classes10.dex*2897118556:base.apk!classes11.dex*1109959419:base.apk!classes12.dex*1624837242]{PCL[/system/framework/org.apache.http.legacy.jar*1721227950]#PCL[/system/framework/com.android.media.remotedisplay.jar*1573936315]#PCL[/system/framework/com.android.location.provider.jar*1664931834]#PCL[/system/framework/org.apache.http.legacy.jar*1721227950]} | DLC[];PCL[])
06-27 12:50:46.139 29148 29183 D FirebaseSessions: Sessions SDK disabled. Events will not be sent.
06-27 12:50:46.140 29148 29186 I DynamiteModule: Considering local module com.google.android.gms.measurement.dynamite:92 and remote module com.google.android.gms.measurement.dynamite:151
06-27 12:50:46.140 29148 29186 I DynamiteModule: Selected remote version of com.google.android.gms.measurement.dynamite, version >= 151
06-27 12:50:46.140 29148 29186 V DynamiteModule: Dynamite loader version >= 2, using loadModule2NoCrashUtils
06-27 12:50:46.151 29148 29186 W System  : ClassLoader referenced unknown path: 
06-27 12:50:46.172 29148 29186 W i.msa.global:u: ClassLoaderContext classpath size mismatch. expected=12, found=1 (DLC[];PCL[base.apk*3954478138:base.apk!classes2.dex*934104914:base.apk!classes3.dex*156543503:base.apk!classes4.dex*3966455241:base.apk!classes5.dex*279722583:base.apk!classes6.dex*727634671:base.apk!classes7.dex*2632977846:base.apk!classes8.dex*3752884997:base.apk!classes9.dex*1939713283:base.apk!classes10.dex*2897118556:base.apk!classes11.dex*1109959419:base.apk!classes12.dex*1624837242]{PCL[/system/framework/org.apache.http.legacy.jar*1721227950]#PCL[/system/framework/com.android.media.remotedisplay.jar*1573936315]#PCL[/system/framework/com.android.location.provider.jar*1664931834]#PCL[/system/framework/org.apache.http.legacy.jar*1721227950]} | DLC[];PCL[/data/app/~~xuolihXZYBPtmyTq1Z9TxQ==/com.miui.msa.global--F2xhTl6bXLRGz1ZZqBR1g==/base.apk*2251264006])
06-27 12:50:46.172 29148 29186 W i.msa.global:u: Found duplicate classes, falling back to extracting from APK : /data/app/~~6lqp1g1euv33FXgLN4m2AQ==/com.google.android.gms-157QwNoNPoMrpSh2_FrQYQ==/split_MeasurementDynamite_installtime.apk
06-27 12:50:46.172 29148 29186 W i.msa.global:u: NOTE: This wastes RAM and hurts startup performance.
06-27 12:50:46.172 29148 29186 W i.msa.global:u: Found duplicated class when checking oat files: 'Landroid/support/v4/graphics/drawable/IconCompatParcelizer;' in /data/app/~~6lqp1g1euv33FXgLN4m2AQ==/com.google.android.gms-157QwNoNPoMrpSh2_FrQYQ==/split_MeasurementDynamite_installtime.apk and /data/app/~~xuolihXZYBPtmyTq1Z9TxQ==/com.miui.msa.global--F2xhTl6bXLRGz1ZZqBR1g==/base.apk
06-27 12:50:46.174 29148 29188 I FirebaseCrashlytics: No version control information found
06-27 12:50:46.181   698   698 I Zygote  : Process 27799 exited due to signal 9 (Killed)
06-27 12:50:46.182   879   879 I ANDR-PERF-LM: LMPerfGlue: perfmodule_submit_request() 132: perfmodule_submit_request()
06-27 12:50:46.182   879   879 I ANDR-PERF-LM: Core: getInstance() 84: LM getInstance
06-27 12:50:46.182   879   879 I ANDR-PERF-LM: WQ: push() 59: LMTriggerQ push() size=9
06-27 12:50:46.182   879   879 I ANDR-PERF-LM: WQ: push() 61: LMTriggerQ push() done size=10
06-27 12:50:46.184  1919  2134 I libprocessgroup: Successfully killed process cgroup uid 10287 pid 27799 in 96ms
06-27 12:50:46.186   885 10843 I vendor.qti.hardware.servicetracker@1.2-service: killProcess is called for pid : 27799
06-27 12:50:46.186   885 10843 I vendor.qti.hardware.servicetracker@1.2-service: process with pid 27799 is service
06-27 12:50:46.186   885 10843 I vendor.qti.hardware.servicetracker@1.2-service: size of client connections for client: com.truecallerafter removal is 0
06-27 12:50:46.186   885 10843 I vendor.qti.hardware.servicetracker@1.2-service: process with pid 27799 is client
06-27 12:50:46.187   885 10843 I vendor.qti.hardware.servicetracker@1.2-service: removing client with pid 27799process namecom.truecaller
06-27 12:50:46.187   885 10843 I vendor.qti.hardware.servicetracker@1.2-service: destroyService is called for service : com.truecaller/com.google.firebase.sessions.SessionLifecycleService
06-27 12:50:46.187  8346  8383 I com.xiaomi.xms: oneway function results will be dropped but finished with status UNKNOWN_TRANSACTION and parcel size 0
06-27 12:50:46.188  1919  8333 W ANRStateManager: clear state, but process isn't exist. hash=243629949 uid=10287 pid=27799 state=16
06-27 12:50:46.191  1919  2385 I MiuiNetworkPolicy: removeUidState uid = 10287
06-27 12:50:46.191 29148 29177 I Ad      : isPersonalizedAdEnabled getAdSettings: 3
06-27 12:50:46.193 29148 29177 W FirebaseRemoteConfig: An entry in the defaults XML has an invalid key and/or value tag.
06-27 12:50:46.239   794  9843 I vendor.qti.bluetooth@1.0-ibs_handler: DeviceSleep: TX Awake, Sending SLEEP_IND
06-27 12:50:46.239   794  9843 D vendor.qti.bluetooth@1.0-ibs_handler: SerialClockVote: vote for UART CLK OFF
06-27 12:50:46.347 29148 29206 E i.msa.global:u: No package ID 6b found for ID 0x6b0b000f.
06-27 12:50:46.350 29148 29206 I FA      : App measurement initialized, version: 129000
06-27 12:50:46.350 29148 29206 I FA      : To enable debug logging run: adb shell setprop log.tag.FA VERBOSE
06-27 12:50:46.351 29148 29206 I FA      : To enable faster debug mode event logging run:
06-27 12:50:46.351 29148 29206 I FA      :   adb shell setprop debug.firebase.analytics.app com.miui.msa.global
06-27 12:50:46.399   794  9478 D vendor.qti.bluetooth@1.0-wake_lock: Release wakelock is released 
06-27 12:50:46.401   885   937 I vendor.qti.hardware.servicetracker@1.2-service: bindService is called for service : com.google.android.gms/.measurement.service.MeasurementBrokerService and for client com.miui.msa.global:ui
06-27 12:50:46.401   885   937 I vendor.qti.hardware.servicetracker@1.2-service: total connections for service : com.google.android.gms/.measurement.service.MeasurementBrokerServiceare :1
06-27 12:50:46.401   885   937 I vendor.qti.hardware.servicetracker@1.2-service: total connections for client : com.miui.msa.global:uiare :1
06-27 12:50:46.401  1919  7178 D CompatibilityInfo: mCompatibilityFlags - 0
06-27 12:50:46.401  1919  7178 D CompatibilityInfo: applicationDensity - 440
06-27 12:50:46.401  1919  7178 D CompatibilityInfo: applicationScale - 1.0
06-27 12:50:46.402   885   937 I vendor.qti.hardware.servicetracker@1.2-service: startService() is called for servicecom.google.android.gms/.measurement.service.MeasurementBrokerService
06-27 12:50:46.404  3799  3799 D BoundBrokerSvc: onBind: Intent { act=com.google.android.gms.measurement.START pkg=com.google.android.gms }
06-27 12:50:46.404  3799  3799 D BoundBrokerSvc: Loading bound service for intent: Intent { act=com.google.android.gms.measurement.START pkg=com.google.android.gms }
06-27 12:50:46.444 29148 29206 I FA      : Tag Manager is not found and thus will not be used
06-27 12:50:46.500   885   937 I vendor.qti.hardware.servicetracker@1.2-service: bindService is called for service : com.google.android.gms/.chimera.PersistentDirectBootAwareApiService and for client com.google.android.gms
06-27 12:50:46.500   885   937 I vendor.qti.hardware.servicetracker@1.2-service: total connections for service : com.google.android.gms/.chimera.PersistentDirectBootAwareApiServiceare :14
06-27 12:50:46.500   885   937 I vendor.qti.hardware.servicetracker@1.2-service: total connections for client : com.google.android.gmsare :4
06-27 12:50:46.945   885   937 I vendor.qti.hardware.servicetracker@1.2-service: bindService is called for service : com.google.android.gms/.chimera.PersistentDirectBootAwareApiService and for client com.google.android.gms.persistent
06-27 12:50:46.946   885   937 I vendor.qti.hardware.servicetracker@1.2-service: total connections for service : com.google.android.gms/.chimera.PersistentDirectBootAwareApiServiceare :14
06-27 12:50:46.946   885   937 I vendor.qti.hardware.servicetracker@1.2-service: total connections for client : com.google.android.gms.persistentare :6
06-27 12:50:46.947  3125  3125 D BoundBrokerSvc: onRebind: Intent { act=com.google.android.gms.libs.gmscorelogger.service.START dat=chimera-action: cmp=com.google.android.gms/.chimera.PersistentDirectBootAwareApiService }
06-27 12:50:47.509  3385  3447 E DozeHost: NativeHeapAllocatedSize: 40039488
06-27 12:50:47.524  1919  7131 I ActivityTaskManager: START u0 {act=android.intent.action.CALL dat=tel:xxxxxxxxxx flg=0x10000000 cmp=com.android.server.telecom/.components.UserCallActivity} from uid 2000
06-27 12:50:47.525  1919  7131 W ActivityTaskManager: Permission Denial: starting Intent { act=android.intent.action.CALL dat=tel:xxxxxxxxxx flg=0x10000000 cmp=com.android.server.telecom/.components.UserCallActivity } from null (pid=29216, uid=2000) with revoked permission android.permission.CALL_PHONE
06-27 12:50:47.526 29216 29218 I cmd     : oneway function results will be dropped but finished with status OK and parcel size 4
